3h[    0.000000][ 0] [    T0] Linux version 5.4.18-113-generic (buildd@ad654b84db8e) (gcc version 9.4.0 (Ubuntu 9.4.0-1kylin1~20.04.2)) #102-KYLINOS SMP Fri May 24 12:37:10 UTC 2024 (KYLINOS 5.4.18-113.102-generic 5.4.18-113)
[    0.000000][ 0] [    T0] Command line: BOOT_IMAGE=/vmlinuz-5.4.18-113-generic root=UUID=389deb4b-5f28-4408-bd37-f007be4ada8f ro splash loglevel=8 initcall_debug=1 no_console_suspend systemd.log_target=kmsg systemd.log_level=debug sysrq_always_enabled console=ttyS1,115200 resume=UUID=774d52aa-07ee-45fe-b5be-c976a06055e8 audit=1 security=none
[    0.000000][ 0] [    T0] KERNEL supported cpus:
[    0.000000][ 0] [    T0]   Intel GenuineIntel
[    0.000000][ 0] [    T0]   AMD AuthenticAMD
[    0.000000][ 0] [    T0]   Hygon HygonGenuine
[    0.000000][ 0] [    T0]   Centaur CentaurHauls
[    0.000000][ 0] [    T0]   zhaoxin   Shanghai  
[    0.000000][ 0] [    T0] x86/fpu: Supporting XSAVE feature 0x001: 'x87 floating point registers'
[    0.000000][ 0] [    T0] x86/fpu: Supporting XSAVE feature 0x002: 'SSE registers'
[    0.000000][ 0] [    T0] x86/fpu: Supporting XSAVE feature 0x004: 'AVX registers'
[    0.000000][ 0] [    T0] x86/fpu: xstate_offset[2]:  576, xstate_sizes[2]:  256
[    0.000000][ 0] [    T0] x86/fpu: Enabled xstate features 0x7, context size is 832 bytes, using 'compacted' format.
[    0.000000][ 0] [    T0] BIOS-provided physical RAM map:
[    0.000000][ 0] [    T0] BIOS-e820: [mem 0x0000000000000000-0x000000000009bfff] usable
[    0.000000][ 0] [    T0] BIOS-e820: [mem 0x000000000009c000-0x00000000000fffff] reserved
[    0.000000][ 0] [    T0] BIOS-e820: [mem 0x0000000000100000-0x0000000076b32fff] usable
[    0.000000][ 0] [    T0] BIOS-e820: [mem 0x0000000076b33000-0x000000007ab7cfff] reserved
[    0.000000][ 0] [    T0] BIOS-e820: [mem 0x000000007ab7d000-0x000000007abbdfff] ACPI NVS
[    0.000000][ 0] [    T0] BIOS-e820: [mem 0x000000007abbe000-0x000000007abfdfff] ACPI data
[    0.000000][ 0] [    T0] BIOS-e820: [mem 0x000000007abfe000-0x000000007befefff] usable
[    0.000000][ 0] [    T0] BIOS-e820: [mem 0x000000007beff000-0x000000007fffffff] reserved
[    0.000000][ 0] [    T0] BIOS-e820: [mem 0x00000000f0000000-0x00000000f7ffffff] reserved
[    0.000000][ 0] [    T0] BIOS-e820: [mem 0x00000000fed80000-0x00000000fed80fff] reserved
[    0.000000][ 0] [    T0] BIOS-e820: [mem 0x0000000100000000-0x000000047f37ffff] usable
[    0.000000][ 0] [    T0] BIOS-e820: [mem 0x000000047f380000-0x000000047fffffff] reserved
[    0.000000][ 0] [    T0] NX (Execute Disable) protection: active
[    0.000000][ 0] [    T0] e820: update [mem 0x5657b018-0x5660b057] usable ==> usable
[    0.000000][ 0] [    T0] e820: update [mem 0x5657b018-0x5660b057] usable ==> usable
[    0.000000][ 0] [    T0] extended physical RAM map:
[    0.000000][ 0] [    T0] reserve setup_data: [mem 0x0000000000000000-0x000000000009bfff] usable
[    0.000000][ 0] [    T0] reserve setup_data: [mem 0x000000000009c000-0x00000000000fffff] reserved
[    0.000000][ 0] [    T0] reserve setup_data: [mem 0x0000000000100000-0x000000005657b017] usable
[    0.000000][ 0] [    T0] reserve setup_data: [mem 0x000000005657b018-0x000000005660b057] usable
[    0.000000][ 0] [    T0] reserve setup_data: [mem 0x000000005660b058-0x0000000076b32fff] usable
[    0.000000][ 0] [    T0] reserve setup_data: [mem 0x0000000076b33000-0x000000007ab7cfff] reserved
[    0.000000][ 0] [    T0] reserve setup_data: [mem 0x000000007ab7d000-0x000000007abbdfff] ACPI NVS
[    0.000000][ 0] [    T0] reserve setup_data: [mem 0x000000007abbe000-0x000000007abfdfff] ACPI data
[    0.000000][ 0] [    T0] reserve setup_data: [mem 0x000000007abfe000-0x000000007befefff] usable
[    0.000000][ 0] [    T0] reserve setup_data: [mem 0x000000007beff000-0x000000007fffffff] reserved
[    0.000000][ 0] [    T0] reserve setup_data: [mem 0x00000000f0000000-0x00000000f7ffffff] reserved
[    0.000000][ 0] [    T0] reserve setup_data: [mem 0x00000000fed80000-0x00000000fed80fff] reserved
[    0.000000][ 0] [    T0] reserve setup_data: [mem 0x0000000100000000-0x000000047f37ffff] usable
[    0.000000][ 0] [    T0] reserve setup_data: [mem 0x000000047f380000-0x000000047fffffff] reserved
[    0.000000][ 0] [    T0] efi: EFI v2.70 by KaiTian
[    0.000000][ 0] [    T0] efi:  SMBIOS=0x7ab77000  ACPI=0x7abfd000  ACPI 2.0=0x7abfd014  MEMATTR=0x7604e018 
[    0.000000][ 0] [    T0] secureboot: Secure boot disabled
[    0.000000][ 0] [    T0] SMBIOS 3.3 present.
[    0.000000][ 0] [    T0] DMI: KaiTian 90UNS00SKX/3501, BIOS W09KT26A 03/08/2024
[    0.000000][ 0] [    T0] tsc: Fast TSC calibration failed
[    0.000000][ 0] [    T0] e820: update [mem 0x00000000-0x00000fff] usable ==> reserved
[    0.000000][ 0] [    T0] e820: remove [mem 0x000a0000-0x000fffff] usable
[    0.000000][ 0] [    T0] last_pfn = 0x47f380 max_arch_pfn = 0x400000000
[    0.000000][ 0] [    T0] MTRR default type: uncachable
[    0.000000][ 0] [    T0] MTRR fixed ranges enabled:
[    0.000000][ 0] [    T0]   00000-9FFFF write-back
[    0.000000][ 0] [    T0]   A0000-BFFFF write-through
[    0.000000][ 0] [    T0]   C0000-FFFFF write-back
[    0.000000][ 0] [    T0] MTRR variable ranges enabled:
[    0.000000][ 0] [    T0]   0 base 000000000000 mask FFFF80000000 write-back
[    0.000000][ 0] [    T0]   1 disabled
[    0.000000][ 0] [    T0]   2 disabled
[    0.000000][ 0] [    T0]   3 disabled
[    0.000000][ 0] [    T0]   4 disabled
[    0.000000][ 0] [    T0]   5 disabled
[    0.000000][ 0] [    T0]   6 disabled
[    0.000000][ 0] [    T0]   7 base 0000FF000000 mask FFFFFF000000 write-protect
[    0.000000][ 0] [    T0] TOM2: 0000000480000000 aka 18432M
[    0.000000][ 0] [    T0] x86/PAT: Configuration [0-7]: WB  WC  UC- UC  WB  WP  UC- WT  
[    0.000000][ 0] [    T0] last_pfn = 0x7beff max_arch_pfn = 0x400000000
[    0.000000][ 0] [    T0] check: Scanning 1 areas for low memory corruption
[    0.000000][ 0] [    T0] Using GB pages for direct mapping
[    0.000000][ 0] [    T0] BRK [0x2f8601000, 0x2f8601fff] PGTABLE
[    0.000000][ 0] [    T0] BRK [0x2f8602000, 0x2f8602fff] PGTABLE
[    0.000000][ 0] [    T0] BRK [0x2f8603000, 0x2f8603fff] PGTABLE
[    0.000000][ 0] [    T0] BRK [0x2f8604000, 0x2f8604fff] PGTABLE
[    0.000000][ 0] [    T0] BRK [0x2f8605000, 0x2f8605fff] PGTABLE
[    0.000000][ 0] [    T0] BRK [0x2f8606000, 0x2f8606fff] PGTABLE
[    0.000000][ 0] [    T0] BRK [0x2f8607000, 0x2f8607fff] PGTABLE
[    0.000000][ 0] [    T0] BRK [0x2f8608000, 0x2f8608fff] PGTABLE
[    0.000000][ 0] [    T0] BRK [0x2f8609000, 0x2f8609fff] PGTABLE
[    0.000000][ 0] [    T0] BRK [0x2f860a000, 0x2f860afff] PGTABLE
[    0.000000][ 0] [    T0] secureboot: Secure boot disabled
[    0.000000][ 0] [    T0] RAMDISK: [mem 0x3409f000-0x3ca6ffff]
[    0.000000][ 0] [    T0] ACPI: Early table checksum verification disabled
[    0.000000][ 0] [    T0] ACPI: RSDP 0x000000007ABFD014 000024 (v02 LXKT  )
[    0.000000][ 0] [    T0] ACPI: XSDT 0x000000007ABFC0E8 00008C (v01 LXKT   TC-W09   00000260 BYO  01000013)
[    0.000000][ 0] [    T0] ACPI: FACP 0x000000007ABFA000 000114 (v06 LXKT   TC-W09   00000260 BYO  204F5942)
[    0.000000][ 0] [    T0] ACPI: DSDT 0x000000007ABE9000 00FDC0 (v02 LXKT   TC-W09   00000260 INTL 20190215)
[    0.000000][ 0] [    T0] ACPI: FACS 0x000000007ABA4000 000040
[    0.000000][ 0] [    T0] ACPI: MCFG 0x000000007ABFB000 00003C (v01 LXKT   TC-W09   00000260 BYO  204F5942)
[    0.000000][ 0] [    T0] ACPI: HPET 0x000000007ABF9000 000038 (v01 LXKT   TC-W09   00000260 BYO  204F5942)
[    0.000000][ 0] [    T0] ACPI: SSDT 0x000000007ABDE000 0000FC (v02 LXKT   TC-W09   00000260 BYO  204F5942)
[    0.000000][ 0] [    T0] ACPI: APIC 0x000000007ABDF000 0000DE (v03 LXKT   TC-W09   00000260 BYO  204F5942)
[    0.000000][ 0] [    T0] ACPI: SSDT 0x000000007ABE0000 008C4C (v02 LXKT   TC-W09   00000260 MSFT 04000000)
[    0.000000][ 0] [    T0] ACPI: SSDT 0x000000007ABDB000 002314 (v01 LXKT   TC-W09   00000260 HYGN 00000001)
[    0.000000][ 0] [    T0] ACPI: CRAT 0x000000007ABDA000 000F50 (v01 LXKT   TC-W09   00000260 HYGN 00000001)
[    0.000000][ 0] [    T0] ACPI: CDIT 0x000000007ABD9000 000029 (v01 LXKT   TC-W09   00000260 HYGN 00000001)
[    0.000000][ 0] [    T0] ACPI: IVRS 0x000000007ABD8000 0000D0 (v02 LXKT   TC-W09   00000260 HYGN 00000000)
[    0.000000][ 0] [    T0] ACPI: FPDT 0x000000007ABD7000 000044 (v01 LXKT   TC-W09   00000260 BYO  01000013)
[    0.000000][ 0] [    T0] ACPI: SSDT 0x000000007ABD5000 00177F (v01 LXKT   TC-W09   00000260 INTL 20190215)
[    0.000000][ 0] [    T0] ACPI: BGRT 0x000000007ABD4000 000038 (v01 LXKT   TC-W09   00000260 BYO  01000013)
[    0.000000][ 0] [    T0] ACPI: Local APIC address 0xfee00000
[    0.000000][ 0] [    T0] No NUMA configuration found
[    0.000000][ 0] [    T0] Faking a node at [mem 0x0000000000000000-0x000000047f37ffff]
[    0.000000][ 0] [    T0] NODE_DATA(0) allocated [mem 0x47f355000-0x47f37ffff]
[    0.000000][ 0] [    T0] Zone ranges:
[    0.000000][ 0] [    T0]   DMA      [mem 0x0000000000001000-0x0000000000ffffff]
[    0.000000][ 0] [    T0]   DMA32    [mem 0x0000000001000000-0x00000000ffffffff]
[    0.000000][ 0] [    T0]   Normal   [mem 0x0000000100000000-0x000000047f37ffff]
[    0.000000][ 0] [    T0]   Device   empty
[    0.000000][ 0] [    T0] Movable zone start for each node
[    0.000000][ 0] [    T0] Early memory node ranges
[    0.000000][ 0] [    T0]   node   0: [mem 0x0000000000001000-0x000000000009bfff]
[    0.000000][ 0] [    T0]   node   0: [mem 0x0000000000100000-0x0000000076b32fff]
[    0.000000][ 0] [    T0]   node   0: [mem 0x000000007abfe000-0x000000007befefff]
[    0.000000][ 0] [    T0]   node   0: [mem 0x0000000100000000-0x000000047f37ffff]
[    0.000000][ 0] [    T0] Zeroed struct page in unavailable ranges: 33329 pages
[    0.000000][ 0] [    T0] Initmem setup node 0 [mem 0x0000000000001000-0x000000047f37ffff]
[    0.000000][ 0] [    T0] On node 0 totalpages: 4157775
[    0.000000][ 0] [    T0]   DMA zone: 64 pages used for memmap
[    0.000000][ 0] [    T0]   DMA zone: 21 pages reserved
[    0.000000][ 0] [    T0]   DMA zone: 3995 pages, LIFO batch:0
[    0.000000][ 0] [    T0]   DMA32 zone: 7609 pages used for memmap
[    0.000000][ 0] [    T0]   DMA32 zone: 486964 pages, LIFO batch:63
[    0.000000][ 0] [    T0]   Normal zone: 57294 pages used for memmap
[    0.000000][ 0] [    T0]   Normal zone: 3666816 pages, LIFO batch:63
[    0.000000][ 0] [    T0] ACPI: PM-Timer IO Port: 0x808
[    0.000000][ 0] [    T0] ACPI: Local APIC address 0xfee00000
[    0.000000][ 0] [    T0] ACPI: LAPIC_NMI (acpi_id[0xff] high edge lint[0x1])
[    0.000000][ 0] [    T0] IOAPIC[0]: apic_id 128, version 33, address 0xfec00000, GSI 0-23
[    0.000000][ 0] [    T0] IOAPIC[1]: apic_id 129, version 33, address 0xefef0000, GSI 24-55
[    0.000000][ 0] [    T0] ACPI: INT_SRC_OVR (bus 0 bus_irq 0 global_irq 2 dfl dfl)
[    0.000000][ 0] [    T0] ACPI: INT_SRC_OVR (bus 0 bus_irq 9 global_irq 9 low level)
[    0.000000][ 0] [    T0] ACPI: IRQ0 used by override.
[    0.000000][ 0] [    T0] ACPI: IRQ9 used by override.
[    0.000000][ 0] [    T0] Using ACPI (MADT) for SMP configuration information
[    0.000000][ 0] [    T0] ACPI: HPET id: 0x10228201 base: 0xfed00000
[    0.000000][ 0] [    T0] e820: update [mem 0x75502000-0x7556afff] usable ==> reserved
[    0.000000][ 0] [    T0] smpboot: Allowing 16 CPUs, 0 hotplug CPUs
[    0.000000][ 0] [    T0] PM: Registered nosave memory: [mem 0x00000000-0x00000fff]
[    0.000000][ 0] [    T0] PM: Registered nosave memory: [mem 0x0009c000-0x000fffff]
[    0.000000][ 0] [    T0] PM: Registered nosave memory: [mem 0x5657b000-0x5657bfff]
[    0.000000][ 0] [    T0] PM: Registered nosave memory: [mem 0x5660b000-0x5660bfff]
[    0.000000][ 0] [    T0] PM: Registered nosave memory: [mem 0x75502000-0x7556afff]
[    0.000000][ 0] [    T0] PM: Registered nosave memory: [mem 0x76b33000-0x7ab7cfff]
[    0.000000][ 0] [    T0] PM: Registered nosave memory: [mem 0x7ab7d000-0x7abbdfff]
[    0.000000][ 0] [    T0] PM: Registered nosave memory: [mem 0x7abbe000-0x7abfdfff]
[    0.000000][ 0] [    T0] PM: Registered nosave memory: [mem 0x7beff000-0x7fffffff]
[    0.000000][ 0] [    T0] PM: Registered nosave memory: [mem 0x80000000-0xefffffff]
[    0.000000][ 0] [    T0] PM: Registered nosave memory: [mem 0xf0000000-0xf7ffffff]
[    0.000000][ 0] [    T0] PM: Registered nosave memory: [mem 0xf8000000-0xfed7ffff]
[    0.000000][ 0] [    T0] PM: Registered nosave memory: [mem 0xfed80000-0xfed80fff]
[    0.000000][ 0] [    T0] PM: Registered nosave memory: [mem 0xfed81000-0xffffffff]
[    0.000000][ 0] [    T0] [mem 0x80000000-0xefffffff] available for PCI devices
[    0.000000][ 0] [    T0] Booting paravirtualized kernel on bare hardware
[    0.000000][ 0] [    T0] clocksource: refined-jiffies: mask: 0xffffffff max_cycles: 0xffffffff, max_idle_ns: 7645519600211568 ns
[    0.000000][ 0] [    T0] setup_percpu: NR_CPUS:8192 nr_cpumask_bits:16 nr_cpu_ids:16 nr_node_ids:1
[    0.000000][ 0] [    T0] percpu: Embedded 55 pages/cpu s188416 r8192 d28672 u262144
[    0.000000][ 0] [    T0] pcpu-alloc: s188416 r8192 d28672 u262144 alloc=1*2097152
[    0.000000][ 0] [    T0] pcpu-alloc: [0] 00 01 02 03 04 05 06 07 [0] 08 09 10 11 12 13 14 15 
[    0.000000][ 0] [    T0] Built 1 zonelists, mobility grouping on.  Total pages: 4092787
[    0.000000][ 0] [    T0] Policy zone: Normal
[    0.000000][ 0] [    T0] Kernel command line: BOOT_IMAGE=/vmlinuz-5.4.18-113-generic root=UUID=389deb4b-5f28-4408-bd37-f007be4ada8f ro splash loglevel=8 initcall_debug=1 no_console_suspend systemd.log_target=kmsg systemd.log_level=debug sysrq_always_enabled console=ttyS1,115200 resume=UUID=774d52aa-07ee-45fe-b5be-c976a06055e8 audit=1 security=none
[    0.000000][ 0] [    T0] sysrq: sysrq always enabled.
[    0.000000][ 0] [    T0] audit: enabled (after initialization)
[    0.000000][ 0] [    T0] Dentry cache hash table entries: 2097152 (order: 12, 16777216 bytes, linear)
[    0.000000][ 0] [    T0] Inode-cache hash table entries: 1048576 (order: 11, 8388608 bytes, linear)
[    0.000000][ 0] [    T0] mem auto-init: stack:off, heap alloc:off, heap free:off
[    0.000000][ 0] [    T0] Calgary: detecting Calgary via BIOS EBDA area
[    0.000000][ 0] [    T0] Calgary: Unable to locate Rio Grande table in EBDA - bailing!
[    0.000000][ 0] [    T0] Memory: 16046184K/16631100K available (14339K kernel code, 2465K rwdata, 7436K rodata, 2760K init, 8324K bss, 584916K reserved, 0K cma-reserved)
[    0.000000][ 0] [    T0] SLUB: HWalign=64, Order=0-3, MinObjects=0, CPUs=16, Nodes=1
[    0.000000][ 0] [    T0] ftrace: allocating 46724 entries in 183 pages
[    0.000000][ 0] [    T0] rcu: Hierarchical RCU implementation.
[    0.000000][ 0] [    T0] rcu: 	RCU restricting CPUs from NR_CPUS=8192 to nr_cpu_ids=16.
[    0.000000][ 0] [    T0] 	Tasks RCU enabled.
[    0.000000][ 0] [    T0] rcu: RCU calculated value of scheduler-enlistment delay is 25 jiffies.
[    0.000000][ 0] [    T0] rcu: Adjusting geometry for rcu_fanout_leaf=16, nr_cpu_ids=16
[    0.000000][ 0] [    T0] NR_IRQS: 524544, nr_irqs: 1096, preallocated irqs: 16
[    0.000000][ 0] [    T0] random: crng done (trusting CPU's manufacturer)
[    0.000000][ 0] [    T0] calling  con_init+0x0/0x322 @ 0
[    0.000000][ 0] [    T0] Console: colour dummy device 80x25
[    0.000000][ 0] [    T0] initcall con_init+0x0/0x322 returned 0 after 0 usecs
[    0.000000][ 0] [    T0] calling  hvc_console_init+0x0/0x19 @ 0
[    0.000000][ 0] [    T0] initcall hvc_console_init+0x0/0x19 returned 0 after 0 usecs
[    0.000000][ 0] [    T0] calling  xen_cons_init+0x0/0x60 @ 0
[    0.000000][ 0] [    T0] initcall xen_cons_init+0x0/0x60 returned 0 after 0 usecs
[    0.000000][ 0] [    T0] calling  univ8250_console_init+0x0/0x2d @ 0
[    0.000000][ 0] [    T0] printk: console [ttyS1] enabled
[    0.000000][ 0] [    T0] initcall univ8250_console_init+0x0/0x2d returned 0 after 0 usecs
[    0.000000][ 0] [    T0] ACPI: Core revision 20190816
[    0.000000][ 0] [    T0] clocksource: hpet: mask: 0xffffffff max_cycles: 0xffffffff, max_idle_ns: 133484873504 ns
[    0.000000][ 0] [    T0] APIC: Switch to symmetric I/O mode setup
[    0.008000][ 0] [    T0] Switched APIC routing to physical flat.
[    0.016000][ 0] [    T0] ..TIMER: vector=0x30 apic1=0 pin1=2 apic2=-1 pin2=-1
[    0.040000][ 0] [    T0] tsc: PIT calibration matches HPET. 1 loops
[    0.044000][ 0] [    T0] tsc: Detected 2799.657 MHz processor
[    0.000004][ 0] [    T0] clocksource: tsc-early: mask: 0xffffffffffffffff max_cycles: 0x285afccd34e, max_idle_ns: 440795301899 ns
[    0.011643][ 0] [    T0] Calibrating delay loop (skipped), value calculated using timer frequency.. 5599.31 BogoMIPS (lpj=11198628)
[    0.015643][ 0] [    T0] pid_max: default: 32768 minimum: 301
[    0.024829][ 0] [    T0] LSM: Security Framework initializing
[    0.027646][ 0] [    T0] Box:  Initializing.
[    0.031650][ 0] [    T0] Box :  Initialized successfully.
[    0.035645][ 0] [    T0] KYEXTEND: Initialized successfully.
[    0.039702][ 0] [    T0] Mount-cache hash table entries: 32768 (order: 6, 262144 bytes, linear)
[    0.043666][ 0] [    T0] Mountpoint-cache hash table entries: 32768 (order: 6, 262144 bytes, linear)
[    0.047931][ 0] [    T0] LVT offset 2 assigned for vector 0xf4
[    0.051660][ 0] [    T0] Last level iTLB entries: 4KB 1024, 2MB 1024, 4MB 512
[    0.055643][ 0] [    T0] Last level dTLB entries: 4KB 1536, 2MB 1536, 4MB 768, 1GB 0
[    0.059647][ 0] [    T0] Spectre V2 : Mitigation: Retpolines
[    0.063643][ 0] [    T0] Spectre V2 : Spectre v2 / SpectreRSB mitigation: Filling RSB on context switch
[    0.067643][ 0] [    T0] RETBleed: Mitigation: untrained return thunk
[    0.071645][ 0] [    T0] Spectre V2 : mitigation: Enabling conditional Indirect Branch Prediction Barrier
[    0.075644][ 0] [    T0] Speculative Store Bypass: Mitigation: Speculative Store Bypass disabled via prctl and seccomp
[    0.085033][ 0] [    T0] Freeing SMP alternatives memory: 40K
[    0.201328][ 0] [    T1] smpboot: CPU0: Hygon C86 3250  8-core Processor (family: 0x18, model: 0x2, stepping: 0x2)
[    0.203920][ 0] [    T1] calling  trace_init_flags_sys_enter+0x0/0x14 @ 1
[    0.207645][ 0] [    T1] initcall trace_init_flags_sys_enter+0x0/0x14 returned 0 after 0 usecs
[    0.211644][ 0] [    T1] calling  trace_init_flags_sys_exit+0x0/0x14 @ 1
[    0.215644][ 0] [    T1] initcall trace_init_flags_sys_exit+0x0/0x14 returned 0 after 0 usecs
[    0.219644][ 0] [    T1] calling  init_hw_perf_events+0x0/0x531 @ 1
[    0.223643][ 0] [    T1] Performance Events: Fam18h core perfctr, HYGON PMU driver.
[    0.227643][ 0] [    T1] ... version:                0
[    0.231643][ 0] [    T1] ... bit width:              48
[    0.235643][ 0] [    T1] ... generic registers:      6
[    0.239643][ 0] [    T1] ... value mask:             0000ffffffffffff
[    0.243643][ 0] [    T1] ... max period:             00007fffffffffff
[    0.247643][ 0] [    T1] ... fixed-purpose events:   0
[    0.251643][ 0] [    T1] ... event mask:             000000000000003f
[    0.255652][ 0] [    T1] initcall init_hw_perf_events+0x0/0x531 returned 0 after 31257 usecs
[    0.259644][ 0] [    T1] calling  init_real_mode+0x0/0x20a @ 1
[    0.263652][ 0] [    T1] initcall init_real_mode+0x0/0x20a returned 0 after 7 usecs
[    0.267643][ 0] [    T1] calling  trace_init_perf_perm_irq_work_exit+0x0/0x18 @ 1
[    0.271644][ 0] [    T1] initcall trace_init_perf_perm_irq_work_exit+0x0/0x18 returned 0 after 0 usecs
[    0.275645][ 0] [    T1] calling  register_nmi_cpu_backtrace_handler+0x0/0x1b @ 1
[    0.279644][ 0] [    T1] initcall register_nmi_cpu_backtrace_handler+0x0/0x1b returned 0 after 0 usecs
[    0.283643][ 0] [    T1] calling  numachip_system_init+0x0/0x6b @ 1
[    0.287644][ 0] [    T1] initcall numachip_system_init+0x0/0x6b returned 0 after 0 usecs
[    0.291644][ 0] [    T1] calling  kvm_setup_vsyscall_timeinfo+0x0/0x48 @ 1
[    0.295644][ 0] [    T1] initcall kvm_setup_vsyscall_timeinfo+0x0/0x48 returned 0 after 0 usecs
[    0.299644][ 0] [    T1] calling  spawn_ksoftirqd+0x0/0x3e @ 1
[    0.303661][ 0] [    T1] initcall spawn_ksoftirqd+0x0/0x3e returned 0 after 17 usecs
[    0.307644][ 0] [    T1] calling  migration_init+0x0/0x39 @ 1
[    0.311644][ 0] [    T1] initcall migration_init+0x0/0x39 returned 0 after 0 usecs
[    0.315643][ 0] [    T1] calling  srcu_bootup_announce+0x0/0x35 @ 1
[    0.319643][ 0] [    T1] rcu: Hierarchical SRCU implementation.
[    0.323643][ 0] [    T1] initcall srcu_bootup_announce+0x0/0x35 returned 0 after 3906 usecs
[    0.327643][ 0] [    T1] calling  rcu_spawn_core_kthreads+0x0/0x7e @ 1
[    0.331644][ 0] [    T1] initcall rcu_spawn_core_kthreads+0x0/0x7e returned 0 after 0 usecs
[    0.335643][ 0] [    T1] calling  rcu_spawn_gp_kthread+0x0/0x118 @ 1
[    0.339660][ 0] [    T1] initcall rcu_spawn_gp_kthread+0x0/0x118 returned 0 after 16 usecs
[    0.343644][ 0] [    T1] calling  check_cpu_stall_init+0x0/0x20 @ 1
[    0.347644][ 0] [    T1] initcall check_cpu_stall_init+0x0/0x20 returned 0 after 0 usecs
[    0.351643][ 0] [    T1] calling  rcu_sysrq_init+0x0/0x28 @ 1
[    0.355643][ 0] [    T1] initcall rcu_sysrq_init+0x0/0x28 returned 0 after 0 usecs
[    0.359644][ 0] [    T1] calling  cpu_stop_init+0x0/0x8f @ 1
[    0.363661][ 0] [    T1] initcall cpu_stop_init+0x0/0x8f returned 0 after 17 usecs
[    0.367645][ 0] [    T1] calling  init_events+0x0/0x42 @ 1
[    0.371656][ 0] [    T1] initcall init_events+0x0/0x42 returned 0 after 12 usecs
[    0.375645][ 0] [    T1] calling  init_trace_printk+0x0/0x12 @ 1
[    0.379646][ 0] [    T1] initcall init_trace_printk+0x0/0x12 returned 0 after 1 usecs
[    0.383644][ 0] [    T1] calling  event_trace_enable_again+0x0/0x44 @ 1
[    0.387645][ 0] [    T1] initcall event_trace_enable_again+0x0/0x44 returned 0 after 0 usecs
[    0.391644][ 0] [    T1] calling  jump_label_init_module+0x0/0x17 @ 1
[    0.395643][ 0] [    T1] initcall jump_label_init_module+0x0/0x17 returned 0 after 0 usecs
[    0.399646][ 0] [    T1] calling  dynamic_debug_init+0x0/0x265 @ 1
[    0.404098][ 0] [    T1] initcall dynamic_debug_init+0x0/0x265 returned 0 after 443 usecs
[    0.407645][ 0] [    T1] calling  efi_memreserve_root_init+0x0/0x2e @ 1
[    0.411644][ 0] [    T1] initcall efi_memreserve_root_init+0x0/0x2e returned 0 after 0 usecs
[    0.415644][ 0] [    T1] calling  efi_earlycon_remap_fb+0x0/0x57 @ 1
[    0.419644][ 0] [    T1] initcall efi_earlycon_remap_fb+0x0/0x57 returned 0 after 0 usecs
[    0.423644][ 0] [    T1] calling  idle_inject_init+0x0/0x17 @ 1
[    0.427663][ 0] [    T1] initcall idle_inject_init+0x0/0x17 returned 0 after 18 usecs
[    0.431645][ 0] [    T1] calling  initialize_ptr_random+0x0/0x50 @ 1
[    0.435655][ 0] [    T1] initcall initialize_ptr_random+0x0/0x50 returned 0 after 11 usecs
[    0.439660][ 0] [    T7] NMI watchdog: Enabled. Permanently consumes one hw-PMU counter.
[    0.443779][ 0] [    T1] smp: Bringing up secondary CPUs ...
[    0.447743][ 0] [    T1] x86: Booting SMP configuration:
[    0.451645][ 0] [    T1] .... node  #0, CPUs:        #1  #2  #3  #4  #5  #6  #7  #8  #9 #10 #11 #12 #13 #14 #15
[    0.487680][ 0] [    T1] smp: Brought up 1 node, 16 CPUs
[    0.495645][ 0] [    T1] smpboot: Max logical packages: 1
[    0.499644][ 0] [    T1] smpboot: Total of 16 processors activated (89589.02 BogoMIPS)
[    0.508232][ 0] [    T1] devtmpfs: initialized
[    0.511692][ 0] [    T1] x86/mm: Memory block size: 128MB
[    0.519996][ 0] [    T1] calling  bpf_jit_charge_init+0x0/0x3a @ 1
[    0.523645][ 0] [    T1] initcall bpf_jit_charge_init+0x0/0x3a returned 0 after 0 usecs
[    0.527645][ 0] [    T1] calling  ipc_ns_init+0x0/0x45 @ 1
[    0.531646][ 0] [    T1] initcall ipc_ns_init+0x0/0x45 returned 0 after 2 usecs
[    0.535647][ 0] [    T1] calling  init_mmap_min_addr+0x0/0x1b @ 1
[    0.539644][ 0] [    T1] initcall init_mmap_min_addr+0x0/0x1b returned 0 after 0 usecs
[    0.543645][ 0] [    T1] calling  pci_realloc_setup_params+0x0/0x4b @ 1
[    0.547644][ 0] [    T1] initcall pci_realloc_setup_params+0x0/0x4b returned 0 after 0 usecs
[    0.551645][ 0] [    T1] calling  net_ns_init+0x0/0x11d @ 1
[    0.555685][ 0] [    T1] initcall net_ns_init+0x0/0x11d returned 0 after 41 usecs
[    0.559719][ 0] [    T1] calling  xen_pvh_gnttab_setup+0x0/0x3a @ 1
[    0.563645][ 0] [    T1] initcall xen_pvh_gnttab_setup+0x0/0x3a returned -19 after 0 usecs
[    0.567645][ 0] [    T1] calling  e820__register_nvs_regions+0x0/0x3d @ 1
[    0.571645][ 0] [    T1] PM: Registering ACPI NVS region [mem 0x7ab7d000-0x7abbdfff] (266240 bytes)
[    0.575646][ 0] [    T1] initcall e820__register_nvs_regions+0x0/0x3d returned 0 after 3907 usecs
[    0.579644][ 0] [    T1] calling  cpufreq_register_tsc_scaling+0x0/0x32 @ 1
[    0.583644][ 0] [    T1] initcall cpufreq_register_tsc_scaling+0x0/0x32 returned 0 after 0 usecs
[    0.587645][ 0] [    T1] calling  reboot_init+0x0/0x45 @ 1
[    0.591648][ 0] [    T1] initcall reboot_init+0x0/0x45 returned 0 after 3 usecs
[    0.595644][ 0] [    T1] calling  init_lapic_sysfs+0x0/0x29 @ 1
[    0.599644][ 0] [    T1] initcall init_lapic_sysfs+0x0/0x29 returned 0 after 0 usecs
[    0.603646][ 0] [    T1] calling  uv_bau_init+0x0/0xb34 @ 1
[    0.607644][ 0] [    T1] initcall uv_bau_init+0x0/0xb34 returned 0 after 0 usecs
[    0.611644][ 0] [    T1] calling  alloc_frozen_cpus+0x0/0x23 @ 1
[    0.615644][ 0] [    T1] initcall alloc_frozen_cpus+0x0/0x23 returned 0 after 0 usecs
[    0.619644][ 0] [    T1] calling  cpu_hotplug_pm_sync_init+0x0/0x19 @ 1
[    0.623645][ 0] [    T1] initcall cpu_hotplug_pm_sync_init+0x0/0x19 returned 0 after 0 usecs
[    0.627644][ 0] [    T1] calling  wq_sysfs_init+0x0/0x30 @ 1
[    0.631661][ 0] [    T1] initcall wq_sysfs_init+0x0/0x30 returned 0 after 16 usecs
[    0.635644][ 0] [    T1] calling  ksysfs_init+0x0/0x9e @ 1
[    0.639649][ 0] [    T1] initcall ksysfs_init+0x0/0x9e returned 0 after 4 usecs
[    0.643643][ 0] [    T1] calling  pm_init+0x0/0x79 @ 1
[    0.647696][ 0] [    T1] initcall pm_init+0x0/0x79 returned 0 after 51 usecs
[    0.651644][ 0] [    T1] calling  pm_disk_init+0x0/0x1e @ 1
[    0.655647][ 0] [    T1] initcall pm_disk_init+0x0/0x1e returned 0 after 2 usecs
[    0.659645][ 0] [    T1] calling  swsusp_header_init+0x0/0x30 @ 1
[    0.663644][ 0] [    T1] initcall swsusp_header_init+0x0/0x30 returned 0 after 0 usecs
[    0.667644][ 0] [    T1] calling  rcu_set_runtime_mode+0x0/0x17 @ 1
[    0.671644][ 0] [    T1] initcall rcu_set_runtime_mode+0x0/0x17 returned 0 after 0 usecs
[    0.675644][ 0] [    T1] calling  rcu_spawn_tasks_kthread+0x0/0x6e @ 1
[    0.679667][ 0] [    T1] initcall rcu_spawn_tasks_kthread+0x0/0x6e returned 0 after 23 usecs
[    0.683644][ 0] [    T1] calling  init_jiffies_clocksource+0x0/0x1e @ 1
[    0.687645][ 0] [    T1] clocksource: jiffies: mask: 0xffffffff max_cycles: 0xffffffff, max_idle_ns: 7645041785100000 ns
[    0.691645][ 0] [    T1] initcall init_jiffies_clocksource+0x0/0x1e returned 0 after 3906 usecs
[    0.695644][ 0] [    T1] calling  futex_init+0x0/0xf5 @ 1
[    0.699647][ 0] [    T1] futex hash table entries: 4096 (order: 6, 262144 bytes, linear)
[    0.703659][ 0] [    T1] initcall futex_init+0x0/0xf5 returned 0 after 3919 usecs
[    0.707644][ 0] [    T1] calling  cgroup_wq_init+0x0/0x2e @ 1
[    0.711663][ 0] [    T1] initcall cgroup_wq_init+0x0/0x2e returned 0 after 18 usecs
[    0.715644][ 0] [    T1] calling  cgroup1_wq_init+0x0/0x2e @ 1
[    0.719663][ 0] [    T1] initcall cgroup1_wq_init+0x0/0x2e returned 0 after 18 usecs
[    0.723644][ 0] [    T1] calling  ftrace_mod_cmd_init+0x0/0x12 @ 1
[    0.727645][ 0] [    T1] initcall ftrace_mod_cmd_init+0x0/0x12 returned 0 after 0 usecs
[    0.731644][ 0] [    T1] calling  init_wakeup_tracer+0x0/0x32 @ 1
[    0.735647][ 0] [    T1] initcall init_wakeup_tracer+0x0/0x32 returned 0 after 3 usecs
[    0.739644][ 0] [    T1] calling  init_graph_trace+0x0/0x64 @ 1
[    0.743648][ 0] [    T1] initcall init_graph_trace+0x0/0x64 returned 0 after 4 usecs
[    0.747644][ 0] [    T1] calling  init_zero_pfn+0x0/0x3d @ 1
[    0.751644][ 0] [    T1] initcall init_zero_pfn+0x0/0x3d returned 0 after 0 usecs
[    0.755645][ 0] [    T1] calling  init_per_zone_wmark_min+0x0/0x76 @ 1
[    0.759648][ 0] [    T1] initcall init_per_zone_wmark_min+0x0/0x76 returned 0 after 4 usecs
[    0.763645][ 0] [    T1] calling  memory_failure_init+0x0/0x9f @ 1
[    0.767645][ 0] [    T1] initcall memory_failure_init+0x0/0x9f returned 0 after 1 usecs
[    0.771643][ 0] [    T1] calling  cma_init_reserved_areas+0x0/0x34 @ 1
[    0.775644][ 0] [    T1] initcall cma_init_reserved_areas+0x0/0x34 returned 0 after 0 usecs
[    0.779644][ 0] [    T1] calling  fsnotify_init+0x0/0x4e @ 1
[    0.783653][ 0] [    T1] initcall fsnotify_init+0x0/0x4e returned 0 after 8 usecs
[    0.787644][ 0] [    T1] calling  filelock_init+0x0/0x9d @ 1
[    0.791655][ 0] [    T1] initcall filelock_init+0x0/0x9d returned 0 after 11 usecs
[    0.795644][ 0] [    T1] calling  init_script_binfmt+0x0/0x1b @ 1
[    0.799644][ 0] [    T1] initcall init_script_binfmt+0x0/0x1b returned 0 after 0 usecs
[    0.803644][ 0] [    T1] calling  init_elf_binfmt+0x0/0x1b @ 1
[    0.807644][ 0] [    T1] initcall init_elf_binfmt+0x0/0x1b returned 0 after 0 usecs
[    0.811644][ 0] [    T1] calling  init_compat_elf_binfmt+0x0/0x1b @ 1
[    0.815644][ 0] [    T1] initcall init_compat_elf_binfmt+0x0/0x1b returned 0 after 0 usecs
[    0.819644][ 0] [    T1] calling  configfs_init+0x0/0x9f @ 1
[    0.823646][ 0] [    T1] initcall configfs_init+0x0/0x9f returned 0 after 2 usecs
[    0.827644][ 0] [    T1] calling  debugfs_init+0x0/0x68 @ 1
[    0.831645][ 0] [    T1] initcall debugfs_init+0x0/0x68 returned 0 after 1 usecs
[    0.835643][ 0] [    T1] calling  tracefs_init+0x0/0x42 @ 1
[    0.839645][ 0] [    T1] initcall tracefs_init+0x0/0x42 returned 0 after 1 usecs
[    0.843643][ 0] [    T1] calling  securityfs_init+0x0/0xa0 @ 1
[    0.847659][ 0] [    T1] initcall securityfs_init+0x0/0xa0 returned 0 after 14 usecs
[    0.851644][ 0] [    T1] calling  prandom_init+0x0/0xe9 @ 1
[    0.855987][ 0] [    T1] initcall prandom_init+0x0/0xe9 returned 0 after 335 usecs
[    0.859644][ 0] [    T1] calling  pinctrl_init+0x0/0xb3 @ 1
[    0.863643][ 0] [    T1] pinctrl core: initialized pinctrl subsystem
[    0.867658][ 0] [    T1] initcall pinctrl_init+0x0/0xb3 returned 0 after 3919 usecs
[    0.871644][ 0] [    T1] calling  gpiolib_dev_init+0x0/0xce @ 1
[    0.875650][ 0] [    T1] initcall gpiolib_dev_init+0x0/0xce returned 0 after 5 usecs
[    0.879645][ 0] [    T1] calling  sfi_sysfs_init+0x0/0xd8 @ 1
[    0.883644][ 0] [    T1] initcall sfi_sysfs_init+0x0/0xd8 returned 0 after 0 usecs
[    0.887647][ 0] [    T1] calling  virtio_init+0x0/0x30 @ 1
[    0.891650][ 0] [    T1] initcall virtio_init+0x0/0x30 returned 0 after 6 usecs
[    0.895645][ 0] [    T1] calling  regulator_init+0x0/0xa1 @ 1
[    0.899692][ 0] [    T1] probe of reg-dummy returned 1 after 0 usecs
[    0.903648][ 0] [    T1] initcall regulator_init+0x0/0xa1 returned 0 after 3909 usecs
[    0.907644][ 0] [    T1] calling  iommu_init+0x0/0x30 @ 1
[    0.911646][ 0] [    T1] initcall iommu_init+0x0/0x30 returned 0 after 1 usecs
[    0.915644][ 0] [    T1] calling  component_debug_init+0x0/0x22 @ 1
[    0.919645][ 0] [    T1] initcall component_debug_init+0x0/0x22 returned 0 after 1 usecs
[    0.923646][ 0] [    T1] calling  early_resume_init+0x0/0xb0 @ 1
[    0.927688][ 0] [    T1] PM: RTC time: 10:23:18, date: 2026-04-16
[    0.931644][ 0] [    T1] initcall early_resume_init+0x0/0xb0 returned 0 after 3906 usecs
[    0.935645][ 0] [    T1] calling  opp_debug_init+0x0/0x22 @ 1
[    0.939646][ 0] [    T1] initcall opp_debug_init+0x0/0x22 returned 0 after 1 usecs
[    0.943644][ 0] [    T1] calling  capsule_reboot_register+0x0/0x17 @ 1
[    0.947644][ 0] [    T1] initcall capsule_reboot_register+0x0/0x17 returned 0 after 0 usecs
[    0.951644][ 0] [    T1] calling  cpufreq_core_init+0x0/0x45 @ 1
[    0.955646][ 0] [    T1] initcall cpufreq_core_init+0x0/0x45 returned 0 after 1 usecs
[    0.959644][ 0] [    T1] calling  cpuidle_init+0x0/0x45 @ 1
[    0.963646][ 0] [    T1] initcall cpuidle_init+0x0/0x45 returned 0 after 2 usecs
[    0.967644][ 0] [    T1] calling  bsp_pm_check_init+0x0/0x19 @ 1
[    0.971644][ 0] [    T1] initcall bsp_pm_check_init+0x0/0x19 returned 0 after 0 usecs
[    0.975644][ 0] [    T1] calling  sock_init+0x0/0xa4 @ 1
[    0.979777][ 0] [    T1] initcall sock_init+0x0/0xa4 returned 0 after 129 usecs
[    0.983644][ 0] [    T1] calling  net_inuse_init+0x0/0x29 @ 1
[    0.987646][ 0] [    T1] initcall net_inuse_init+0x0/0x29 returned 0 after 1 usecs
[    0.991644][ 0] [    T1] calling  net_defaults_init+0x0/0x29 @ 1
[    0.995644][ 0] [    T1] initcall net_defaults_init+0x0/0x29 returned 0 after 0 usecs
[    0.999644][ 0] [    T1] calling  init_default_flow_dissectors+0x0/0x55 @ 1
[    1.003644][ 0] [    T1] initcall init_default_flow_dissectors+0x0/0x55 returned 0 after 0 usecs
[    1.007644][ 0] [    T1] calling  netpoll_init+0x0/0x2e @ 1
[    1.011644][ 0] [    T1] initcall netpoll_init+0x0/0x2e returned 0 after 0 usecs
[    1.015644][ 0] [    T1] calling  netlink_proto_init+0x0/0x163 @ 1
[    1.019668][ 0] [    T1] NET: Registered protocol family 16
[    1.023652][ 0] [    T1] initcall netlink_proto_init+0x0/0x163 returned 0 after 3913 usecs
[    1.027644][ 0] [    T1] calling  tcp_bpf_v4_build_proto+0x0/0x71 @ 1
[    1.031644][ 0] [    T1] initcall tcp_bpf_v4_build_proto+0x0/0x71 returned 0 after 0 usecs
[    1.035645][ 0] [    T1] calling  __gnttab_init+0x0/0x40 @ 1
[    1.039644][ 0] [    T1] initcall __gnttab_init+0x0/0x40 returned -19 after 0 usecs
[    1.043713][ 0] [    T1] calling  irq_sysfs_init+0x0/0x97 @ 1
[    1.047696][ 0] [    T1] initcall irq_sysfs_init+0x0/0x97 returned 0 after 51 usecs
[    1.051644][ 0] [    T1] calling  audit_init+0x0/0x186 @ 1
[    1.055652][ 0] [    T1] audit: initializing netlink subsys (enabled)
[    1.059666][ 0] [    T1] initcall audit_init+0x0/0x186 returned 0 after 3929 usecs
[    1.059666][ 2] [  T108] audit: type=2000 audit(1776334996.100:1): state=initialized audit_enabled=1 res=1
[    1.063644][ 0] [    T1] calling  release_early_probes+0x0/0x45 @ 1
[    1.063647][ 0] [    T1] initcall release_early_probes+0x0/0x45 returned 0 after 0 usecs
[    1.075644][ 0] [    T1] calling  bdi_class_init+0x0/0x4e @ 1
[    1.079649][ 0] [    T1] initcall bdi_class_init+0x0/0x4e returned 0 after 5 usecs
[    1.083644][ 0] [    T1] calling  mm_sysfs_init+0x0/0x2e @ 1
[    1.087644][ 0] [    T1] initcall mm_sysfs_init+0x0/0x2e returned 0 after 0 usecs
[    1.091644][ 0] [    T1] calling  mpi_init+0x0/0x68 @ 1
[    1.095645][ 0] [    T1] initcall mpi_init+0x0/0x68 returned 0 after 0 usecs
[    1.099644][ 0] [    T1] calling  gpiolib_sysfs_init+0x0/0xa6 @ 1
[    1.103647][ 0] [    T1] initcall gpiolib_sysfs_init+0x0/0xa6 returned 0 after 2 usecs
[    1.107645][ 0] [    T1] calling  acpi_gpio_setup_params+0x0/0xa0 @ 1
[    1.111645][ 0] [    T1] initcall acpi_gpio_setup_params+0x0/0xa0 returned 0 after 0 usecs
[    1.115644][ 0] [    T1] calling  pcibus_class_init+0x0/0x1e @ 1
[    1.119646][ 0] [    T1] initcall pcibus_class_init+0x0/0x1e returned 0 after 2 usecs
[    1.123644][ 0] [    T1] calling  pci_driver_init+0x0/0x27 @ 1
[    1.127655][ 0] [    T1] initcall pci_driver_init+0x0/0x27 returned 0 after 10 usecs
[    1.131644][ 0] [    T1] calling  rio_bus_init+0x0/0x4b @ 1
[    1.135650][ 0] [    T1] initcall rio_bus_init+0x0/0x4b returned 0 after 5 usecs
[    1.139643][ 0] [    T1] calling  backlight_class_init+0x0/0xad @ 1
[    1.143647][ 0] [    T1] initcall backlight_class_init+0x0/0xad returned 0 after 3 usecs
[    1.147644][ 0] [    T1] calling  xenbus_init+0x0/0x2a0 @ 1
[    1.151644][ 0] [    T1] initcall xenbus_init+0x0/0x2a0 returned -19 after 0 usecs
[    1.155644][ 0] [    T1] calling  tty_class_init+0x0/0x39 @ 1
[    1.159646][ 0] [    T1] initcall tty_class_init+0x0/0x39 returned 0 after 2 usecs
[    1.163644][ 0] [    T1] calling  vtconsole_class_init+0x0/0xdc @ 1
[    1.167657][ 0] [    T1] initcall vtconsole_class_init+0x0/0xdc returned 0 after 12 usecs
[    1.171643][ 0] [    T1] calling  serdev_init+0x0/0x22 @ 1
[    1.175648][ 0] [    T1] initcall serdev_init+0x0/0x22 returned 0 after 4 usecs
[    1.179644][ 0] [    T1] calling  iommu_dev_init+0x0/0x1e @ 1
[    1.183646][ 0] [    T1] initcall iommu_dev_init+0x0/0x1e returned 0 after 2 usecs
[    1.187644][ 0] [    T1] calling  software_node_init+0x0/0x30 @ 1
[    1.191644][ 0] [    T1] initcall software_node_init+0x0/0x30 returned 0 after 0 usecs
[    1.195644][ 0] [    T1] calling  wakeup_sources_debugfs_init+0x0/0x29 @ 1
[    1.199646][ 0] [    T1] initcall wakeup_sources_debugfs_init+0x0/0x29 returned 0 after 2 usecs
[    1.203644][ 0] [    T1] calling  wakeup_sources_sysfs_init+0x0/0x35 @ 1
[    1.207646][ 0] [    T1] initcall wakeup_sources_sysfs_init+0x0/0x35 returned 0 after 2 usecs
[    1.211644][ 0] [    T1] calling  isa_bus_init+0x0/0x44 @ 1
[    1.215654][ 0] [    T1] initcall isa_bus_init+0x0/0x44 returned 0 after 10 usecs
[    1.219644][ 0] [    T1] calling  register_node_type+0x0/0x38 @ 1
[    1.223655][ 0] [    T1] initcall register_node_type+0x0/0x38 returned 0 after 11 usecs
[    1.227644][ 0] [    T1] calling  regmap_initcall+0x0/0x12 @ 1
[    1.231647][ 0] [    T1] initcall regmap_initcall+0x0/0x12 returned 0 after 2 usecs
[    1.235644][ 0] [    T1] calling  sram_init+0x0/0x19 @ 1
[    1.239647][ 0] [    T1] initcall sram_init+0x0/0x19 returned 0 after 3 usecs
[    1.243644][ 0] [    T1] calling  syscon_init+0x0/0x19 @ 1
[    1.247647][ 0] [    T1] initcall syscon_init+0x0/0x19 returned 0 after 3 usecs
[    1.251644][ 0] [    T1] calling  mipi_dsi_bus_init+0x0/0x17 @ 1
[    1.255648][ 0] [    T1] initcall mipi_dsi_bus_init+0x0/0x17 returned 0 after 3 usecs
[    1.259644][ 0] [    T1] calling  spi_init+0x0/0xd0 @ 1
[    1.263653][ 0] [    T1] initcall spi_init+0x0/0xd0 returned 0 after 8 usecs
[    1.267644][ 0] [    T1] calling  i2c_init+0x0/0xb9 @ 1
[    1.271651][ 0] [    T1] initcall i2c_init+0x0/0xb9 returned 0 after 7 usecs
[    1.275644][ 0] [    T1] calling  eisa_init+0x0/0x31 @ 1
[    1.279647][ 0] [    T1] EISA bus registered
[    1.283644][ 0] [    T1] initcall eisa_init+0x0/0x31 returned 0 after 3906 usecs
[    1.287643][ 0] [    T1] calling  pcc_init+0x0/0xa4 @ 1
[    1.291646][ 0] [    T1] initcall pcc_init+0x0/0xa4 returned -19 after 1 usecs
[    1.295644][ 0] [    T1] calling  init_ladder+0x0/0x2a @ 1
[    1.299651][ 0] [    T1] cpuidle: using governor ladder
[    1.303644][ 0] [    T1] initcall init_ladder+0x0/0x2a returned 0 after 3906 usecs
[    1.307644][ 0] [    T1] calling  init_menu+0x0/0x17 @ 1
[    1.311647][ 0] [    T1] cpuidle: using governor menu
[    1.315644][ 0] [    T1] initcall init_menu+0x0/0x17 returned 0 after 3906 usecs
[    1.319644][ 0] [    T1] calling  teo_governor_init+0x0/0x17 @ 1
[    1.323644][ 0] [    T1] initcall teo_governor_init+0x0/0x17 returned 0 after 0 usecs
[    1.327644][ 0] [    T1] calling  init_haltpoll+0x0/0x26 @ 1
[    1.331644][ 0] [    T1] initcall init_haltpoll+0x0/0x26 returned 0 after 0 usecs
[    1.335644][ 0] [    T1] calling  amd_postcore_init+0x0/0x125 @ 1
[    1.339671][ 0] [    T1] initcall amd_postcore_init+0x0/0x125 returned 0 after 27 usecs
[    1.343644][ 0] [    T1] calling  kobject_uevent_init+0x0/0x12 @ 1
[    1.347646][ 0] [    T1] initcall kobject_uevent_init+0x0/0x12 returned 0 after 2 usecs
[    1.351715][ 0] [    T1] calling  bts_init+0x0/0xc2 @ 1
[    1.355644][ 0] [    T1] initcall bts_init+0x0/0xc2 returned -19 after 0 usecs
[    1.359644][ 0] [    T1] calling  pt_init+0x0/0x39a @ 1
[    1.363644][ 0] [    T1] initcall pt_init+0x0/0x39a returned -19 after 0 usecs
[    1.367644][ 0] [    T1] calling  boot_params_ksysfs_init+0x0/0x260 @ 1
[    1.371650][ 0] [    T1] initcall boot_params_ksysfs_init+0x0/0x260 returned 0 after 6 usecs
[    1.375644][ 0] [    T1] calling  sbf_init+0x0/0xd9 @ 1
[    1.379644][ 0] [    T1] initcall sbf_init+0x0/0xd9 returned 0 after 0 usecs
[    1.383644][ 0] [    T1] calling  arch_kdebugfs_init+0x0/0x22 @ 1
[    1.387646][ 0] [    T1] initcall arch_kdebugfs_init+0x0/0x22 returned 0 after 2 usecs
[    1.391644][ 0] [    T1] calling  intel_pconfig_init+0x0/0xe4 @ 1
[    1.395644][ 0] [    T1] initcall intel_pconfig_init+0x0/0xe4 returned 0 after 0 usecs
[    1.399644][ 0] [    T1] calling  mtrr_if_init+0x0/0x64 @ 1
[    1.403645][ 0] [    T1] initcall mtrr_if_init+0x0/0x64 returned 0 after 1 usecs
[    1.407643][ 0] [    T1] calling  ffh_cstate_init+0x0/0x3d @ 1
[    1.411645][ 0] [    T1] initcall ffh_cstate_init+0x0/0x3d returned 0 after 1 usecs
[    1.415645][ 0] [    T1] calling  activate_jump_labels+0x0/0x3a @ 1
[    1.419644][ 0] [    T1] initcall activate_jump_labels+0x0/0x3a returned 0 after 0 usecs
[    1.423644][ 0] [    T1] calling  kvm_setup_pv_tlb_flush+0x0/0x8a @ 1
[    1.427645][ 0] [    T1] initcall kvm_setup_pv_tlb_flush+0x0/0x8a returned 0 after 0 usecs
[    1.431643][ 0] [    T1] calling  gigantic_pages_init+0x0/0x37 @ 1
[    1.435647][ 0] [    T1] initcall gigantic_pages_init+0x0/0x37 returned 0 after 3 usecs
[    1.439644][ 0] [    T1] calling  uv_rtc_setup_clock+0x0/0x150 @ 1
[    1.443644][ 0] [    T1] initcall uv_rtc_setup_clock+0x0/0x150 returned -19 after 0 usecs
[    1.447644][ 0] [    T1] calling  kcmp_cookies_init+0x0/0x3d @ 1
[    1.451647][ 0] [    T1] initcall kcmp_cookies_init+0x0/0x3d returned 0 after 3 usecs
[    1.455644][ 0] [    T1] calling  cryptomgr_init+0x0/0x17 @ 1
[    1.459644][ 0] [    T1] initcall cryptomgr_init+0x0/0x17 returned 0 after 0 usecs
[    1.463644][ 0] [    T1] calling  acpi_pci_init+0x0/0x67 @ 1
[    1.467644][ 0] [    T1] ACPI FADT declares the system doesn't support PCIe ASPM, so disable it
[    1.471643][ 0] [    T1] ACPI: bus type PCI registered
[    1.475644][ 0] [    T1] acpiphp: ACPI Hot Plug PCI Controller Driver version: 0.5
[    1.479644][ 0] [    T1] initcall acpi_pci_init+0x0/0x67 returned 0 after 11718 usecs
[    1.483644][ 0] [    T1] calling  ft_pci_aspm_init+0x0/0xd @ 1
[    1.487644][ 0] [    T1] initcall ft_pci_aspm_init+0x0/0xd returned 0 after 0 usecs
[    1.495644][ 0] [    T1] calling  dma_channel_table_init+0x0/0xd2 @ 1
[    1.499650][ 0] [    T1] initcall dma_channel_table_init+0x0/0xd2 returned 0 after 6 usecs
[    1.503644][ 0] [    T1] calling  dma_bus_init+0x0/0xc5 @ 1
[    1.507663][ 0] [    T1] initcall dma_bus_init+0x0/0xc5 returned 0 after 18 usecs
[    1.511644][ 0] [    T1] calling  setup_vcpu_hotplug_event+0x0/0x31 @ 1
[    1.515644][ 0] [    T1] initcall setup_vcpu_hotplug_event+0x0/0x31 returned -19 after 0 usecs
[    1.519644][ 0] [    T1] calling  register_xen_pci_notifier+0x0/0x33 @ 1
[    1.523644][ 0] [    T1] initcall register_xen_pci_notifier+0x0/0x33 returned 0 after 0 usecs
[    1.527644][ 0] [    T1] calling  xen_pcpu_init+0x0/0xbe @ 1
[    1.531644][ 0] [    T1] initcall xen_pcpu_init+0x0/0xbe returned -19 after 0 usecs
[    1.535644][ 0] [    T1] calling  dmi_id_init+0x0/0x34b @ 1
[    1.539668][ 0] [    T1] initcall dmi_id_init+0x0/0x34b returned 0 after 24 usecs
[    1.543644][ 0] [    T1] calling  numachip_timer_init+0x0/0x5a @ 1
[    1.547644][ 0] [    T1] initcall numachip_timer_init+0x0/0x5a returned -19 after 0 usecs
[    1.551644][ 0] [    T1] calling  ts_dmi_init+0x0/0x63 @ 1
[    1.555647][ 0] [    T1] initcall ts_dmi_init+0x0/0x63 returned 0 after 3 usecs
[    1.559644][ 0] [    T1] calling  pci_arch_init+0x0/0x6f @ 1
[    1.563654][ 0] [    T1] PCI: MMCONFIG for domain 0000 [bus 00-7f] at [mem 0xf0000000-0xf7ffffff] (base 0xf0000000)
[    1.567655][ 0] [    T1] PCI: MMCONFIG at [mem 0xf0000000-0xf7ffffff] reserved in E820
[    1.571650][ 0] [    T1] PCI: Using configuration type 1 for base access
[    1.575646][ 0] [    T1] initcall pci_arch_init+0x0/0x6f returned 0 after 11721 usecs
[    1.579714][ 0] [    T1] calling  init_vdso+0x0/0x25 @ 1
[    1.583647][ 0] [    T1] initcall init_vdso+0x0/0x25 returned 0 after 3 usecs
[    1.587644][ 0] [    T1] calling  sysenter_setup+0x0/0x19 @ 1
[    1.591645][ 0] [    T1] initcall sysenter_setup+0x0/0x19 returned 0 after 1 usecs
[    1.595644][ 0] [    T1] calling  fixup_ht_bug+0x0/0xcd @ 1
[    1.599644][ 0] [    T1] initcall fixup_ht_bug+0x0/0xcd returned 0 after 0 usecs
[    1.603644][ 0] [    T1] calling  topology_init+0x0/0xcf @ 1
[    1.608450][ 0] [    T1] initcall topology_init+0x0/0xcf returned 0 after 786 usecs
[    1.611644][ 0] [    T1] calling  intel_epb_init+0x0/0x74 @ 1
[    1.615645][ 0] [    T1] initcall intel_epb_init+0x0/0x74 returned -19 after 0 usecs
[    1.619644][ 0] [    T1] calling  mtrr_init_finialize+0x0/0x47 @ 1
[    1.623645][ 0] [    T1] initcall mtrr_init_finialize+0x0/0x47 returned 0 after 0 usecs
[    1.627644][ 0] [    T1] calling  eisa_bus_probe+0x0/0x51 @ 1
[    1.631647][ 0] [    T1] initcall eisa_bus_probe+0x0/0x51 returned 0 after 2 usecs
[    1.635644][ 0] [    T1] calling  uid_cache_init+0x0/0x8a @ 1
[    1.639647][ 0] [    T1] initcall uid_cache_init+0x0/0x8a returned 0 after 2 usecs
[    1.643644][ 0] [    T1] calling  param_sysfs_init+0x0/0x1ed @ 1
[    1.652255][ 0] [    T1] initcall param_sysfs_init+0x0/0x1ed returned 0 after 4502 usecs
[    1.655645][ 0] [    T1] calling  user_namespace_sysctl_init+0x0/0x40 @ 1
[    1.659652][ 0] [    T1] initcall user_namespace_sysctl_init+0x0/0x40 returned 0 after 7 usecs
[    1.663644][ 0] [    T1] calling  interactive_mark_init+0x0/0x5d @ 1
[    1.667645][ 0] [    T1] initcall interactive_mark_init+0x0/0x5d returned 0 after 0 usecs
[    1.671643][ 0] [    T1] calling  proc_schedstat_init+0x0/0x2a @ 1
[    1.675644][ 0] [    T1] initcall proc_schedstat_init+0x0/0x2a returned 0 after 1 usecs
[    1.679644][ 0] [    T1] calling  pm_sysrq_init+0x0/0x1e @ 1
[    1.683650][ 0] [    T1] initcall pm_sysrq_init+0x0/0x1e returned 0 after 5 usecs
[    1.687646][ 0] [    T1] calling  create_proc_profile+0x0/0xf0 @ 1
[    1.691650][ 0] [    T1] initcall create_proc_profile+0x0/0xf0 returned 0 after 0 usecs
[    1.695644][ 0] [    T1] calling  crash_save_vmcoreinfo_init+0x0/0x61a @ 1
[    1.699670][ 0] [    T1] initcall crash_save_vmcoreinfo_init+0x0/0x61a returned 0 after 25 usecs
[    1.703644][ 0] [    T1] calling  crash_notes_memory_init+0x0/0x3e @ 1
[    1.707647][ 0] [    T1] initcall crash_notes_memory_init+0x0/0x3e returned 0 after 3 usecs
[    1.711644][ 0] [    T1] calling  cgroup_sysfs_init+0x0/0x1e @ 1
[    1.715645][ 0] [    T1] initcall cgroup_sysfs_init+0x0/0x1e returned 0 after 1 usecs
[    1.719644][ 0] [    T1] calling  cgroup_namespaces_init+0x0/0xd @ 1
[    1.723645][ 0] [    T1] initcall cgroup_namespaces_init+0x0/0xd returned 0 after 0 usecs
[    1.727644][ 0] [    T1] calling  user_namespaces_init+0x0/0x32 @ 1
[    1.731650][ 0] [    T1] initcall user_namespaces_init+0x0/0x32 returned 0 after 5 usecs
[    1.735644][ 0] [    T1] calling  init_kprobes+0x0/0x16c @ 1
[    1.739892][ 0] [    T1] initcall init_kprobes+0x0/0x16c returned 0 after 242 usecs
[    1.743644][ 0] [    T1] calling  hung_task_init+0x0/0x60 @ 1
[    1.747667][ 0] [    T1] initcall hung_task_init+0x0/0x60 returned 0 after 24 usecs
[    1.751645][ 0] [    T1] calling  send_signal_irq_work_init+0x0/0x49 @ 1
[    1.755648][ 0] [    T1] initcall send_signal_irq_work_init+0x0/0x49 returned 0 after 0 usecs
[    1.759643][ 0] [    T1] calling  dev_map_init+0x0/0x19 @ 1
[    1.763644][ 0] [    T1] initcall dev_map_init+0x0/0x19 returned 0 after 0 usecs
[    1.767643][ 0] [    T1] calling  stack_map_init+0x0/0x4e @ 1
[    1.771645][ 0] [    T1] initcall stack_map_init+0x0/0x4e returned 0 after 0 usecs
[    1.775644][ 0] [    T1] calling  btf_vmlinux_init+0x0/0x61 @ 1
[    1.779645][ 0] [    T1] initcall btf_vmlinux_init+0x0/0x61 returned 0 after 1 usecs
[    1.783645][ 0] [    T1] calling  oom_init+0x0/0x41 @ 1
[    1.787834][ 0] [    T1] initcall oom_init+0x0/0x41 returned 0 after 186 usecs
[    1.791646][ 0] [    T1] calling  default_bdi_init+0x0/0xb7 @ 1
[    1.795667][ 0] [    T1] initcall default_bdi_init+0x0/0xb7 returned 0 after 22 usecs
[    1.799644][ 0] [    T1] calling  cgwb_init+0x0/0x2e @ 1
[    1.803663][ 0] [    T1] initcall cgwb_init+0x0/0x2e returned 0 after 19 usecs
[    1.807644][ 0] [    T1] calling  percpu_enable_async+0x0/0x14 @ 1
[    1.811644][ 0] [    T1] initcall percpu_enable_async+0x0/0x14 returned 0 after 0 usecs
[    1.815644][ 0] [    T1] calling  kcompactd_init+0x0/0xa3 @ 1
[    1.819665][ 0] [    T1] initcall kcompactd_init+0x0/0xa3 returned 0 after 22 usecs
[    1.823646][ 0] [    T1] calling  init_user_reserve+0x0/0x50 @ 1
[    1.827644][ 0] [    T1] initcall init_user_reserve+0x0/0x50 returned 0 after 0 usecs
[    1.831644][ 0] [    T1] calling  init_admin_reserve+0x0/0x50 @ 1
[    1.835644][ 0] [    T1] initcall init_admin_reserve+0x0/0x50 returned 0 after 0 usecs
[    1.839644][ 0] [    T1] calling  init_reserve_notifier+0x0/0x24 @ 1
[    1.843645][ 0] [    T1] initcall init_reserve_notifier+0x0/0x24 returned 0 after 0 usecs
[    1.847644][ 0] [    T1] calling  swap_init_sysfs+0x0/0x6f @ 1
[    1.851647][ 0] [    T1] initcall swap_init_sysfs+0x0/0x6f returned 0 after 2 usecs
[    1.855644][ 0] [    T1] calling  swapfile_init+0x0/0xa1 @ 1
[    1.859644][ 0] [    T1] initcall swapfile_init+0x0/0xa1 returned 0 after 0 usecs
[    1.863644][ 0] [    T1] calling  hugetlb_init+0x0/0x4be @ 1
[    1.867648][ 0] [    T1] HugeTLB registered 1.00 GiB page size, pre-allocated 0 pages
[    1.871644][ 0] [    T1] HugeTLB registered 2.00 MiB page size, pre-allocated 0 pages
[    1.875660][ 0] [    T1] initcall hugetlb_init+0x0/0x4be returned 0 after 7827 usecs
[    1.879644][ 0] [    T1] calling  ksm_init+0x0/0x1a5 @ 1
[    1.883668][ 0] [    T1] initcall ksm_init+0x0/0x1a5 returned 0 after 24 usecs
[    1.887644][ 0] [    T1] calling  hugepage_init+0x0/0x169 @ 1
[    1.891664][ 0] [    T1] initcall hugepage_init+0x0/0x169 returned 0 after 21 usecs
[    1.895644][ 0] [    T1] calling  mem_cgroup_init+0x0/0x150 @ 1
[    1.899664][ 0] [    T1] initcall mem_cgroup_init+0x0/0x150 returned 0 after 20 usecs
[    1.903644][ 0] [    T1] calling  mem_cgroup_swap_init+0x0/0x5a @ 1
[    1.907643][ 0] [    T1] initcall mem_cgroup_swap_init+0x0/0x5a returned 0 after 0 usecs
[    1.911643][ 0] [    T1] calling  page_idle_init+0x0/0x38 @ 1
[    1.915647][ 0] [    T1] initcall page_idle_init+0x0/0x38 returned 0 after 3 usecs
[    1.919644][ 0] [    T1] calling  sel_ib_pkey_init+0x0/0x37 @ 1
[    1.923644][ 0] [    T1] initcall sel_ib_pkey_init+0x0/0x37 returned 0 after 0 usecs
[    1.927644][ 0] [    T1] calling  seqiv_module_init+0x0/0x17 @ 1
[    1.931644][ 0] [    T1] initcall seqiv_module_init+0x0/0x17 returned 0 after 0 usecs
[    1.935647][ 0] [    T1] calling  dh_init+0x0/0x20 @ 1
[    1.939686][ 0] [    T1] initcall dh_init+0x0/0x20 returned 0 after 42 usecs
[    1.943644][ 0] [    T1] calling  rsa_init+0x0/0x50 @ 1
[    1.947675][ 0] [    T1] initcall rsa_init+0x0/0x50 returned 0 after 31 usecs
[    1.951645][ 0] [    T1] calling  hmac_module_init+0x0/0x17 @ 1
[    1.955644][ 0] [    T1] initcall hmac_module_init+0x0/0x17 returned 0 after 0 usecs
[    1.959644][ 0] [    T1] calling  crypto_null_mod_init+0x0/0x72 @ 1
[    1.967680][ 0] [    T1] initcall crypto_null_mod_init+0x0/0x72 returned 0 after 3942 usecs
[    1.971646][ 0] [    T1] calling  md5_mod_init+0x0/0x17 @ 1
[    1.975674][ 0] [    T1] initcall md5_mod_init+0x0/0x17 returned 0 after 30 usecs
[    1.979645][ 0] [    T1] calling  sha1_generic_mod_init+0x0/0x17 @ 1
[    1.983675][ 0] [    T1] initcall sha1_generic_mod_init+0x0/0x17 returned 0 after 31 usecs
[    1.987645][ 0] [    T1] calling  sha256_generic_mod_init+0x0/0x1c @ 1
[    1.991680][ 0] [    T1] initcall sha256_generic_mod_init+0x0/0x1c returned 0 after 36 usecs
[    1.995645][ 0] [    T1] calling  sha512_generic_mod_init+0x0/0x1c @ 1
[    1.999680][ 0] [    T1] initcall sha512_generic_mod_init+0x0/0x1c returned 0 after 36 usecs
[    2.003646][ 0] [    T1] calling  crypto_ecb_module_init+0x0/0x17 @ 1
[    2.007644][ 0] [    T1] initcall crypto_ecb_module_init+0x0/0x17 returned 0 after 0 usecs
[    2.011644][ 0] [    T1] calling  crypto_cbc_module_init+0x0/0x17 @ 1
[    2.015644][ 0] [    T1] initcall crypto_cbc_module_init+0x0/0x17 returned 0 after 0 usecs
[    2.019644][ 0] [    T1] calling  crypto_cts_module_init+0x0/0x17 @ 1
[    2.023644][ 0] [    T1] initcall crypto_cts_module_init+0x0/0x17 returned 0 after 0 usecs
[    2.027644][ 0] [    T1] calling  crypto_module_init+0x0/0x17 @ 1
[    2.031644][ 0] [    T1] initcall crypto_module_init+0x0/0x17 returned 0 after 0 usecs
[    2.035644][ 0] [    T1] calling  crypto_ctr_module_init+0x0/0x1c @ 1
[    2.039644][ 0] [    T1] initcall crypto_ctr_module_init+0x0/0x1c returned 0 after 0 usecs
[    2.043644][ 0] [    T1] calling  crypto_gcm_module_init+0x0/0x6f @ 1
[    2.047644][ 0] [    T1] initcall crypto_gcm_module_init+0x0/0x6f returned 0 after 0 usecs
[    2.051644][ 0] [    T1] calling  aes_init+0x0/0x17 @ 1
[    2.055674][ 0] [    T1] initcall aes_init+0x0/0x17 returned 0 after 31 usecs
[    2.059645][ 0] [    T1] calling  crc32c_mod_init+0x0/0x17 @ 1
[    2.063672][ 0] [    T1] initcall crc32c_mod_init+0x0/0x17 returned 0 after 28 usecs
[    2.067645][ 0] [    T1] calling  crct10dif_mod_init+0x0/0x17 @ 1
[    2.071675][ 0] [    T1] initcall crct10dif_mod_init+0x0/0x17 returned 0 after 31 usecs
[    2.075645][ 0] [    T1] calling  lzo_mod_init+0x0/0x44 @ 1
[    2.083645][ 0] [    T1] initcall lzo_mod_init+0x0/0x44 returned 0 after 3907 usecs
[    2.087644][ 0] [    T1] calling  lzorle_mod_init+0x0/0x44 @ 1
[    2.091677][ 0] [    T1] initcall lzorle_mod_init+0x0/0x44 returned 0 after 34 usecs
[    2.095645][ 0] [    T1] calling  drbg_init+0x0/0x89 @ 1
[    2.099679][ 0] [    T1] initcall drbg_init+0x0/0x89 returned 0 after 35 usecs
[    2.103646][ 0] [    T1] calling  ghash_mod_init+0x0/0x17 @ 1
[    2.107673][ 0] [    T1] initcall ghash_mod_init+0x0/0x17 returned 0 after 29 usecs
[    2.111645][ 0] [    T1] calling  init_bio+0x0/0xd2 @ 1
[    2.115678][ 0] [    T1] initcall init_bio+0x0/0xd2 returned 0 after 34 usecs
[    2.119645][ 0] [    T1] calling  blk_settings_init+0x0/0x2f @ 1
[    2.123644][ 0] [    T1] initcall blk_settings_init+0x0/0x2f returned 0 after 0 usecs
[    2.127644][ 0] [    T1] calling  blk_ioc_init+0x0/0x2f @ 1
[    2.131649][ 0] [    T1] initcall blk_ioc_init+0x0/0x2f returned 0 after 4 usecs
[    2.135644][ 0] [    T1] calling  blk_softirq_init+0x0/0x76 @ 1
[    2.139644][ 0] [    T1] initcall blk_softirq_init+0x0/0x76 returned 0 after 0 usecs
[    2.143644][ 0] [    T1] calling  blk_mq_init+0x0/0x2f @ 1
[    2.147644][ 0] [    T1] initcall blk_mq_init+0x0/0x2f returned 0 after 0 usecs
[    2.151644][ 0] [    T1] calling  genhd_device_init+0x0/0x7f @ 1
[    2.155669][ 0] [    T1] initcall genhd_device_init+0x0/0x7f returned 0 after 26 usecs
[    2.159646][ 0] [    T1] calling  blkcg_init+0x0/0x2e @ 1
[    2.163667][ 0] [    T1] initcall blkcg_init+0x0/0x2e returned 0 after 23 usecs
[    2.167645][ 0] [    T1] calling  irq_poll_setup+0x0/0x71 @ 1
[    2.171645][ 0] [    T1] initcall irq_poll_setup+0x0/0x71 returned 0 after 1 usecs
[    2.175644][ 0] [    T1] calling  sx150x_init+0x0/0x19 @ 1
[    2.179650][ 0] [    T1] initcall sx150x_init+0x0/0x19 returned 0 after 6 usecs
[    2.183644][ 0] [    T1] calling  byt_gpio_init+0x0/0x19 @ 1
[    2.187647][ 0] [    T1] initcall byt_gpio_init+0x0/0x19 returned 0 after 2 usecs
[    2.191644][ 0] [    T1] calling  chv_pinctrl_init+0x0/0x19 @ 1
[    2.195649][ 0] [    T1] initcall chv_pinctrl_init+0x0/0x19 returned 0 after 4 usecs
[    2.199644][ 0] [    T1] calling  gpiolib_debugfs_init+0x0/0x29 @ 1
[    2.203646][ 0] [    T1] initcall gpiolib_debugfs_init+0x0/0x29 returned 0 after 2 usecs
[    2.207644][ 0] [    T1] calling  lp_gpio_init+0x0/0x19 @ 1
[    2.211648][ 0] [    T1] initcall lp_gpio_init+0x0/0x19 returned 0 after 3 usecs
[    2.215644][ 0] [    T1] calling  palmas_gpio_init+0x0/0x19 @ 1
[    2.219647][ 0] [    T1] initcall palmas_gpio_init+0x0/0x19 returned 0 after 3 usecs
[    2.223644][ 0] [    T1] calling  rc5t583_gpio_init+0x0/0x19 @ 1
[    2.227648][ 0] [    T1] initcall rc5t583_gpio_init+0x0/0x19 returned 0 after 3 usecs
[    2.231644][ 0] [    T1] calling  tps6586x_gpio_init+0x0/0x19 @ 1
[    2.235647][ 0] [    T1] initcall tps6586x_gpio_init+0x0/0x19 returned 0 after 3 usecs
[    2.239644][ 0] [    T1] calling  tps65910_gpio_init+0x0/0x19 @ 1
[    2.243647][ 0] [    T1] initcall tps65910_gpio_init+0x0/0x19 returned 0 after 2 usecs
[    2.247644][ 0] [    T1] calling  xgpio_init+0x0/0x19 @ 1
[    2.251647][ 0] [    T1] initcall xgpio_init+0x0/0x19 returned 0 after 2 usecs
[    2.255644][ 0] [    T1] calling  pwm_debugfs_init+0x0/0x29 @ 1
[    2.259651][ 0] [    T1] initcall pwm_debugfs_init+0x0/0x29 returned 0 after 6 usecs
[    2.263644][ 0] [    T1] calling  pwm_sysfs_init+0x0/0x1e @ 1
[    2.267646][ 0] [    T1] initcall pwm_sysfs_init+0x0/0x1e returned 0 after 2 usecs
[    2.271645][ 0] [    T1] calling  pci_slot_init+0x0/0x40 @ 1
[    2.275645][ 0] [    T1] initcall pci_slot_init+0x0/0x40 returned 0 after 1 usecs
[    2.279645][ 0] [    T1] calling  fbmem_init+0x0/0xe7 @ 1
[    2.283659][ 0] [    T1] initcall fbmem_init+0x0/0xe7 returned 0 after 15 usecs
[    2.287644][ 0] [    T1] calling  scan_for_dmi_ipmi+0x0/0x262 @ 1
[    2.291645][ 0] [    T1] initcall scan_for_dmi_ipmi+0x0/0x262 returned 0 after 1 usecs
[    2.295643][ 0] [    T1] calling  acpi_init+0x0/0x322 @ 1
[    2.299695][ 0] [    T1] ACPI: Added _OSI(Module Device)
[    2.303645][ 0] [    T1] ACPI: Added _OSI(Processor Device)
[    2.307643][ 0] [    T1] ACPI: Added _OSI(3.0 _SCP Extensions)
[    2.311643][ 0] [    T1] ACPI: Added _OSI(Processor Aggregator Device)
[    2.315644][ 0] [    T1] ACPI: Added _OSI(Linux-Dell-Video)
[    2.319643][ 0] [    T1] ACPI: Added _OSI(Linux-Lenovo-NV-HDMI-Audio)
[    2.323644][ 0] [    T1] ACPI: Added _OSI(Linux-HPI-Hybrid-Graphics)
[    2.356344][ 0] [    T1] ACPI: 5 ACPI AML tables successfully acquired and loaded
[    2.367080][ 0] [    T1] ACPI: Interpreter enabled
[    2.367661][ 0] [    T1] ACPI: (supports S0 S3 S4 S5)
[    2.371643][ 0] [    T1] ACPI: Using IOAPIC for interrupt routing
[    2.375768][ 0] [    T1] PCI: Using host bridge windows from ACPI; if necessary, use "pci=nocrs" and report a bug
[    2.385050][ 0] [    T1] ACPI: Power Resource [P0SA] (off)
[    2.387675][ 0] [    T1] ACPI: Power Resource [P3SA] (off)
[    2.394785][ 0] [    T1] ACPI: Power Resource [P0SA] (off)
[    2.395676][ 0] [    T1] ACPI: Power Resource [P3SA] (off)
[    2.403865][ 0] [    T1] ACPI: Power Resource [P0SA] (off)
[    2.407673][ 0] [    T1] ACPI: Power Resource [P3SA] (off)
[    2.416519][ 0] [    T1] ACPI: Power Resource [P0SA] (off)
[    2.419675][ 0] [    T1] ACPI: Power Resource [P3SA] (off)
[    2.429162][ 0] [    T1] ACPI: Power Resource [P0SA] (off)
[    2.431677][ 0] [    T1] ACPI: Power Resource [P3SA] (off)
[    2.437279][ 0] [    T1] ACPI: Power Resource [P0SA] (off)
[    2.439675][ 0] [    T1] ACPI: Power Resource [P3SA] (off)
[    2.445270][ 0] [    T1] ACPI: Power Resource [P0SA] (off)
[    2.447673][ 0] [    T1] ACPI: Power Resource [P3SA] (off)
[    2.453276][ 0] [    T1] ACPI: Power Resource [P0SA] (off)
[    2.455676][ 0] [    T1] ACPI: Power Resource [P3SA] (off)
[    2.464622][ 0] [    T1] ACPI: PCI Interrupt Link [LNKA] (IRQs 4 5 7 10 11 14 15) *0
[    2.467721][ 0] [    T1] ACPI: PCI Interrupt Link [LNKB] (IRQs 4 5 7 10 11 14 15) *0
[    2.471710][ 0] [    T1] ACPI: PCI Interrupt Link [LNKC] (IRQs 4 5 7 10 11 14 15) *0
[    2.475725][ 0] [    T1] ACPI: PCI Interrupt Link [LNKD] (IRQs 4 5 7 10 11 14 15) *0
[    2.479718][ 0] [    T1] ACPI: PCI Interrupt Link [LNKE] (IRQs 4 5 7 10 11 14 15) *0
[    2.487700][ 0] [    T1] ACPI: PCI Interrupt Link [LNKF] (IRQs 4 5 7 10 11 14 15) *0
[    2.491704][ 0] [    T1] ACPI: PCI Interrupt Link [LNKG] (IRQs 4 5 7 10 11 14 15) *0
[    2.495704][ 0] [    T1] ACPI: PCI Interrupt Link [LNKH] (IRQs 4 5 7 10 11 14 15) *0
[    2.499881][ 0] [    T1] ACPI: PCI Root Bridge [PCI0] (domain 0000 [bus 00-7f])
[    2.503648][ 0] [    T1] acpi PNP0A08:00: _OSC: OS supports [ExtendedConfig ASPM ClockPM Segments MSI HPX-Type3]
[    2.507889][ 0] [    T1] acpi PNP0A08:00: _OSC: platform does not support [SHPCHotplug LTR]
[    2.511879][ 0] [    T1] acpi PNP0A08:00: _OSC: OS now controls [PCIeHotplug PME AER PCIeCapability]
[    2.515644][ 0] [    T1] acpi PNP0A08:00: FADT indicates ASPM is unsupported, using BIOS configuration
[    2.520004][ 0] [    T1] PCI host bridge to bus 0000:00
[    2.523645][ 0] [    T1] pci_bus 0000:00: root bus resource [io  0x0000-0x0277 window]
[    2.527644][ 0] [    T1] pci_bus 0000:00: root bus resource [io  0x0280-0x02e7 window]
[    2.531644][ 0] [    T1] pci_bus 0000:00: root bus resource [io  0x02f0-0x02f7 window]
[    2.535643][ 0] [    T1] pci_bus 0000:00: root bus resource [io  0x0300-0x0377 window]
[    2.539643][ 0] [    T1] pci_bus 0000:00: root bus resource [io  0x0380-0x03af window]
[    2.543643][ 0] [    T1] pci_bus 0000:00: root bus resource [io  0x0400-0x0cf7 window]
[    2.547644][ 0] [    T1] pci_bus 0000:00: root bus resource [io  0x03c0-0x03df window]
[    2.551643][ 0] [    T1] pci_bus 0000:00: root bus resource [io  0x03b0-0x03bb window]
[    2.555643][ 0] [    T1] pci_bus 0000:00: root bus resource [io  0x0d00-0x1fff window]
[    2.559644][ 0] [    T1] pci_bus 0000:00: root bus resource [mem 0x000a0000-0x000bffff window]
[    2.563643][ 0] [    T1] pci_bus 0000:00: root bus resource [mem 0x000c0000-0x000dffff window]
[    2.567643][ 0] [    T1] pci_bus 0000:00: root bus resource [mem 0xed000000-0xefffffff window]
[    2.571643][ 0] [    T1] pci_bus 0000:00: root bus resource [mem 0x480000000-0x3ffffffffff window]
[    2.575644][ 0] [    T1] pci_bus 0000:00: root bus resource [bus 00-7f]
[    2.579652][ 0] [    T1] pci 0000:00:00.0: [1d94:1450] type 00 class 0x060000
[    2.583648][ 0] [    T1] pci 0000:00:00.0: calling  quirk_mmio_always_on+0x0/0x20 @ 1
[    2.587645][ 0] [    T1] pci 0000:00:00.0: quirk_mmio_always_on+0x0/0x20 took 0 usecs
[    2.591724][ 0] [    T1] pci 0000:00:00.2: [1d94:1451] type 00 class 0x080600
[    2.595743][ 0] [    T1] pci 0000:00:01.0: [1d94:1452] type 00 class 0x060000
[    2.599646][ 0] [    T1] pci 0000:00:01.0: calling  quirk_mmio_always_on+0x0/0x20 @ 1
[    2.603644][ 0] [    T1] pci 0000:00:01.0: quirk_mmio_always_on+0x0/0x20 took 0 usecs
[    2.607714][ 0] [    T1] pci 0000:00:01.1: [1d94:1453] type 01 class 0x060400
[    2.611765][ 0] [    T1] pci 0000:00:01.1: PME# supported from D0 D3hot D3cold
[    2.615760][ 0] [    T1] pci 0000:00:01.5: [1d94:1453] type 01 class 0x060400
[    2.620125][ 0] [    T1] pci 0000:00:01.5: PME# supported from D0 D3hot D3cold
[    2.623758][ 0] [    T1] pci 0000:00:01.7: [1d94:1453] type 01 class 0x060400
[    2.628218][ 0] [    T1] pci 0000:00:01.7: PME# supported from D0 D3hot D3cold
[    2.631749][ 0] [    T1] pci 0000:00:02.0: [1d94:1452] type 00 class 0x060000
[    2.635646][ 0] [    T1] pci 0000:00:02.0: calling  quirk_mmio_always_on+0x0/0x20 @ 1
[    2.639644][ 0] [    T1] pci 0000:00:02.0: quirk_mmio_always_on+0x0/0x20 took 0 usecs
[    2.643727][ 0] [    T1] pci 0000:00:03.0: [1d94:1452] type 00 class 0x060000
[    2.647648][ 0] [    T1] pci 0000:00:03.0: calling  quirk_mmio_always_on+0x0/0x20 @ 1
[    2.651644][ 0] [    T1] pci 0000:00:03.0: quirk_mmio_always_on+0x0/0x20 took 0 usecs
[    2.655721][ 0] [    T1] pci 0000:00:03.1: [1d94:1453] type 01 class 0x060400
[    2.659764][ 0] [    T1] pci 0000:00:03.1: PME# supported from D0 D3hot D3cold
[    2.664125][ 0] [    T1] pci 0000:00:04.0: [1d94:1452] type 00 class 0x060000
[    2.667646][ 0] [    T1] pci 0000:00:04.0: calling  quirk_mmio_always_on+0x0/0x20 @ 1
[    2.671644][ 0] [    T1] pci 0000:00:04.0: quirk_mmio_always_on+0x0/0x20 took 0 usecs
[    2.675732][ 0] [    T1] pci 0000:00:07.0: [1d94:1452] type 00 class 0x060000
[    2.679645][ 0] [    T1] pci 0000:00:07.0: calling  quirk_mmio_always_on+0x0/0x20 @ 1
[    2.683644][ 0] [    T1] pci 0000:00:07.0: quirk_mmio_always_on+0x0/0x20 took 0 usecs
[    2.687713][ 0] [    T1] pci 0000:00:07.1: [1d94:1454] type 01 class 0x060400
[    2.691681][ 0] [    T1] pci 0000:00:07.1: enabling Extended Tags
[    2.695726][ 0] [    T1] pci 0000:00:07.1: PME# supported from D0 D3hot D3cold
[    2.699770][ 0] [    T1] pci 0000:00:08.0: [1d94:1452] type 00 class 0x060000
[    2.703646][ 0] [    T1] pci 0000:00:08.0: calling  quirk_mmio_always_on+0x0/0x20 @ 1
[    2.707644][ 0] [    T1] pci 0000:00:08.0: quirk_mmio_always_on+0x0/0x20 took 0 usecs
[    2.711714][ 0] [    T1] pci 0000:00:08.1: [1d94:1454] type 01 class 0x060400
[    2.716096][ 0] [    T1] pci 0000:00:08.1: enabling Extended Tags
[    2.719707][ 0] [    T1] pci 0000:00:08.1: PME# supported from D0 D3hot D3cold
[    2.723796][ 0] [    T1] pci 0000:00:14.0: [1d94:790b] type 00 class 0x0c0500
[    2.727838][ 0] [    T1] pci 0000:00:14.3: [1d94:790e] type 00 class 0x060100
[    2.731878][ 0] [    T1] pci 0000:00:18.0: [1d94:1460] type 00 class 0x060000
[    2.735645][ 0] [    T1] pci 0000:00:18.0: calling  quirk_mmio_always_on+0x0/0x20 @ 1
[    2.739645][ 0] [    T1] pci 0000:00:18.0: quirk_mmio_always_on+0x0/0x20 took 0 usecs
[    2.743702][ 0] [    T1] pci 0000:00:18.1: [1d94:1461] type 00 class 0x060000
[    2.747645][ 0] [    T1] pci 0000:00:18.1: calling  quirk_mmio_always_on+0x0/0x20 @ 1
[    2.751644][ 0] [    T1] pci 0000:00:18.1: quirk_mmio_always_on+0x0/0x20 took 0 usecs
[    2.755703][ 0] [    T1] pci 0000:00:18.2: [1d94:1462] type 00 class 0x060000
[    2.759645][ 0] [    T1] pci 0000:00:18.2: calling  quirk_mmio_always_on+0x0/0x20 @ 1
[    2.763644][ 0] [    T1] pci 0000:00:18.2: quirk_mmio_always_on+0x0/0x20 took 0 usecs
[    2.767704][ 0] [    T1] pci 0000:00:18.3: [1d94:1463] type 00 class 0x060000
[    2.771645][ 0] [    T1] pci 0000:00:18.3: calling  quirk_mmio_always_on+0x0/0x20 @ 1
[    2.775644][ 0] [    T1] pci 0000:00:18.3: quirk_mmio_always_on+0x0/0x20 took 0 usecs
[    2.779702][ 0] [    T1] pci 0000:00:18.4: [1d94:1464] type 00 class 0x060000
[    2.783645][ 0] [    T1] pci 0000:00:18.4: calling  quirk_mmio_always_on+0x0/0x20 @ 1
[    2.787644][ 0] [    T1] pci 0000:00:18.4: quirk_mmio_always_on+0x0/0x20 took 0 usecs
[    2.791702][ 0] [    T1] pci 0000:00:18.5: [1d94:1465] type 00 class 0x060000
[    2.795645][ 0] [    T1] pci 0000:00:18.5: calling  quirk_mmio_always_on+0x0/0x20 @ 1
[    2.799644][ 0] [    T1] pci 0000:00:18.5: quirk_mmio_always_on+0x0/0x20 took 0 usecs
[    2.803701][ 0] [    T1] pci 0000:00:18.6: [1d94:1466] type 00 class 0x060000
[    2.807647][ 0] [    T1] pci 0000:00:18.6: calling  quirk_mmio_always_on+0x0/0x20 @ 1
[    2.811644][ 0] [    T1] pci 0000:00:18.6: quirk_mmio_always_on+0x0/0x20 took 0 usecs
[    2.815713][ 0] [    T1] pci 0000:00:18.7: [1d94:1467] type 00 class 0x060000
[    2.819645][ 0] [    T1] pci 0000:00:18.7: calling  quirk_mmio_always_on+0x0/0x20 @ 1
[    2.823644][ 0] [    T1] pci 0000:00:18.7: quirk_mmio_always_on+0x0/0x20 took 0 usecs
[    2.827811][ 0] [    T1] pci 0000:01:00.0: [10ec:8168] type 00 class 0x020000
[    2.831665][ 0] [    T1] pci 0000:01:00.0: reg 0x10: [io  0x1000-0x10ff]
[    2.835660][ 0] [    T1] pci 0000:01:00.0: reg 0x18: [mem 0xedb04000-0xedb04fff 64bit]
[    2.839654][ 0] [    T1] pci 0000:01:00.0: reg 0x20: [mem 0xedb00000-0xedb03fff 64bit]
[    2.843719][ 0] [    T1] pci 0000:01:00.0: supports D1 D2
[    2.847643][ 0] [    T1] pci 0000:01:00.0: PME# supported from D0 D1 D2 D3hot D3cold
[    2.851782][ 0] [    T1] pci 0000:00:01.1: PCI bridge to [bus 01]
[    2.855646][ 0] [    T1] pci 0000:00:01.1:   bridge window [io  0x1000-0x1fff]
[    2.859644][ 0] [    T1] pci 0000:00:01.1:   bridge window [mem 0xedb00000-0xedbfffff]
[    2.863748][ 0] [    T1] pci 0000:02:00.0: [1912:0014] type 00 class 0x0c0330
[    2.867670][ 0] [    T1] pci 0000:02:00.0: reg 0x10: [mem 0xeda00000-0xeda01fff 64bit]
[    2.871743][ 0] [    T1] pci 0000:02:00.0: PME# supported from D0 D3hot D3cold
[    2.875749][ 0] [    T1] pci 0000:00:01.5: PCI bridge to [bus 02]
[    2.879646][ 0] [    T1] pci 0000:00:01.5:   bridge window [mem 0xeda00000-0xedafffff]
[    2.883740][ 0] [    T1] pci 0000:03:00.0: [1eab:300b] type 00 class 0x010802
[    2.887665][ 0] [    T1] pci 0000:03:00.0: reg 0x10: [mem 0xed900000-0xed903fff 64bit]
[    2.891805][ 0] [    T1] pci 0000:00:01.7: PCI bridge to [bus 03]
[    2.895646][ 0] [    T1] pci 0000:00:01.7:   bridge window [mem 0xed900000-0xed9fffff]
[    2.899732][ 0] [    T1] pci 0000:04:00.0: [6766:3d02] type 00 class 0x030000
[    2.903655][ 0] [    T1] pci 0000:04:00.0: reg 0x10: [mem 0xed000000-0xed1fffff]
[    2.907651][ 0] [    T1] pci 0000:04:00.0: reg 0x14: [mem 0x3ffe0000000-0x3ffffffffff 64bit pref]
[    2.911662][ 0] [    T1] pci 0000:04:00.0: reg 0x30: [mem 0xed200000-0xed2fffff pref]
[    2.915655][ 0] [    T1] pci 0000:04:00.0: calling  efifb_fixup_resources+0x0/0xf0 @ 1
[    2.919645][ 0] [    T1] pci 0000:04:00.0: BAR 1: assigned to efifb
[    2.923644][ 0] [    T1] pci 0000:04:00.0: efifb_fixup_resources+0x0/0xf0 took 3906 usecs
[    2.927665][ 0] [    T1] pci 0000:04:00.0: supports D1 D2
[    2.931688][ 0] [    T1] pci 0000:04:00.1: [6766:3d41] type 00 class 0x040300
[    2.935654][ 0] [    T1] pci 0000:04:00.1: reg 0x10: [mem 0xed300000-0xed303fff]
[    2.939695][ 0] [    T1] pci 0000:04:00.1: supports D1 D2
[    2.943689][ 0] [    T1] pci 0000:00:03.1: PCI bridge to [bus 04]
[    2.947646][ 0] [    T1] pci 0000:00:03.1:   bridge window [mem 0xed000000-0xed3fffff]
[    2.951645][ 0] [    T1] pci 0000:00:03.1:   bridge window [mem 0x3ffe0000000-0x3ffffffffff 64bit pref]
[    2.955774][ 0] [    T1] pci 0000:05:00.0: [1d94:145a] type 00 class 0x130000
[    2.959669][ 0] [    T1] pci 0000:05:00.0: enabling Extended Tags
[    2.963724][ 0] [    T1] pci 0000:05:00.2: [1d94:1456] type 00 class 0x108000
[    2.967657][ 0] [    T1] pci 0000:05:00.2: reg 0x18: [mem 0xed700000-0xed7fffff]
[    2.971651][ 0] [    T1] pci 0000:05:00.2: reg 0x24: [mem 0xed800000-0xed801fff]
[    2.975649][ 0] [    T1] pci 0000:05:00.2: enabling Extended Tags
[    2.979737][ 0] [    T1] pci 0000:05:00.3: [1d94:145f] type 00 class 0x0c0330
[    2.983656][ 0] [    T1] pci 0000:05:00.3: reg 0x10: [mem 0xed600000-0xed6fffff 64bit]
[    2.987663][ 0] [    T1] pci 0000:05:00.3: enabling Extended Tags
[    2.991674][ 0] [    T1] pci 0000:05:00.3: PME# supported from D0 D3hot D3cold
[    2.995726][ 0] [    T1] pci 0000:00:07.1: PCI bridge to [bus 05]
[    2.999646][ 0] [    T1] pci 0000:00:07.1:   bridge window [mem 0xed600000-0xed8fffff]
[    3.003758][ 0] [    T1] pci 0000:06:00.0: [1d94:1455] type 00 class 0x130000
[    3.007671][ 0] [    T1] pci 0000:06:00.0: enabling Extended Tags
[    3.011730][ 0] [    T1] pci 0000:06:00.1: [1d94:1468] type 00 class 0x108000
[    3.015658][ 0] [    T1] pci 0000:06:00.1: reg 0x18: [mem 0xed400000-0xed4fffff]
[    3.019651][ 0] [    T1] pci 0000:06:00.1: reg 0x24: [mem 0xed500000-0xed501fff]
[    3.023649][ 0] [    T1] pci 0000:06:00.1: enabling Extended Tags
[    3.027744][ 0] [    T1] pci 0000:06:00.2: [1d94:7901] type 00 class 0x010601
[    3.031672][ 0] [    T1] pci 0000:06:00.2: reg 0x24: [mem 0xed502000-0xed502fff]
[    3.035650][ 0] [    T1] pci 0000:06:00.2: enabling Extended Tags
[    3.039675][ 0] [    T1] pci 0000:06:00.2: PME# supported from D3hot D3cold
[    3.043736][ 0] [    T1] pci 0000:00:08.1: PCI bridge to [bus 06]
[    3.047647][ 0] [    T1] pci 0000:00:08.1:   bridge window [mem 0xed400000-0xed5fffff]
[    3.052276][ 0] [    T1] pci_bus 0000:00: on NUMA node 0
[    3.056066][ 0] [    T1] ACPI: IRQ 4 override to edge, high
[    3.059760][ 0] [    T1] ACPI: IRQ 3 override to edge, high
[    3.064492][ 0] [    T1] initcall acpi_init+0x0/0x322 returned 0 after 746920 usecs
[    3.067645][ 0] [    T1] calling  adxl_init+0x0/0x196 @ 1
[    3.071648][ 0] [    T1] initcall adxl_init+0x0/0x196 returned -19 after 3 usecs
[    3.075644][ 0] [    T1] calling  hmat_init+0x0/0x26f @ 1
[    3.079644][ 0] [    T1] initcall hmat_init+0x0/0x26f returned 0 after 0 usecs
[    3.083644][ 0] [    T1] calling  pnp_init+0x0/0x17 @ 1
[    3.087649][ 0] [    T1] initcall pnp_init+0x0/0x17 returned 0 after 5 usecs
[    3.091644][ 0] [    T1] calling  balloon_init+0x0/0x1af @ 1
[    3.095644][ 0] [    T1] initcall balloon_init+0x0/0x1af returned -19 after 0 usecs
[    3.099646][ 0] [    T1] calling  xen_setup_shutdown_event+0x0/0x40 @ 1
[    3.103644][ 0] [    T1] initcall xen_setup_shutdown_event+0x0/0x40 returned -19 after 0 usecs
[    3.107645][ 0] [    T1] calling  xenbus_probe_backend_init+0x0/0x57 @ 1
[    3.111649][ 0] [    T1] initcall xenbus_probe_backend_init+0x0/0x57 returned 0 after 4 usecs
[    3.115644][ 0] [    T1] calling  xenbus_probe_frontend_init+0x0/0x57 @ 1
[    3.119650][ 0] [    T1] initcall xenbus_probe_frontend_init+0x0/0x57 returned 0 after 5 usecs
[    3.123644][ 0] [    T1] calling  xen_acpi_pad_init+0x0/0x49 @ 1
[    3.127644][ 0] [    T1] initcall xen_acpi_pad_init+0x0/0x49 returned -19 after 0 usecs
[    3.131643][ 0] [    T1] calling  misc_init+0x0/0xca @ 1
[    3.135648][ 0] [    T1] initcall misc_init+0x0/0xca returned 0 after 4 usecs
[    3.139643][ 0] [    T1] calling  tpm_init+0x0/0xf6 @ 1
[    3.147665][ 0] [    T1] initcall tpm_init+0x0/0xf6 returned 0 after 3928 usecs
[    3.151644][ 0] [    T1] calling  iommu_subsys_init+0x0/0x54 @ 1
[    3.155643][ 0] [    T1] iommu: Default domain type: Translated 
[    3.159644][ 0] [    T1] initcall iommu_subsys_init+0x0/0x54 returned 0 after 3905 usecs
[    3.163645][ 0] [    T1] calling  cn_init+0x0/0xe0 @ 1
[    3.167649][ 0] [    T1] initcall cn_init+0x0/0xe0 returned 0 after 5 usecs
[    3.171644][ 0] [    T1] calling  pm860x_i2c_init+0x0/0x35 @ 1
[    3.175649][ 0] [    T1] initcall pm860x_i2c_init+0x0/0x35 returned 0 after 5 usecs
[    3.179644][ 0] [    T1] calling  wm8400_driver_init+0x0/0x35 @ 1
[    3.183647][ 0] [    T1] initcall wm8400_driver_init+0x0/0x35 returned 0 after 3 usecs
[    3.187644][ 0] [    T1] calling  wm831x_i2c_init+0x0/0x35 @ 1
[    3.191646][ 0] [    T1] initcall wm831x_i2c_init+0x0/0x35 returned 0 after 2 usecs
[    3.195644][ 0] [    T1] calling  wm831x_spi_init+0x0/0x2d @ 1
[    3.199647][ 0] [    T1] initcall wm831x_spi_init+0x0/0x2d returned 0 after 3 usecs
[    3.203644][ 0] [    T1] calling  wm8350_i2c_init+0x0/0x19 @ 1
[    3.207647][ 0] [    T1] initcall wm8350_i2c_init+0x0/0x19 returned 0 after 3 usecs
[    3.211644][ 0] [    T1] calling  tps65910_i2c_init+0x0/0x19 @ 1
[    3.215646][ 0] [    T1] initcall tps65910_i2c_init+0x0/0x19 returned 0 after 2 usecs
[    3.219644][ 0] [    T1] calling  tps80031_init+0x0/0x19 @ 1
[    3.223646][ 0] [    T1] initcall tps80031_init+0x0/0x19 returned 0 after 2 usecs
[    3.227644][ 0] [    T1] calling  ezx_pcap_init+0x0/0x19 @ 1
[    3.231647][ 0] [    T1] initcall ezx_pcap_init+0x0/0x19 returned 0 after 2 usecs
[    3.235644][ 0] [    T1] calling  da903x_init+0x0/0x19 @ 1
[    3.239648][ 0] [    T1] initcall da903x_init+0x0/0x19 returned 0 after 4 usecs
[    3.243644][ 0] [    T1] calling  da9052_spi_init+0x0/0x35 @ 1
[    3.247647][ 0] [    T1] initcall da9052_spi_init+0x0/0x35 returned 0 after 3 usecs
[    3.251644][ 0] [    T1] calling  da9052_i2c_init+0x0/0x35 @ 1
[    3.255646][ 0] [    T1] initcall da9052_i2c_init+0x0/0x35 returned 0 after 2 usecs
[    3.259644][ 0] [    T1] calling  lp8788_init+0x0/0x19 @ 1
[    3.263647][ 0] [    T1] initcall lp8788_init+0x0/0x19 returned 0 after 2 usecs
[    3.267644][ 0] [    T1] calling  da9055_i2c_init+0x0/0x35 @ 1
[    3.271647][ 0] [    T1] initcall da9055_i2c_init+0x0/0x35 returned 0 after 3 usecs
[    3.275644][ 0] [    T1] calling  max77843_i2c_init+0x0/0x19 @ 1
[    3.279647][ 0] [    T1] initcall max77843_i2c_init+0x0/0x19 returned 0 after 2 usecs
[    3.283644][ 0] [    T1] calling  max8925_i2c_init+0x0/0x35 @ 1
[    3.287647][ 0] [    T1] initcall max8925_i2c_init+0x0/0x35 returned 0 after 3 usecs
[    3.291644][ 0] [    T1] calling  max8997_i2c_init+0x0/0x19 @ 1
[    3.295646][ 0] [    T1] initcall max8997_i2c_init+0x0/0x19 returned 0 after 2 usecs
[    3.299644][ 0] [    T1] calling  max8998_i2c_init+0x0/0x19 @ 1
[    3.303646][ 0] [    T1] initcall max8998_i2c_init+0x0/0x19 returned 0 after 2 usecs
[    3.307644][ 0] [    T1] calling  ab3100_i2c_init+0x0/0x19 @ 1
[    3.311646][ 0] [    T1] initcall ab3100_i2c_init+0x0/0x19 returned 0 after 2 usecs
[    3.315644][ 0] [    T1] calling  tps6586x_init+0x0/0x19 @ 1
[    3.319648][ 0] [    T1] initcall tps6586x_init+0x0/0x19 returned 0 after 4 usecs
[    3.323644][ 0] [    T1] calling  tps65090_init+0x0/0x19 @ 1
[    3.327646][ 0] [    T1] initcall tps65090_init+0x0/0x19 returned 0 after 2 usecs
[    3.331644][ 0] [    T1] calling  aat2870_init+0x0/0x19 @ 1
[    3.335646][ 0] [    T1] initcall aat2870_init+0x0/0x19 returned 0 after 2 usecs
[    3.339644][ 0] [    T1] calling  palmas_i2c_init+0x0/0x19 @ 1
[    3.343646][ 0] [    T1] initcall palmas_i2c_init+0x0/0x19 returned 0 after 2 usecs
[    3.347644][ 0] [    T1] calling  rc5t583_i2c_init+0x0/0x19 @ 1
[    3.351646][ 0] [    T1] initcall rc5t583_i2c_init+0x0/0x19 returned 0 after 2 usecs
[    3.355644][ 0] [    T1] calling  sec_pmic_init+0x0/0x19 @ 1
[    3.359646][ 0] [    T1] initcall sec_pmic_init+0x0/0x19 returned 0 after 2 usecs
[    3.363644][ 0] [    T1] calling  as3711_i2c_init+0x0/0x19 @ 1
[    3.367647][ 0] [    T1] initcall as3711_i2c_init+0x0/0x19 returned 0 after 2 usecs
[    3.371644][ 0] [    T1] calling  libnvdimm_init+0x0/0x49 @ 1
[    3.375671][ 0] [    T1] initcall libnvdimm_init+0x0/0x49 returned 0 after 26 usecs
[    3.379644][ 0] [    T1] calling  dax_core_init+0x0/0xc9 @ 1
[    3.383676][ 0] [    T1] initcall dax_core_init+0x0/0xc9 returned 0 after 31 usecs
[    3.387644][ 0] [    T1] calling  dma_buf_init+0x0/0xcf @ 1
[    3.391653][ 0] [    T1] initcall dma_buf_init+0x0/0xcf returned 0 after 9 usecs
[    3.395644][ 0] [    T1] calling  ata_init+0x0/0x60 @ 1
[    3.403653][ 0] [    T1] libata version 3.00 loaded.
[    3.407644][ 0] [    T1] initcall ata_init+0x0/0x60 returned 0 after 7813 usecs
[    3.411645][ 0] [    T1] calling  init_scsi+0x0/0x99 @ 1
[    3.415685][ 0] [    T1] SCSI subsystem initialized
[    3.419644][ 0] [    T1] initcall init_scsi+0x0/0x99 returned 0 after 3906 usecs
[    3.423644][ 0] [    T1] calling  vga_arb_device_init+0x0/0x26c @ 1
[    3.427667][ 0] [    T1] pci 0000:04:00.0: vgaarb: VGA device added: decodes=io+mem,owns=none,locks=none
[    3.431644][ 0] [    T1] pci 0000:04:00.0: vgaarb: bridge control possible
[    3.435643][ 0] [    T1] pci 0000:04:00.0: vgaarb: setting as boot device
[    3.439643][ 0] [    T1] vgaarb: loaded
[    3.443644][ 0] [    T1] initcall vga_arb_device_init+0x0/0x26c returned 0 after 15625 usecs
[    3.447644][ 0] [    T1] calling  phy_init+0x0/0x2bc @ 1
[    3.451658][ 0] [    T1] initcall phy_init+0x0/0x2bc returned 0 after 13 usecs
[    3.455644][ 0] [    T1] calling  usb_common_init+0x0/0x27 @ 1
[    3.459648][ 0] [    T1] initcall usb_common_init+0x0/0x27 returned 0 after 4 usecs
[    3.463644][ 0] [    T1] calling  usb_init+0x0/0x13d @ 1
[    3.467647][ 0] [    T1] ACPI: bus type USB registered
[    3.471655][ 0] [    T1] usbcore: registered new interface driver usbfs
[    3.475650][ 0] [    T1] usbcore: registered new interface driver hub
[    3.479682][ 0] [    T1] usbcore: registered new device driver usb
[    3.483644][ 0] [    T1] initcall usb_init+0x0/0x13d returned 0 after 15625 usecs
[    3.487644][ 0] [    T1] calling  xdbc_init+0x0/0x158 @ 1
[    3.491644][ 0] [    T1] initcall xdbc_init+0x0/0x158 returned 0 after 0 usecs
[    3.495643][ 0] [    T1] calling  serio_init+0x0/0x33 @ 1
[    3.499648][ 0] [    T1] initcall serio_init+0x0/0x33 returned 0 after 4 usecs
[    3.503643][ 0] [    T1] calling  input_init+0x0/0x109 @ 1
[    3.507648][ 0] [    T1] initcall input_init+0x0/0x109 returned 0 after 3 usecs
[    3.511643][ 0] [    T1] calling  rtc_init+0x0/0x52 @ 1
[    3.515646][ 0] [    T1] initcall rtc_init+0x0/0x52 returned 0 after 2 usecs
[    3.519644][ 0] [    T1] calling  dw_i2c_init_driver+0x0/0x19 @ 1
[    3.523649][ 0] [    T1] initcall dw_i2c_init_driver+0x0/0x19 returned 0 after 5 usecs
[    3.527643][ 0] [    T1] calling  media_devnode_init+0x0/0x82 @ 1
[    3.531644][ 0] [    T1] mc: Linux media interface: v0.10
[    3.535648][ 0] [    T1] initcall media_devnode_init+0x0/0x82 returned 0 after 3909 usecs
[    3.539644][ 0] [    T1] calling  videodev_init+0x0/0x89 @ 1
[    3.543643][ 0] [    T1] videodev: Linux video capture interface: v2.00
[    3.547645][ 0] [    T1] initcall videodev_init+0x0/0x89 returned 0 after 3908 usecs
[    3.551643][ 0] [    T1] calling  init_dvbdev+0x0/0xd9 @ 1
[    3.555646][ 0] [    T1] initcall init_dvbdev+0x0/0xd9 returned 0 after 2 usecs
[    3.559643][ 0] [    T1] calling  cec_devnode_init+0x0/0xaf @ 1
[    3.563652][ 0] [    T1] initcall cec_devnode_init+0x0/0xaf returned 0 after 7 usecs
[    3.567643][ 0] [    T1] calling  pps_init+0x0/0xb5 @ 1
[    3.571647][ 0] [    T1] pps_core: LinuxPPS API ver. 1 registered
[    3.575643][ 0] [    T1] pps_core: Software ver. 5.3.6 - Copyright 2005-2007 Rodolfo Giometti <giometti@linux.it>
[    3.579643][ 0] [    T1] initcall pps_init+0x0/0xb5 returned 0 after 7812 usecs
[    3.583643][ 0] [    T1] calling  ptp_init+0x0/0xa4 @ 1
[    3.587645][ 0] [    T1] PTP clock support registered
[    3.591643][ 0] [    T1] initcall ptp_init+0x0/0xa4 returned 0 after 3906 usecs
[    3.595644][ 0] [    T1] calling  power_supply_class_init+0x0/0x45 @ 1
[    3.599646][ 0] [    T1] initcall power_supply_class_init+0x0/0x45 returned 0 after 2 usecs
[    3.603644][ 0] [    T1] calling  hwmon_init+0x0/0xf6 @ 1
[    3.607647][ 0] [    T1] initcall hwmon_init+0x0/0xf6 returned 0 after 3 usecs
[    3.611643][ 0] [    T1] calling  md_init+0x0/0x165 @ 1
[    3.615671][ 0] [    T1] initcall md_init+0x0/0x165 returned 0 after 26 usecs
[    3.619644][ 0] [    T1] calling  edac_init+0x0/0x7b @ 1
[    3.623643][ 0] [    T1] EDAC MC: Ver: 3.0.0
[    3.627714][ 0] [    T1] initcall edac_init+0x0/0x7b returned 0 after 3976 usecs
[    3.631644][ 0] [    T1] calling  mmc_init+0x0/0x40 @ 1
[    3.635654][ 0] [    T1] initcall mmc_init+0x0/0x40 returned 0 after 9 usecs
[    3.639644][ 0] [    T1] calling  leds_init+0x0/0x41 @ 1
[    3.643645][ 0] [    T1] initcall leds_init+0x0/0x41 returned 0 after 1 usecs
[    3.647643][ 0] [    T1] calling  dmi_init+0x0/0x123 @ 1
[    3.651649][ 0] [    T1] initcall dmi_init+0x0/0x123 returned 0 after 5 usecs
[    3.655644][ 0] [    T1] calling  efisubsys_init+0x0/0x197 @ 1
[    3.659648][ 0] [    T1] Registered efivars operations
[    3.663665][ 0] [    T1] initcall efisubsys_init+0x0/0x197 returned 0 after 3926 usecs
[    3.667646][ 0] [    T1] calling  ion_device_create+0x0/0xc0 @ 1
[    3.671654][ 0] [    T1] initcall ion_device_create+0x0/0xc0 returned 0 after 10 usecs
[    3.675644][ 0] [    T1] calling  devfreq_init+0x0/0xaa @ 1
[    3.679668][ 0] [    T1] initcall devfreq_init+0x0/0xaa returned 0 after 25 usecs
[    3.683645][ 0] [    T1] calling  devfreq_event_init+0x0/0x54 @ 1
[    3.687646][ 0] [    T1] initcall devfreq_event_init+0x0/0x54 returned 0 after 2 usecs
[    3.691644][ 0] [    T1] calling  devfreq_simple_ondemand_init+0x0/0x17 @ 1
[    3.695644][ 0] [    T1] initcall devfreq_simple_ondemand_init+0x0/0x17 returned 0 after 0 usecs
[    3.699644][ 0] [    T1] calling  devfreq_performance_init+0x0/0x17 @ 1
[    3.703644][ 0] [    T1] initcall devfreq_performance_init+0x0/0x17 returned 0 after 0 usecs
[    3.707644][ 0] [    T1] calling  devfreq_powersave_init+0x0/0x17 @ 1
[    3.711644][ 0] [    T1] initcall devfreq_powersave_init+0x0/0x17 returned 0 after 0 usecs
[    3.715644][ 0] [    T1] calling  devfreq_userspace_init+0x0/0x17 @ 1
[    3.719644][ 0] [    T1] initcall devfreq_userspace_init+0x0/0x17 returned 0 after 0 usecs
[    3.723644][ 0] [    T1] calling  devfreq_passive_init+0x0/0x17 @ 1
[    3.727644][ 0] [    T1] initcall devfreq_passive_init+0x0/0x17 returned 0 after 0 usecs
[    3.731644][ 0] [    T1] calling  vme_init+0x0/0x17 @ 1
[    3.735650][ 0] [    T1] initcall vme_init+0x0/0x17 returned 0 after 5 usecs
[    3.739644][ 0] [    T1] calling  ras_init+0x0/0x15 @ 1
[    3.743649][ 0] [    T1] initcall ras_init+0x0/0x15 returned 0 after 4 usecs
[    3.747644][ 0] [    T1] calling  nvmem_init+0x0/0x17 @ 1
[    3.751647][ 0] [    T1] initcall nvmem_init+0x0/0x17 returned 0 after 3 usecs
[    3.755643][ 0] [    T1] calling  init_soundcore+0x0/0x98 @ 1
[    3.759646][ 0] [    T1] initcall init_soundcore+0x0/0x98 returned 0 after 2 usecs
[    3.763643][ 0] [    T1] calling  alsa_sound_init+0x0/0x9b @ 1
[    3.767651][ 0] [    T1] Advanced Linux Sound Architecture Driver Initialized.
[    3.771643][ 0] [    T1] initcall alsa_sound_init+0x0/0x9b returned 0 after 3906 usecs
[    3.775643][ 0] [    T1] calling  alsa_seq_device_init+0x0/0x79 @ 1
[    3.779648][ 0] [    T1] initcall alsa_seq_device_init+0x0/0x79 returned 0 after 4 usecs
[    3.783643][ 0] [    T1] calling  pci_subsys_init+0x0/0x68 @ 1
[    3.787644][ 0] [    T1] PCI: Using ACPI for IRQ routing
[    3.802939][ 0] [    T1] PCI: pci_cache_line_size set to 64 bytes
[    3.803692][ 0] [    T1] e820: reserve RAM buffer [mem 0x0009c000-0x0009ffff]
[    3.807644][ 0] [    T1] e820: reserve RAM buffer [mem 0x5657b018-0x57ffffff]
[    3.811644][ 0] [    T1] e820: reserve RAM buffer [mem 0x75502000-0x77ffffff]
[    3.815643][ 0] [    T1] e820: reserve RAM buffer [mem 0x76b33000-0x77ffffff]
[    3.819643][ 0] [    T1] e820: reserve RAM buffer [mem 0x7beff000-0x7bffffff]
[    3.823643][ 0] [    T1] e820: reserve RAM buffer [mem 0x47f380000-0x47fffffff]
[    3.827645][ 0] [    T1] initcall pci_subsys_init+0x0/0x68 returned 0 after 39062 usecs
[    3.831644][ 0] [    T1] calling  proto_init+0x0/0x17 @ 1
[    3.835645][ 0] [    T1] initcall proto_init+0x0/0x17 returned 0 after 1 usecs
[    3.839643][ 0] [    T1] calling  net_dev_init+0x0/0x230 @ 1
[    3.843714][ 0] [    T1] initcall net_dev_init+0x0/0x230 returned 0 after 67 usecs
[    3.847644][ 0] [    T1] calling  neigh_init+0x0/0x8a @ 1
[    3.851644][ 0] [    T1] initcall neigh_init+0x0/0x8a returned 0 after 0 usecs
[    3.855643][ 0] [    T1] calling  fib_notifier_init+0x0/0x17 @ 1
[    3.859645][ 0] [    T1] initcall fib_notifier_init+0x0/0x17 returned 0 after 1 usecs
[    3.863644][ 0] [    T1] calling  init_flow_indr_rhashtable+0x0/0x1e @ 1
[    3.867644][ 0] [    T1] initcall init_flow_indr_rhashtable+0x0/0x1e returned 0 after 0 usecs
[    3.871643][ 0] [    T1] calling  fib_rules_init+0x0/0xb7 @ 1
[    3.875646][ 0] [    T1] initcall fib_rules_init+0x0/0xb7 returned 0 after 1 usecs
[    3.879644][ 0] [    T1] calling  init_cgroup_netprio+0x0/0x19 @ 1
[    3.883644][ 0] [    T1] initcall init_cgroup_netprio+0x0/0x19 returned 0 after 0 usecs
[    3.887644][ 0] [    T1] calling  bpf_lwt_init+0x0/0x1c @ 1
[    3.891644][ 0] [    T1] initcall bpf_lwt_init+0x0/0x1c returned 0 after 0 usecs
[    3.895644][ 0] [    T1] calling  devlink_init+0x0/0x17 @ 1
[    3.899647][ 0] [    T1] initcall devlink_init+0x0/0x17 returned 0 after 3 usecs
[    3.903644][ 0] [    T1] calling  pktsched_init+0x0/0x118 @ 1
[    3.907647][ 0] [    T1] initcall pktsched_init+0x0/0x118 returned 0 after 2 usecs
[    3.911644][ 0] [    T1] calling  tc_filter_init+0x0/0x111 @ 1
[    3.915650][ 0] [    T1] initcall tc_filter_init+0x0/0x111 returned 0 after 5 usecs
[    3.919644][ 0] [    T1] calling  tc_action_init+0x0/0x5a @ 1
[    3.923644][ 0] [    T1] initcall tc_action_init+0x0/0x5a returned 0 after 0 usecs
[    3.927644][ 0] [    T1] calling  genl_init+0x0/0x3f @ 1
[    3.931647][ 0] [    T1] initcall genl_init+0x0/0x3f returned 0 after 3 usecs
[    3.935644][ 0] [    T1] calling  nexthop_init+0x0/0xde @ 1
[    3.939648][ 0] [    T1] initcall nexthop_init+0x0/0xde returned 0 after 4 usecs
[    3.943643][ 0] [    T1] calling  wireless_nlevent_init+0x0/0x44 @ 1
[    3.947645][ 0] [    T1] initcall wireless_nlevent_init+0x0/0x44 returned 0 after 1 usecs
[    3.951643][ 0] [    T1] calling  rfkill_init+0x0/0x11f @ 1
[    3.955656][ 0] [    T1] initcall rfkill_init+0x0/0x11f returned 0 after 13 usecs
[    3.959644][ 0] [    T1] calling  ncsi_init_netlink+0x0/0x17 @ 1
[    3.963647][ 0] [    T1] initcall ncsi_init_netlink+0x0/0x17 returned 0 after 3 usecs
[    3.967644][ 0] [    T1] calling  watchdog_init+0x0/0x8f @ 1
[    3.971667][ 0] [    T1] initcall watchdog_init+0x0/0x8f returned 0 after 23 usecs
[    3.975644][ 0] [    T1] calling  pci_eisa_init_early+0x0/0x10f @ 1
[    3.979647][ 0] [    T1] initcall pci_eisa_init_early+0x0/0x10f returned 0 after 3 usecs
[    3.983721][ 0] [    T1] calling  nmi_warning_debugfs+0x0/0x2c @ 1
[    3.987647][ 0] [    T1] initcall nmi_warning_debugfs+0x0/0x2c returned 0 after 3 usecs
[    3.991644][ 0] [    T1] calling  save_microcode_in_initrd+0x0/0x55 @ 1
[    3.995645][ 0] [    T1] initcall save_microcode_in_initrd+0x0/0x55 returned -22 after 1 usecs
[    3.999644][ 0] [    T1] calling  hpet_late_init+0x0/0x210 @ 1
[    4.003646][ 0] [    T1] hpet0: at MMIO 0xfed00000, IRQs 2, 8, 0
[    4.007643][ 0] [    T1] hpet0: 3 comparators, 32-bit 14.318180 MHz counter
[    4.013660][ 0] [    T1] initcall hpet_late_init+0x0/0x210 returned 0 after 9780 usecs
[    4.015644][ 0] [    T1] calling  init_amd_nbs+0x0/0x126 @ 1
[    4.019656][ 0] [    T1] initcall init_amd_nbs+0x0/0x126 returned 0 after 11 usecs
[    4.023644][ 0] [    T1] calling  uv_ptc_init+0x0/0x81 @ 1
[    4.027644][ 0] [    T1] initcall uv_ptc_init+0x0/0x81 returned 0 after 0 usecs
[    4.031643][ 0] [    T1] calling  sugov_register+0x0/0x17 @ 1
[    4.035644][ 0] [    T1] initcall sugov_register+0x0/0x17 returned 0 after 0 usecs
[    4.039644][ 0] [    T1] calling  clocksource_done_booting+0x0/0x47 @ 1
[    4.043675][ 0] [    T1] clocksource: Switched to clocksource tsc-early
[    4.050271][ 0] [    T1] initcall clocksource_done_booting+0x0/0x47 returned 0 after 6470 usecs
[    4.058971][ 0] [    T1] calling  tracer_init_tracefs+0x0/0x1c2 @ 1
[    4.080309][ 0] [    T1] initcall tracer_init_tracefs+0x0/0x1c2 returned 0 after 14705 usecs
[    4.088747][ 0] [    T1] calling  init_trace_printk_function_export+0x0/0x32 @ 1
[    4.096142][ 0] [    T1] initcall init_trace_printk_function_export+0x0/0x32 returned 0 after 1 usecs
[    4.105354][ 0] [    T1] calling  init_graph_tracefs+0x0/0x32 @ 1
[    4.111447][ 0] [    T1] initcall init_graph_tracefs+0x0/0x32 returned 0 after 1 usecs
[    4.119357][ 0] [    T1] calling  trace_events_hist_init+0x0/0x74 @ 1
[    4.125805][ 0] [    T1] initcall trace_events_hist_init+0x0/0x74 returned 0 after 6 usecs
[    4.134065][ 0] [    T1] calling  bpf_event_init+0x0/0x14 @ 1
[    4.139810][ 0] [    T1] initcall bpf_event_init+0x0/0x14 returned 0 after 0 usecs
[    4.147378][ 0] [    T1] calling  init_kprobe_trace+0x0/0x1d3 @ 1
[    4.153471][ 0] [    T1] initcall init_kprobe_trace+0x0/0x1d3 returned 0 after 2 usecs
[    4.161383][ 0] [    T1] calling  init_dynamic_event+0x0/0x43 @ 1
[    4.167478][ 0] [    T1] initcall init_dynamic_event+0x0/0x43 returned 0 after 1 usecs
[    4.175394][ 0] [    T1] calling  init_uprobe_trace+0x0/0x6e @ 1
[    4.181407][ 0] [    T1] initcall init_uprobe_trace+0x0/0x6e returned 0 after 2 usecs
[    4.189238][ 0] [    T1] calling  bpf_init+0x0/0x52 @ 1
[    4.194471][ 0] [    T1] initcall bpf_init+0x0/0x52 returned 0 after 5 usecs
[    4.201522][ 0] [    T1] calling  init_pipe_fs+0x0/0x4f @ 1
[    4.207120][ 0] [    T1] initcall init_pipe_fs+0x0/0x4f returned 0 after 18 usecs
[    4.214598][ 0] [    T1] calling  cgroup_writeback_init+0x0/0x2b @ 1
[    4.220984][ 0] [    T1] initcall cgroup_writeback_init+0x0/0x2b returned 0 after 33 usecs
[    4.229243][ 0] [    T1] calling  inotify_user_setup+0x0/0x4d @ 1
[    4.235343][ 0] [    T1] initcall inotify_user_setup+0x0/0x4d returned 0 after 7 usecs
[    4.243258][ 0] [    T1] calling  eventpoll_init+0x0/0xc8 @ 1
[    4.249013][ 0] [    T1] initcall eventpoll_init+0x0/0xc8 returned 0 after 8 usecs
[    4.256578][ 0] [    T1] calling  anon_inode_init+0x0/0x5e @ 1
[    4.262418][ 0] [    T1] initcall anon_inode_init+0x0/0x5e returned 0 after 6 usecs
[    4.270070][ 0] [    T1] calling  init_dax_wait_table+0x0/0x39 @ 1
[    4.276264][ 0] [    T1] initcall init_dax_wait_table+0x0/0x39 returned 0 after 12 usecs
[    4.284353][ 0] [    T1] calling  proc_locks_init+0x0/0x2d @ 1
[    4.290192][ 0] [    T1] initcall proc_locks_init+0x0/0x2d returned 0 after 3 usecs
[    4.297850][ 0] [    T1] calling  dquot_init+0x0/0x116 @ 1
[    4.303337][ 0] [    T1] VFS: Disk quotas dquot_6.6.0
[    4.308411][ 0] [    T1] VFS: Dquot-cache hash table entries: 512 (order 0, 4096 bytes)
[    4.316413][ 0] [    T1] initcall dquot_init+0x0/0x116 returned 0 after 12769 usecs
[    4.324066][ 0] [    T1] calling  quota_init+0x0/0x29 @ 1
[    4.329474][ 0] [    T1] initcall quota_init+0x0/0x29 returned 0 after 9 usecs
[    4.336694][ 0] [    T1] calling  proc_cmdline_init+0x0/0x27 @ 1
[    4.342704][ 0] [    T1] initcall proc_cmdline_init+0x0/0x27 returned 0 after 1 usecs
[    4.350526][ 0] [    T1] calling  proc_consoles_init+0x0/0x2a @ 1
[    4.356621][ 0] [    T1] initcall proc_consoles_init+0x0/0x2a returned 0 after 0 usecs
[    4.364533][ 0] [    T1] calling  proc_cpuinfo_init+0x0/0x24 @ 1
[    4.370538][ 0] [    T1] initcall proc_cpuinfo_init+0x0/0x24 returned 0 after 0 usecs
[    4.378363][ 0] [    T1] calling  proc_devices_init+0x0/0x2a @ 1
[    4.384370][ 0] [    T1] initcall proc_devices_init+0x0/0x2a returned 0 after 0 usecs
[    4.392197][ 0] [    T1] calling  proc_interrupts_init+0x0/0x2a @ 1
[    4.398466][ 0] [    T1] initcall proc_interrupts_init+0x0/0x2a returned 0 after 1 usecs
[    4.406551][ 0] [    T1] calling  proc_loadavg_init+0x0/0x27 @ 1
[    4.412554][ 0] [    T1] initcall proc_loadavg_init+0x0/0x27 returned 0 after 0 usecs
[    4.420381][ 0] [    T1] calling  proc_meminfo_init+0x0/0x27 @ 1
[    4.426390][ 0] [    T1] initcall proc_meminfo_init+0x0/0x27 returned 0 after 0 usecs
[    4.434215][ 0] [    T1] calling  proc_osinfo_init+0x0/0x24 @ 1
[    4.440141][ 0] [    T1] initcall proc_osinfo_init+0x0/0x24 returned 0 after 4 usecs
[    4.447882][ 0] [    T1] calling  proc_stat_init+0x0/0x24 @ 1
[    4.453627][ 0] [    T1] initcall proc_stat_init+0x0/0x24 returned 0 after 0 usecs
[    4.461193][ 0] [    T1] calling  proc_uptime_init+0x0/0x27 @ 1
[    4.467111][ 0] [    T1] initcall proc_uptime_init+0x0/0x27 returned 0 after 0 usecs
[    4.474853][ 0] [    T1] calling  proc_version_init+0x0/0x27 @ 1
[    4.480857][ 0] [    T1] initcall proc_version_init+0x0/0x27 returned 0 after 0 usecs
[    4.488684][ 0] [    T1] calling  proc_softirqs_init+0x0/0x27 @ 1
[    4.494778][ 0] [    T1] initcall proc_softirqs_init+0x0/0x27 returned 0 after 0 usecs
[    4.502689][ 0] [    T1] calling  proc_kcore_init+0x0/0xd5 @ 1
[    4.508531][ 0] [    T1] initcall proc_kcore_init+0x0/0xd5 returned 0 after 8 usecs
[    4.516182][ 0] [    T1] calling  vmcore_init+0x0/0x16e @ 1
[    4.521755][ 0] [    T1] initcall vmcore_init+0x0/0x16e returned 0 after 0 usecs
[    4.529150][ 0] [    T1] calling  proc_kmsg_init+0x0/0x27 @ 1
[    4.534896][ 0] [    T1] initcall proc_kmsg_init+0x0/0x27 returned 0 after 0 usecs
[    4.542462][ 0] [    T1] calling  proc_page_init+0x0/0x5b @ 1
[    4.548206][ 0] [    T1] initcall proc_page_init+0x0/0x5b returned 0 after 1 usecs
[    4.555772][ 0] [    T1] calling  init_ramfs_fs+0x0/0x17 @ 1
[    4.561434][ 0] [    T1] initcall init_ramfs_fs+0x0/0x17 returned 0 after 0 usecs
[    4.568911][ 0] [    T1] calling  init_hugetlbfs_fs+0x0/0x127 @ 1
[    4.575030][ 0] [    T1] initcall init_hugetlbfs_fs+0x0/0x127 returned 0 after 25 usecs
[    4.583030][ 0] [    T1] calling  aa_create_aafs+0x0/0x3ac @ 1
[    4.588863][ 0] [    T1] initcall aa_create_aafs+0x0/0x3ac returned 0 after 0 usecs
[    4.596517][ 0] [    T1] calling  box_fs_init+0x0/0xff @ 1
[    4.602007][ 0] [    T1] Init box entries under sysfs SUCCESS!
[    4.607841][ 0] [    T1] initcall box_fs_init+0x0/0xff returned 0 after 5703 usecs
[    4.615411][ 0] [    T1] calling  kysec_fs_init+0x0/0x6b5 @ 1
[    4.621156][ 0] [    T1] KYSEC: Init kysecfs SUCCESS!
[    4.626210][ 0] [    T1] initcall kysec_fs_init+0x0/0x6b5 returned 0 after 4936 usecs
[    4.634033][ 0] [    T1] calling  blk_scsi_ioctl_init+0x0/0x39e @ 1
[    4.640301][ 0] [    T1] initcall blk_scsi_ioctl_init+0x0/0x39e returned 0 after 0 usecs
[    4.648386][ 0] [    T1] calling  dynamic_debug_init_debugfs+0x0/0x42 @ 1
[    4.655179][ 0] [    T1] initcall dynamic_debug_init_debugfs+0x0/0x42 returned 0 after 4 usecs
[    4.663790][ 0] [    T1] calling  simplefb_init+0x0/0x19 @ 1
[    4.669461][ 0] [    T1] initcall simplefb_init+0x0/0x19 returned 0 after 14 usecs
[    4.677031][ 0] [    T1] calling  acpi_event_init+0x0/0x35 @ 1
[    4.682869][ 0] [    T1] initcall acpi_event_init+0x0/0x35 returned 0 after 3 usecs
[    4.690529][ 0] [    T1] calling  pnp_system_init+0x0/0x17 @ 1
[    4.696369][ 0] [    T1] initcall pnp_system_init+0x0/0x17 returned 0 after 4 usecs
[    4.704018][ 0] [    T1] calling  pnpacpi_init+0x0/0x6f @ 1
[    4.709591][ 0] [    T1] pnp: PnP ACPI init
[    4.714049][ 0] [    T1] system 00:00: [mem 0xf0000000-0xf7ffffff] has been reserved
[    4.721793][ 0] [    T1] probe of 00:00 returned 1 after 7751 usecs
[    4.728064][ 0] [    T1] system 00:00: Plug and Play ACPI device, IDs PNP0c01 (active)
[    4.736227][ 0] [    T1] pnp 00:01: Plug and Play ACPI device, IDs PNP0b00 (active)
[    4.744166][ 0] [    T1] system 00:02: [io  0x04d0-0x04d1] has been reserved
[    4.751215][ 0] [    T1] system 00:02: [io  0x040b] has been reserved
[    4.757659][ 0] [    T1] system 00:02: [io  0x04d6] has been reserved
[    4.764098][ 0] [    T1] system 00:02: [io  0x0c00-0x0c01] has been reserved
[    4.771143][ 0] [    T1] system 00:02: [io  0x0c14] has been reserved
[    4.777584][ 0] [    T1] system 00:02: [io  0x0c50-0x0c51] has been reserved
[    4.784630][ 0] [    T1] system 00:02: [io  0x0c52] has been reserved
[    4.791083][ 0] [    T1] system 00:02: [io  0x0c6c] has been reserved
[    4.797523][ 0] [    T1] system 00:02: [io  0x0c6f] has been reserved
[    4.803965][ 0] [    T1] system 00:02: [io  0x0cd0-0x0cd1] has been reserved
[    4.811011][ 0] [    T1] system 00:02: [io  0x0cd2-0x0cd3] has been reserved
[    4.818058][ 0] [    T1] system 00:02: [io  0x0cd4-0x0cd5] has been reserved
[    4.825104][ 0] [    T1] system 00:02: [io  0x0cd6-0x0cd7] has been reserved
[    4.832149][ 0] [    T1] system 00:02: [io  0x0cd8-0x0cdf] has been reserved
[    4.839194][ 0] [    T1] system 00:02: [io  0x0800-0x089f] has been reserved
[    4.846240][ 0] [    T1] system 00:02: [io  0x0b00-0x0b0f] has been reserved
[    4.853288][ 0] [    T1] system 00:02: [io  0x0b20-0x0b3f] has been reserved
[    4.860335][ 0] [    T1] system 00:02: [io  0x0900-0x090f] has been reserved
[    4.867381][ 0] [    T1] system 00:02: [io  0x0910-0x091f] has been reserved
[    4.874424][ 0] [    T1] system 00:02: [io  0xfe00-0xfefe] has been reserved
[    4.881474][ 0] [    T1] system 00:02: [mem 0xfec00000-0xfec00fff] could not be reserved
[    4.889558][ 0] [    T1] system 00:02: [mem 0xfec01000-0xfec01fff] has been reserved
[    4.897296][ 0] [    T1] system 00:02: [mem 0xfedc0000-0xfedc0fff] has been reserved
