[    0.000000] Linux version 6.6.0-63-generic (KYLINSOFT@0ee345aeae02) (x86_64-linux-gnu-gcc (openKylin 12.3.0-1ok3k0.1) 12.3.0, GNU ld (GNU Binutils for Openkylin) 2.41) #63-KYLINOS SMP PREEMPT_DYNAMIC Sat Feb  7 12:39:56 UTC 2026
[    0.000000] Command line: BOOT_IMAGE=/ostree/kylin-233d332e8a78ae96784a48754d7fc7499a8495e4ae206adfaede579176d0f4fe/vmlinuz-6.6.0-63-generic root=UUID=6c5e330e-cee6-46c3-8981-7d68992f336f rw ostree=/ostree/boot.1/kylin/233d332e8a78ae96784a48754d7fc7499a8495e4ae206adfaede579176d0f4fe/0 quiet splash loglevel=0 systemd.unified_cgroup_hierarchy=1 psi=1 pm_debug_messages resume=UUID=c29608a5-43c8-4ea6-af62-caee80009d21 security=box lsm=ksaf audit=1
[    0.000000] KERNEL supported cpus:
[    0.000000]   Intel GenuineIntel
[    0.000000]   AMD AuthenticAMD
[    0.000000]   Hygon HygonGenuine
[    0.000000]   Centaur CentaurHauls
[    0.000000]   zhaoxin   Shanghai  
[    0.000000] BIOS-provided physical RAM map:
[    0.000000] BIOS-e820: [mem 0x0000000000000000-0x000000000009efff] usable
[    0.000000] BIOS-e820: [mem 0x000000000009f000-0x00000000000fffff] reserved
[    0.000000] BIOS-e820: [mem 0x0000000000100000-0x0000000003ffffff] usable
[    0.000000] BIOS-e820: [mem 0x0000000004000000-0x0000000007ffffff] reserved
[    0.000000] BIOS-e820: [mem 0x0000000008000000-0x0000000076228fff] usable
[    0.000000] BIOS-e820: [mem 0x0000000076229000-0x0000000076828fff] reserved
[    0.000000] BIOS-e820: [mem 0x0000000076829000-0x0000000076868fff] ACPI data
[    0.000000] BIOS-e820: [mem 0x0000000076869000-0x00000000791fdfff] ACPI NVS
[    0.000000] BIOS-e820: [mem 0x00000000791fe000-0x000000007a3fdfff] reserved
[    0.000000] BIOS-e820: [mem 0x000000007a3fe000-0x000000007bffffff] usable
[    0.000000] BIOS-e820: [mem 0x000000007c000000-0x000000007fffffff] reserved
[    0.000000] BIOS-e820: [mem 0x00000000af810000-0x00000000af810fff] reserved
[    0.000000] BIOS-e820: [mem 0x00000000af880000-0x00000000af8fffff] reserved
[    0.000000] BIOS-e820: [mem 0x00000000dfa00000-0x00000000dfa00fff] reserved
[    0.000000] BIOS-e820: [mem 0x00000000dfa80000-0x00000000dfafffff] reserved
[    0.000000] BIOS-e820: [mem 0x00000000e0000000-0x00000000efffffff] reserved
[    0.000000] BIOS-e820: [mem 0x00000000fea00000-0x00000000feafffff] reserved
[    0.000000] BIOS-e820: [mem 0x00000000fec00000-0x00000000fec00fff] reserved
[    0.000000] BIOS-e820: [mem 0x00000000fed00000-0x00000000fed00fff] reserved
[    0.000000] BIOS-e820: [mem 0x00000000fed80000-0x00000000fed8ffff] reserved
[    0.000000] BIOS-e820: [mem 0x00000000fedc0000-0x00000000fedc0fff] reserved
[    0.000000] BIOS-e820: [mem 0x00000000fedc2000-0x00000000fedc5fff] reserved
[    0.000000] BIOS-e820: [mem 0x00000000fedc7000-0x00000000fedc7fff] reserved
[    0.000000] BIOS-e820: [mem 0x00000000fedc9000-0x00000000fedcafff] reserved
[    0.000000] BIOS-e820: [mem 0x00000000ff000000-0x00000000ffffffff] reserved
[    0.000000] BIOS-e820: [mem 0x0000000100000000-0x0000002077d7ffff] usable
[    0.000000] BIOS-e820: [mem 0x0000002077d80000-0x000000207fffffff] reserved
[    0.000000] BIOS-e820: [mem 0x0000040ea0000000-0x0000040eb03fffff] reserved
[    0.000000] BIOS-e820: [mem 0x000007fce0000000-0x000007fcf03fffff] reserved
[    0.000000] BIOS-e820: [mem 0x0000fffd00000000-0x0000ffffffffffff] reserved
[    0.000000] NX (Execute Disable) protection: active
[    0.000000] APIC: Static calls initialized
[    0.000000] e820: update [mem 0x53592018-0x535da057] usable ==> usable
[    0.000000] e820: update [mem 0x53592018-0x535da057] usable ==> usable
[    0.000000] e820: update [mem 0x53549018-0x53591057] usable ==> usable
[    0.000000] e820: update [mem 0x53549018-0x53591057] usable ==> usable
[    0.000000] e820: update [mem 0x53523018-0x53548257] usable ==> usable
[    0.000000] e820: update [mem 0x53523018-0x53548257] usable ==> usable
[    0.000000] e820: update [mem 0x534fe018-0x53522c57] usable ==> usable
[    0.000000] e820: update [mem 0x534fe018-0x53522c57] usable ==> usable
[    0.000000] extended physical RAM map:
[    0.000000] reserve setup_data: [mem 0x0000000000000000-0x000000000009efff] usable
[    0.000000] reserve setup_data: [mem 0x000000000009f000-0x00000000000fffff] reserved
[    0.000000] reserve setup_data: [mem 0x0000000000100000-0x0000000003ffffff] usable
[    0.000000] reserve setup_data: [mem 0x0000000004000000-0x0000000007ffffff] reserved
[    0.000000] reserve setup_data: [mem 0x0000000008000000-0x00000000534fe017] usable
[    0.000000] reserve setup_data: [mem 0x00000000534fe018-0x0000000053522c57] usable
[    0.000000] reserve setup_data: [mem 0x0000000053522c58-0x0000000053523017] usable
[    0.000000] reserve setup_data: [mem 0x0000000053523018-0x0000000053548257] usable
[    0.000000] reserve setup_data: [mem 0x0000000053548258-0x0000000053549017] usable
[    0.000000] reserve setup_data: [mem 0x0000000053549018-0x0000000053591057] usable
[    0.000000] reserve setup_data: [mem 0x0000000053591058-0x0000000053592017] usable
[    0.000000] reserve setup_data: [mem 0x0000000053592018-0x00000000535da057] usable
[    0.000000] reserve setup_data: [mem 0x00000000535da058-0x0000000076228fff] usable
[    0.000000] reserve setup_data: [mem 0x0000000076229000-0x0000000076828fff] reserved
[    0.000000] reserve setup_data: [mem 0x0000000076829000-0x0000000076868fff] ACPI data
[    0.000000] reserve setup_data: [mem 0x0000000076869000-0x00000000791fdfff] ACPI NVS
[    0.000000] reserve setup_data: [mem 0x00000000791fe000-0x000000007a3fdfff] reserved
[    0.000000] reserve setup_data: [mem 0x000000007a3fe000-0x000000007bffffff] usable
[    0.000000] reserve setup_data: [mem 0x000000007c000000-0x000000007fffffff] reserved
[    0.000000] reserve setup_data: [mem 0x00000000af810000-0x00000000af810fff] reserved
[    0.000000] reserve setup_data: [mem 0x00000000af880000-0x00000000af8fffff] reserved
[    0.000000] reserve setup_data: [mem 0x00000000dfa00000-0x00000000dfa00fff] reserved
[    0.000000] reserve setup_data: [mem 0x00000000dfa80000-0x00000000dfafffff] reserved
[    0.000000] reserve setup_data: [mem 0x00000000e0000000-0x00000000efffffff] reserved
[    0.000000] reserve setup_data: [mem 0x00000000fea00000-0x00000000feafffff] reserved
[    0.000000] reserve setup_data: [mem 0x00000000fec00000-0x00000000fec00fff] reserved
[    0.000000] reserve setup_data: [mem 0x00000000fed00000-0x00000000fed00fff] reserved
[    0.000000] reserve setup_data: [mem 0x00000000fed80000-0x00000000fed8ffff] reserved
[    0.000000] reserve setup_data: [mem 0x00000000fedc0000-0x00000000fedc0fff] reserved
[    0.000000] reserve setup_data: [mem 0x00000000fedc2000-0x00000000fedc5fff] reserved
[    0.000000] reserve setup_data: [mem 0x00000000fedc7000-0x00000000fedc7fff] reserved
[    0.000000] reserve setup_data: [mem 0x00000000fedc9000-0x00000000fedcafff] reserved
[    0.000000] reserve setup_data: [mem 0x00000000ff000000-0x00000000ffffffff] reserved
[    0.000000] reserve setup_data: [mem 0x0000000100000000-0x0000002077d7ffff] usable
[    0.000000] reserve setup_data: [mem 0x0000002077d80000-0x000000207fffffff] reserved
[    0.000000] reserve setup_data: [mem 0x0000040ea0000000-0x0000040eb03fffff] reserved
[    0.000000] reserve setup_data: [mem 0x000007fce0000000-0x000007fcf03fffff] reserved
[    0.000000] reserve setup_data: [mem 0x0000fffd00000000-0x0000ffffffffffff] reserved
[    0.000000] efi: EFI v2.8 by Xorcore
[    0.000000] efi: SMBIOS=0x79fea000 SMBIOS 3.0=0x79fe8000 ACPI=0x76868000 ACPI 2.0=0x76868014 MEMATTR=0x6fe94018 MOKvar=0x79fe7000 INITRD=0x6a90af18 RNG=0x7684f018 
[    0.000000] random: crng init done
[    0.000000] efi: Not removing mem52: MMIO range=[0xaf810000-0xaf810fff] (4KB) from e820 map
[    0.000000] efi: Remove mem53: MMIO range=[0xaf880000-0xaf8fffff] (0MB) from e820 map
[    0.000000] e820: remove [mem 0xaf880000-0xaf8fffff] reserved
[    0.000000] efi: Not removing mem54: MMIO range=[0xdfa00000-0xdfa00fff] (4KB) from e820 map
[    0.000000] efi: Remove mem55: MMIO range=[0xdfa80000-0xdfafffff] (0MB) from e820 map
[    0.000000] e820: remove [mem 0xdfa80000-0xdfafffff] reserved
[    0.000000] efi: Remove mem57: MMIO range=[0xfea00000-0xfeafffff] (1MB) from e820 map
[    0.000000] e820: remove [mem 0xfea00000-0xfeafffff] reserved
[    0.000000] efi: Not removing mem58: MMIO range=[0xfec00000-0xfec00fff] (4KB) from e820 map
[    0.000000] efi: Not removing mem59: MMIO range=[0xfed00000-0xfed00fff] (4KB) from e820 map
[    0.000000] efi: Not removing mem60: MMIO range=[0xfed80000-0xfed8ffff] (64KB) from e820 map
[    0.000000] efi: Not removing mem61: MMIO range=[0xfedc0000-0xfedc0fff] (4KB) from e820 map
[    0.000000] efi: Not removing mem62: MMIO range=[0xfedc2000-0xfedc5fff] (16KB) from e820 map
[    0.000000] efi: Not removing mem63: MMIO range=[0xfedc7000-0xfedc7fff] (4KB) from e820 map
[    0.000000] efi: Not removing mem64: MMIO range=[0xfedc9000-0xfedcafff] (8KB) from e820 map
[    0.000000] efi: Remove mem65: MMIO range=[0xff000000-0xffffffff] (16MB) from e820 map
[    0.000000] e820: remove [mem 0xff000000-0xffffffff] reserved
[    0.000000] efi: Remove mem67: MMIO range=[0x40ea0000000-0x40eb03fffff] (260MB) from e820 map
[    0.000000] e820: remove [mem 0x40ea0000000-0x40eb03fffff] reserved
[    0.000000] efi: Remove mem68: MMIO range=[0x7fce0000000-0x7fcf03fffff] (260MB) from e820 map
[    0.000000] e820: remove [mem 0x7fce0000000-0x7fcf03fffff] reserved
[    0.000000] SMBIOS 3.4.1 present.
[    0.000000] DMI: To Be Filled By O.E.M.                                          To Be Filled By O.E.M.                                         
[    0.000000] tsc: Fast TSC calibration using PIT
[    0.000000] tsc: Detected 2800.046 MHz processor
[    0.000230] e820: update [mem 0x00000000-0x00000fff] usable ==> reserved
[    0.000232] e820: remove [mem 0x000a0000-0x000fffff] usable
[    0.000247] last_pfn = 0x2077d80 max_arch_pfn = 0x400000000
[    0.000255] MTRR map: 7 entries (3 fixed + 4 variable; max 20), built from 9 variable MTRRs
[    0.000257] x86/PAT: Configuration [0-7]: WB  WC  UC- UC  WB  WP  UC- WT  
[    0.000873] last_pfn = 0x7c000 max_arch_pfn = 0x400000000
[    0.012728] Using GB pages for direct mapping
[    0.013532] Secure boot disabled
[    0.013533] RAMDISK: [mem 0x535db000-0x5a8b6fff]
[    0.013539] ACPI: Early table checksum verification disabled
[    0.013543] ACPI: RSDP 0x0000000076868014 000024 (v02 HYGON )
[    0.013548] ACPI: XSDT 0x00000000768670E8 00009C (v01 HYGON  Hygon    00000002      01000013)
[    0.013554] ACPI: FACP 0x0000000076862000 000114 (v06 HYGON  Hygon    00000002      01000013)
[    0.013560] ACPI: DSDT 0x000000007685C000 005E73 (v02 HYGON  Hygon    03242016 INTL 20190703)
[    0.013563] ACPI: FACS 0x000000007714F000 000040
[    0.013566] ACPI: SSDT 0x0000000076866000 0000D2 (v02 HYGON  HGN ALIB 00000002 MSFT 04000000)
[    0.013569] ACPI: SSDT 0x0000000076865000 00020C (v02 HYGON  Hygon    00000002      01000013)
[    0.013571] ACPI: MCFG 0x0000000076864000 00003C (v01 HYGON  Hygon    00000002      01000013)
[    0.013574] ACPI: HPET 0x0000000076863000 000038 (v01 HYGON  Hygon    00000002      01000013)
[    0.013577] ACPI: SSDT 0x000000007685A000 001F04 (v02 HYGON  HGN CPU  00000001 HYGN 00000001)
[    0.013580] ACPI: CRAT 0x0000000076858000 001D50 (v01 HYGON  HGN CRAT 00000001 HYGN 00000001)
[    0.013583] ACPI: CDIT 0x0000000076857000 000029 (v01 HYGON  HGN CDIT 00000001 HYGN 00000001)
[    0.013585] ACPI: UEFI 0x000000007714C000 000042 (v01                 00000000      00000000)
[    0.013588] ACPI: IVRS 0x0000000076856000 000128 (v02 HYGON  HGN IVRS 00000001 HYGN 00000000)
[    0.013591] ACPI: FPDT 0x0000000076855000 000044 (v01 HYGON  Hygon    00000002      01000013)
[    0.013594] ACPI: SSDT 0x0000000076853000 00165E (v02 Hygon  CPMCMN   00000001 INTL 20190703)
[    0.013596] ACPI: BGRT 0x0000000076852000 000038 (v01 HYGON  Hygon    00000002      01000013)
[    0.013599] ACPI: APIC 0x0000000076851000 0000EA (v04 HYGON  Hygon    00000002      01000013)
[    0.013602] ACPI: WSMT 0x0000000076850000 000028 (v01 HYGON  Hygon    00000002      01000013)
[    0.013604] ACPI: Reserving FACP table memory at [mem 0x76862000-0x76862113]
[    0.013605] ACPI: Reserving DSDT table memory at [mem 0x7685c000-0x76861e72]
[    0.013606] ACPI: Reserving FACS table memory at [mem 0x7714f000-0x7714f03f]
[    0.013607] ACPI: Reserving SSDT table memory at [mem 0x76866000-0x768660d1]
[    0.013608] ACPI: Reserving SSDT table memory at [mem 0x76865000-0x7686520b]
[    0.013609] ACPI: Reserving MCFG table memory at [mem 0x76864000-0x7686403b]
[    0.013610] ACPI: Reserving HPET table memory at [mem 0x76863000-0x76863037]
[    0.013610] ACPI: Reserving SSDT table memory at [mem 0x7685a000-0x7685bf03]
[    0.013611] ACPI: Reserving CRAT table memory at [mem 0x76858000-0x76859d4f]
[    0.013612] ACPI: Reserving CDIT table memory at [mem 0x76857000-0x76857028]
[    0.013613] ACPI: Reserving UEFI table memory at [mem 0x7714c000-0x7714c041]
[    0.013614] ACPI: Reserving IVRS table memory at [mem 0x76856000-0x76856127]
[    0.013614] ACPI: Reserving FPDT table memory at [mem 0x76855000-0x76855043]
[    0.013615] ACPI: Reserving SSDT table memory at [mem 0x76853000-0x7685465d]
[    0.013616] ACPI: Reserving BGRT table memory at [mem 0x76852000-0x76852037]
[    0.013617] ACPI: Reserving APIC table memory at [mem 0x76851000-0x768510e9]
[    0.013618] ACPI: Reserving WSMT table memory at [mem 0x76850000-0x76850027]
[    0.013708] No NUMA configuration found
[    0.013709] Faking a node at [mem 0x0000000000000000-0x0000002077d7ffff]
[    0.013717] NODE_DATA(0) allocated [mem 0x2077d55000-0x2077d7ffff]
[    0.013927] CSV-CMA: Don't reserve any memory
[    0.014045] Zone ranges:
[    0.014046]   DMA      [mem 0x0000000000001000-0x0000000000ffffff]
[    0.014047]   DMA32    [mem 0x0000000001000000-0x00000000ffffffff]
[    0.014049]   Normal   [mem 0x0000000100000000-0x0000002077d7ffff]
[    0.014050]   Device   empty
[    0.014051] Movable zone start for each node
[    0.014055] Early memory node ranges
[    0.014055]   node   0: [mem 0x0000000000001000-0x000000000009efff]
[    0.014057]   node   0: [mem 0x0000000000100000-0x0000000003ffffff]
[    0.014058]   node   0: [mem 0x0000000008000000-0x0000000076228fff]
[    0.014059]   node   0: [mem 0x000000007a3fe000-0x000000007bffffff]
[    0.014060]   node   0: [mem 0x0000000100000000-0x0000002077d7ffff]
[    0.014071] Initmem setup node 0 [mem 0x0000000000001000-0x0000002077d7ffff]
[    0.014077] On node 0, zone DMA: 1 pages in unavailable ranges
[    0.014099] On node 0, zone DMA: 97 pages in unavailable ranges
[    0.017021] On node 0, zone DMA32: 16384 pages in unavailable ranges
[    0.017185] On node 0, zone DMA32: 16853 pages in unavailable ranges
[    0.244592] On node 0, zone Normal: 16384 pages in unavailable ranges
[    0.244601] On node 0, zone Normal: 640 pages in unavailable ranges
[    0.244929] ACPI: PM-Timer IO Port: 0x808
[    0.244940] ACPI: LAPIC_NMI (acpi_id[0xff] high edge lint[0x1])
[    0.244964] IOAPIC[0]: apic_id 224, version 33, address 0xfec00000, GSI 0-23
[    0.244977] IOAPIC[1]: apic_id 225, version 33, address 0xdfa00000, GSI 24-55
[    0.244989] IOAPIC[2]: apic_id 226, version 33, address 0xaf810000, GSI 56-87
[    0.244991] ACPI: INT_SRC_OVR (bus 0 bus_irq 0 global_irq 2 dfl dfl)
[    0.244993] ACPI: INT_SRC_OVR (bus 0 bus_irq 9 global_irq 9 low level)
[    0.244997] ACPI: Using ACPI (MADT) for SMP configuration information
[    0.244999] ACPI: HPET id: 0x1d948201 base: 0xfed00000
[    0.245008] e820: update [mem 0x6e831000-0x6ea71fff] usable ==> reserved
[    0.245027] smpboot: Allowing 16 CPUs, 0 hotplug CPUs
[    0.245061] PM: hibernation: Registered nosave memory: [mem 0x00000000-0x00000fff]
[    0.245064] PM: hibernation: Registered nosave memory: [mem 0x0009f000-0x000fffff]
[    0.245066] PM: hibernation: Registered nosave memory: [mem 0x04000000-0x07ffffff]
[    0.245068] PM: hibernation: Registered nosave memory: [mem 0x6e831000-0x6ea71fff]
[    0.245070] PM: hibernation: Registered nosave memory: [mem 0x76229000-0x7a3fdfff]
[    0.245072] PM: hibernation: Registered nosave memory: [mem 0x7c000000-0xffffffff]
[    0.245074] [mem 0xaf811000-0xdf9fffff] available for PCI devices
[    0.245075] Booting paravirtualized kernel on bare hardware
[    0.245078] clocksource: refined-jiffies: mask: 0xffffffff max_cycles: 0xffffffff, max_idle_ns: 7645519600211568 ns
[    0.245090] setup_percpu: NR_CPUS:8192 nr_cpumask_bits:16 nr_cpu_ids:16 nr_node_ids:1
[    0.246199] percpu: Embedded 66 pages/cpu s233472 r8192 d28672 u524288
[    0.246208] pcpu-alloc: s233472 r8192 d28672 u524288 alloc=1*2097152
[    0.246210] pcpu-alloc: [0] 00 01 02 03 [0] 04 05 06 07 
[    0.246215] pcpu-alloc: [0] 08 09 10 11 [0] 12 13 14 15 
[    0.246241] Kernel command line: BOOT_IMAGE=/ostree/kylin-233d332e8a78ae96784a48754d7fc7499a8495e4ae206adfaede579176d0f4fe/vmlinuz-6.6.0-63-generic root=UUID=6c5e330e-cee6-46c3-8981-7d68992f336f rw ostree=/ostree/boot.1/kylin/233d332e8a78ae96784a48754d7fc7499a8495e4ae206adfaede579176d0f4fe/0 quiet splash loglevel=0 systemd.unified_cgroup_hierarchy=1 psi=1 pm_debug_messages resume=UUID=c29608a5-43c8-4ea6-af62-caee80009d21 security=box lsm=ksaf audit=1
[    0.246421] audit: enabled (after initialization)
[    0.246425] Unknown kernel command line parameters "splash BOOT_IMAGE=/ostree/kylin-233d332e8a78ae96784a48754d7fc7499a8495e4ae206adfaede579176d0f4fe/vmlinuz-6.6.0-63-generic ostree=/ostree/boot.1/kylin/233d332e8a78ae96784a48754d7fc7499a8495e4ae206adfaede579176d0f4fe/0", will be passed to user space.
[    0.253371] Dentry cache hash table entries: 8388608 (order: 14, 67108864 bytes, linear)
[    0.256715] Inode-cache hash table entries: 4194304 (order: 13, 33554432 bytes, linear)
[    0.256786] Fallback order for Node 0: 0 
[    0.256792] Built 1 zonelists, mobility grouping on.  Total pages: 32948156
[    0.256794] Policy zone: Normal
[    0.256804] mem auto-init: stack:all(zero), heap alloc:on, heap free:off
[    0.256866] software IO TLB: area num 16.
[    0.551238] Memory: 131308108K/133885220K available (18432K kernel code, 6081K rwdata, 15776K rodata, 4632K init, 5488K bss, 2576856K reserved, 0K cma-reserved)
[    0.551468] SLUB: HWalign=64, Order=0-3, MinObjects=0, CPUs=16, Nodes=1
[    0.551524] ftrace: allocating 57019 entries in 223 pages
[    0.562820] ftrace: allocated 223 pages with 7 groups
[    0.563692] Dynamic Preempt: voluntary
[    0.563777] rcu: Preemptible hierarchical RCU implementation.
[    0.563778] rcu: 	RCU restricting CPUs from NR_CPUS=8192 to nr_cpu_ids=16.
[    0.563780] 	Trampoline variant of Tasks RCU enabled.
[    0.563780] 	Rude variant of Tasks RCU enabled.
[    0.563781] 	Tracing variant of Tasks RCU enabled.
[    0.563782] rcu: RCU calculated value of scheduler-enlistment delay is 25 jiffies.
[    0.563782] rcu: Adjusting geometry for rcu_fanout_leaf=16, nr_cpu_ids=16
[    0.567560] NR_IRQS: 524544, nr_irqs: 1640, preallocated irqs: 16
[    0.567789] rcu: srcu_init: Setting srcu_struct sizes based on contention.
[    0.567976] Console: colour dummy device 80x25
[    0.567979] printk: legacy console [tty0] enabled
[    0.568034] ACPI: Core revision 20230628
[    0.568169] clocksource: hpet: mask: 0xffffffff max_cycles: 0xffffffff, max_idle_ns: 133484873504 ns
[    0.568205] APIC: Switch to symmetric I/O mode setup
[    0.569529] AMD-Vi: Using global IVHD EFR:0x59f73ef22294ade, EFR2:0x0
[    0.570348] APIC: Switched APIC routing to: physical flat
[    0.572281] ..TIMER: vector=0x30 apic1=0 pin1=2 apic2=-1 pin2=-1
[    0.592205] clocksource: tsc-early: mask: 0xffffffffffffffff max_cycles: 0x285c6c3b9bb, max_idle_ns: 440795208083 ns
[    0.592210] Calibrating delay loop (skipped), value calculated using timer frequency.. 5600.09 BogoMIPS (lpj=11200184)
[    0.592229] x86/cpu: User Mode Instruction Prevention (UMIP) activated
[    0.592329] LVT offset 2 assigned for vector 0xf4
[    0.592366] Last level iTLB entries: 4KB 1024, 2MB 1024, 4MB 512
[    0.592367] Last level dTLB entries: 4KB 2048, 2MB 2048, 4MB 1024, 1GB 0
[    0.592371] Spectre V1 : Mitigation: usercopy/swapgs barriers and __user pointer sanitization
[    0.592374] Spectre V2 : WARNING: Unprivileged eBPF is enabled with eIBRS on, data leaks possible via Spectre v2 BHB attacks!
[    0.592376] Spectre V2 : Mitigation: Enhanced / Automatic IBRS
[    0.592377] Spectre V2 : Spectre v2 / SpectreRSB : Filling RSB on VMEXIT for Hygon
[    0.592378] Spectre V2 : Enabling Speculation Barrier for firmware calls
[    0.592379] active return thunk: retbleed_return_thunk
[    0.592384] RETBleed: Mitigation: untrained return thunk
[    0.592387] Spectre V2 : mitigation: Enabling conditional Indirect Branch Prediction Barrier
[    0.592389] Speculative Store Bypass: Mitigation: Speculative Store Bypass disabled via prctl
[    0.592395] x86/fpu: Supporting XSAVE feature 0x001: 'x87 floating point registers'
[    0.592396] x86/fpu: Supporting XSAVE feature 0x002: 'SSE registers'
[    0.592397] x86/fpu: Supporting XSAVE feature 0x004: 'AVX registers'
[    0.592399] x86/fpu: xstate_offset[2]:  576, xstate_sizes[2]:  256
[    0.592401] x86/fpu: Enabled xstate features 0x7, context size is 832 bytes, using 'compacted' format.
[    0.621242] Freeing SMP alternatives memory: 48K
[    0.621245] pid_max: default: 32768 minimum: 301
[    0.624434] LSM: security=box is ignored because it is superseded by lsm=ksaf
[    0.624439] LSM: initializing lsm=lockdown,capability,kycp,ksaf,integrity
[    0.624448] KYCP: Initializing.
[    0.624449] KYCP: Initialized successfully.
[    0.624450] KSAF: init begin!
[    0.624567] Mount-cache hash table entries: 131072 (order: 8, 1048576 bytes, linear)
[    0.624649] Mountpoint-cache hash table entries: 131072 (order: 8, 1048576 bytes, linear)
[    0.733142] smpboot: CPU0: Hygon C86-4G (OPN:3490) (family: 0x18, model: 0x6, stepping: 0x1)
[    0.733328] RCU Tasks: Setting shift to 4 and lim to 1 rcu_task_cb_adjust=1 rcu_task_cpu_ids=16.
[    0.733349] RCU Tasks Rude: Setting shift to 4 and lim to 1 rcu_task_cb_adjust=1 rcu_task_cpu_ids=16.
[    0.733364] RCU Tasks Trace: Setting shift to 4 and lim to 1 rcu_task_cb_adjust=1 rcu_task_cpu_ids=16.
[    0.733381] Performance Events: Fam17h+ core perfctr, HYGON PMU driver.
[    0.733387] ... version:                0
[    0.733388] ... bit width:              48
[    0.733389] ... generic registers:      6
[    0.733390] ... value mask:             0000ffffffffffff
[    0.733391] ... max period:             00007fffffffffff
[    0.733392] ... fixed-purpose events:   0
[    0.733392] ... event mask:             000000000000003f
[    0.733482] signal: max sigframe size: 1776
[    0.733520] rcu: Hierarchical SRCU implementation.
[    0.733522] rcu: 	Max phase no-delay instances is 1000.
[    0.735160] NMI watchdog: Enabled. Permanently consumes one hw-PMU counter.
[    0.735298] smp: Bringing up secondary CPUs ...
[    0.735414] smpboot: x86: Booting SMP configuration:
[    0.735416] .... node  #0, CPUs:        #1  #2  #3  #4  #5  #6  #7  #8  #9 #10 #11 #12 #13 #14 #15
[    0.768265] smp: Brought up 1 node, 16 CPUs
[    0.768265] smpboot: Max logical packages: 1
[    0.768265] smpboot: Total of 16 processors activated (89601.47 BogoMIPS)
[    0.777511] devtmpfs: initialized
[    0.777555] x86/mm: Memory block size: 2048MB
[    0.778841] ACPI: PM: Registering ACPI NVS region [mem 0x76869000-0x791fdfff] (43601920 bytes)
[    0.779282] clocksource: jiffies: mask: 0xffffffff max_cycles: 0xffffffff, max_idle_ns: 7645041785100000 ns
[    0.779303] futex hash table entries: 4096 (order: 6, 262144 bytes, linear)
[    0.779388] pinctrl core: initialized pinctrl subsystem
[    0.779516] PM: RTC time: 14:46:56, date: 2026-04-23
[    0.780005] NET: Registered PF_NETLINK/PF_ROUTE protocol family
[    0.780474] DMA: preallocated 4096 KiB GFP_KERNEL pool for atomic allocations
[    0.780736] DMA: preallocated 4096 KiB GFP_KERNEL|GFP_DMA pool for atomic allocations
[    0.781026] DMA: preallocated 4096 KiB GFP_KERNEL|GFP_DMA32 pool for atomic allocations
[    0.781045] audit: initializing netlink subsys (enabled)
[    0.781084] audit: type=2000 audit(1776955616.208:1): state=initialized audit_enabled=1 res=1
[    0.781111] thermal_sys: Registered thermal governor 'fair_share'
[    0.781111] thermal_sys: Registered thermal governor 'bang_bang'
[    0.781111] thermal_sys: Registered thermal governor 'step_wise'
[    0.781111] thermal_sys: Registered thermal governor 'user_space'
[    0.781111] thermal_sys: Registered thermal governor 'power_allocator'
[    0.781118] cpuidle: using governor ladder
[    0.781118] cpuidle: using governor menu
[    0.781118] acpiphp: ACPI Hot Plug PCI Controller Driver version: 0.5
[    0.781118] PCI: MMCONFIG for domain 0000 [bus 00-ff] at [mem 0xe0000000-0xefffffff] (base 0xe0000000)
[    0.781118] PCI: Using configuration type 1 for base access
[    0.781118] kprobes: kprobe jump-optimization is enabled. All kprobes are optimized if possible.
[    0.781118] HugeTLB: registered 1.00 GiB page size, pre-allocated 0 pages
[    0.781118] HugeTLB: 16380 KiB vmemmap can be freed for a 1.00 GiB page
[    0.781118] HugeTLB: registered 2.00 MiB page size, pre-allocated 0 pages
[    0.781118] HugeTLB: 28 KiB vmemmap can be freed for a 2.00 MiB page
[    0.781118] ACPI: Added _OSI(Module Device)
[    0.781118] ACPI: Added _OSI(Processor Device)
[    0.781118] ACPI: Added _OSI(Processor Aggregator Device)
[    0.788720] ACPI: 5 ACPI AML tables successfully acquired and loaded
[    0.814998] ACPI: _OSC evaluation for CPUs failed, trying _PDC
[    0.814998] ACPI: Interpreter enabled
[    0.814998] ACPI: PM: (supports S0 S3 S4 S5)
[    0.814998] ACPI: Using IOAPIC for interrupt routing
[    0.816252] PCI: Using host bridge windows from ACPI; if necessary, use "pci=nocrs" and report a bug
[    0.816254] PCI: Ignoring E820 reservations for host bridge windows
[    0.816500] ACPI: Enabled 2 GPEs in block 00 to 1F
[    0.817965] ACPI: \_SB_.PCI0.N00C.SATA.P0SA: New power resource
[    0.817993] ACPI: \_SB_.PCI0.N00C.SATA.P3SA: New power resource
[    0.821159] ACPI: \_SB_.S_N1.N10C.SATA.P0SA: New power resource
[    0.821188] ACPI: \_SB_.S_N1.N10C.SATA.P3SA: New power resource
[    0.823928] ACPI: PCI Root Bridge [PCI0] (domain 0000 [bus 00-7f])
[    0.823936] acpi PNP0A08:00: _OSC: OS supports [ExtendedConfig ASPM ClockPM Segments MSI EDR HPX-Type3]
[    0.824041] acpi PNP0A08:00: _OSC: platform does not support [SHPCHotplug AER LTR DPC]
[    0.824238] acpi PNP0A08:00: _OSC: OS now controls [PCIeHotplug PME PCIeCapability]
[    0.824431] acpi PNP0A08:00: host bridge window expanded to [io  0x03b0-0x03df window]; [io  0x03b0-0x03df window] ignored
[    0.824663] PCI host bridge to bus 0000:00
[    0.824667] pci_bus 0000:00: root bus resource [io  0x0000-0x02e7 window]
[    0.824669] pci_bus 0000:00: root bus resource [io  0x0300-0x03df window]
[    0.824671] pci_bus 0000:00: root bus resource [io  0x0400-0x0cf7 window]
[    0.824672] pci_bus 0000:00: root bus resource [io  0x7000-0x8fff window]
[    0.824673] pci_bus 0000:00: root bus resource [mem 0x000a0000-0x000dffff window]
[    0.824675] pci_bus 0000:00: root bus resource [mem 0xc3000000-0xc5cfffff window]
[    0.824676] pci_bus 0000:00: root bus resource [mem 0x1b2f3000000-0x1b2f36fffff window]
[    0.824678] pci_bus 0000:00: root bus resource [bus 00-7f]
[    0.824695] pci 0000:00:00.0: [1d94:14a0] type 00 class 0x060000
[    0.824821] pci 0000:00:00.2: [1d94:149e] type 00 class 0x080600
[    0.824972] pci 0000:00:01.0: [1d94:14a2] type 00 class 0x060000
[    0.825086] pci 0000:00:02.0: [1d94:14a2] type 00 class 0x060000
[    0.825199] pci 0000:00:03.0: [1d94:14a2] type 00 class 0x060000
[    0.825314] pci 0000:00:05.0: [1d94:14a2] type 00 class 0x060000
[    0.825421] pci 0000:00:05.2: [1d94:14a3] type 01 class 0x060400
[    0.825562] pci 0000:00:05.2: PME# supported from D0 D3hot D3cold
[    0.825782] pci 0000:00:05.3: [1d94:14a3] type 01 class 0x060400
[    0.825923] pci 0000:00:05.3: PME# supported from D0 D3hot D3cold
[    0.826139] pci 0000:00:05.7: [1d94:14a3] type 01 class 0x060400
[    0.826280] pci 0000:00:05.7: PME# supported from D0 D3hot D3cold
[    0.826484] pci 0000:00:06.0: [1d94:14a2] type 00 class 0x060000
[    0.826599] pci 0000:00:07.0: [1d94:14a2] type 00 class 0x060000
[    0.826712] pci 0000:00:08.0: [1d94:14a2] type 00 class 0x060000
[    0.826818] pci 0000:00:08.1: [1d94:14a4] type 01 class 0x060400
[    0.826875] pci 0000:00:08.1: enabling Extended Tags
[    0.826957] pci 0000:00:08.1: PME# supported from D0 D3hot D3cold
[    0.827139] pci 0000:00:09.0: [1d94:14a2] type 00 class 0x060000
[    0.827248] pci 0000:00:09.1: [1d94:14a4] type 01 class 0x060400
[    0.827304] pci 0000:00:09.1: enabling Extended Tags
[    0.827384] pci 0000:00:09.1: PME# supported from D0 D3hot D3cold
[    0.827559] pci 0000:00:0b.0: [1d94:790b] type 00 class 0x0c0500
[    0.827734] pci 0000:00:0b.3: [1d94:790e] type 00 class 0x060100
[    0.827930] pci 0000:00:0c.0: [1d94:14b0] type 00 class 0x060000
[    0.827971] pci 0000:00:0c.1: [1d94:14b1] type 00 class 0x060000
[    0.828010] pci 0000:00:0c.2: [1d94:14b2] type 00 class 0x060000
[    0.828050] pci 0000:00:0c.3: [1d94:14b3] type 00 class 0x060000
[    0.828091] pci 0000:00:0c.4: [1d94:14b4] type 00 class 0x060000
[    0.828131] pci 0000:00:0c.5: [1d94:14b5] type 00 class 0x060000
[    0.828173] pci 0000:00:0c.6: [1d94:14b6] type 00 class 0x060000
[    0.828216] pci 0000:00:0c.7: [1d94:14b7] type 00 class 0x060000
[    0.828257] pci 0000:00:0d.0: [1d94:14b0] type 00 class 0x060000
[    0.828297] pci 0000:00:0d.1: [1d94:14b1] type 00 class 0x060000
[    0.828337] pci 0000:00:0d.2: [1d94:14b2] type 00 class 0x060000
[    0.828378] pci 0000:00:0d.3: [1d94:14b3] type 00 class 0x060000
[    0.828418] pci 0000:00:0d.4: [1d94:14b4] type 00 class 0x060000
[    0.828458] pci 0000:00:0d.5: [1d94:14b5] type 00 class 0x060000
[    0.828502] pci 0000:00:0d.6: [1d94:14b6] type 00 class 0x060000
[    0.828542] pci 0000:00:0d.7: [1d94:14b7] type 00 class 0x060000
[    0.828588] pci 0000:00:10.0: [1d94:14b0] type 00 class 0x060000
[    0.828629] pci 0000:00:10.1: [1d94:14b1] type 00 class 0x060000
[    0.828670] pci 0000:00:10.2: [1d94:14b2] type 00 class 0x060000
[    0.828710] pci 0000:00:10.3: [1d94:14b3] type 00 class 0x060000
[    0.828751] pci 0000:00:10.4: [1d94:14b4] type 00 class 0x060000
[    0.828791] pci 0000:00:10.5: [1d94:14b5] type 00 class 0x060000
[    0.828834] pci 0000:00:10.6: [1d94:14b6] type 00 class 0x060000
[    0.828876] pci 0000:00:10.7: [1d94:14b7] type 00 class 0x060000
[    0.829023] pci 0000:01:00.0: [1d97:1602] type 00 class 0x010802
[    0.829050] pci 0000:01:00.0: reg 0x10: [mem 0xc3c00000-0xc3c03fff 64bit]
[    0.829553] pci 0000:00:05.2: PCI bridge to [bus 01]
[    0.829561] pci 0000:00:05.2:   bridge window [mem 0xc3c00000-0xc3cfffff]
[    0.829643] pci 0000:02:00.0: [1ff2:10a1] type 00 class 0x020000
[    0.829674] pci 0000:02:00.0: reg 0x10: [mem 0x1b2f3100000-0x1b2f31fffff 64bit pref]
[    0.829688] pci 0000:02:00.0: reg 0x18: [io  0x8100-0x81ff]
[    0.829721] pci 0000:02:00.0: reg 0x20: [mem 0x1b2f3604000-0x1b2f3607fff 64bit pref]
[    0.829734] pci 0000:02:00.0: reg 0x30: [mem 0xc3200000-0xc33fffff pref]
[    0.829881] pci 0000:02:00.0: PME# supported from D0 D3hot
[    0.829945] pci 0000:02:00.0: reg 0x25c: [mem 0x1b2f3504000-0x1b2f3507fff 64bit pref]
[    0.829947] pci 0000:02:00.0: VF(n) BAR0 space: [mem 0x1b2f3504000-0x1b2f3603fff 64bit pref] (contains BAR0 for 64 VFs)
[    0.829990] pci 0000:02:00.0: reg 0x26c: [mem 0x1b2f3404000-0x1b2f3407fff 64bit pref]
[    0.829992] pci 0000:02:00.0: VF(n) BAR4 space: [mem 0x1b2f3404000-0x1b2f3503fff 64bit pref] (contains BAR4 for 64 VFs)
[    0.830420] pci 0000:02:00.0: 31.504 Gb/s available PCIe bandwidth, limited by 8.0 GT/s PCIe x4 link at 0000:00:05.3 (capable of 63.008 Gb/s with 8.0 GT/s PCIe x8 link)
[    0.830584] pci 0000:02:00.1: [1ff2:10a1] type 00 class 0x020000
[    0.830616] pci 0000:02:00.1: reg 0x10: [mem 0x1b2f3000000-0x1b2f30fffff 64bit pref]
[    0.830629] pci 0000:02:00.1: reg 0x18: [io  0x8000-0x80ff]
[    0.830662] pci 0000:02:00.1: reg 0x20: [mem 0x1b2f3400000-0x1b2f3403fff 64bit pref]
[    0.830675] pci 0000:02:00.1: reg 0x30: [mem 0xc3000000-0xc31fffff pref]
[    0.830811] pci 0000:02:00.1: PME# supported from D0 D3hot
[    0.830861] pci 0000:02:00.1: reg 0x25c: [mem 0x1b2f3300000-0x1b2f3303fff 64bit pref]
[    0.830863] pci 0000:02:00.1: VF(n) BAR0 space: [mem 0x1b2f3300000-0x1b2f33fffff 64bit pref] (contains BAR0 for 64 VFs)
[    0.830906] pci 0000:02:00.1: reg 0x26c: [mem 0x1b2f3200000-0x1b2f3203fff 64bit pref]
[    0.830907] pci 0000:02:00.1: VF(n) BAR4 space: [mem 0x1b2f3200000-0x1b2f32fffff 64bit pref] (contains BAR4 for 64 VFs)
[    0.831447] pci 0000:00:05.3: PCI bridge to [bus 02-03]
[    0.831454] pci 0000:00:05.3:   bridge window [io  0x8000-0x8fff]
[    0.831457] pci 0000:00:05.3:   bridge window [mem 0xc3000000-0xc33fffff]
[    0.831463] pci 0000:00:05.3:   bridge window [mem 0x1b2f3000000-0x1b2f36fffff 64bit pref]
[    0.831546] pci 0000:04:00.0: [10ec:8168] type 00 class 0x020000
[    0.831574] pci 0000:04:00.0: reg 0x10: [io  0x7000-0x70ff]
[    0.831613] pci 0000:04:00.0: reg 0x18: [mem 0xc3b04000-0xc3b04fff 64bit]
[    0.831637] pci 0000:04:00.0: reg 0x20: [mem 0xc3b00000-0xc3b03fff 64bit]
[    0.831788] pci 0000:04:00.0: supports D1 D2
[    0.831789] pci 0000:04:00.0: PME# supported from D0 D1 D2 D3hot D3cold
[    0.832037] pci 0000:00:05.7: PCI bridge to [bus 04]
[    0.832043] pci 0000:00:05.7:   bridge window [io  0x7000-0x7fff]
[    0.832046] pci 0000:00:05.7:   bridge window [mem 0xc3b00000-0xc3bfffff]
[    0.832164] pci 0000:05:00.0: [1d94:14a5] type 00 class 0x130000
[    0.832276] pci 0000:05:00.0: enabling Extended Tags
[    0.832560] pci 0000:05:00.1: [1d94:148c] type 00 class 0x0c0330
[    0.832593] pci 0000:05:00.1: reg 0x10: [mem 0xc3900000-0xc39fffff 64bit]
[    0.832668] pci 0000:05:00.1: enabling Extended Tags
[    0.832777] pci 0000:05:00.1: PME# supported from D0 D3hot D3cold
[    0.832966] pci 0000:05:00.2: [1d94:7901] type 00 class 0x010601
[    0.833054] pci 0000:05:00.2: reg 0x24: [mem 0xc3a00000-0xc3a00fff]
[    0.833079] pci 0000:05:00.2: enabling Extended Tags
[    0.833186] pci 0000:05:00.2: PME# supported from D3hot D3cold
[    0.833416] pci 0000:00:08.1: PCI bridge to [bus 05]
[    0.833426] pci 0000:00:08.1:   bridge window [mem 0xc3900000-0xc3afffff]
[    0.833532] pci 0000:06:00.0: [1d94:14a5] type 00 class 0x130000
[    0.833641] pci 0000:06:00.0: enabling Extended Tags
[    0.833944] pci 0000:06:00.1: [1d94:148c] type 00 class 0x0c0330
[    0.833977] pci 0000:06:00.1: reg 0x10: [mem 0xc3600000-0xc36fffff 64bit]
[    0.834052] pci 0000:06:00.1: enabling Extended Tags
[    0.834161] pci 0000:06:00.1: PME# supported from D0 D3hot D3cold
[    0.834349] pci 0000:06:00.3: [1d94:14a9] type 00 class 0x040300
[    0.834374] pci 0000:06:00.3: reg 0x10: [mem 0xc3800000-0xc3807fff]
[    0.834436] pci 0000:06:00.3: enabling Extended Tags
[    0.834466] pci 0000:06:00.3: PME# supported from D0 D3hot D3cold
[    0.834539] pci 0000:06:00.4: [1d94:14a6] type 00 class 0x108000
[    0.834554] pci 0000:06:00.4: reg 0x18: [mem 0xc3700000-0xc37fffff]
[    0.834566] pci 0000:06:00.4: reg 0x24: [mem 0xc3808000-0xc3809fff]
[    0.834574] pci 0000:06:00.4: enabling Extended Tags
[    0.834694] pci 0000:00:09.1: PCI bridge to [bus 06]
[    0.834699] pci 0000:00:09.1:   bridge window [mem 0xc3600000-0xc38fffff]
[    0.835545] ACPI: PCI Root Bridge [S_N1] (domain 0000 [bus 80-ff])
[    0.835551] acpi PNP0A08:01: _OSC: OS supports [ExtendedConfig ASPM ClockPM Segments MSI EDR HPX-Type3]
[    0.835656] acpi PNP0A08:01: _OSC: platform does not support [SHPCHotplug AER LTR DPC]
[    0.835846] acpi PNP0A08:01: _OSC: OS now controls [PCIeHotplug PME PCIeCapability]
[    0.836233] PCI host bridge to bus 0000:80
[    0.836237] pci_bus 0000:80: root bus resource [io  0xf000-0xffff window]
[    0.836239] pci_bus 0000:80: root bus resource [mem 0x93000000-0x964fffff window]
[    0.836241] pci_bus 0000:80: root bus resource [mem 0x5a800000000-0x5b001ffffff window]
[    0.836243] pci_bus 0000:80: root bus resource [bus 80-ff]
[    0.836257] pci 0000:80:00.0: [1d94:14a0] type 00 class 0x060000
[    0.836374] pci 0000:80:00.2: [1d94:149e] type 00 class 0x080600
[    0.836525] pci 0000:80:01.0: [1d94:14a2] type 00 class 0x060000
[    0.836641] pci 0000:80:02.0: [1d94:14a2] type 00 class 0x060000
[    0.836754] pci 0000:80:03.0: [1d94:14a2] type 00 class 0x060000
[    0.836869] pci 0000:80:05.0: [1d94:14a2] type 00 class 0x060000
[    0.836973] pci 0000:80:05.1: [1d94:14a3] type 01 class 0x060400
[    0.837116] pci 0000:80:05.1: PME# supported from D0 D3hot D3cold
[    0.837337] pci 0000:80:06.0: [1d94:14a2] type 00 class 0x060000
[    0.837451] pci 0000:80:07.0: [1d94:14a2] type 00 class 0x060000
[    0.837565] pci 0000:80:08.0: [1d94:14a2] type 00 class 0x060000
[    0.837672] pci 0000:80:08.1: [1d94:14a4] type 01 class 0x060400
[    0.837729] pci 0000:80:08.1: enabling Extended Tags
[    0.837811] pci 0000:80:08.1: PME# supported from D0 D3hot D3cold
[    0.837985] pci 0000:80:09.0: [1d94:14a2] type 00 class 0x060000
[    0.838094] pci 0000:80:09.1: [1d94:14a4] type 01 class 0x060400
[    0.838150] pci 0000:80:09.1: enabling Extended Tags
[    0.838230] pci 0000:80:09.1: PME# supported from D0 D3hot D3cold
[    0.838512] pci 0000:81:00.0: [10de:27b2] type 00 class 0x030000
[    0.838532] pci 0000:81:00.0: reg 0x10: [mem 0x93000000-0x93ffffff]
[    0.838550] pci 0000:81:00.0: reg 0x14: [mem 0x5a800000000-0x5afffffffff 64bit pref]
[    0.838567] pci 0000:81:00.0: reg 0x1c: [mem 0x5b000000000-0x5b001ffffff 64bit pref]
[    0.838578] pci 0000:81:00.0: reg 0x24: [io  0xf000-0xf07f]
[    0.838590] pci 0000:81:00.0: reg 0x30: [mem 0x94000000-0x9407ffff pref]
[    0.838697] pci 0000:81:00.0: PME# supported from D0 D3hot
[    0.839008] pci 0000:81:00.1: [10de:22bc] type 00 class 0x040300
[    0.839028] pci 0000:81:00.1: reg 0x10: [mem 0x94080000-0x94083fff]
[    0.839278] pci 0000:80:05.1: PCI bridge to [bus 81]
[    0.839285] pci 0000:80:05.1:   bridge window [io  0xf000-0xffff]
[    0.839288] pci 0000:80:05.1:   bridge window [mem 0x93000000-0x940fffff]
[    0.839294] pci 0000:80:05.1:   bridge window [mem 0x5a800000000-0x5b001ffffff 64bit pref]
[    0.839409] pci 0000:82:00.0: [1d94:14a5] type 00 class 0x130000
[    0.839519] pci 0000:82:00.0: enabling Extended Tags
[    0.839825] pci 0000:82:00.1: [1d94:148c] type 00 class 0x0c0330
[    0.839858] pci 0000:82:00.1: reg 0x10: [mem 0x94300000-0x943fffff 64bit]
[    0.839933] pci 0000:82:00.1: enabling Extended Tags
[    0.840043] pci 0000:82:00.1: PME# supported from D0 D3hot D3cold
[    0.840258] pci 0000:80:08.1: PCI bridge to [bus 82]
[    0.840268] pci 0000:80:08.1:   bridge window [mem 0x94300000-0x943fffff]
[    0.840373] pci 0000:83:00.0: [1d94:14a5] type 00 class 0x130000
[    0.840483] pci 0000:83:00.0: enabling Extended Tags
[    0.840791] pci 0000:83:00.4: [1d94:14a6] type 00 class 0x108000
[    0.840842] pci 0000:83:00.4: reg 0x18: [mem 0x94100000-0x941fffff]
[    0.840882] pci 0000:83:00.4: reg 0x24: [mem 0x94200000-0x94201fff]
[    0.840906] pci 0000:83:00.4: enabling Extended Tags
[    0.841218] pci 0000:80:09.1: PCI bridge to [bus 83]
[    0.841227] pci 0000:80:09.1:   bridge window [mem 0x94100000-0x942fffff]
[    0.841438] ACPI: PCI: Interrupt link LNKA configured for IRQ 0
[    0.841493] ACPI: PCI: Interrupt link LNKB configured for IRQ 0
[    0.841546] ACPI: PCI: Interrupt link LNKC configured for IRQ 0
[    0.841598] ACPI: PCI: Interrupt link LNKD configured for IRQ 0
[    0.841649] ACPI: PCI: Interrupt link LNKE configured for IRQ 0
[    0.841701] ACPI: PCI: Interrupt link LNKF configured for IRQ 0
[    0.841753] ACPI: PCI: Interrupt link LNKG configured for IRQ 0
[    0.841804] ACPI: PCI: Interrupt link LNKH configured for IRQ 0
[    0.842147] iommu: Default domain type: Translated
[    0.842147] iommu: DMA domain TLB invalidation policy: lazy mode
[    0.842147] SCSI subsystem initialized
[    0.842147] libata version 3.00 loaded.
[    0.842147] ACPI: bus type USB registered
[    0.842147] usbcore: registered new interface driver usbfs
[    0.842147] usbcore: registered new interface driver hub
[    0.842147] usbcore: registered new device driver usb
[    0.844408] pps_core: LinuxPPS API ver. 1 registered
[    0.844411] pps_core: Software ver. 5.3.6 - Copyright 2005-2007 Rodolfo Giometti <giometti@linux.it>
[    0.844414] PTP clock support registered
[    0.844436] EDAC MC: Ver: 3.0.0
[    0.844436] efivars: Registered efivars operations
[    0.844436] Advanced Linux Sound Architecture Driver Initialized.
[    0.844436] NetLabel: Initializing
[    0.844436] NetLabel:  domain hash size = 128
[    0.844436] NetLabel:  protocols = UNLABELED CIPSOv4 CALIPSO
[    0.844455] NetLabel:  unlabeled traffic allowed by default
[    0.844453] audit: type=1409 audit(1776955616.272:2): netlabel: auid=0 ses=0 nlbl_domain=(default) nlbl_protocol=unlbl res=1
[    0.844460] PCI: Using ACPI for IRQ routing
[    0.844453] audit: type=1406 audit(1776955616.272:3): netlabel: auid=0 ses=0 unlbl_accept=1 old=0
[    0.863067] PCI: pci_cache_line_size set to 64 bytes
[    0.863150] e820: reserve RAM buffer [mem 0x0009f000-0x0009ffff]
[    0.863152] e820: reserve RAM buffer [mem 0x534fe018-0x53ffffff]
[    0.863154] e820: reserve RAM buffer [mem 0x53523018-0x53ffffff]
[    0.863155] e820: reserve RAM buffer [mem 0x53549018-0x53ffffff]
[    0.863156] e820: reserve RAM buffer [mem 0x53592018-0x53ffffff]
[    0.863157] e820: reserve RAM buffer [mem 0x6e831000-0x6fffffff]
[    0.863158] e820: reserve RAM buffer [mem 0x76229000-0x77ffffff]
[    0.863160] e820: reserve RAM buffer [mem 0x2077d80000-0x2077ffffff]
[    0.864228] pci 0000:81:00.0: vgaarb: setting as boot VGA device
[    0.864228] pci 0000:81:00.0: vgaarb: bridge control possible
[    0.864229] pci 0000:81:00.0: vgaarb: VGA device added: decodes=io+mem,owns=none,locks=none
[    0.864232] vgaarb: loaded
[    0.864291] hpet0: at MMIO 0xfed00000, IRQs 2, 8, 0
[    0.864296] hpet0: 3 comparators, 32-bit 14.318180 MHz counter
[    0.865306] amd_nb: Hygon Fam18h Model6h NB driver.
[    0.865306] amd_nb: Socket number: 1
[    0.865306] amd_nb: DF ID: 0
[    0.865306] amd_nb: DF ID: 1
[    0.865306] amd_nb: DF ID: 4
[    0.865314] clocksource: Switched to clocksource tsc-early
[    0.865909] VFS: Disk quotas dquot_6.6.0
[    0.865922] VFS: Dquot-cache hash table entries: 512 (order 0, 4096 bytes)
[    0.865935] pnp: PnP ACPI init
[    0.865935] system 00:00: [mem 0xe0000000-0xefffffff] has been reserved
[    0.865935] system 00:02: [io  0x04d0-0x04d1] has been reserved
[    0.865935] system 00:02: [io  0x040b] has been reserved
[    0.865935] system 00:02: [io  0x04d6] has been reserved
[    0.865935] system 00:02: [io  0x0c00-0x0c01] has been reserved
[    0.865935] system 00:02: [io  0x0c14] has been reserved
[    0.865935] system 00:02: [io  0x0c50-0x0c51] has been reserved
[    0.865935] system 00:02: [io  0x0c52] has been reserved
[    0.865935] system 00:02: [io  0x0c6c] has been reserved
[    0.865935] system 00:02: [io  0x0c6f] has been reserved
[    0.865935] system 00:02: [io  0x0cd0-0x0cd1] has been reserved
[    0.865935] system 00:02: [io  0x0cd2-0x0cd3] has been reserved
[    0.865935] system 00:02: [io  0x0cd4-0x0cd5] has been reserved
[    0.865935] system 00:02: [io  0x0cd6-0x0cd7] has been reserved
[    0.865935] system 00:02: [io  0x0cd8-0x0cdf] has been reserved
[    0.865935] system 00:02: [io  0x0800-0x089f] has been reserved
[    0.865935] system 00:02: [io  0x0b00-0x0b0f] has been reserved
[    0.865935] system 00:02: [io  0x0b20-0x0b3f] has been reserved
[    0.865935] system 00:02: [io  0x0900-0x090f] has been reserved
[    0.865935] system 00:02: [io  0x0910-0x091f] has been reserved
[    0.865935] system 00:02: [mem 0xfec00000-0xfec00fff] could not be reserved
[    0.865935] system 00:02: [mem 0xfec01000-0xfec01fff] has been reserved
[    0.865935] system 00:02: [mem 0xfedc0000-0xfedc0fff] has been reserved
[    0.865935] system 00:02: [mem 0xfee00000-0xfee00fff] has been reserved
[    0.865935] system 00:02: [mem 0xfed80000-0xfed8ffff] could not be reserved
[    0.865935] system 00:02: [mem 0xfed61000-0xfed70fff] has been reserved
[    0.865935] system 00:02: [mem 0xfec10000-0xfec10fff] has been reserved
[    0.865935] system 00:02: [mem 0xff000000-0xffffffff] has been reserved
[    0.866022] pnp: PnP ACPI: found 5 devices
[    0.871930] clocksource: acpi_pm: mask: 0xffffff max_cycles: 0xffffff, max_idle_ns: 2085701024 ns
[    0.871993] NET: Registered PF_INET protocol family
[    0.872163] IP idents hash table entries: 262144 (order: 9, 2097152 bytes, linear)
[    0.889340] tcp_listen_portaddr_hash hash table entries: 65536 (order: 8, 1048576 bytes, linear)
[    0.889469] Table-perturb hash table entries: 65536 (order: 6, 262144 bytes, linear)
[    0.889758] TCP established hash table entries: 524288 (order: 10, 4194304 bytes, linear)
[    0.890456] TCP bind hash table entries: 65536 (order: 9, 2097152 bytes, linear)
[    0.890600] TCP: Hash tables configured (established 524288 bind 65536)
[    0.890811] MPTCP token hash table entries: 65536 (order: 8, 1572864 bytes, linear)
[    0.891054] UDP hash table entries: 65536 (order: 9, 2097152 bytes, linear)
[    0.891379] UDP-Lite hash table entries: 65536 (order: 9, 2097152 bytes, linear)
[    0.891618] NET: Registered PF_UNIX/PF_LOCAL protocol family
[    0.891625] NET: Registered PF_XDP protocol family
[    0.891654] pci 0000:00:05.2: PCI bridge to [bus 01]
[    0.891661] pci 0000:00:05.2:   bridge window [mem 0xc3c00000-0xc3cfffff]
[    0.891667] pci 0000:00:05.3: PCI bridge to [bus 02-03]
[    0.891670] pci 0000:00:05.3:   bridge window [io  0x8000-0x8fff]
[    0.891673] pci 0000:00:05.3:   bridge window [mem 0xc3000000-0xc33fffff]
[    0.891676] pci 0000:00:05.3:   bridge window [mem 0x1b2f3000000-0x1b2f36fffff 64bit pref]
[    0.891680] pci 0000:00:05.7: PCI bridge to [bus 04]
[    0.891682] pci 0000:00:05.7:   bridge window [io  0x7000-0x7fff]
[    0.891685] pci 0000:00:05.7:   bridge window [mem 0xc3b00000-0xc3bfffff]
[    0.891690] pci 0000:00:08.1: PCI bridge to [bus 05]
[    0.891693] pci 0000:00:08.1:   bridge window [mem 0xc3900000-0xc3afffff]
[    0.891698] pci 0000:00:09.1: PCI bridge to [bus 06]
[    0.891700] pci 0000:00:09.1:   bridge window [mem 0xc3600000-0xc38fffff]
[    0.891708] pci_bus 0000:00: resource 4 [io  0x0000-0x02e7 window]
[    0.891710] pci_bus 0000:00: resource 5 [io  0x0300-0x03df window]
[    0.891711] pci_bus 0000:00: resource 6 [io  0x0400-0x0cf7 window]
[    0.891713] pci_bus 0000:00: resource 7 [io  0x7000-0x8fff window]
[    0.891714] pci_bus 0000:00: resource 8 [mem 0x000a0000-0x000dffff window]
[    0.891716] pci_bus 0000:00: resource 9 [mem 0xc3000000-0xc5cfffff window]
[    0.891717] pci_bus 0000:00: resource 10 [mem 0x1b2f3000000-0x1b2f36fffff window]
[    0.891719] pci_bus 0000:01: resource 1 [mem 0xc3c00000-0xc3cfffff]
[    0.891721] pci_bus 0000:02: resource 0 [io  0x8000-0x8fff]
[    0.891722] pci_bus 0000:02: resource 1 [mem 0xc3000000-0xc33fffff]
[    0.891724] pci_bus 0000:02: resource 2 [mem 0x1b2f3000000-0x1b2f36fffff 64bit pref]
[    0.891725] pci_bus 0000:04: resource 0 [io  0x7000-0x7fff]
[    0.891727] pci_bus 0000:04: resource 1 [mem 0xc3b00000-0xc3bfffff]
[    0.891728] pci_bus 0000:05: resource 1 [mem 0xc3900000-0xc3afffff]
[    0.891730] pci_bus 0000:06: resource 1 [mem 0xc3600000-0xc38fffff]
[    0.891776] pci 0000:80:05.1: PCI bridge to [bus 81]
[    0.891778] pci 0000:80:05.1:   bridge window [io  0xf000-0xffff]
[    0.891781] pci 0000:80:05.1:   bridge window [mem 0x93000000-0x940fffff]
[    0.891783] pci 0000:80:05.1:   bridge window [mem 0x5a800000000-0x5b001ffffff 64bit pref]
[    0.891788] pci 0000:80:08.1: PCI bridge to [bus 82]
[    0.891791] pci 0000:80:08.1:   bridge window [mem 0x94300000-0x943fffff]
[    0.891795] pci 0000:80:09.1: PCI bridge to [bus 83]
[    0.891798] pci 0000:80:09.1:   bridge window [mem 0x94100000-0x942fffff]
[    0.891803] pci_bus 0000:80: resource 4 [io  0xf000-0xffff window]
[    0.891804] pci_bus 0000:80: resource 5 [mem 0x93000000-0x964fffff window]
[    0.891806] pci_bus 0000:80: resource 6 [mem 0x5a800000000-0x5b001ffffff window]
[    0.891808] pci_bus 0000:81: resource 0 [io  0xf000-0xffff]
[    0.891809] pci_bus 0000:81: resource 1 [mem 0x93000000-0x940fffff]
[    0.891810] pci_bus 0000:81: resource 2 [mem 0x5a800000000-0x5b001ffffff 64bit pref]
[    0.891812] pci_bus 0000:82: resource 1 [mem 0x94300000-0x943fffff]
[    0.891813] pci_bus 0000:83: resource 1 [mem 0x94100000-0x942fffff]
[    0.892263] pci 0000:81:00.1: extending delay after power-on from D3hot to 20 msec
[    0.892299] pci 0000:81:00.1: D0 power state depends on 0000:81:00.0
[    0.892475] PCI: CLS 64 bytes, default 64
[    0.892500] pci 0000:00:00.2: AMD-Vi: IOMMU performance counters supported
[    0.892546] Trying to unpack rootfs image as initramfs...
[    0.892553] pci 0000:00:01.0: Adding to iommu group 0
[    0.892578] pci 0000:00:02.0: Adding to iommu group 1
[    0.892602] pci 0000:00:03.0: Adding to iommu group 2
[    0.892631] pci 0000:00:05.0: Adding to iommu group 3
[    0.892648] pci 0000:00:05.2: Adding to iommu group 4
[    0.892664] pci 0000:00:05.3: Adding to iommu group 5
[    0.892682] pci 0000:00:05.7: Adding to iommu group 6
[    0.892706] pci 0000:00:06.0: Adding to iommu group 7
[    0.892730] pci 0000:00:07.0: Adding to iommu group 8
[    0.892755] pci 0000:00:08.0: Adding to iommu group 9
[    0.892773] pci 0000:00:08.1: Adding to iommu group 10
[    0.892799] pci 0000:00:09.0: Adding to iommu group 11
[    0.892832] pci 0000:00:09.1: Adding to iommu group 12
[    0.892877] pci 0000:00:0b.0: Adding to iommu group 13
[    0.892894] pci 0000:00:0b.3: Adding to iommu group 13
[    0.892983] pci 0000:00:0c.0: Adding to iommu group 14
[    0.892999] pci 0000:00:0c.1: Adding to iommu group 14
[    0.893015] pci 0000:00:0c.2: Adding to iommu group 14
[    0.893031] pci 0000:00:0c.3: Adding to iommu group 14
[    0.893048] pci 0000:00:0c.4: Adding to iommu group 14
[    0.893063] pci 0000:00:0c.5: Adding to iommu group 14
[    0.893079] pci 0000:00:0c.6: Adding to iommu group 14
[    0.893096] pci 0000:00:0c.7: Adding to iommu group 14
[    0.893185] pci 0000:00:0d.0: Adding to iommu group 15
[    0.893202] pci 0000:00:0d.1: Adding to iommu group 15
[    0.893222] pci 0000:00:0d.2: Adding to iommu group 15
[    0.893239] pci 0000:00:0d.3: Adding to iommu group 15
[    0.893256] pci 0000:00:0d.4: Adding to iommu group 15
[    0.893273] pci 0000:00:0d.5: Adding to iommu group 15
[    0.893290] pci 0000:00:0d.6: Adding to iommu group 15
[    0.893307] pci 0000:00:0d.7: Adding to iommu group 15
[    0.893398] pci 0000:00:10.0: Adding to iommu group 16
[    0.893416] pci 0000:00:10.1: Adding to iommu group 16
[    0.893434] pci 0000:00:10.2: Adding to iommu group 16
[    0.893452] pci 0000:00:10.3: Adding to iommu group 16
[    0.893470] pci 0000:00:10.4: Adding to iommu group 16
[    0.893488] pci 0000:00:10.5: Adding to iommu group 16
[    0.893506] pci 0000:00:10.6: Adding to iommu group 16
[    0.893526] pci 0000:00:10.7: Adding to iommu group 16
[    0.893543] pci 0000:01:00.0: Adding to iommu group 17
[    0.893561] pci 0000:02:00.0: Adding to iommu group 18
[    0.893580] pci 0000:02:00.1: Adding to iommu group 19
[    0.893596] pci 0000:04:00.0: Adding to iommu group 20
[    0.893613] pci 0000:05:00.0: Adding to iommu group 21
[    0.893630] pci 0000:05:00.1: Adding to iommu group 22
[    0.893647] pci 0000:05:00.2: Adding to iommu group 23
[    0.893664] pci 0000:06:00.0: Adding to iommu group 24
[    0.893681] pci 0000:06:00.1: Adding to iommu group 25
[    0.893698] pci 0000:06:00.3: Adding to iommu group 26
[    0.893715] pci 0000:06:00.4: Adding to iommu group 27
[    0.896205] pci 0000:80:00.2: AMD-Vi: IOMMU performance counters supported
[    0.896264] pci 0000:80:01.0: Adding to iommu group 28
[    0.896288] pci 0000:80:02.0: Adding to iommu group 29
[    0.896313] pci 0000:80:03.0: Adding to iommu group 30
[    0.896341] pci 0000:80:05.0: Adding to iommu group 31
[    0.896360] pci 0000:80:05.1: Adding to iommu group 32
[    0.896384] pci 0000:80:06.0: Adding to iommu group 33
[    0.896409] pci 0000:80:07.0: Adding to iommu group 34
[    0.896438] pci 0000:80:08.0: Adding to iommu group 35
[    0.896457] pci 0000:80:08.1: Adding to iommu group 36
[    0.896484] pci 0000:80:09.0: Adding to iommu group 37
[    0.896502] pci 0000:80:09.1: Adding to iommu group 38
[    0.896538] pci 0000:81:00.0: Adding to iommu group 39
[    0.896563] pci 0000:81:00.1: Adding to iommu group 39
[    0.896584] pci 0000:82:00.0: Adding to iommu group 40
[    0.896607] pci 0000:82:00.1: Adding to iommu group 41
[    0.896629] pci 0000:83:00.0: Adding to iommu group 42
[    0.896650] pci 0000:83:00.4: Adding to iommu group 43
[    0.898250] pci 0000:00:00.2: AMD-Vi: Found IOMMU cap 0x40
[    0.898252] AMD-Vi: Extended features (0x59f73ef22294ade, 0x0): PPR X2APIC NX GT IA GA PC GA_vAPIC
[    0.898259] pci 0000:80:00.2: AMD-Vi: Found IOMMU cap 0x40
[    0.898260] AMD-Vi: Extended features (0x59f73ef22294ade, 0x0): PPR X2APIC NX GT IA GA PC GA_vAPIC
[    0.898266] AMD-Vi: Interrupt remapping enabled
[    0.898267] AMD-Vi: X2APIC enabled
[    0.898578] AMD-Vi: Virtual APIC enabled
[    0.898602] PCI-DMA: Using software bounce buffering for IO (SWIOTLB)
[    0.898603] software IO TLB: mapped [mem 0x000000006a831000-0x000000006e831000] (64MB)
[    0.898700] perf/amd_iommu: Detected AMD IOMMU #0 (2 banks, 4 counters/bank).
[    0.898729] perf/amd_iommu: Detected AMD IOMMU #1 (2 banks, 4 counters/bank).
[    0.899401] Initialise system trusted keyrings
[    0.899412] Key type blacklist registered
[    0.899441] workingset: timestamp_bits=36 max_order=25 bucket_order=0
[    0.899720] squashfs: version 4.0 (2009/01/31) Phillip Lougher
[    0.899800] fuse: init (API version 7.40)
[    0.899879] integrity: Platform Keyring initialized
[    0.899885] integrity: Machine keyring initialized
[    0.907810] Key type asymmetric registered
[    0.907812] Asymmetric key parser 'x509' registered
[    0.907832] Block layer SCSI generic (bsg) driver version 0.4 loaded (major 243)
[    0.907879] io scheduler mq-deadline registered
[    0.907890] io scheduler bfq registered
[    0.910942] pcieport 0000:00:05.2: PME: Signaling with IRQ 33
[    0.911069] pcieport 0000:00:05.3: PME: Signaling with IRQ 34
[    0.911189] pcieport 0000:00:05.7: PME: Signaling with IRQ 35
[    0.911296] pcieport 0000:00:08.1: PME: Signaling with IRQ 36
[    0.911405] pcieport 0000:00:09.1: PME: Signaling with IRQ 37
[    0.911543] pcieport 0000:80:05.1: PME: Signaling with IRQ 38
[    0.911728] pcieport 0000:80:08.1: PME: Signaling with IRQ 39
[    0.912003] pcieport 0000:80:09.1: PME: Signaling with IRQ 41
[    0.912166] shpchp: Standard Hot Plug PCI Controller Driver version: 0.4
[    0.912325] input: Power Button as /devices/LNXSYSTM:00/LNXSYBUS:00/PNP0C0C:00/input/input0
[    0.912345] ACPI: button: Power Button [PWRB]
[    0.912371] input: Power Button as /devices/LNXSYSTM:00/LNXPWRBN:00/input/input1
[    0.912423] ACPI: button: Power Button [PWRF]
[    0.912778] Monitor-Mwait will be used to enter C-1 state
[    0.912782] ACPI: \_SB_.C000: Found 2 idle states
[    0.912864] ACPI: \_SB_.C001: Found 2 idle states
[    0.912944] ACPI: \_SB_.C002: Found 2 idle states
[    0.913002] ACPI: \_SB_.C003: Found 2 idle states
[    0.913055] ACPI: \_SB_.C004: Found 2 idle states
[    0.913246] ACPI: \_SB_.C005: Found 2 idle states
[    0.913316] ACPI: \_SB_.C006: Found 2 idle states
[    0.913392] ACPI: \_SB_.C007: Found 2 idle states
[    0.913507] ACPI: \_SB_.C008: Found 2 idle states
[    0.913645] ACPI: \_SB_.C009: Found 2 idle states
[    0.913744] ACPI: \_SB_.C00A: Found 2 idle states
[    0.913847] ACPI: \_SB_.C00B: Found 2 idle states
[    0.913947] ACPI: \_SB_.C00C: Found 2 idle states
[    0.914047] ACPI: \_SB_.C00D: Found 2 idle states
[    0.914148] ACPI: \_SB_.C00E: Found 2 idle states
[    0.914247] ACPI: \_SB_.C00F: Found 2 idle states
[    0.914482] Serial: 8250/16550 driver, 32 ports, IRQ sharing enabled
[    0.914703] 00:03: ttyS0 at I/O 0x3f8 (irq = 4, base_baud = 115200) is a 16550A
[    0.915358] 00:04: ttyS2 at I/O 0x3e8 (irq = 3, base_baud = 115200) is a 16550A
[    0.917497] Linux agpgart interface v0.103
[    0.920021] loop: module loaded
[    0.920249] tun: Universal TUN/TAP device driver, 1.6
[    0.920398] i8042: PNP: No PS/2 controller found.
[    0.920441] mousedev: PS/2 mouse device common for all mice
[    0.920501] rtc_cmos 00:01: RTC can wake from S4
[    0.920864] rtc_cmos 00:01: registered as rtc0
[    0.920922] rtc_cmos 00:01: setting system clock to 2026-04-23T14:46:56 UTC (1776955616)
[    0.920957] rtc_cmos 00:01: alarms up to one day, y3k, 114 bytes nvram
[    0.920964] i2c_dev: i2c /dev entries driver
[    0.921003] device-mapper: core: CONFIG_IMA_DISABLE_HTABLE is disabled. Duplicate IMA measurements will not be recorded in the IMA log.
[    0.921010] device-mapper: uevent: version 1.0.3
[    0.921046] device-mapper: ioctl: 4.48.0-ioctl (2023-03-01) initialised: dm-devel@redhat.com
[    0.921250] ledtrig-cpu: registered to indicate activity on CPUs
[    0.921277] efifb: probing for efifb
[    0.921289] efifb: framebuffer at 0x5a800000000, using 3072k, total 3072k
[    0.921291] efifb: mode is 1024x768x32, linelength=4096, pages=1
[    0.921292] efifb: scrolling: redraw
[    0.921293] efifb: Truecolor: size=8:8:8:8, shift=24:16:8:0
[    0.921371] Console: switching to colour frame buffer device 128x48
[    0.922094] fb0: EFI VGA frame buffer device
[    0.922237] ccp 0000:06:00.4: no command queues available
[    0.922400] ccp 0000:83:00.4: no command queues available
[    0.922446] ashmem: initialized
[    0.922625] NET: Registered PF_PACKET protocol family
[    0.923476] microcode: Current revision: 0x00000000
[    0.923645] microcode: Microcode Update Driver: v2.2.
[    0.923852] resctrl: L3 allocation detected
[    0.923854] resctrl: MB allocation detected
[    0.923855] resctrl: L3 monitoring detected
[    0.923862] IPI shorthand broadcast: enabled
[    0.925374] sched_clock: Marking stable (920443571, 4365529)->(928154352, -3345252)
[    0.925531] registered taskstats version 1
[    0.926104] Loading compiled-in X.509 certificates
[    0.926688] Loaded X.509 cert 'Build time autogenerated kernel key: a15d42653bc85e3bb23811e2587113a62f476757'
[    0.928275] Key type .fscrypt registered
[    0.928277] Key type fscrypt-provisioning registered
[    1.252351] Freeing initrd memory: 117616K
[    1.257582] cryptd: max_cpu_qlen set to 1000
[    1.270505] Key type encrypted registered
[    1.270515] KYCP: Init kycp entries under securityfs SUCCESS!
[    1.270676] ima: No TPM chip found, activating TPM-bypass!
[    1.270679] Loading compiled-in module X.509 certificates
[    1.271196] Loaded X.509 cert 'Build time autogenerated kernel key: a15d42653bc85e3bb23811e2587113a62f476757'
[    1.271198] ima: Allocated hash algorithm: sha1
[    1.271206] ima: No architecture policies found
[    1.271215] evm: Initialising EVM extended attributes:
[    1.271216] evm: security.selinux
[    1.271217] evm: security.SMACK64 (disabled)
[    1.271218] evm: security.SMACK64EXEC (disabled)
[    1.271219] evm: security.SMACK64TRANSMUTE (disabled)
[    1.271220] evm: security.SMACK64MMAP (disabled)
[    1.271221] evm: security.apparmor
[    1.271222] evm: security.ima
[    1.271223] evm: security.capability
[    1.271223] evm: HMAC attrs: 0x1
[    1.271558] PM:   Magic number: 6:437:789
[    1.271802] acpi_cpufreq: overriding BIOS provided _PSD data
[    1.272752] audit: type=1334 audit(1776955616.848:4): prog-id=1 op=LOAD
[    1.274013] audit: type=1334 audit(1776955616.852:5): prog-id=2 op=LOAD
[    1.276192] RAS: Correctable Errors collector initialized.
[    1.289617] clk: Disabling unused clocks
[    1.289620] ALSA device list:
[    1.289622]   No soundcards found.
[    1.290882] Freeing unused decrypted memory: 2028K
[    1.291458] Freeing unused kernel image (initmem) memory: 4632K
[    1.291476] Write protecting the kernel read-only data: 34816k
[    1.291729] Freeing unused kernel image (rodata/data gap) memory: 608K
[    1.291736] Run /init as init process
[    1.291737]   with arguments:
[    1.291739]     /init
[    1.291740]     splash
[    1.291741]   with environment:
[    1.291742]     HOME=/
[    1.291742]     TERM=linux
[    1.291743]     BOOT_IMAGE=/ostree/kylin-233d332e8a78ae96784a48754d7fc7499a8495e4ae206adfaede579176d0f4fe/vmlinuz-6.6.0-63-generic
[    1.291744]     ostree=/ostree/boot.1/kylin/233d332e8a78ae96784a48754d7fc7499a8495e4ae206adfaede579176d0f4fe/0
[    1.291885] audit: type=1334 audit(1776955616.868:6): prog-id=1 op=UNLOAD
[    1.338552] ACPI: bus type drm_connector registered
[    1.346268] ksaf_main: loading out-of-tree module taints kernel.
[    1.346273] ksaf_main: module verification failed: signature and/or required key missing - tainting kernel
[    1.348830] KSAF: hooks register finished!
[    1.348832] KSAF: hooks unregister finished!
[    1.348833] ksaf common init begin!
[    1.348881] KSAF: hooks register finished!
[    1.365076] ksaf kprobe register success
[    1.365179] KSAF: hooks register finished!
[    1.365207] Init ksaf_auth fs SUCCESS!
[    1.365212] ksaf_audit: init ksaf_audit_cache_queue.
[    1.365236] ksaf_audit: audit thread handle func starting...
[    1.365237] KSAF: hooks register finished!
[    1.365341] KSAF: hooks register finished!
[    1.365350] ksaf-devctl: devctl module init finished!
[    1.365351] KSAF: hooks register finished!
[    1.365352] ksaf netctl init end ! 
[    1.365353] KSAF: hooks register finished!
[    1.365353] ksaf_taskctl_init end! 
[    1.365354] KSAF: hooks register finished!
[    1.365355] KSAF: hooks register finished!
[    1.474132] xhci_hcd 0000:05:00.1: xHCI Host Controller
[    1.474141] xhci_hcd 0000:05:00.1: new USB bus registered, assigned bus number 1
[    1.474359] xhci_hcd 0000:05:00.1: hcc params 0x0128ffc5 hci version 0x110 quirks 0x0000000000000010
[    1.475022] xhci_hcd 0000:05:00.1: xHCI Host Controller
[    1.475027] xhci_hcd 0000:05:00.1: new USB bus registered, assigned bus number 2
[    1.475030] xhci_hcd 0000:05:00.1: Host supports USB 3.1 Enhanced SuperSpeed
[    1.475077] usb usb1: New USB device found, idVendor=1d6b, idProduct=0002, bcdDevice= 6.06
[    1.475080] usb usb1: New USB device strings: Mfr=3, Product=2, SerialNumber=1
[    1.475081] usb usb1: Product: xHCI Host Controller
[    1.475083] usb usb1: Manufacturer: Linux 6.6.0-63-generic xhci-hcd
[    1.475084] usb usb1: SerialNumber: 0000:05:00.1
[    1.475780] hub 1-0:1.0: USB hub found
[    1.475796] hub 1-0:1.0: 4 ports detected
[    1.475964] usb usb2: We don't know the algorithms for LPM for this host, disabling LPM.
[    1.475989] usb usb2: New USB device found, idVendor=1d6b, idProduct=0003, bcdDevice= 6.06
[    1.475992] usb usb2: New USB device strings: Mfr=3, Product=2, SerialNumber=1
[    1.475994] usb usb2: Product: xHCI Host Controller
[    1.475996] usb usb2: Manufacturer: Linux 6.6.0-63-generic xhci-hcd
[    1.475998] usb usb2: SerialNumber: 0000:05:00.1
[    1.476096] hub 2-0:1.0: USB hub found
[    1.476108] hub 2-0:1.0: 4 ports detected
[    1.476398] xhci_hcd 0000:06:00.1: xHCI Host Controller
[    1.476405] xhci_hcd 0000:06:00.1: new USB bus registered, assigned bus number 3
[    1.476625] xhci_hcd 0000:06:00.1: hcc params 0x0128ffc5 hci version 0x110 quirks 0x0000000000000010
[    1.477366] xhci_hcd 0000:06:00.1: xHCI Host Controller
[    1.477370] xhci_hcd 0000:06:00.1: new USB bus registered, assigned bus number 4
[    1.477373] xhci_hcd 0000:06:00.1: Host supports USB 3.1 Enhanced SuperSpeed
[    1.477409] usb usb3: New USB device found, idVendor=1d6b, idProduct=0002, bcdDevice= 6.06
[    1.477412] usb usb3: New USB device strings: Mfr=3, Product=2, SerialNumber=1
[    1.477414] usb usb3: Product: xHCI Host Controller
[    1.477415] usb usb3: Manufacturer: Linux 6.6.0-63-generic xhci-hcd
[    1.477416] usb usb3: SerialNumber: 0000:06:00.1
[    1.477541] hub 3-0:1.0: USB hub found
[    1.477553] hub 3-0:1.0: 4 ports detected
[    1.477771] usb usb4: We don't know the algorithms for LPM for this host, disabling LPM.
[    1.477795] usb usb4: New USB device found, idVendor=1d6b, idProduct=0003, bcdDevice= 6.06
[    1.477798] usb usb4: New USB device strings: Mfr=3, Product=2, SerialNumber=1
[    1.477799] usb usb4: Product: xHCI Host Controller
[    1.477800] usb usb4: Manufacturer: Linux 6.6.0-63-generic xhci-hcd
[    1.477801] usb usb4: SerialNumber: 0000:06:00.1
[    1.477925] hub 4-0:1.0: USB hub found
[    1.477937] hub 4-0:1.0: 4 ports detected
[    1.478196] xhci_hcd 0000:82:00.1: xHCI Host Controller
[    1.478211] xhci_hcd 0000:82:00.1: new USB bus registered, assigned bus number 5
[    1.478385] xhci_hcd 0000:82:00.1: USB3 root hub has no ports
[    1.478389] xhci_hcd 0000:82:00.1: hcc params 0x0128ffc5 hci version 0x110 quirks 0x0000000000000010
[    1.478620] ahci 0000:05:00.2: version 3.0
[    1.479353] xhci_hcd 0000:82:00.1: xHCI Host Controller
[    1.479360] xhci_hcd 0000:82:00.1: new USB bus registered, assigned bus number 6
[    1.479365] xhci_hcd 0000:82:00.1: Host supports USB 3.0 SuperSpeed
[    1.479404] usb usb5: New USB device found, idVendor=1d6b, idProduct=0002, bcdDevice= 6.06
[    1.479407] usb usb5: New USB device strings: Mfr=3, Product=2, SerialNumber=1
[    1.479409] usb usb5: Product: xHCI Host Controller
[    1.479411] usb usb5: Manufacturer: Linux 6.6.0-63-generic xhci-hcd
[    1.479412] usb usb5: SerialNumber: 0000:82:00.1
[    1.480894] ahci 0000:05:00.2: AHCI 0001.0301 32 slots 3 ports 6 Gbps 0xb impl SATA mode
[    1.480899] ahci 0000:05:00.2: flags: 64bit ncq sntf ilck pm led clo only pmp fbs pio slum part 
[    1.486262] hub 5-0:1.0: USB hub found
[    1.486281] hub 5-0:1.0: 4 ports detected
[    1.490880] nvme nvme0: pci function 0000:01:00.0
[    1.493008] scsi host0: ahci
[    1.493047] usb usb6: We don't know the algorithms for LPM for this host, disabling LPM.
[    1.493068] usb usb6: New USB device found, idVendor=1d6b, idProduct=0003, bcdDevice= 6.06
[    1.493071] usb usb6: New USB device strings: Mfr=3, Product=2, SerialNumber=1
[    1.493073] usb usb6: Product: xHCI Host Controller
[    1.493075] usb usb6: Manufacturer: Linux 6.6.0-63-generic xhci-hcd
[    1.493076] usb usb6: SerialNumber: 0000:82:00.1
[    1.493148] scsi host1: ahci
[    1.493175] hub 6-0:1.0: USB hub found
[    1.493181] hub 6-0:1.0: config failed, hub doesn't have any ports! (err -19)
[    1.493241] scsi host2: ahci
[    1.493398] scsi host3: ahci
[    1.493438] ata1: SATA max UDMA/133 abar m4096@0xc3a00000 port 0xc3a00100 irq 76
[    1.493442] ata2: SATA max UDMA/133 abar m4096@0xc3a00000 port 0xc3a00180 irq 77
[    1.493443] ata3: DUMMY
[    1.493446] ata4: SATA max UDMA/133 abar m4096@0xc3a00000 port 0xc3a00280 irq 79
[    1.512417] nvme nvme0: allocated 40 MiB host memory buffer.
[    1.526103] nvme nvme0: 16/0/0 default/read/poll queues
[    1.530218]  nvme0n1: p1 p2 p3 p4 p5 p6
[    1.732377] usb 3-1: new low-speed USB device number 2 using xhci_hcd
[    1.744373] usb 5-1: new low-speed USB device number 2 using xhci_hcd
[    1.897432] usb 3-1: New USB device found, idVendor=413c, idProduct=301a, bcdDevice= 1.00
[    1.897437] usb 3-1: New USB device strings: Mfr=1, Product=2, SerialNumber=0
[    1.897439] usb 3-1: Product: Dell MS116 USB Optical Mouse
[    1.897441] usb 3-1: Manufacturer: PixArt
[    1.907369] usb 5-1: New USB device found, idVendor=2a7a, idProduct=6a08, bcdDevice= 0.01
[    1.907374] usb 5-1: New USB device strings: Mfr=0, Product=2, SerialNumber=0
[    1.907376] usb 5-1: Product: U
[    1.916376] tsc: Refined TSC clocksource calibration: 2799.998 MHz
[    1.916386] clocksource: tsc: mask: 0xffffffffffffffff max_cycles: 0x285c3ee517e, max_idle_ns: 440795257231 ns
[    1.916431] clocksource: Switched to clocksource tsc
[    1.968392] ata4: SATA link up 1.5 Gbps (SStatus 113 SControl 300)
[    1.968427] ata2: SATA link up 6.0 Gbps (SStatus 133 SControl 300)
[    1.968463] ata1: SATA link up 6.0 Gbps (SStatus 133 SControl 300)
[    1.970837] ata4.00: ATAPI: HL-DT-ST DVDRAM GUD1N, 1.01, max UDMA/133
[    1.972234] ata4.00: configured for UDMA/133
[    1.996446] ata2.00: ATA-10: ST2000DM008-2UB102, 0001, max UDMA/133
[    1.996481] ata1.00: ATA-10: ST2000DM008-2UB102, 0001, max UDMA/133
[    2.005541] ata2.00: 3907029168 sectors, multi 16: LBA48 NCQ (depth 32), AA
[    2.005579] ata1.00: 3907029168 sectors, multi 16: LBA48 NCQ (depth 32), AA
[    2.036377] usb 3-3: new high-speed USB device number 3 using xhci_hcd
[    2.056377] usb 5-4: new full-speed USB device number 3 using xhci_hcd
[    2.064924] ata2.00: configured for UDMA/133
[    2.064984] ata1.00: configured for UDMA/133
[    2.065071] scsi 0:0:0:0: Direct-Access     ATA      ST2000DM008-2UB1 0001 PQ: 0 ANSI: 5
[    2.065254] sd 0:0:0:0: Attached scsi generic sg0 type 0
[    2.065305] sd 0:0:0:0: [sda] 3907029168 512-byte logical blocks: (2.00 TB/1.82 TiB)
[    2.065309] sd 0:0:0:0: [sda] 4096-byte physical blocks
[    2.065317] sd 0:0:0:0: [sda] Write Protect is off
[    2.065318] sd 0:0:0:0: [sda] Mode Sense: 00 3a 00 00
[    2.065328] sd 0:0:0:0: [sda] Write cache: enabled, read cache: enabled, doesn't support DPO or FUA
[    2.065341] sd 0:0:0:0: [sda] Preferred minimum I/O size 4096 bytes
[    2.065373] scsi 1:0:0:0: Direct-Access     ATA      ST2000DM008-2UB1 0001 PQ: 0 ANSI: 5
[    2.065557] sd 1:0:0:0: Attached scsi generic sg1 type 0
[    2.065567] sd 1:0:0:0: [sdb] 3907029168 512-byte logical blocks: (2.00 TB/1.82 TiB)
[    2.065570] sd 1:0:0:0: [sdb] 4096-byte physical blocks
[    2.065576] sd 1:0:0:0: [sdb] Write Protect is off
[    2.065578] sd 1:0:0:0: [sdb] Mode Sense: 00 3a 00 00
[    2.065587] sd 1:0:0:0: [sdb] Write cache: enabled, read cache: enabled, doesn't support DPO or FUA
[    2.065601] sd 1:0:0:0: [sdb] Preferred minimum I/O size 4096 bytes
[    2.067174] scsi 3:0:0:0: CD-ROM            HL-DT-ST DVDRAM GUD1N     1.01 PQ: 0 ANSI: 5
[    2.083229]  sdb:
[    2.083247] sd 1:0:0:0: [sdb] Attached SCSI disk
[    2.112989]  sda: sda1 sda2 sda3 sda4 sda5 sda6
[    2.113187] sd 0:0:0:0: [sda] Attached SCSI disk
[    2.160060] sr 3:0:0:0: [sr0] scsi3-mmc drive: 24x/24x writer dvd-ram cd/rw xa/form2 cdda tray
[    2.160063] cdrom: Uniform CD-ROM driver Revision: 3.20
[    2.186856] usb 3-3: New USB device found, idVendor=0bda, idProduct=c811, bcdDevice= 2.00
[    2.186861] usb 3-3: New USB device strings: Mfr=1, Product=2, SerialNumber=3
[    2.186863] usb 3-3: Product: 802.11ac NIC
[    2.186865] usb 3-3: Manufacturer: Realtek
[    2.186867] usb 3-3: SerialNumber: 123456
[    2.197932] sr 3:0:0:0: Attached scsi CD-ROM sr0
[    2.197986] sr 3:0:0:0: Attached scsi generic sg2 type 5
[    2.205388] hid: raw HID events driver (C) Jiri Kosina
[    2.226453] usbcore: registered new interface driver usbhid
[    2.226457] usbhid: USB HID core driver
[    2.227608] usb 5-4: New USB device found, idVendor=31b2, idProduct=0020, bcdDevice= 1.03
[    2.227613] usb 5-4: New USB device strings: Mfr=1, Product=4, SerialNumber=2
[    2.227615] usb 5-4: Product: Audio fs 1.0
[    2.227617] usb 5-4: Manufacturer: Hifi 384Khz Type-C Audio
[    2.227618] usb 5-4: SerialNumber: 2021-11-11-0000-0000-0000
[    2.230168] input: PixArt Dell MS116 USB Optical Mouse as /devices/pci0000:00/0000:00:09.1/0000:06:00.1/usb3/3-1/3-1:1.0/0003:413C:301A.0001/input/input2
[    2.230253] hid-generic 0003:413C:301A.0001: input,hidraw0: USB HID v1.11 Mouse [PixArt Dell MS116 USB Optical Mouse] on usb-0000:06:00.1-1/input0
[    2.230378] input: U as /devices/pci0000:80/0000:80:08.1/0000:82:00.1/usb5/5-1/5-1:1.0/0003:2A7A:6A08.0002/input/input3
[    2.263449] input: Hifi 384Khz Type-C Audio Audio fs 1.0 as /devices/pci0000:80/0000:80:08.1/0000:82:00.1/usb5/5-4/5-4:1.3/0003:31B2:0020.0004/input/input4
[    2.288435] hid-generic 0003:2A7A:6A08.0002: input,hidraw1: USB HID v1.10 Keyboard [U] on usb-0000:82:00.1-1/input0
[    2.288540] input: U Consumer Control as /devices/pci0000:80/0000:80:08.1/0000:82:00.1/usb5/5-1/5-1:1.1/0003:2A7A:6A08.0003/input/input5
[    2.348437] hid-generic 0003:31B2:0020.0004: input,hidraw2: USB HID v1.11 Device [Hifi 384Khz Type-C Audio Audio fs 1.0] on usb-0000:82:00.1-4/input3
[    2.412443] input: U System Control as /devices/pci0000:80/0000:80:08.1/0000:82:00.1/usb5/5-1/5-1:1.1/0003:2A7A:6A08.0003/input/input6
[    2.412496] hid-generic 0003:2A7A:6A08.0003: input,hidraw3: USB HID v1.10 Device [U] on usb-0000:82:00.1-1/input1
[    2.850528] EXT4-fs (nvme0n1p3): mounted filesystem 6c5e330e-cee6-46c3-8981-7d68992f336f r/w with ordered data mode. Quota mode: none.
[    2.872257] BOX Initializing.
[    2.872268] Init box entries under sysfs SUCCESS!
[    2.872277] KSAF: hooks register finished!
[    2.875545] KSAF: hooks register finished!
[    2.875548] ksaf-devctl module insmod successful!
[    2.878830] KSAF: hooks register finished!
[    2.878843] kysec_exectl: Allocated hash algorithm: sm3
[    2.989503] overlayfs: option "workdir=/root/sysroot/ostree/pkgs/ovl-c6914efa45786c8ff432b2a1a2c0933bbcdcb411d43bf03b65c83b3e5d4a2bc9.2/usr-ovl/usr-work" is useless in a non-upper mount, ignore
[    3.071262] ksaf common: ksaf policy changed
[    3.159340] systemd[1]: RTC configured in localtime, applying delta of 480 minutes to system time.
[    3.173644] systemd[1]: Inserted module 'autofs4'
[    3.208055] NET: Registered PF_INET6 protocol family
[    3.218832] Segment Routing with IPv6
[    3.218842] In-situ OAM (IOAM) with IPv6
[    3.234263] systemd[1]: systemd 255.2-ok1.9k1.39 running in system mode (+PAM +AUDIT +SELINUX +APPARMOR +IMA +SMACK +SECCOMP +GCRYPT -GNUTLS +OPENSSL +ACL +BLKID +CURL +ELFUTILS +FIDO2 +IDN2 -IDN +IPTC +KMOD +LIBCRYPTSETUP +LIBFDISK +PCRE2 -PWQUALITY +P11KIT +QRENCODE +TPM2 +BZIP2 +LZ4 +XZ +ZLIB +ZSTD -BPF_FRAMEWORK -XKBCOMMON +UTMP +SYSVINIT default-hierarchy=unified)
[    3.234270] systemd[1]: Detected architecture x86-64.
[    3.235637] systemd[1]: Hostname set to <kylin-pc>.
[    3.279382] audit: type=1334 audit(1776926818.854:7): prog-id=3 op=LOAD
[    3.279391] audit: type=1300 audit(1776926818.854:7): arch=c000003e syscall=321 success=yes exit=8 a0=5 a1=7ffed6531750 a2=90 a3=0 items=0 ppid=0 pid=1 auid=4294967295 uid=0 gid=0 euid=0 suid=0 fsuid=0 egid=0 sgid=0 fsgid=0 tty=(none) ses=4294967295 comm="systemd" exe="/usr/lib/systemd/systemd" key=(null)
[    3.279393] audit: type=1327 audit(1776926818.854:7): proctitle=2F7362696E2F696E69740073706C617368
[    3.279402] audit: type=1334 audit(1776926818.854:8): prog-id=3 op=UNLOAD
[    3.485426] systemd[1]: /usr/lib/systemd/system/ostree-coredata-restore.service:12: Unit uses KillMode=none. This is unsafe, as it disables systemd's process lifecycle management for the service. Please update the service to use a safer KillMode=, such as 'mixed' or 'control-group'. Support for KillMode=none is deprecated and will eventually be removed.
[    3.490263] systemd[1]: /usr/lib/systemd/system/kylin-unattended-upgrades.service:8: Unknown key name 'StartLimitIntervalSec' in section 'Service', ignoring.
[    3.577729] systemd[1]: Queued start job for default target graphical.target.
[    3.621535] systemd[1]: Created slice system-modprobe.slice - Slice /system/modprobe.
[    3.621882] systemd[1]: Created slice user.slice - User and Session Slice.
[    3.621981] systemd[1]: Started systemd-ask-password-wall.path - Forward Password Requests to Wall Directory Watch.
[    3.622178] systemd[1]: Set up automount proc-sys-fs-binfmt_misc.automount - Arbitrary Executable File Formats File System Automount Point.
[    3.622203] systemd[1]: Expecting device dev-disk-by\x2duuid-1A48\x2d1848.device - /dev/disk/by-uuid/1A48-1848...
[    3.622211] systemd[1]: Expecting device dev-disk-by\x2duuid-90402a6c\x2ddd03\x2d40e2\x2dae13\x2ddb0ef5c93d60.device - /dev/disk/by-uuid/90402a6c-dd03-40e2-ae13-db0ef5c93d60...
[    3.622217] systemd[1]: Expecting device dev-disk-by\x2duuid-c29608a5\x2d43c8\x2d4ea6\x2daf62\x2dcaee80009d21.device - /dev/disk/by-uuid/c29608a5-43c8-4ea6-af62-caee80009d21...
[    3.622224] systemd[1]: Expecting device dev-disk-by\x2duuid-f9e0a809\x2d7e25\x2d4127\x2da401\x2db65f96ead797.device - /dev/disk/by-uuid/f9e0a809-7e25-4127-a401-b65f96ead797...
[    3.622243] systemd[1]: Reached target integritysetup.target - Local Integrity Protected Volumes.
[    3.622270] systemd[1]: Reached target nss-user-lookup.target - User and Group Name Lookups.
[    3.622284] systemd[1]: Reached target remote-fs.target - Remote File Systems.
[    3.622295] systemd[1]: Reached target slices.target - Slice Units.
[    3.622326] systemd[1]: Reached target veritysetup.target - Local Verity Protected Volumes.
[    3.622415] systemd[1]: Listening on dm-event.socket - Device-mapper event daemon FIFOs.
[    3.622676] systemd[1]: Listening on lvm2-lvmpolld.socket - LVM2 poll daemon socket.
[    3.622817] systemd[1]: Listening on syslog.socket - Syslog Socket.
[    3.624546] systemd[1]: Listening on systemd-coredump.socket - Process Core Dump Socket.
[    3.624659] systemd[1]: Listening on systemd-fsckd.socket - fsck to fsckd communication Socket.
[    3.624732] systemd[1]: Listening on systemd-initctl.socket - initctl Compatibility Named Pipe.
[    3.624864] systemd[1]: Listening on systemd-journald-dev-log.socket - Journal Socket (/dev/log).
[    3.625010] systemd[1]: Listening on systemd-journald.socket - Journal Socket.
[    3.625058] systemd[1]: systemd-pcrextend.socket - TPM2 PCR Extension (Varlink) was skipped because of an unmet condition check (ConditionSecurity=measured-uki).
[    3.625360] systemd[1]: Listening on systemd-udevd-control.socket - udev Control Socket.
[    3.625469] systemd[1]: Listening on systemd-udevd-kernel.socket - udev Kernel Socket.
[    3.626565] systemd[1]: Mounting dev-hugepages.mount - Huge Pages File System...
[    3.627305] systemd[1]: Mounting dev-mqueue.mount - POSIX Message Queue File System...
[    3.628104] systemd[1]: Mounting sys-kernel-debug.mount - Kernel Debug File System...
[    3.628873] systemd[1]: Mounting sys-kernel-tracing.mount - Kernel Trace File System...
[    3.629794] systemd[1]: Starting blk-availability.service - Availability of block devices...
[    3.630640] systemd[1]: Starting conf2-compile.service - KYSDK CONF2 COMPILE CONFIG FILE...
[    3.631631] systemd[1]: Starting keyboard-setup.service - Set the console keyboard layout...
[    3.632567] systemd[1]: Starting kmod-static-nodes.service - Create List of Static Device Nodes...
[    3.633483] systemd[1]: Started ksafmonitor.service - monitor ksaf dynamic uid.
[    3.634605] systemd[1]: Starting lvm2-monitor.service - Monitoring of LVM2 mirrors, snapshots etc. using dmeventd or progress polling...
[    3.635510] systemd[1]: Starting modprobe@configfs.service - Load Kernel Module configfs...
[    3.636479] systemd[1]: Starting modprobe@dm_mod.service - Load Kernel Module dm_mod...
[    3.637455] systemd[1]: Starting modprobe@drm.service - Load Kernel Module drm...
[    3.638377] systemd[1]: Starting modprobe@efi_pstore.service - Load Kernel Module efi_pstore...
[    3.639304] systemd[1]: Starting modprobe@fuse.service - Load Kernel Module fuse...
[    3.640215] systemd[1]: Starting modprobe@loop.service - Load Kernel Module loop...
[    3.640361] systemd[1]: systemd-fsck-root.service - File System Check on Root Device was skipped because of an unmet condition check (ConditionPathExists=!/run/initramfs/fsck-root).
[    3.642084] systemd[1]: Starting systemd-journald.service - Journal Service...
[    3.643854] systemd[1]: Starting systemd-modules-load.service - Load Kernel Modules...
[    3.643872] systemd[1]: systemd-pcrmachine.service - TPM2 PCR Machine ID Measurement was skipped because of an unmet condition check (ConditionSecurity=measured-uki).
[    3.644824] systemd[1]: Starting systemd-remount-fs.service - Remount Root and Kernel File Systems...
[    3.644875] systemd[1]: systemd-tpm2-setup-early.service - TPM2 SRK Setup (Early) was skipped because of an unmet condition check (ConditionSecurity=measured-uki).
[    3.645280] pstore: Using crash dump compression: deflate
[    3.645789] systemd[1]: Starting systemd-udev-trigger.service - Coldplug All udev Devices...
[    3.646373] pstore: Registered efi_pstore as persistent store backend
[    3.648460] systemd[1]: Mounted dev-hugepages.mount - Huge Pages File System.
[    3.648648] systemd[1]: Mounted dev-mqueue.mount - POSIX Message Queue File System.
[    3.648764] systemd[1]: Mounted sys-kernel-debug.mount - Kernel Debug File System.
[    3.648884] systemd[1]: Mounted sys-kernel-tracing.mount - Kernel Trace File System.
[    3.649152] systemd[1]: Finished blk-availability.service - Availability of block devices.
[    3.649434] systemd[1]: Finished kmod-static-nodes.service - Create List of Static Device Nodes.
[    3.649792] systemd[1]: modprobe@configfs.service: Deactivated successfully.
[    3.649978] systemd[1]: Finished modprobe@configfs.service - Load Kernel Module configfs.
[    3.650350] systemd[1]: modprobe@dm_mod.service: Deactivated successfully.
[    3.650539] systemd[1]: Finished modprobe@dm_mod.service - Load Kernel Module dm_mod.
[    3.650905] systemd[1]: modprobe@drm.service: Deactivated successfully.
[    3.651088] systemd[1]: Finished modprobe@drm.service - Load Kernel Module drm.
[    3.651461] systemd[1]: modprobe@efi_pstore.service: Deactivated successfully.
[    3.651637] systemd[1]: Finished modprobe@efi_pstore.service - Load Kernel Module efi_pstore.
[    3.651999] systemd[1]: modprobe@fuse.service: Deactivated successfully.
[    3.652180] systemd[1]: Finished modprobe@fuse.service - Load Kernel Module fuse.
[    3.652556] systemd[1]: modprobe@loop.service: Deactivated successfully.
[    3.652730] systemd[1]: Finished modprobe@loop.service - Load Kernel Module loop.
[    3.653954] systemd[1]: Mounting sys-fs-fuse-connections.mount - FUSE Control File System...
[    3.654775] systemd[1]: Mounting sys-kernel-config.mount - Kernel Configuration File System...
[    3.654860] systemd[1]: systemd-repart.service - Repartition Root Disk was skipped because no trigger condition checks were met.
[    3.655915] systemd[1]: Starting systemd-tmpfiles-setup-dev-early.service - Create Static Device Nodes in /dev gracefully...
[    3.657597] systemd-journald[725]: Collecting audit messages is disabled.
[    3.659462] lp: driver loaded but no devices found
[    3.661983] systemd[1]: Mounted sys-fs-fuse-connections.mount - FUSE Control File System.
[    3.662125] systemd[1]: Mounted sys-kernel-config.mount - Kernel Configuration File System.
[    3.662810] ppdev: user-space parallel port driver
[    3.666982] systemd[1]: Finished systemd-modules-load.service - Load Kernel Modules.
[    3.668112] systemd[1]: Starting ksaf-devctl-sync-early.service - ksaf devctl effect in time...
[    3.669042] systemd[1]: Starting systemd-sysctl.service - Apply Kernel Variables...
[    3.674302] systemd[1]: Finished systemd-tmpfiles-setup-dev-early.service - Create Static Device Nodes in /dev gracefully.
[    3.677414] systemd[1]: Finished ksaf-devctl-sync-early.service - ksaf devctl effect in time.
[    3.681460] systemd[1]: Finished systemd-sysctl.service - Apply Kernel Variables.
[    3.684997] systemd[1]: Finished keyboard-setup.service - Set the console keyboard layout.
[    3.692729] EXT4-fs (nvme0n1p3): re-mounted 6c5e330e-cee6-46c3-8981-7d68992f336f.
[    3.694588] systemd[1]: conf2-compile.service: Deactivated successfully.
[    3.694794] systemd[1]: Finished conf2-compile.service - KYSDK CONF2 COMPILE CONFIG FILE.
[    3.695089] systemd[1]: Finished systemd-remount-fs.service - Remount Root and Kernel File Systems.
[    3.696249] systemd[1]: Started ksaf-audit-daemon.service - Ksaf audit daemon.
[    3.697492] systemd[1]: systemd-hwdb-update.service - Rebuild Hardware Database was skipped because of an unmet condition check (ConditionNeedsUpdate=/etc).
[    3.697535] systemd[1]: systemd-pstore.service - Platform Persistent Storage Archival was skipped because of an unmet condition check (ConditionDirectoryNotEmpty=/sys/fs/pstore).
[    3.697601] systemd[1]: systemd-sysusers.service - Create System Users was skipped because no trigger condition checks were met.
[    3.698486] systemd[1]: Starting systemd-tmpfiles-setup-dev.service - Create Static Device Nodes in /dev...
[    3.698505] systemd[1]: systemd-tpm2-setup.service - TPM2 SRK Setup was skipped because of an unmet condition check (ConditionSecurity=measured-uki).
[    3.709551] systemd[1]: Finished systemd-tmpfiles-setup-dev.service - Create Static Device Nodes in /dev.
[    3.711028] systemd[1]: Starting systemd-udevd.service - Rule-based Manager for Device Events and Files...
[    3.741442] systemd[1]: Started systemd-journald.service - Journal Service.
[    3.876001] sxe: LD 1160-2X 2-port 10G SFP+ NIC init start, version[1.1.0.3], commit_id[382f50b],branch[develop/rc/sagitta-1.1.0_B003], build_time[2024-04-25 20:50:04]
[    3.876008] sxe: Copyright (C), 2022, Linkdata Technology Co., Ltd.
[    3.876451] piix4_smbus 0000:00:0b.0: SMBus Host Controller at 0xb00, revision 0
[    3.876457] piix4_smbus 0000:00:0b.0: Using register 0x02 for SMBus port selection
[    3.903899] mc: Linux media interface: v0.10
[    3.920488] RAPL PMU: API unit is 2^-32 Joules, 1 fixed counters, 163840 ms ovfl timer
[    3.920493] RAPL PMU: hw unit of domain package 2^-16 Joules
[    3.926731] Adding 65534972k swap on /dev/nvme0n1p6.  Priority:-2 extents:1 across:65534972k SS
[    3.929694] EXT4-fs (nvme0n1p2): mounted filesystem f9e0a809-7e25-4127-a401-b65f96ead797 r/w with ordered data mode. Quota mode: none.
[    3.930562] r8169 0000:04:00.0 eth0: RTL8168h/8111h, e8:61:1a:4a:3e:e3, XID 541, IRQ 112
[    3.930569] r8169 0000:04:00.0 eth0: jumbo features [frames: 9194 bytes, tx checksumming: ko]
[    3.940401] sxe 0000:02:00.0: default mac addr = 24:9d:2a:00:5a:ba
[    3.946626] r8169 0000:04:00.0 enp4s0: renamed from eth0
[    3.951023] EXT4-fs (nvme0n1p5): mounted filesystem 90402a6c-dd03-40e2-ae13-db0ef5c93d60 r/w with ordered data mode. Quota mode: none.
[    4.052735] sxe 0000:02:00.0: multiqueue enabled: rx queue count = 16, tx queue count = 16 xdp queue count = 0
[    4.217266] sxe 0000:02:00.0: Linkdata Technology 10G Network Connection
[    4.237563] nouveau 0000:81:00.0: unknown chipset (194000a1)
[    4.237674] cfg80211: Loading compiled-in X.509 certificates for regulatory database
[    4.237921] Loaded X.509 cert 'sforshee: 00b28ddf47aef9cea7'
[    4.238081] Loaded X.509 cert 'wens: 61c038651aabdcf94bd0ac7ff06c7248db18c600'
[    4.245556] snd_hda_intel 0000:06:00.3: Disabling MSI
[    4.245816] snd_hda_intel 0000:81:00.1: Disabling MSI
[    4.245839] snd_hda_intel 0000:81:00.1: Handle vga_switcheroo audio client
[    4.250189] snd_hda_intel 0000:06:00.3: no codecs found!
[    4.284391] sxe 0000:02:00.1: default mac addr = 24:9d:2a:00:5a:bb
[    4.307410] input: HDA NVidia HDMI/DP,pcm=3 as /devices/pci0000:80/0000:80:05.1/0000:81:00.1/sound/card1/input7
[    4.307483] input: HDA NVidia HDMI/DP,pcm=7 as /devices/pci0000:80/0000:80:05.1/0000:81:00.1/sound/card1/input8
[    4.307556] input: HDA NVidia HDMI/DP,pcm=8 as /devices/pci0000:80/0000:80:05.1/0000:81:00.1/sound/card1/input9
[    4.307609] input: HDA NVidia HDMI/DP,pcm=9 as /devices/pci0000:80/0000:80:05.1/0000:81:00.1/sound/card1/input10
[    4.330485] nvidia: module license 'NVIDIA' taints kernel.
[    4.330494] nvidia: module license taints kernel.
[    4.392865] sxe 0000:02:00.1: multiqueue enabled: rx queue count = 16, tx queue count = 16 xdp queue count = 0
[    4.567389] nvidia-nvlink: Nvlink Core is being initialized, major device number 509

[    4.569206] nvidia 0000:81:00.0: vgaarb: VGA decodes changed: olddecodes=io+mem,decodes=none:owns=none
[    4.579184] kvm_amd: TSC scaling supported
[    4.579188] kvm_amd: Nested Virtualization enabled
[    4.579190] kvm_amd: Nested Paging enabled
[    4.579192] kvm_amd: LBR virtualization supported
[    4.579193] kvm_amd: CSV enabled (ASIDs 1 - 500)
[    4.579195] kvm_amd: enabled CSV2 (ASIDs 1 - 500)
[    4.580408] CSV: reuse ASID is unavailable
[    4.580411] CSV: CSV3 enabled (ASIDs 1 - 500)
[    4.580436] kvm_amd: Virtual VMLOAD VMSAVE supported
[    4.580437] kvm_amd: Virtual GIF supported
[    4.588050] MCE: In-kernel MCE decoding enabled.
[    4.612393] NVRM: loading NVIDIA UNIX x86_64 Kernel Module  570.211.01  Tue Nov 25 16:36:36 UTC 2025
[    4.620229] nvidia-modeset: Loading NVIDIA Kernel Mode Setting Driver for UNIX platforms  570.211.01  Tue Nov 25 16:11:39 UTC 2025
[    4.622739] rtw_8821cu 3-3:1.0: Firmware version 24.11.0, H2C version 12
[    4.623121] [drm] [nvidia-drm] [GPU ID 0x00008100] Loading driver
[    4.724487] intel_rapl_common: Found RAPL domain package
[    4.724492] intel_rapl_common: Found RAPL domain core
[    4.768519] usbcore: registered new interface driver snd-usb-audio
[    4.829970] ksaf_audit: 34 callbacks suppressed
[    4.921117] sxe 0000:02:00.1: Linkdata Technology 10G Network Connection
[    4.964657] sxe 0000:02:00.1 enp2s0f1: renamed from eth1
[    5.004702] sxe 0000:02:00.0 enp2s0f0: renamed from eth0
[    5.653828] usbcore: registered new interface driver rtw_8821cu
[    5.656221] rtw_8821cu 3-3:1.0 wlx500ff5261b8e: renamed from wlan0
[    6.371843] block nvme0n1: No UUID available providing old NGUID
[    6.374910] warning: `kylin-daq-daemo' uses wireless extensions which will stop working for Wi-Fi 7 hardware; use nl80211
[    6.391734] [drm] Initialized nvidia-drm 0.0.0 20160202 for 0000:81:00.0 on minor 0
[    6.391975] Console: switching to colour dummy device 80x25
[    6.392182] nvidia 0000:81:00.0: vgaarb: deactivate vga console
[    6.542278] fbcon: nvidia-drmdrmfb (fb0) is primary device
[    6.776332] Console: switching to colour frame buffer device 240x67
[    6.779044] nvidia 0000:81:00.0: [drm] fb0: nvidia-drmdrmfb frame buffer device
[    6.824469] show_signal_msg: 159 callbacks suppressed
[    6.824472] bluetoothServic[2104]: segfault at 10 ip 000070de789b1793 sp 000070de6e66c530 error 4 in libdbus-1.so.3.32.4[70de789b1000+2d000] likely on CPU 6 (core 6, socket 0)
[    6.824485] Code: 00 00 e9 b0 f8 ff ff ff 25 52 f8 03 00 66 90 ff 25 62 f8 03 00 66 90 31 c0 c3 85 c0 75 0c 48 8d 3d ba ff 02 00 e8 bd 63 02 00 <48> 8b 04 25 10 00 00 00 0f 0b e8 0e f9 ff ff 66 2e 0f 1f 84 00 00
[    6.826626] nvidia_uvm: module uses symbols nvUvmInterfaceDisableAccessCntr from proprietary module nvidia, inheriting taint.
[    6.860396] sxe 0000:02:00.0 enp2s0f0: SFP+ reset done, trigger link_config subtask
[    7.500386] Generic FE-GE Realtek PHY r8169-0-400:00: attached PHY driver (mii_bus:phy_addr=r8169-0-400:00, irq=MAC)
[    7.639260] ksaf_audit: 186 callbacks suppressed
[    7.708511] r8169 0000:04:00.0 enp4s0: Link is Down
[   10.314628] Initializing XFRM netlink socket
[   10.322218] IPsec XFRM device driver
[   10.450839] overlayfs: "xino" feature enabled using 32 upper inode bits.
[   10.451401] overlayfs: "xino" feature enabled using 32 upper inode bits.
[   10.451800] overlayfs: "xino" feature enabled using 32 upper inode bits.
[   10.452184] overlayfs: "xino" feature enabled using 32 upper inode bits.
[   10.452598] overlayfs: "xino" feature enabled using 32 upper inode bits.
[   10.452966] overlayfs: "xino" feature enabled using 32 upper inode bits.
[   10.453393] overlayfs: fs on '/usr/share' does not support file handles, falling back to xino=off.
[   10.453814] overlayfs: "xino" feature enabled using 32 upper inode bits.
[   10.454204] overlayfs: "xino" feature enabled using 32 upper inode bits.
[   10.600404] sxe 0000:02:00.1 enp2s0f1: SFP+ reset done, trigger link_config subtask
[   10.998678] ksaf common: ksaf policy changed
[   16.237994] wlx500ff5261b8e: authenticate with 24:a5:2c:fc:c8:30 (local address=50:0f:f5:26:1b:8e)
[   16.265615] wlx500ff5261b8e: send auth to 24:a5:2c:fc:c8:30 (try 1/3)
[   16.267310] wlx500ff5261b8e: authenticated
[   16.268376] wlx500ff5261b8e: associate with 24:a5:2c:fc:c8:30 (try 1/3)
[   16.275625] wlx500ff5261b8e: RX AssocResp from 24:a5:2c:fc:c8:30 (capab=0x1511 status=0 aid=12)
[   16.318497] wlx500ff5261b8e: associated
[   16.402261] wlx500ff5261b8e: Limiting TX power to 33 (33 - 0) dBm as advertised by 24:a5:2c:fc:c8:30
[   17.521052] st: Version 20160209, fixed bufsize 32768, s/g segs 256
[   17.948979] overlayfs: "xino" feature enabled using 32 upper inode bits.
[   17.949417] overlayfs: "xino" feature enabled using 32 upper inode bits.
[   17.949816] overlayfs: "xino" feature enabled using 32 upper inode bits.
[   17.950213] overlayfs: "xino" feature enabled using 32 upper inode bits.
[   17.950649] overlayfs: "xino" feature enabled using 32 upper inode bits.
[   17.951030] overlayfs: "xino" feature enabled using 32 upper inode bits.
[   17.951459] overlayfs: fs on '/usr/share' does not support file handles, falling back to xino=off.
[   17.951886] overlayfs: "xino" feature enabled using 32 upper inode bits.
[   17.952271] overlayfs: "xino" feature enabled using 32 upper inode bits.
[   18.360239] EXT4-fs (sda6): mounted filesystem 722a8637-ed2a-4388-98bc-e86877776d6e r/w with ordered data mode. Quota mode: none.
[   18.406476] EXT4-fs (sda4): mounted filesystem cc761eb8-ab1e-4f25-9650-8665afa3f041 r/w with ordered data mode. Quota mode: none.
[   18.461231] EXT4-fs (sda2): mounted filesystem 5710c11e-f59e-460c-8ca0-1237ddb9fc94 r/w with ordered data mode. Quota mode: none.
[   18.461929] EXT4-fs (sda3): mounted filesystem 86f128cc-e1b4-4248-872a-7f82e1727cae r/w with ordered data mode. Quota mode: none.
[   19.148180] overlayfs: "xino" feature enabled using 32 upper inode bits.
[   19.148684] overlayfs: "xino" feature enabled using 32 upper inode bits.
[   19.149111] overlayfs: "xino" feature enabled using 32 upper inode bits.
[   19.149509] overlayfs: "xino" feature enabled using 32 upper inode bits.
[   19.149916] overlayfs: "xino" feature enabled using 32 upper inode bits.
[   19.150333] overlayfs: "xino" feature enabled using 32 upper inode bits.
[   19.150776] overlayfs: fs on '/usr/share' does not support file handles, falling back to xino=off.
[   19.151200] overlayfs: "xino" feature enabled using 32 upper inode bits.
[   19.151587] overlayfs: "xino" feature enabled using 32 upper inode bits.
[   19.736598] overlayfs: "xino" feature enabled using 32 upper inode bits.
[   19.736947] overlayfs: "xino" feature enabled using 32 upper inode bits.
[   19.737422] overlayfs: "xino" feature enabled using 32 upper inode bits.
[   19.737832] overlayfs: "xino" feature enabled using 32 upper inode bits.
[   19.738208] overlayfs: "xino" feature enabled using 32 upper inode bits.
[   19.738652] overlayfs: "xino" feature enabled using 32 upper inode bits.
[   19.739045] overlayfs: fs on '/usr/share' does not support file handles, falling back to xino=off.
[   19.739492] overlayfs: "xino" feature enabled using 32 upper inode bits.
[   19.739893] overlayfs: "xino" feature enabled using 32 upper inode bits.
[   24.214334] SGI XFS with ACLs, security attributes, realtime, quota, no debug enabled
[   24.224958] JFS: nTxBlock = 8192, nTxLock = 65536
[   24.253709] QNX4 filesystem 0.2.3 registered.
[   24.328370] raid6: avx2x4   gen() 26507 MB/s
[   24.396370] raid6: avx2x2   gen() 27446 MB/s
[   24.464371] raid6: avx2x1   gen() 20257 MB/s
[   24.464373] raid6: using algorithm avx2x2 gen() 27446 MB/s
[   24.532370] raid6: .... xor() 16319 MB/s, rmw enabled
[   24.532372] raid6: using avx2x2 recovery algorithm
[   24.533779] xor: automatically using best checksumming function   avx       
[   24.645258] Btrfs loaded, zoned=yes, fsverity=yes
[   35.028219] systemd-journald[725]: Time jumped backwards, rotating.
[   42.840166] ksc-vulnerabili (17609): drop_caches: 3
[   44.888867] Bluetooth: Core ver 2.22
[   44.888916] NET: Registered PF_BLUETOOTH protocol family
[   44.888918] Bluetooth: HCI device and connection manager initialized
[   44.888924] Bluetooth: HCI socket layer initialized
[   44.888926] Bluetooth: L2CAP socket layer initialized
[   44.888931] Bluetooth: SCO socket layer initialized
[   50.402629] PM: suspend entry (deep)
[   50.417260] Filesystems sync: 0.014 seconds
[   50.417265] PM: Preparing system for sleep (deep)
[   50.492364] Freezing user space processes
[   50.540609] Freezing user space processes completed (elapsed 0.048 seconds)
[   50.540614] OOM killer disabled.
[   50.540616] Freezing remaining freezable tasks
[   50.542090] Freezing remaining freezable tasks completed (elapsed 0.001 seconds)
[   50.542093] PM: Suspending system (deep)
[   50.542125] printk: Suspending console(s) (use no_console_suspend to debug)
[   50.542421] wlx500ff5261b8e: deauthenticating from 24:a5:2c:fc:c8:30 by local choice (Reason: 3=DEAUTH_LEAVING)
[   50.565617] NVRM: GPU 0000:81:00.0: PreserveVideoMemoryAllocations module parameter is set. System Power Management attempted without driver procfs suspend interface. Please refer to the 'Configuring Power Management Support' section in the driver README.
[   50.565622] nvidia 0000:81:00.0: PM: pci_pm_suspend(): nv_pmops_suspend+0x0/0x70 [nvidia] returns -5
[   50.566172] nvidia 0000:81:00.0: PM: dpm_run_callback(): pci_pm_suspend+0x0/0x180 returns -5
[   50.566180] nvidia 0000:81:00.0: PM: failed to suspend async: error -5
[   50.572402] sd 0:0:0:0: [sda] Synchronizing SCSI cache
[   50.596383] sd 1:0:0:0: [sdb] Synchronizing SCSI cache
[   61.027884] PM: suspend of devices aborted after 10485.494 msecs
[   61.027888] PM: start suspend of devices aborted after 10485.730 msecs
[   61.027890] PM: Some devices failed to suspend, or early wake event detected
[   61.049032] nvme nvme0: 16/0/0 default/read/poll queues
[   61.224430] r8169 0000:04:00.0 enp4s0: Link is Down
[   62.982707] sxe 0000:02:00.1: multiqueue enabled: rx queue count = 16, tx queue count = 16 xdp queue count = 0
[   63.596907] sxe 0000:02:00.0: multiqueue enabled: rx queue count = 16, tx queue count = 16 xdp queue count = 0
[   63.656406] sxe 0000:02:00.1 enp2s0f1: SFP+ reset done, trigger link_config subtask
[   64.852423] PM: resume of devices complete after 3824.530 msecs
[   64.852941] OOM killer enabled.
[   64.852943] Restarting tasks: Starting
[   64.855775] Restarting tasks: Done
[   64.855825] random: crng reseeded on system resumption
[   64.855832] PM: suspend exit
[   64.884786] systemd-journald[725]: Received client request to flush runtime journal.
[   64.894131] systemd-journald[725]: /var/log/journal/0a4f6fa86b264bdb81d78c488f8f1a08/system.journal: Journal file uses a different sequence number ID, rotating.
[   64.894139] systemd-journald[725]: Rotating system journal.
[   65.085123] systemd-journald[725]: /var/log/journal/0a4f6fa86b264bdb81d78c488f8f1a08/system.journal: Realtime clock jumped backwards relative to last journal entry, rotating.
[   65.085132] systemd-journald[725]: Rotating system journal.
[   67.940405] sxe 0000:02:00.0 enp2s0f0: SFP+ reset done, trigger link_config subtask
[   68.793538] systemd-journald[725]: /var/log/journal/0a4f6fa86b264bdb81d78c488f8f1a08/user-1000.journal: Journal file uses a different sequence number ID, rotating.
[   71.442169] wlx500ff5261b8e: authenticate with 24:a5:2c:fa:c0:90 (local address=50:0f:f5:26:1b:8e)
[   71.473659] wlx500ff5261b8e: send auth to 24:a5:2c:fa:c0:90 (try 1/3)
