=~=~=~=~=~=~=~=~=~=~=~= MobaXterm log 2026.05.07 15:29:28 =~=~=~=~=~=~=~=~=~=~=~=

[2026-05-07 15:29:28.225] Error reading from serial device
[2026-05-07 15:29:28.225] 
[2026-05-07 15:29:28.284] 
[2026-05-07 15:29:28.284] 
[2026-05-07 15:29:28.284] Session stopped
[2026-05-07 15:29:28.284]     - Press <Return> to exit tab
[2026-05-07 15:29:28.284]     - Press R to restart session
[2026-05-07 15:29:28.284]     - Press S to save terminal output to file
[2026-05-07 15:29:28.284] 
[2026-05-07 15:29:28.299] 
[2026-05-07 15:29:28.299] 
[2026-05-07 15:29:28.299] Session stopped
[2026-05-07 15:29:28.299]     - Press <Return> to exit tab
[2026-05-07 15:29:28.299]     - Press R to restart session
[2026-05-07 15:29:28.299]     - Press S to save terminal output to file
[2026-05-07 15:29:28.299] [    0.000000][ 0] [    T0] Linux version 5.4.18-152-generic (root@ba6b5acfef64) (gcc version 9.4.0 (Ubuntu 9.4.0-1ubuntu1~20.04.1)) #141 SMP Wed Sep 10 20:29:19 CST 2025 (KYLINOS 5.4.18-152.141-generic 5.4.18-152)
[2026-05-07 15:35:32.885] [    0.000000][ 0] [    T0] Command line: BOOT_IMAGE=/vmlinuz-5.4.18-152-generic root=UUID=916d9119-defa-494d-a21e-8e5680c582ae ro quiet splash loglevel=8 console=ttyS0,115200 initcall_debug sysrq_always_enabled no_console_suspend pm_debug_messages slub_debug=UFZP resume=UUID=7813030a-9575-4ed0-ae1a-da9a97e8fc15 security=kysec
[2026-05-07 15:35:32.892] [    0.000000][ 0] [    T0] KERNEL supported cpus:
[2026-05-07 15:35:32.893] [    0.000000][ 0] [    T0]   Intel GenuineIntel
[2026-05-07 15:35:32.894] [    0.000000][ 0] [    T0]   AMD AuthenticAMD
[2026-05-07 15:35:32.896] [    0.000000][ 0] [    T0]   Hygon HygonGenuine
[2026-05-07 15:35:32.936] [    0.000000][ 0] [    T0]   Centaur CentaurHauls
[2026-05-07 15:35:32.937] [    0.000000][ 0] [    T0]   zhaoxin   Shanghai  
[2026-05-07 15:35:32.938] [    0.000000][ 0] [    T0] Linux Patch Version is v5.0.5
[2026-05-07 15:35:32.939] [    0.000000][ 0] [    T0] With CPU patch V2.0.1
[2026-05-07 15:35:32.940] [    0.000000][ 0] [    T0] x86/fpu: Supporting XSAVE feature 0x001: 'x87 floating point registers'
[2026-05-07 15:35:32.942] [    0.000000][ 0] [    T0] x86/fpu: Supporting XSAVE feature 0x002: 'SSE registers'
[2026-05-07 15:35:32.946] [    0.000000][ 0] [    T0] x86/fpu: Supporting XSAVE feature 0x004: 'AVX registers'
[2026-05-07 15:35:32.949] [    0.000000][ 0] [    T0] x86/fpu: Supporting XSAVE feature 0x200: 'Protection Keys User registers'
[2026-05-07 15:35:32.950] [    0.000000][ 0] [    T0] x86/fpu: xstate_offset[2]:  576, xstate_sizes[2]:  256
[2026-05-07 15:35:32.959] [    0.000000][ 0] [    T0] x86/fpu: xstate_offset[9]:  832, xstate_sizes[9]:    8
[2026-05-07 15:35:32.999] [    0.000000][ 0] [    T0] x86/fpu: Enabled xstate features 0x207, context size is 840 bytes, using 'compacted' format.
[2026-05-07 15:35:33.002] [    0.000000][ 0] [    T0] BIOS-provided physical RAM map:
[2026-05-07 15:35:33.003] [    0.000000][ 0] [    T0] BIOS-e820: [mem 0x0000000000000000-0x000000000009bfff] usable
[2026-05-07 15:35:33.005] [    0.000000][ 0] [    T0] BIOS-e820: [mem 0x000000000009c000-0x000000000009ffff] reserved
[2026-05-07 15:35:33.011] [    0.000000][ 0] [    T0] BIOS-e820: [mem 0x0000000000100000-0x00000000960e0fff] usable
[2026-05-07 15:35:33.013] [    0.000000][ 0] [    T0] BIOS-e820: [mem 0x00000000960e1000-0x00000000963c3fff] reserved
[2026-05-07 15:35:33.015] [    0.000000][ 0] [    T0] BIOS-e820: [mem 0x00000000963c4000-0x00000000963defff] ACPI NVS
[2026-05-07 15:35:33.057] [    0.000000][ 0] [    T0] BIOS-e820: [mem 0x00000000963df000-0x00000000963fcfff] ACPI data
[2026-05-07 15:35:33.059] [    0.000000][ 0] [    T0] BIOS-e820: [mem 0x00000000963fd000-0x000000009f9fdfff] usable
[2026-05-07 15:35:33.061] [    0.000000][ 0] [    T0] BIOS-e820: [mem 0x000000009f9fe000-0x000000009fffffff] reserved
[2026-05-07 15:35:33.064] [    0.000000][ 0] [    T0] BIOS-e820: [mem 0x00000000e0000000-0x00000000efffffff] reserved
[2026-05-07 15:35:33.066] [    0.000000][ 0] [    T0] BIOS-e820: [mem 0x00000000fe020000-0x00000000fe020fff] reserved
[2026-05-07 15:35:33.071] [    0.000000][ 0] [    T0] BIOS-e820: [mem 0x00000000feb00000-0x00000000feb7ffff] reserved
[2026-05-07 15:35:33.073] [    0.000000][ 0] [    T0] BIOS-e820: [mem 0x00000000fec00000-0x00000000fec00fff] reserved
[2026-05-07 15:35:33.077] [    0.000000][ 0] [    T0] BIOS-e820: [mem 0x00000000fecc0000-0x00000000fecc0fff] reserved
[2026-05-07 15:35:33.119] [    0.000000][ 0] [    T0] BIOS-e820: [mem 0x00000000fef00000-0x00000000feffffff] reserved
[2026-05-07 15:35:33.121] [    0.000000][ 0] [    T0] BIOS-e820: [mem 0x00000000ff800000-0x00000000ffffffff] reserved
[2026-05-07 15:35:33.123] [    0.000000][ 0] [    T0] BIOS-e820: [mem 0x0000000100000000-0x000000043fff7fff] usable
[2026-05-07 15:35:33.125] [    0.000000][ 0] [    T0] NX (Execute Disable) protection: active
[2026-05-07 15:35:33.126] [    0.000000][ 0] [    T0] e820: update [mem 0x929fe018-0x92a0e057] usable ==> usable
[2026-05-07 15:35:33.132] [    0.000000][ 0] [    T0] e820: update [mem 0x929fe018-0x92a0e057] usable ==> usable
[2026-05-07 15:35:33.134] [    0.000000][ 0] [    T0] extended physical RAM map:
[2026-05-07 15:35:33.135] [    0.000000][ 0] [    T0] reserve setup_data: [mem 0x0000000000000000-0x000000000009bfff] usable
[2026-05-07 15:35:33.182] [    0.000000][ 0] [    T0] reserve setup_data: [mem 0x000000000009c000-0x000000000009ffff] reserved
[2026-05-07 15:35:33.184] [    0.000000][ 0] [    T0] reserve setup_data: [mem 0x0000000000100000-0x00000000929fe017] usable
[2026-05-07 15:35:33.186] [    0.000000][ 0] [    T0] reserve setup_data: [mem 0x00000000929fe018-0x0000000092a0e057] usable
[2026-05-07 15:35:33.189] [    0.000000][ 0] [    T0] reserve setup_data: [mem 0x0000000092a0e058-0x00000000960e0fff] usable
[2026-05-07 15:35:33.191] [    0.000000][ 0] [    T0] reserve setup_data: [mem 0x00000000960e1000-0x00000000963c3fff] reserved
[2026-05-07 15:35:33.193] [    0.000000][ 0] [    T0] reserve setup_data: [mem 0x00000000963c4000-0x00000000963defff] ACPI NVS
[2026-05-07 15:35:33.196] [    0.000000][ 0] [    T0] reserve setup_data: [mem 0x00000000963df000-0x00000000963fcfff] ACPI data
[2026-05-07 15:35:33.208] [    0.000000][ 0] [    T0] reserve setup_data: [mem 0x00000000963fd000-0x000000009f9fdfff] usable
[2026-05-07 15:35:33.213] [    0.000000][ 0] [    T0] reserve setup_data: [mem 0x000000009f9fe000-0x000000009fffffff] reserved
[2026-05-07 15:35:33.221] [    0.000000][ 0] [    T0] reserve setup_data: [mem 0x00000000e0000000-0x00000000efffffff] reserved
[2026-05-07 15:35:33.232] [    0.000000][ 0] [    T0] reserve setup_data: [mem 0x00000000fe020000-0x00000000fe020fff] reserved
[2026-05-07 15:35:33.274] [    0.000000][ 0] [    T0] reserve setup_data: [mem 0x00000000feb00000-0x00000000feb7ffff] reserved
[2026-05-07 15:35:33.277] [    0.000000][ 0] [    T0] reserve setup_data: [mem 0x00000000fec00000-0x00000000fec00fff] reserved
[2026-05-07 15:35:33.280] [    0.000000][ 0] [    T0] reserve setup_data: [mem 0x00000000fecc0000-0x00000000fecc0fff] reserved
[2026-05-07 15:35:33.284] [    0.000000][ 0] [    T0] reserve setup_data: [mem 0x00000000fef00000-0x00000000feffffff] reserved
[2026-05-07 15:35:33.286] [    0.000000][ 0] [    T0] reserve setup_data: [mem 0x00000000ff800000-0x00000000ffffffff] reserved
[2026-05-07 15:35:33.288] [    0.000000][ 0] [    T0] reserve setup_data: [mem 0x0000000100000000-0x000000043fff7fff] usable
[2026-05-07 15:35:33.292] [    0.000000][ 0] [    T0] efi: EFI v2.80 by Byosoft
[2026-05-07 15:35:33.298] [    0.000000][ 0] [    T0] efi:  SMBIOS=0x961b1000  SMBIOS 3.0=0x961af000  ACPI=0x963fc000  ACPI 2.0=0x963fc014  MEMATTR=0x9540d098  ESRT=0x92a53698 
[2026-05-07 15:35:33.309] [    0.000000][ 0] [    T0] secureboot: Secure boot disabled
[2026-05-07 15:35:33.350] [    0.000000][ 0] [    T0] SMBIOS 3.6.0 present.
[2026-05-07 15:35:33.351] [    0.000000][ 0] [    T0] DMI: ISOFTSTONE COMPUTER ChaoRui Series/MBX-Z70N, BIOS BYO2.54.WB.N.004.260417.R.TEST 04/27/2026
[2026-05-07 15:35:33.354] [    0.000000][ 0] [    T0] tsc: Fast TSC calibration using PIT
[2026-05-07 15:35:33.355] [    0.000000][ 0] [    T0] tsc: Detected 2295.514 MHz processor
[2026-05-07 15:35:33.357] [    0.001286][ 0] [    T0] e820: update [mem 0x00000000-0x00000fff] usable ==> reserved
[2026-05-07 15:35:33.359] [    0.001289][ 0] [    T0] e820: remove [mem 0x000a0000-0x000fffff] usable
[2026-05-07 15:35:33.361] [    0.001297][ 0] [    T0] last_pfn = 0x43fff8 max_arch_pfn = 0x400000000
[2026-05-07 15:35:33.364] [    0.001305][ 0] [    T0] MTRR default type: write-back
[2026-05-07 15:35:33.367] [    0.001307][ 0] [    T0] MTRR fixed ranges enabled:
[2026-05-07 15:35:33.375] [    0.001310][ 0] [    T0]   00000-9FFFF write-back
[2026-05-07 15:35:33.377] [    0.001312][ 0] [    T0]   A0000-BFFFF uncachable
[2026-05-07 15:35:33.383] [    0.001314][ 0] [    T0]   C0000-FFFFF write-protect
[2026-05-07 15:35:33.426] [    0.001316][ 0] [    T0] MTRR variable ranges enabled:
[2026-05-07 15:35:33.428] [    0.001318][ 0] [    T0]   0 base 0000C0000000 mask 3FFFC0000000 uncachable
[2026-05-07 15:35:33.431] [    0.001321][ 0] [    T0]   1 base 0000A0000000 mask 3FFFE0000000 uncachable
[2026-05-07 15:35:33.432] [    0.001323][ 0] [    T0]   2 base 007800000000 mask 3FF800000000 uncachable
[2026-05-07 15:35:33.434] [    0.001325][ 0] [    T0]   3 disabled
[2026-05-07 15:35:33.435] [    0.001326][ 0] [    T0]   4 disabled
[2026-05-07 15:35:33.436] [    0.001327][ 0] [    T0]   5 disabled
[2026-05-07 15:35:33.437] [    0.001329][ 0] [    T0]   6 disabled
[2026-05-07 15:35:33.438] [    0.001330][ 0] [    T0]   7 disabled
[2026-05-07 15:35:33.439] [    0.001332][ 0] [    T0]   8 disabled
[2026-05-07 15:35:33.440] [    0.001862][ 0] [    T0] x86/PAT: Configuration [0-7]: WB  WC  UC- UC  WB  WP  UC- WT  
[2026-05-07 15:35:33.441] [    0.002875][ 0] [    T0] last_pfn = 0x9f9fe max_arch_pfn = 0x400000000
[2026-05-07 15:35:33.451] [    0.028701][ 0] [    T0] esrt: Reserving ESRT space from 0x0000000092a53698 to 0x0000000092a536d0.
[2026-05-07 15:35:33.458] [    0.028719][ 0] [    T0] e820: update [mem 0x92a53000-0x92a53fff] usable ==> reserved
[2026-05-07 15:35:33.510] [    0.028782][ 0] [    T0] check: Scanning 1 areas for low memory corruption
[2026-05-07 15:35:33.513] [    0.028789][ 0] [    T0] Using GB pages for direct mapping
[2026-05-07 15:35:33.515] [    0.028793][ 0] [    T0] BRK [0x103001000, 0x103001fff] PGTABLE
[2026-05-07 15:35:33.517] [    0.028796][ 0] [    T0] BRK [0x103002000, 0x103002fff] PGTABLE
[2026-05-07 15:35:33.518] [    0.028798][ 0] [    T0] BRK [0x103003000, 0x103003fff] PGTABLE
[2026-05-07 15:35:33.520] [    0.028874][ 0] [    T0] BRK [0x103004000, 0x103004fff] PGTABLE
[2026-05-07 15:35:33.521] [    0.028876][ 0] [    T0] BRK [0x103005000, 0x103005fff] PGTABLE
[2026-05-07 15:35:33.528] [    0.029238][ 0] [    T0] BRK [0x103006000, 0x103006fff] PGTABLE
[2026-05-07 15:35:33.531] [    0.029321][ 0] [    T0] BRK [0x103007000, 0x103007fff] PGTABLE
[2026-05-07 15:35:33.532] [    0.029434][ 0] [    T0] BRK [0x103008000, 0x103008fff] PGTABLE
[2026-05-07 15:35:33.534] [    0.029586][ 0] [    T0] BRK [0x103009000, 0x103009fff] PGTABLE
[2026-05-07 15:35:33.535] [    0.029726][ 0] [    T0] BRK [0x10300a000, 0x10300afff] PGTABLE
[2026-05-07 15:35:33.537] [    0.029790][ 0] [    T0] secureboot: Secure boot disabled
[2026-05-07 15:35:33.586] [    0.029793][ 0] [    T0] RAMDISK: [mem 0x3aff7000-0x3fffdfff]
[2026-05-07 15:35:33.588] [    0.029799][ 0] [    T0] ACPI: Early table checksum verification disabled
[2026-05-07 15:35:33.590] [    0.029803][ 0] [    T0] ACPI: RSDP 0x00000000963FC014 000024 (v02 _BYO_ )
[2026-05-07 15:35:33.591] [    0.029808][ 0] [    T0] ACPI: XSDT 0x00000000963FB0E8 000064 (v01 _BYO_  BYOSOFT  00000002 BYO  01000013)
[2026-05-07 15:35:33.594] [    0.029815][ 0] [    T0] ACPI: FACP 0x00000000963F9000 00010C (v05 _BYO_  BYOSOFT  00000002 BYO  01000013)
[2026-05-07 15:35:33.597] [    0.029823][ 0] [    T0] ACPI: DSDT 0x00000000963E9000 00D690 (v02 _BYO_  ZX_PLAT  00000001 INTL 20190215)
[2026-05-07 15:35:33.601] [    0.029827][ 0] [    T0] ACPI: FACS 0x00000000963DE000 000040
[2026-05-07 15:35:33.602] [    0.029831][ 0] [    T0] ACPI: APIC 0x00000000963FA000 0000C6 (v03 _BYO_  BYOSOFT  00000002 BYO  01000013)
[2026-05-07 15:35:33.605] [    0.029836][ 0] [    T0] ACPI: HPET 0x00000000963F8000 000038 (v01 _BYO_  BYOSOFT  00000002 BYO  01000013)
[2026-05-07 15:35:33.661] [    0.029840][ 0] [    T0] ACPI: MCFG 0x00000000963F7000 00003C (v01 _BYO_  BYOSOFT  00000002 BYO  01000013)
[2026-05-07 15:35:33.665] [    0.029845][ 0] [    T0] ACPI: SSDM 0x00000000963DB000 000055 (v01 _BYO_  BYOSOFT  00000002 BYO  00000001)
[2026-05-07 15:35:33.667] [    0.029849][ 0] [    T0] ACPI: FPDT 0x00000000963E8000 000044 (v01 _BYO_  BYOSOFT  00000002 BYO  01000013)
[2026-05-07 15:35:33.670] [    0.029853][ 0] [    T0] ACPI: SSDT 0x00000000963E7000 000144 (v02 ZXPLTA ADebTabl 00001000 INTL 20190215)
[2026-05-07 15:35:33.672] [    0.029858][ 0] [    T0] ACPI: BGRT 0x00000000963E6000 000038 (v01 _BYO_  BYOSOFT  00000002 BYO  01000013)
[2026-05-07 15:35:33.677] [    0.029870][ 0] [    T0] ACPI: Local APIC address 0xfee00000
[2026-05-07 15:35:33.678] [    0.029874][ 0] [    T0] system APIC only can use physical flat
[2026-05-07 15:35:33.680] [    0.029874][ 0] [    T0] Setting APIC routing to physical flat.
[2026-05-07 15:35:33.681] [    0.030094][ 0] [    T0] No NUMA configuration found
[2026-05-07 15:35:33.684] [    0.030096][ 0] [    T0] Faking a node at [mem 0x0000000000000000-0x000000043fff7fff]
[2026-05-07 15:35:33.733] [    0.030112][ 0] [    T0] NODE_DATA(0) allocated [mem 0x43ffcd000-0x43fff7fff]
[2026-05-07 15:35:33.735] [    0.030520][ 0] [    T0] Zone ranges:
[2026-05-07 15:35:33.736] [    0.030521][ 0] [    T0]   DMA      [mem 0x0000000000001000-0x0000000000ffffff]
[2026-05-07 15:35:33.738] [    0.030524][ 0] [    T0]   DMA32    [mem 0x0000000001000000-0x00000000ffffffff]
[2026-05-07 15:35:33.740] [    0.030527][ 0] [    T0]   Normal   [mem 0x0000000100000000-0x000000043fff7fff]
[2026-05-07 15:35:33.742] [    0.030529][ 0] [    T0]   Device   empty
[2026-05-07 15:35:33.743] [    0.030531][ 0] [    T0] Movable zone start for each node
[2026-05-07 15:35:33.744] [    0.030535][ 0] [    T0] Early memory node ranges
[2026-05-07 15:35:33.746] [    0.030537][ 0] [    T0]   node   0: [mem 0x0000000000001000-0x000000000009bfff]
[2026-05-07 15:35:33.752] [    0.030539][ 0] [    T0]   node   0: [mem 0x0000000000100000-0x00000000960e0fff]
[2026-05-07 15:35:33.804] [    0.030541][ 0] [    T0]   node   0: [mem 0x00000000963fd000-0x000000009f9fdfff]
[2026-05-07 15:35:33.806] [    0.030543][ 0] [    T0]   node   0: [mem 0x0000000100000000-0x000000043fff7fff]
[2026-05-07 15:35:33.808] [    0.030590][ 0] [    T0] Zeroed struct page in unavailable ranges: 2435 pages
[2026-05-07 15:35:33.809] [    0.030591][ 0] [    T0] Initmem setup node 0 [mem 0x0000000000001000-0x000000043fff7fff]
[2026-05-07 15:35:33.812] [    0.030595][ 0] [    T0] On node 0 totalpages: 4060789
[2026-05-07 15:35:33.814] [    0.030597][ 0] [    T0]   DMA zone: 64 pages used for memmap
[2026-05-07 15:35:33.816] [    0.030598][ 0] [    T0]   DMA zone: 24 pages reserved
[2026-05-07 15:35:33.817] [    0.030600][ 0] [    T0]   DMA zone: 3995 pages, LIFO batch:0
[2026-05-07 15:35:33.819] [    0.030693][ 0] [    T0]   DMA32 zone: 10140 pages used for memmap
[2026-05-07 15:35:33.820] [    0.030694][ 0] [    T0]   DMA32 zone: 648930 pages, LIFO batch:63
[2026-05-07 15:35:33.822] [    0.047677][ 0] [    T0]   Normal zone: 53248 pages used for memmap
[2026-05-07 15:35:33.824] [    0.047685][ 0] [    T0]   Normal zone: 3407864 pages, LIFO batch:63
[2026-05-07 15:35:33.874] [    0.122525][ 0] [    T0] ACPI: PM-Timer IO Port: 0x808
[2026-05-07 15:35:33.876] [    0.122536][ 0] [    T0] ACPI: Local APIC address 0xfee00000
[2026-05-07 15:35:33.877] [    0.122542][ 0] [    T0] system APIC only can use physical flat
[2026-05-07 15:35:33.879] [    0.122553][ 0] [    T0] ACPI: LAPIC_NMI (acpi_id[0xff] high edge lint[0x1])
[2026-05-07 15:35:33.882] [    0.122569][ 0] [    T0] IOAPIC[0]: apic_id 0, version 32, address 0xfec00000, GSI 0-23
[2026-05-07 15:35:33.884] [    0.122577][ 0] [    T0] IOAPIC[1]: apic_id 1, version 32, address 0xfec01000, GSI 24-47
[2026-05-07 15:35:33.889] [    0.122581][ 0] [    T0] ACPI: INT_SRC_OVR (bus 0 bus_irq 0 global_irq 2 dfl dfl)
[2026-05-07 15:35:33.891] [    0.122584][ 0] [    T0] ACPI: INT_SRC_OVR (bus 0 bus_irq 3 global_irq 3 low level)
[2026-05-07 15:35:33.893] [    0.122586][ 0] [    T0] ACPI: INT_SRC_OVR (bus 0 bus_irq 4 global_irq 4 low level)
[2026-05-07 15:35:33.895] [    0.122588][ 0] [    T0] ACPI: INT_SRC_OVR (bus 0 bus_irq 7 global_irq 7 dfl dfl)
[2026-05-07 15:35:33.899] [    0.122590][ 0] [    T0] ACPI: INT_SRC_OVR (bus 0 bus_irq 9 global_irq 9 low level)
[2026-05-07 15:35:33.948] [    0.122592][ 0] [    T0] ACPI: INT_SRC_OVR (bus 0 bus_irq 11 global_irq 11 dfl dfl)
[2026-05-07 15:35:33.950] [    0.122595][ 0] [    T0] ACPI: IRQ0 used by override.
[2026-05-07 15:35:33.951] [    0.122597][ 0] [    T0] ACPI: IRQ3 used by override.
[2026-05-07 15:35:33.953] [    0.122598][ 0] [    T0] ACPI: IRQ4 used by override.
[2026-05-07 15:35:33.954] [    0.122600][ 0] [    T0] ACPI: IRQ7 used by override.
[2026-05-07 15:35:33.955] [    0.122601][ 0] [    T0] ACPI: IRQ9 used by override.
[2026-05-07 15:35:33.957] [    0.122603][ 0] [    T0] ACPI: IRQ11 used by override.
[2026-05-07 15:35:33.958] [    0.122606][ 0] [    T0] Using ACPI (MADT) for SMP configuration information
[2026-05-07 15:35:33.960] [    0.122609][ 0] [    T0] ACPI: HPET id: 0x1d178201 base: 0xfeb97000
[2026-05-07 15:35:33.967] [    0.122637][ 0] [    T0] e820: update [mem 0x91cc6000-0x91f06fff] usable ==> reserved
[2026-05-07 15:35:33.969] [    0.122655][ 0] [    T0] smpboot: Allowing 8 CPUs, 0 hotplug CPUs
[2026-05-07 15:35:33.971] [    0.122689][ 0] [    T0] PM: Registered nosave memory: [mem 0x00000000-0x00000fff]
[2026-05-07 15:35:34.023] [    0.122692][ 0] [    T0] PM: Registered nosave memory: [mem 0x0009c000-0x0009ffff]
[2026-05-07 15:35:34.026] [    0.122693][ 0] [    T0] PM: Registered nosave memory: [mem 0x000a0000-0x000fffff]
[2026-05-07 15:35:34.028] [    0.122696][ 0] [    T0] PM: Registered nosave memory: [mem 0x91cc6000-0x91f06fff]
[2026-05-07 15:35:34.031] [    0.122699][ 0] [    T0] PM: Registered nosave memory: [mem 0x929fe000-0x929fefff]
[2026-05-07 15:35:34.033] [    0.122702][ 0] [    T0] PM: Registered nosave memory: [mem 0x92a0e000-0x92a0efff]
[2026-05-07 15:35:34.035] [    0.122705][ 0] [    T0] PM: Registered nosave memory: [mem 0x92a53000-0x92a53fff]
[2026-05-07 15:35:34.038] [    0.122708][ 0] [    T0] PM: Registered nosave memory: [mem 0x960e1000-0x963c3fff]
[2026-05-07 15:35:34.040] [    0.122709][ 0] [    T0] PM: Registered nosave memory: [mem 0x963c4000-0x963defff]
[2026-05-07 15:35:34.042] [    0.122711][ 0] [    T0] PM: Registered nosave memory: [mem 0x963df000-0x963fcfff]
[2026-05-07 15:35:34.045] [    0.122714][ 0] [    T0] PM: Registered nosave memory: [mem 0x9f9fe000-0x9fffffff]
[2026-05-07 15:35:34.096] [    0.122715][ 0] [    T0] PM: Registered nosave memory: [mem 0xa0000000-0xdfffffff]
[2026-05-07 15:35:34.103] [    0.122717][ 0] [    T0] PM: Registered nosave memory: [mem 0xe0000000-0xefffffff]
[2026-05-07 15:35:34.105] [    0.122719][ 0] [    T0] PM: Registered nosave memory: [mem 0xf0000000-0xfe01ffff]
[2026-05-07 15:35:34.107] [    0.122720][ 0] [    T0] PM: Registered nosave memory: [mem 0xfe020000-0xfe020fff]
[2026-05-07 15:35:34.109] [    0.122722][ 0] [    T0] PM: Registered nosave memory: [mem 0xfe021000-0xfeafffff]
[2026-05-07 15:35:34.111] [    0.122723][ 0] [    T0] PM: Registered nosave memory: [mem 0xfeb00000-0xfeb7ffff]
[2026-05-07 15:35:34.164] [    0.122725][ 0] [    T0] PM: Registered nosave memory: [mem 0xfeb80000-0xfebfffff]
[2026-05-07 15:35:34.167] [    0.122727][ 0] [    T0] PM: Registered nosave memory: [mem 0xfec00000-0xfec00fff]
[2026-05-07 15:35:34.168] [    0.122728][ 0] [    T0] PM: Registered nosave memory: [mem 0xfec01000-0xfecbffff]
[2026-05-07 15:35:34.170] [    0.122730][ 0] [    T0] PM: Registered nosave memory: [mem 0xfecc0000-0xfecc0fff]
[2026-05-07 15:35:34.173] [    0.122732][ 0] [    T0] PM: Registered nosave memory: [mem 0xfecc1000-0xfeefffff]
[2026-05-07 15:35:34.174] [    0.122733][ 0] [    T0] PM: Registered nosave memory: [mem 0xfef00000-0xfeffffff]
[2026-05-07 15:35:34.176] [    0.122735][ 0] [    T0] PM: Registered nosave memory: [mem 0xff000000-0xff7fffff]
[2026-05-07 15:35:34.178] [    0.122736][ 0] [    T0] PM: Registered nosave memory: [mem 0xff800000-0xffffffff]
[2026-05-07 15:35:34.181] [    0.122741][ 0] [    T0] [mem 0xa0000000-0xdfffffff] available for PCI devices
[2026-05-07 15:35:34.182] [    0.122744][ 0] [    T0] Booting paravirtualized kernel on bare hardware
[2026-05-07 15:35:34.184] [    0.122751][ 0] [    T0] clocksource: refined-jiffies: mask: 0xffffffff max_cycles: 0xffffffff, max_idle_ns: 7645519600211568 ns
[2026-05-07 15:35:34.240] [    0.122765][ 0] [    T0] setup_percpu: NR_CPUS:8192 nr_cpumask_bits:8 nr_cpu_ids:8 nr_node_ids:1
[2026-05-07 15:35:34.242] [    0.123244][ 0] [    T0] percpu: Embedded 55 pages/cpu s188416 r8192 d28672 u262144
[2026-05-07 15:35:34.244] [    0.123255][ 0] [    T0] pcpu-alloc: s188416 r8192 d28672 u262144 alloc=1*2097152
[2026-05-07 15:35:34.246] [    0.123257][ 0] [    T0] pcpu-alloc: [0] 0 1 2 3 4 5 6 7 
[2026-05-07 15:35:34.247] [    0.123310][ 0] [    T0] Built 1 zonelists, mobility grouping on.  Total pages: 3997313
[2026-05-07 15:35:34.250] [    0.123312][ 0] [    T0] Policy zone: Normal
[2026-05-07 15:35:34.251] [    0.123316][ 0] [    T0] Kernel command line: BOOT_IMAGE=/vmlinuz-5.4.18-152-generic root=UUID=916d9119-defa-494d-a21e-8e5680c582ae ro quiet splash loglevel=8 console=ttyS0,115200 initcall_debug sysrq_always_enabled no_console_suspend pm_debug_messages slub_debug=UFZP resume=UUID=7813030a-9575-4ed0-ae1a-da9a97e8fc15 security=kysec
[2026-05-07 15:35:34.258] [    0.123498][ 0] [    T0] sysrq: sysrq always enabled.
[2026-05-07 15:35:34.259] [    0.126248][ 0] [    T0] Dentry cache hash table entries: 2097152 (order: 12, 16777216 bytes, linear)
[2026-05-07 15:35:34.268] [    0.127508][ 0] [    T0] Inode-cache hash table entries: 1048576 (order: 11, 8388608 bytes, linear)
[2026-05-07 15:35:34.277] [    0.127605][ 0] [    T0] mem auto-init: stack:off, heap alloc:off, heap free:off
[2026-05-07 15:35:34.325] [    0.137922][ 0] [    T0] Calgary: detecting Calgary via BIOS EBDA area
[2026-05-07 15:35:34.327] [    0.137933][ 0] [    T0] Calgary: Unable to locate Rio Grande table in EBDA - bailing!
[2026-05-07 15:35:34.329] [    0.194581][ 0] [    T0] Memory: 15537972K/16243156K available (14339K kernel code, 2476K rwdata, 7476K rodata, 2772K init, 6512K bss, 705184K reserved, 0K cma-reserved)
[2026-05-07 15:35:34.336] [    0.195122][ 0] [    T0] SLUB: HWalign=64, Order=0-3, MinObjects=0, CPUs=8, Nodes=1
[2026-05-07 15:35:34.340] [    0.195156][ 0] [    T0] ftrace: allocating 47019 entries in 184 pages
[2026-05-07 15:35:34.341] [    0.226299][ 0] [    T0] rcu: Hierarchical RCU implementation.
[2026-05-07 15:35:34.343] [    0.226303][ 0] [    T0] rcu: RCU restricting CPUs from NR_CPUS=8192 to nr_cpu_ids=8.
[2026-05-07 15:35:34.345] [    0.226305][ 0] [    T0] Tasks RCU enabled.
[2026-05-07 15:35:34.347] [    0.226307][ 0] [    T0] rcu: RCU calculated value of scheduler-enlistment delay is 25 jiffies.
[2026-05-07 15:35:34.408] [    0.226309][ 0] [    T0] rcu: Adjusting geometry for rcu_fanout_leaf=16, nr_cpu_ids=8
[2026-05-07 15:35:34.411] [    0.234402][ 0] [    T0] NR_IRQS: 524544, nr_irqs: 896, preallocated irqs: 16
[2026-05-07 15:35:34.413] [    0.235117][ 0] [    T0] random: crng done (trusting CPU's manufacturer)
[2026-05-07 15:35:34.416] [    0.235180][ 0] [    T0] calling  con_init+0x0/0x322 @ 0
[2026-05-07 15:35:34.418] [    0.235212][ 0] [    T0] Console: colour dummy device 80x25
[2026-05-07 15:35:34.419] [    0.235217][ 0] [    T0] initcall con_init+0x0/0x322 returned 0 after 32 usecs
[2026-05-07 15:35:34.421] [    0.235220][ 0] [    T0] calling  hvc_console_init+0x0/0x19 @ 0
[2026-05-07 15:35:34.422] [    0.235224][ 0] [    T0] initcall hvc_console_init+0x0/0x19 returned 0 after 0 usecs
[2026-05-07 15:35:34.425] [    0.235229][ 0] [    T0] calling  xen_cons_init+0x0/0x60 @ 0
[2026-05-07 15:35:34.426] [    0.235232][ 0] [    T0] initcall xen_cons_init+0x0/0x60 returned 0 after 0 usecs
[2026-05-07 15:35:34.428] [    0.235235][ 0] [    T0] calling  univ8250_console_init+0x0/0x2d @ 0
[2026-05-07 15:35:34.477] [    1.825524][ 0] [    T0] printk: console [ttyS0] enabled
[2026-05-07 15:35:34.480] [    1.830786][ 0] [    T0] initcall univ8250_console_init+0x0/0x2d returned 0 after 1558151 usecs
[2026-05-07 15:35:34.482] [    1.839442][ 0] [    T0] ACPI: Core revision 20190816
[2026-05-07 15:35:34.484] [    1.844782][ 0] [    T0] hpet: With hpet deadlock patch v1.0.0
[2026-05-07 15:35:34.485] [    1.844806][ 0] [    T0] clocksource: hpet: mask: 0xffffffff max_cycles: 0xffffffff, max_idle_ns: 133484882848 ns
[2026-05-07 15:35:34.488] [    1.860764][ 0] [    T0] APIC: Switch to symmetric I/O mode setup
[2026-05-07 15:35:34.491] [    1.866943][ 0] [    T0] x2apic: IRQ remapping doesn't support X2APIC mode
[2026-05-07 15:35:34.493] [    1.874858][ 0] [    T0] ..TIMER: vector=0x30 apic1=0 pin1=2 apic2=-1 pin2=-1
[2026-05-07 15:35:34.495] [    1.900766][ 0] [    T0] clocksource: tsc-early: mask: 0xffffffffffffffff max_cycles: 0x2116a76dc36, max_idle_ns: 440795283932 ns
[2026-05-07 15:35:34.555] [    1.912311][ 0] [    T0] Calibrating delay loop (skipped), value calculated using timer frequency.. 4591.02 BogoMIPS (lpj=9182056)
[2026-05-07 15:35:34.558] [    1.916311][ 0] [    T0] pid_max: default: 32768 minimum: 301
[2026-05-07 15:35:34.559] [    1.934129][ 0] [    T0] LSM: Security Framework initializing
[2026-05-07 15:35:34.560] [    1.936336][ 0] [    T0] KYCP: Initializing.
[2026-05-07 15:35:34.562] [    1.940314][ 0] [    T0] KYCP: Initialized successfully.
[2026-05-07 15:35:34.563] [    1.944311][ 0] [    T0] KYSEC: Initializing.
[2026-05-07 15:35:34.566] [    1.948419][ 0] [    T0] KYSEC: devinfo: devlist init finished
[2026-05-07 15:35:34.570] [    1.952327][ 0] [    T0] KYSEC: Initialized successfully.
[2026-05-07 15:35:34.575] [    1.956312][ 0] [    T0] Box:  Initializing.
[2026-05-07 15:35:34.579] [    1.960331][ 0] [    T0] Box :  Initialized successfully.
[2026-05-07 15:35:34.625] [    1.964323][ 0] [    T0] KYEXTEND: Initialized successfully.
[2026-05-07 15:35:34.626] [    1.972366][ 0] [    T0] Mount-cache hash table entries: 32768 (order: 6, 262144 bytes, linear)
[2026-05-07 15:35:34.628] [    1.976365][ 0] [    T0] Mountpoint-cache hash table entries: 32768 (order: 6, 262144 bytes, linear)
[2026-05-07 15:35:34.632] [    1.981278][ 0] [    T0] With CPU patch V2.0.1
[2026-05-07 15:35:34.633] [    1.984314][ 0] [    T0] Got CPU topology from cpuid B leaf, 4 leaf patch V1.0.0
[2026-05-07 15:35:34.635] [    1.988317][ 0] [    T0] x86/cpu: User Mode Instruction Prevention (UMIP) activated
[2026-05-07 15:35:34.637] [    1.992335][ 0] [    T0] Last level iTLB entries: 4KB 0, 2MB 0, 4MB 0
[2026-05-07 15:35:34.639] [    1.996310][ 0] [    T0] Last level dTLB entries: 4KB 0, 2MB 0, 4MB 0, 1GB 0
[2026-05-07 15:35:34.687] [    2.000315][ 0] [    T0] Spectre V1 : Mitigation: usercopy/swapgs barriers and __user pointer sanitization
[2026-05-07 15:35:34.690] [    2.004313][ 0] [    T0] Spectre V2 : User space: Vulnerable
[2026-05-07 15:35:34.691] [    2.008312][ 0] [    T0] MMIO Stale Data: Unknown: No mitigations
[2026-05-07 15:35:34.693] [    2.015245][ 0] [    T0] Freeing SMP alternatives memory: 40K
[2026-05-07 15:35:34.694] [    2.016771][ 0] [    T1] TSC deadline timer enabled
[2026-05-07 15:35:34.696] [    2.020308][ 0] [    T1] smpboot: CPU0: Centaur ZHAOXIN KaiXian KX-7000 (family: 0x7, model: 0x6b, stepping: 0x1)
[2026-05-07 15:35:34.701] [    2.020747][ 0] [    T1] calling  trace_init_flags_sys_enter+0x0/0x14 @ 1
[2026-05-07 15:35:34.703] [    2.024313][ 0] [    T1] initcall trace_init_flags_sys_enter+0x0/0x14 returned 0 after 0 usecs
[2026-05-07 15:35:34.705] [    2.028311][ 0] [    T1] calling  trace_init_flags_sys_exit+0x0/0x14 @ 1
[2026-05-07 15:35:34.709] [    2.032313][ 0] [    T1] initcall trace_init_flags_sys_exit+0x0/0x14 returned 0 after 0 usecs
[2026-05-07 15:35:34.765] [    2.036311][ 0] [    T1] calling  init_hw_perf_events+0x0/0x53d @ 1
[2026-05-07 15:35:34.767] [    2.040311][ 0] [    T1] Performance Events: 
[2026-05-07 15:35:34.768] [    2.040312][ 0] [    T1] With PMU patch v1.0.6
[2026-05-07 15:35:34.769] [    2.048311][ 0] [    T1] core: Welcome to zhaoxin pmu!
[2026-05-07 15:35:34.771] [    2.052311][ 0] [    T1] core: Version check pass!
[2026-05-07 15:35:34.772] [    2.056313][ 0] [    T1] Shijidadao events, zhaoxin PMU driver.
[2026-05-07 15:35:34.774] [    2.060311][ 0] [    T1] ... version:                2
[2026-05-07 15:35:34.775] [    2.064310][ 0] [    T1] ... bit width:              48
[2026-05-07 15:35:34.779] [    2.068310][ 0] [    T1] ... generic registers:      4
[2026-05-07 15:35:34.781] [    2.072310][ 0] [    T1] ... value mask:             0000ffffffffffff
[2026-05-07 15:35:34.782] [    2.076310][ 0] [    T1] ... max period:             00007fffffffffff
[2026-05-07 15:35:34.784] [    2.080310][ 0] [    T1] ... fixed-purpose events:   3
[2026-05-07 15:35:34.785] [    2.084310][ 0] [    T1] ... event mask:             000000070000000f
[2026-05-07 15:35:34.787] [    2.088324][ 0] [    T1] initcall init_hw_perf_events+0x0/0x53d returned 0 after 46886 usecs
[2026-05-07 15:35:34.842] [    2.092312][ 0] [    T1] calling  init_real_mode+0x0/0x20a @ 1
[2026-05-07 15:35:34.844] [    2.096324][ 0] [    T1] initcall init_real_mode+0x0/0x20a returned 0 after 12 usecs
[2026-05-07 15:35:34.846] [    2.100311][ 0] [    T1] calling  trace_init_perf_perm_irq_work_exit+0x0/0x18 @ 1
[2026-05-07 15:35:34.849] [    2.104311][ 0] [    T1] initcall trace_init_perf_perm_irq_work_exit+0x0/0x18 returned 0 after 0 usecs
[2026-05-07 15:35:34.855] [    2.108314][ 0] [    T1] calling  init_microcode_pages+0x0/0x1a8 @ 1
[2026-05-07 15:35:34.856] [    2.112313][ 0] [    T1] initcall init_microcode_pages+0x0/0x1a8 returned 0 after 0 usecs
[2026-05-07 15:35:34.858] [    2.116315][ 0] [    T1] calling  register_nmi_cpu_backtrace_handler+0x0/0x1b @ 1
[2026-05-07 15:35:34.860] [    2.120311][ 0] [    T1] initcall register_nmi_cpu_backtrace_handler+0x0/0x1b returned 0 after 0 usecs
[2026-05-07 15:35:34.862] [    2.124313][ 0] [    T1] calling  numachip_system_init+0x0/0x6b @ 1
[2026-05-07 15:35:34.864] [    2.128311][ 0] [    T1] initcall numachip_system_init+0x0/0x6b returned 0 after 0 usecs
[2026-05-07 15:35:34.916] [    2.132311][ 0] [    T1] calling  kvm_setup_vsyscall_timeinfo+0x0/0x48 @ 1
[2026-05-07 15:35:34.918] [    2.136313][ 0] [    T1] initcall kvm_setup_vsyscall_timeinfo+0x0/0x48 returned 0 after 1 usecs
[2026-05-07 15:35:34.920] [    2.140314][ 0] [    T1] calling  spawn_ksoftirqd+0x0/0x3e @ 1
[2026-05-07 15:35:34.922] [    2.144372][ 0] [    T1] initcall spawn_ksoftirqd+0x0/0x3e returned 0 after 58 usecs
[2026-05-07 15:35:34.924] [    2.148313][ 0] [    T1] calling  migration_init+0x0/0x39 @ 1
[2026-05-07 15:35:34.926] [    2.152311][ 0] [    T1] initcall migration_init+0x0/0x39 returned 0 after 0 usecs
[2026-05-07 15:35:34.931] [    2.156312][ 0] [    T1] calling  srcu_bootup_announce+0x0/0x35 @ 1
[2026-05-07 15:35:34.933] [    2.160310][ 0] [    T1] rcu: Hierarchical SRCU implementation.
[2026-05-07 15:35:34.934] [    2.164312][ 0] [    T1] initcall srcu_bootup_announce+0x0/0x35 returned 0 after 3906 usecs
[2026-05-07 15:35:34.936] [    2.168311][ 0] [    T1] calling  rcu_spawn_core_kthreads+0x0/0x7e @ 1
[2026-05-07 15:35:34.941] [    2.172312][ 0] [    T1] initcall rcu_spawn_core_kthreads+0x0/0x7e returned 0 after 1 usecs
[2026-05-07 15:35:34.998] [    2.176312][ 0] [    T1] calling  rcu_spawn_gp_kthread+0x0/0x118 @ 1
[2026-05-07 15:35:35.000] [    2.180362][ 0] [    T1] initcall rcu_spawn_gp_kthread+0x0/0x118 returned 0 after 49 usecs
[2026-05-07 15:35:35.010] [    2.184312][ 0] [    T1] calling  check_cpu_stall_init+0x0/0x20 @ 1
[2026-05-07 15:35:35.011] [    2.188311][ 0] [    T1] initcall check_cpu_stall_init+0x0/0x20 returned 0 after 0 usecs
[2026-05-07 15:35:35.014] [    2.192311][ 0] [    T1] calling  rcu_sysrq_init+0x0/0x28 @ 1
[2026-05-07 15:35:35.016] [    2.196311][ 0] [    T1] initcall rcu_sysrq_init+0x0/0x28 returned 0 after 0 usecs
[2026-05-07 15:35:35.018] [    2.200313][ 0] [    T1] calling  cpu_stop_init+0x0/0x8f @ 1
[2026-05-07 15:35:35.019] [    2.204369][ 0] [    T1] initcall cpu_stop_init+0x0/0x8f returned 0 after 55 usecs
[2026-05-07 15:35:35.021] [    2.208315][ 0] [    T1] calling  init_trace_printk+0x0/0x12 @ 1
[2026-05-07 15:35:35.023] [    2.212317][ 0] [    T1] initcall init_trace_printk+0x0/0x12 returned 0 after 5 usecs
[2026-05-07 15:35:35.025] [    2.216317][ 0] [    T1] calling  event_trace_enable_again+0x0/0x44 @ 1
[2026-05-07 15:35:35.028] [    2.220312][ 0] [    T1] initcall event_trace_enable_again+0x0/0x44 returned 0 after 0 usecs
[2026-05-07 15:35:35.077] [    2.224311][ 0] [    T1] calling  jump_label_init_module+0x0/0x17 @ 1
[2026-05-07 15:35:35.078] [    2.228314][ 0] [    T1] initcall jump_label_init_module+0x0/0x17 returned 0 after 2 usecs
[2026-05-07 15:35:35.081] [    2.232312][ 0] [    T1] calling  dynamic_debug_init+0x0/0x265 @ 1
[2026-05-07 15:35:35.083] [    2.237649][ 0] [    T1] initcall dynamic_debug_init+0x0/0x265 returned 0 after 1304 usecs
[2026-05-07 15:35:35.085] [    2.240317][ 0] [    T1] calling  efi_memreserve_root_init+0x0/0x2e @ 1
[2026-05-07 15:35:35.087] [    2.244312][ 0] [    T1] initcall efi_memreserve_root_init+0x0/0x2e returned 0 after 0 usecs
[2026-05-07 15:35:35.089] [    2.248311][ 0] [    T1] calling  efi_earlycon_remap_fb+0x0/0x57 @ 1
[2026-05-07 15:35:35.091] [    2.252311][ 0] [    T1] initcall efi_earlycon_remap_fb+0x0/0x57 returned 0 after 0 usecs
[2026-05-07 15:35:35.141] [    2.256313][ 0] [    T1] calling  idle_inject_init+0x0/0x17 @ 1
[2026-05-07 15:35:35.143] [    2.260394][ 0] [    T1] initcall idle_inject_init+0x0/0x17 returned 0 after 79 usecs
[2026-05-07 15:35:35.145] [    2.264313][ 0] [    T1] calling  initialize_ptr_random+0x0/0x50 @ 1
[2026-05-07 15:35:35.147] [    2.268328][ 0] [    T1] initcall initialize_ptr_random+0x0/0x50 returned 0 after 15 usecs
[2026-05-07 15:35:35.150] [    2.272391][ 0] [    T7] NMI watchdog: Enabled. Permanently consumes one hw-PMU counter.
[2026-05-07 15:35:35.152] [    2.276737][ 0] [    T1] smp: Bringing up secondary CPUs ...
[2026-05-07 15:35:35.156] [    2.280715][ 0] [    T1] x86: Booting SMP configuration:
[2026-05-07 15:35:35.158] [    2.284319][ 1] [    T1] .... node  #0, CPUs:      #1
[2026-05-07 15:35:35.159] [    1.649270][ 1] [    T0] With CPU patch V2.0.1
[2026-05-07 15:35:35.161] [    1.649270][ 1] [    T0] Got CPU topology from cpuid B leaf, 4 leaf patch V1.0.0
[2026-05-07 15:35:35.215] [    2.312887][ 2] [    T1]  #2
[2026-05-07 15:35:35.222] [    1.649270][ 2] [    T0] With CPU patch V2.0.1
[2026-05-07 15:35:35.224] [    1.649270][ 2] [    T0] Got CPU topology from cpuid B leaf, 4 leaf patch V1.0.0
[2026-05-07 15:35:35.225] [    2.339406][ 3] [    T1]  #3
[2026-05-07 15:35:35.226] [    1.649270][ 3] [    T0] With CPU patch V2.0.1
[2026-05-07 15:35:35.227] [    1.649270][ 3] [    T0] Got CPU topology from cpuid B leaf, 4 leaf patch V1.0.0
[2026-05-07 15:35:35.230] [    2.365911][ 4] [    T1]  #4
[2026-05-07 15:35:35.238] [    1.649270][ 4] [    T0] With CPU patch V2.0.1
[2026-05-07 15:35:35.241] [    1.649270][ 4] [    T0] Got CPU topology from cpuid B leaf, 4 leaf patch V1.0.0
[2026-05-07 15:35:35.291] [    2.392860][ 5] [    T1]  #5
[2026-05-07 15:35:35.292] [    1.649270][ 5] [    T0] With CPU patch V2.0.1
[2026-05-07 15:35:35.293] [    1.649270][ 5] [    T0] Got CPU topology from cpuid B leaf, 4 leaf patch V1.0.0
[2026-05-07 15:35:35.295] [    2.418994][ 6] [    T1]  #6
[2026-05-07 15:35:35.295] [    1.649270][ 6] [    T0] With CPU patch V2.0.1
[2026-05-07 15:35:35.297] [    1.649270][ 6] [    T0] Got CPU topology from cpuid B leaf, 4 leaf patch V1.0.0
[2026-05-07 15:35:35.301] [    2.445559][ 7] [    T1]  #7
[2026-05-07 15:35:35.317] [    1.649270][ 7] [    T0] With CPU patch V2.0.1
[2026-05-07 15:35:35.368] [    1.649270][ 7] [    T0] Got CPU topology from cpuid B leaf, 4 leaf patch V1.0.0
[2026-05-07 15:35:35.370] [    2.471689][ 0] [    T1] smp: Brought up 1 node, 8 CPUs
[2026-05-07 15:35:35.372] [    2.472313][ 0] [    T1] smpboot: Max logical packages: 1
[2026-05-07 15:35:35.373] [    2.476312][ 0] [    T1] smpboot: Total of 8 processors activated (36728.22 BogoMIPS)
[2026-05-07 15:35:35.375] [    2.485547][ 0] [    T1] devtmpfs: initialized
[2026-05-07 15:35:35.376] [    2.488634][ 0] [    T1] x86/mm: Memory block size: 128MB
[2026-05-07 15:35:35.378] [    2.504126][ 0] [    T1] calling  bpf_jit_charge_init+0x0/0x40 @ 1
[2026-05-07 15:35:35.387] [    2.504314][ 0] [    T1] initcall bpf_jit_charge_init+0x0/0x40 returned 0 after 0 usecs
[2026-05-07 15:35:35.389] [    2.508313][ 0] [    T1] calling  ipc_ns_init+0x0/0x45 @ 1
[2026-05-07 15:35:35.438] [    2.512318][ 0] [    T1] initcall ipc_ns_init+0x0/0x45 returned 0 after 6 usecs
[2026-05-07 15:35:35.444] [    2.516311][ 0] [    T1] calling  init_mmap_min_addr+0x0/0x1b @ 1
[2026-05-07 15:35:35.445] [    2.520313][ 0] [    T1] initcall init_mmap_min_addr+0x0/0x1b returned 0 after 1 usecs
[2026-05-07 15:35:35.448] [    2.524315][ 0] [    T1] calling  pci_realloc_setup_params+0x0/0x4b @ 1
[2026-05-07 15:35:35.451] [    2.528314][ 0] [    T1] initcall pci_realloc_setup_params+0x0/0x4b returned 0 after 1 usecs
[2026-05-07 15:35:35.453] [    2.532315][ 0] [    T1] calling  net_ns_init+0x0/0x12e @ 1
[2026-05-07 15:35:35.454] [    2.536398][ 0] [    T1] initcall net_ns_init+0x0/0x12e returned 0 after 86 usecs
[2026-05-07 15:35:35.502] [    2.540451][ 0] [    T1] calling  xen_pvh_gnttab_setup+0x0/0x3a @ 1
[2026-05-07 15:35:35.503] [    2.544314][ 0] [    T1] initcall xen_pvh_gnttab_setup+0x0/0x3a returned -19 after 1 usecs
[2026-05-07 15:35:35.505] [    2.548313][ 0] [    T1] calling  e820__register_nvs_regions+0x0/0x3d @ 1
[2026-05-07 15:35:35.507] [    2.552321][ 0] [    T1] PM: Registering ACPI NVS region [mem 0x963c4000-0x963defff] (110592 bytes)
[2026-05-07 15:35:35.510] [    2.556361][ 0] [    T1] initcall e820__register_nvs_regions+0x0/0x3d returned 0 after 3953 usecs
[2026-05-07 15:35:35.512] [    2.560312][ 0] [    T1] calling  cpufreq_register_tsc_scaling+0x0/0x32 @ 1
[2026-05-07 15:35:35.559] [    2.564313][ 0] [    T1] initcall cpufreq_register_tsc_scaling+0x0/0x32 returned 0 after 1 usecs
[2026-05-07 15:35:35.566] [    2.568314][ 0] [    T1] calling  reboot_init+0x0/0x45 @ 1
[2026-05-07 15:35:35.568] [    2.572324][ 0] [    T1] initcall reboot_init+0x0/0x45 returned 0 after 12 usecs
[2026-05-07 15:35:35.570] [    2.576313][ 0] [    T1] calling  init_lapic_sysfs+0x0/0x29 @ 1
[2026-05-07 15:35:35.571] [    2.580313][ 0] [    T1] initcall init_lapic_sysfs+0x0/0x29 returned 0 after 1 usecs
[2026-05-07 15:35:35.573] [    2.584313][ 0] [    T1] calling  uv_bau_init+0x0/0xb34 @ 1
[2026-05-07 15:35:35.577] [    2.588312][ 0] [    T1] initcall uv_bau_init+0x0/0xb34 returned 0 after 0 usecs
[2026-05-07 15:35:35.579] [    2.592313][ 0] [    T1] calling  alloc_frozen_cpus+0x0/0x23 @ 1
[2026-05-07 15:35:35.581] [    2.596314][ 0] [    T1] initcall alloc_frozen_cpus+0x0/0x23 returned 0 after 2 usecs
[2026-05-07 15:35:35.583] [    2.600311][ 0] [    T1] calling  cpu_hotplug_pm_sync_init+0x0/0x19 @ 1
[2026-05-07 15:35:35.585] [    2.604314][ 0] [    T1] initcall cpu_hotplug_pm_sync_init+0x0/0x19 returned 0 after 1 usecs
[2026-05-07 15:35:35.587] [    2.608312][ 0] [    T1] calling  wq_sysfs_init+0x0/0x30 @ 1
[2026-05-07 15:35:35.588] [    2.612401][ 0] [    T1] initcall wq_sysfs_init+0x0/0x30 returned 0 after 86 usecs
[2026-05-07 15:35:35.636] [    2.616312][ 0] [    T1] calling  ksysfs_init+0x0/0x9e @ 1
[2026-05-07 15:35:35.636] [    2.620358][ 0] [    T1] initcall ksysfs_init+0x0/0x9e returned 0 after 44 usecs
[2026-05-07 15:35:35.638] [    2.624312][ 0] [    T1] calling  pm_init+0x0/0x79 @ 1
[2026-05-07 15:35:35.640] [    2.628460][ 0] [    T1] initcall pm_init+0x0/0x79 returned 0 after 144 usecs
[2026-05-07 15:35:35.641] [    2.632313][ 0] [    T1] calling  pm_disk_init+0x0/0x1e @ 1
[2026-05-07 15:35:35.643] [    2.636327][ 0] [    T1] initcall pm_disk_init+0x0/0x1e returned 0 after 15 usecs
[2026-05-07 15:35:35.645] [    2.640317][ 0] [    T1] calling  swsusp_header_init+0x0/0x30 @ 1
[2026-05-07 15:35:35.647] [    2.644316][ 0] [    T1] initcall swsusp_header_init+0x0/0x30 returned 0 after 4 usecs
[2026-05-07 15:35:35.651] [    2.648311][ 0] [    T1] calling  rcu_set_runtime_mode+0x0/0x17 @ 1
[2026-05-07 15:35:35.654] [    2.652313][ 0] [    T1] initcall rcu_set_runtime_mode+0x0/0x17 returned 0 after 1 usecs
[2026-05-07 15:35:35.656] [    2.656311][ 0] [    T1] calling  rcu_spawn_tasks_kthread+0x0/0x6e @ 1
[2026-05-07 15:35:35.658] [    2.660374][ 0] [    T1] initcall rcu_spawn_tasks_kthread+0x0/0x6e returned 0 after 62 usecs
[2026-05-07 15:35:35.660] [    2.664313][ 0] [    T1] calling  init_jiffies_clocksource+0x0/0x1e @ 1
[2026-05-07 15:35:35.714] [    2.668313][ 0] [    T1] clocksource: jiffies: mask: 0xffffffff max_cycles: 0xffffffff, max_idle_ns: 7645041785100000 ns
[2026-05-07 15:35:35.718] [    2.672313][ 0] [    T1] initcall init_jiffies_clocksource+0x0/0x1e returned 0 after 3908 usecs
[2026-05-07 15:35:35.720] [    2.676311][ 0] [    T1] calling  futex_init+0x0/0xf5 @ 1
[2026-05-07 15:35:35.722] [    2.680316][ 0] [    T1] futex hash table entries: 2048 (order: 5, 131072 bytes, linear)
[2026-05-07 15:35:35.724] [    2.684341][ 0] [    T1] initcall futex_init+0x0/0xf5 returned 0 after 3935 usecs
[2026-05-07 15:35:35.728] [    2.688312][ 0] [    T1] calling  cgroup_wq_init+0x0/0x2e @ 1
[2026-05-07 15:35:35.729] [    2.692347][ 0] [    T1] initcall cgroup_wq_init+0x0/0x2e returned 0 after 34 usecs
[2026-05-07 15:35:35.732] [    2.696312][ 0] [    T1] calling  cgroup1_wq_init+0x0/0x2e @ 1
[2026-05-07 15:35:35.733] [    2.700345][ 0] [    T1] initcall cgroup1_wq_init+0x0/0x2e returned 0 after 32 usecs
[2026-05-07 15:35:35.735] [    2.704313][ 0] [    T1] calling  ftrace_mod_cmd_init+0x0/0x12 @ 1
[2026-05-07 15:35:35.738] [    2.708315][ 0] [    T1] initcall ftrace_mod_cmd_init+0x0/0x12 returned 0 after 3 usecs
[2026-05-07 15:35:35.789] [    2.712313][ 0] [    T1] calling  init_wakeup_tracer+0x0/0x32 @ 1
[2026-05-07 15:35:35.790] [    2.716326][ 0] [    T1] initcall init_wakeup_tracer+0x0/0x32 returned 0 after 13 usecs
[2026-05-07 15:35:35.793] [    2.720312][ 0] [    T1] calling  init_graph_trace+0x0/0x64 @ 1
[2026-05-07 15:35:35.794] [    2.724319][ 0] [    T1] initcall init_graph_trace+0x0/0x64 returned 0 after 7 usecs
[2026-05-07 15:35:35.796] [    2.728312][ 0] [    T1] calling  cgroup_bpf_wq_init+0x0/0x38 @ 1
[2026-05-07 15:35:35.798] [    2.732345][ 0] [    T1] initcall cgroup_bpf_wq_init+0x0/0x38 returned 0 after 32 usecs
[2026-05-07 15:35:35.802] [    2.736316][ 0] [    T1] calling  init_zero_pfn+0x0/0x3d @ 1
[2026-05-07 15:35:35.806] [    2.740312][ 0] [    T1] initcall init_zero_pfn+0x0/0x3d returned 0 after 0 usecs
[2026-05-07 15:35:35.807] [    2.744317][ 0] [    T1] calling  init_per_zone_wmark_min+0x0/0x76 @ 1
[2026-05-07 15:35:35.809] [    2.748318][ 0] [    T1] initcall init_per_zone_wmark_min+0x0/0x76 returned 0 after 6 usecs
[2026-05-07 15:35:35.815] [    2.752312][ 0] [    T1] calling  memory_failure_init+0x0/0x9f @ 1
[2026-05-07 15:35:35.868] [    2.756312][ 0] [    T1] initcall memory_failure_init+0x0/0x9f returned 0 after 0 usecs
[2026-05-07 15:35:35.871] [    2.760311][ 0] [    T1] calling  cma_init_reserved_areas+0x0/0x34 @ 1
[2026-05-07 15:35:35.873] [    2.764313][ 0] [    T1] initcall cma_init_reserved_areas+0x0/0x34 returned 0 after 1 usecs
[2026-05-07 15:35:35.876] [    2.768313][ 0] [    T1] calling  fsnotify_init+0x0/0x4e @ 1
[2026-05-07 15:35:35.882] [    2.772331][ 0] [    T1] initcall fsnotify_init+0x0/0x4e returned 0 after 18 usecs
[2026-05-07 15:35:35.883] [    2.776313][ 0] [    T1] calling  filelock_init+0x0/0x9d @ 1
[2026-05-07 15:35:35.884] [    2.780332][ 0] [    T1] initcall filelock_init+0x0/0x9d returned 0 after 19 usecs
[2026-05-07 15:35:35.886] [    2.784312][ 0] [    T1] calling  init_script_binfmt+0x0/0x1b @ 1
[2026-05-07 15:35:35.889] [    2.788314][ 0] [    T1] initcall init_script_binfmt+0x0/0x1b returned 0 after 2 usecs
[2026-05-07 15:35:35.891] [    2.792311][ 0] [    T1] calling  init_elf_binfmt+0x0/0x1b @ 1
[2026-05-07 15:35:35.891] [    2.796311][ 0] [    T1] initcall init_elf_binfmt+0x0/0x1b returned 0 after 0 usecs
[2026-05-07 15:35:35.945] [    2.800311][ 0] [    T1] calling  init_compat_elf_binfmt+0x0/0x1b @ 1
[2026-05-07 15:35:35.947] [    2.804312][ 0] [    T1] initcall init_compat_elf_binfmt+0x0/0x1b returned 0 after 0 usecs
[2026-05-07 15:35:35.949] [    2.808311][ 0] [    T1] calling  configfs_init+0x0/0x9f @ 1
[2026-05-07 15:35:35.951] [    2.812328][ 0] [    T1] initcall configfs_init+0x0/0x9f returned 0 after 16 usecs
[2026-05-07 15:35:35.953] [    2.816311][ 0] [    T1] calling  debugfs_init+0x0/0x68 @ 1
[2026-05-07 15:35:35.955] [    2.820317][ 0] [    T1] initcall debugfs_init+0x0/0x68 returned 0 after 5 usecs
[2026-05-07 15:35:35.957] [    2.824311][ 0] [    T1] calling  tracefs_init+0x0/0x42 @ 1
[2026-05-07 15:35:35.958] [    2.828315][ 0] [    T1] initcall tracefs_init+0x0/0x42 returned 0 after 4 usecs
[2026-05-07 15:35:35.960] [    2.832311][ 0] [    T1] calling  securityfs_init+0x0/0xa0 @ 1
[2026-05-07 15:35:35.961] [    2.836432][ 0] [    T1] initcall securityfs_init+0x0/0xa0 returned 0 after 116 usecs
[2026-05-07 15:35:35.967] [    2.840312][ 0] [    T1] calling  prandom_init+0x0/0xe9 @ 1
[2026-05-07 15:35:36.015] [    2.844330][ 0] [    T1] initcall prandom_init+0x0/0xe9 returned 0 after 18 usecs
[2026-05-07 15:35:36.018] [    2.848312][ 0] [    T1] calling  pinctrl_init+0x0/0xb3 @ 1
[2026-05-07 15:35:36.020] [    2.852312][ 0] [    T1] pinctrl core: initialized pinctrl subsystem
[2026-05-07 15:35:36.021] [    2.856434][ 0] [    T1] initcall pinctrl_init+0x0/0xb3 returned 0 after 4024 usecs
[2026-05-07 15:35:36.023] [    2.860312][ 0] [    T1] calling  gpiolib_dev_init+0x0/0xce @ 1
[2026-05-07 15:35:36.025] [    2.864368][ 0] [    T1] initcall gpiolib_dev_init+0x0/0xce returned 0 after 54 usecs
[2026-05-07 15:35:36.028] [    2.868313][ 0] [    T1] calling  sfi_sysfs_init+0x0/0xd8 @ 1
[2026-05-07 15:35:36.085] [    2.872313][ 0] [    T1] initcall sfi_sysfs_init+0x0/0xd8 returned 0 after 1 usecs
[2026-05-07 15:35:36.087] [    2.876316][ 0] [    T1] calling  virtio_init+0x0/0x30 @ 1
[2026-05-07 15:35:36.088] [    2.880349][ 0] [    T1] initcall virtio_init+0x0/0x30 returned 0 after 36 usecs
[2026-05-07 15:35:36.091] [    2.884312][ 0] [    T1] calling  regulator_init+0x0/0xa1 @ 1
[2026-05-07 15:35:36.093] [    2.888678][ 0] [    T1] probe of reg-dummy returned 1 after 0 usecs
[2026-05-07 15:35:36.094] [    2.892338][ 0] [    T1] initcall regulator_init+0x0/0xa1 returned 0 after 3931 usecs
[2026-05-07 15:35:36.096] [    2.896313][ 0] [    T1] calling  iommu_init+0x0/0x30 @ 1
[2026-05-07 15:35:36.099] [    2.900318][ 0] [    T1] initcall iommu_init+0x0/0x30 returned 0 after 6 usecs
[2026-05-07 15:35:36.101] [    2.904313][ 0] [    T1] calling  component_debug_init+0x0/0x22 @ 1
[2026-05-07 15:35:36.103] [    2.908323][ 0] [    T1] initcall component_debug_init+0x0/0x22 returned 0 after 11 usecs
[2026-05-07 15:35:36.107] [    2.912314][ 0] [    T1] calling  early_resume_init+0x0/0xb0 @ 1
[2026-05-07 15:35:36.109] [    2.916350][ 0] [    T1] PM: RTC time: 15:35:36, date: 2026-05-07
[2026-05-07 15:35:36.110] [    2.920314][ 0] [    T1] initcall early_resume_init+0x0/0xb0 returned 0 after 3908 usecs
[2026-05-07 15:35:36.112] [    2.924315][ 0] [    T1] calling  opp_debug_init+0x0/0x22 @ 1
[2026-05-07 15:35:36.115] [    2.928325][ 0] [    T1] initcall opp_debug_init+0x0/0x22 returned 0 after 13 usecs
[2026-05-07 15:35:36.162] [    2.932313][ 0] [    T1] calling  capsule_reboot_register+0x0/0x17 @ 1
[2026-05-07 15:35:36.167] [    2.936314][ 0] [    T1] initcall capsule_reboot_register+0x0/0x17 returned 0 after 1 usecs
[2026-05-07 15:35:36.169] [    2.940312][ 0] [    T1] calling  cpufreq_core_init+0x0/0x45 @ 1
[2026-05-07 15:35:36.170] [    2.944328][ 0] [    T1] initcall cpufreq_core_init+0x0/0x45 returned 0 after 15 usecs
[2026-05-07 15:35:36.172] [    2.948312][ 0] [    T1] calling  cpuidle_init+0x0/0x45 @ 1
[2026-05-07 15:35:36.174] [    2.952324][ 0] [    T1] initcall cpuidle_init+0x0/0x45 returned 0 after 11 usecs
[2026-05-07 15:35:36.176] [    2.956313][ 0] [    T1] calling  bsp_pm_check_init+0x0/0x19 @ 1
[2026-05-07 15:35:36.177] [    2.960313][ 0] [    T1] initcall bsp_pm_check_init+0x0/0x19 returned 0 after 1 usecs
[2026-05-07 15:35:36.179] [    2.964311][ 0] [    T1] calling  sock_init+0x0/0xa4 @ 1
[2026-05-07 15:35:36.185] [    2.968615][ 0] [    T1] initcall sock_init+0x0/0xa4 returned 0 after 294 usecs
[2026-05-07 15:35:36.187] [    2.972313][ 0] [    T1] calling  net_inuse_init+0x0/0x29 @ 1
[2026-05-07 15:35:36.192] [    2.976317][ 0] [    T1] initcall net_inuse_init+0x0/0x29 returned 0 after 5 usecs
[2026-05-07 15:35:36.241] [    2.980311][ 0] [    T1] calling  net_defaults_init+0x0/0x29 @ 1
[2026-05-07 15:35:36.242] [    2.984313][ 0] [    T1] initcall net_defaults_init+0x0/0x29 returned 0 after 1 usecs
[2026-05-07 15:35:36.244] [    2.988312][ 0] [    T1] calling  init_default_flow_dissectors+0x0/0x55 @ 1
[2026-05-07 15:35:36.246] [    2.992313][ 0] [    T1] initcall init_default_flow_dissectors+0x0/0x55 returned 0 after 2 usecs
[2026-05-07 15:35:36.249] [    2.996311][ 0] [    T1] calling  netpoll_init+0x0/0x2e @ 1
[2026-05-07 15:35:36.251] [    3.000313][ 0] [    T1] initcall netpoll_init+0x0/0x2e returned 0 after 1 usecs
[2026-05-07 15:35:36.253] [    3.004312][ 0] [    T1] calling  netlink_proto_init+0x0/0x163 @ 1
[2026-05-07 15:35:36.254] [    3.008448][ 0] [    T1] NET: Registered protocol family 16
[2026-05-07 15:35:36.259] [    3.012383][ 0] [    T1] initcall netlink_proto_init+0x0/0x163 returned 0 after 3974 usecs
[2026-05-07 15:35:36.262] [    3.016315][ 0] [    T1] calling  tcp_bpf_v4_build_proto+0x0/0x71 @ 1
[2026-05-07 15:35:36.269] [    3.020314][ 0] [    T1] initcall tcp_bpf_v4_build_proto+0x0/0x71 returned 0 after 1 usecs
[2026-05-07 15:35:36.315] [    3.024314][ 0] [    T1] calling  __gnttab_init+0x0/0x40 @ 1
[2026-05-07 15:35:36.319] [    3.028312][ 0] [    T1] initcall __gnttab_init+0x0/0x40 returned -19 after 0 usecs
[2026-05-07 15:35:36.321] [    3.032447][ 0] [    T1] calling  irq_sysfs_init+0x0/0x97 @ 1
[2026-05-07 15:35:36.322] [    3.036732][ 0] [    T1] initcall irq_sysfs_init+0x0/0x97 returned 0 after 410 usecs
[2026-05-07 15:35:36.324] [    3.040312][ 0] [    T1] calling  audit_init+0x0/0x18a @ 1
[2026-05-07 15:35:36.326] [    3.044323][ 0] [    T1] audit: initializing netlink subsys (disabled)
[2026-05-07 15:35:36.328] [    3.048367][ 0] [    T1] initcall audit_init+0x0/0x18a returned 0 after 3962 usecs
[2026-05-07 15:35:36.330] [    3.048367][ 1] [   T60] audit: type=2000 audit(1778168133.168:1): state=initialized audit_enabled=0 res=1
[2026-05-07 15:35:36.382] [    3.052316][ 0] [    T1] calling  release_early_probes+0x0/0x45 @ 1
[2026-05-07 15:35:36.384] [    3.060313][ 0] [    T1] initcall release_early_probes+0x0/0x45 returned 0 after 1 usecs
[2026-05-07 15:35:36.387] [    3.064312][ 0] [    T1] calling  bdi_class_init+0x0/0x4e @ 1
[2026-05-07 15:35:36.388] [    3.068354][ 0] [    T1] initcall bdi_class_init+0x0/0x4e returned 0 after 41 usecs
[2026-05-07 15:35:36.390] [    3.072312][ 0] [    T1] calling  mm_sysfs_init+0x0/0x2e @ 1
[2026-05-07 15:35:36.392] [    3.076317][ 0] [    T1] initcall mm_sysfs_init+0x0/0x2e returned 0 after 5 usecs
[2026-05-07 15:35:36.394] [    3.080312][ 0] [    T1] calling  mpi_init+0x0/0x68 @ 1
[2026-05-07 15:35:36.395] [    3.084337][ 0] [    T1] initcall mpi_init+0x0/0x68 returned 0 after 25 usecs
[2026-05-07 15:35:36.397] [    3.088312][ 0] [    T1] calling  gpiolib_sysfs_init+0x0/0xa6 @ 1
[2026-05-07 15:35:36.400] [    3.092337][ 0] [    T1] initcall gpiolib_sysfs_init+0x0/0xa6 returned 0 after 24 usecs
[2026-05-07 15:35:36.402] [    3.096318][ 0] [    T1] calling  acpi_gpio_setup_params+0x0/0xa0 @ 1
[2026-05-07 15:35:36.405] [    3.100314][ 0] [    T1] initcall acpi_gpio_setup_params+0x0/0xa0 returned 0 after 3 usecs
[2026-05-07 15:35:36.455] [    3.104312][ 0] [    T1] calling  pcibus_class_init+0x0/0x1e @ 1
[2026-05-07 15:35:36.456] [    3.108333][ 0] [    T1] initcall pcibus_class_init+0x0/0x1e returned 0 after 21 usecs
[2026-05-07 15:35:36.459] [    3.112312][ 0] [    T1] calling  pci_driver_init+0x0/0x27 @ 1
[2026-05-07 15:35:36.461] [    3.116412][ 0] [    T1] initcall pci_driver_init+0x0/0x27 returned 0 after 98 usecs
[2026-05-07 15:35:36.462] [    3.120311][ 0] [    T1] calling  rio_bus_init+0x0/0x4b @ 1
[2026-05-07 15:35:36.464] [    3.124369][ 0] [    T1] initcall rio_bus_init+0x0/0x4b returned 0 after 57 usecs
[2026-05-07 15:35:36.467] [    3.128311][ 0] [    T1] calling  backlight_class_init+0x0/0xad @ 1
[2026-05-07 15:35:36.470] [    3.132334][ 0] [    T1] initcall backlight_class_init+0x0/0xad returned 0 after 21 usecs
[2026-05-07 15:35:36.472] [    3.136312][ 0] [    T1] calling  xenbus_init+0x0/0x2a0 @ 1
[2026-05-07 15:35:36.474] [    3.140313][ 0] [    T1] initcall xenbus_init+0x0/0x2a0 returned -19 after 1 usecs
[2026-05-07 15:35:36.529] [    3.144312][ 0] [    T1] calling  tty_class_init+0x0/0x39 @ 1
[2026-05-07 15:35:36.533] [    3.148334][ 0] [    T1] initcall tty_class_init+0x0/0x39 returned 0 after 21 usecs
[2026-05-07 15:35:36.536] [    3.152312][ 0] [    T1] calling  vtconsole_class_init+0x0/0xdc @ 1
[2026-05-07 15:35:36.537] [    3.156425][ 0] [    T1] initcall vtconsole_class_init+0x0/0xdc returned 0 after 110 usecs
[2026-05-07 15:35:36.539] [    3.160312][ 0] [    T1] calling  serdev_init+0x0/0x22 @ 1
[2026-05-07 15:35:36.541] [    3.164351][ 0] [    T1] initcall serdev_init+0x0/0x22 returned 0 after 38 usecs
[2026-05-07 15:35:36.545] [    3.168312][ 0] [    T1] calling  iommu_dev_init+0x0/0x1e @ 1
[2026-05-07 15:35:36.548] [    3.172333][ 0] [    T1] initcall iommu_dev_init+0x0/0x1e returned 0 after 20 usecs
[2026-05-07 15:35:36.550] [    3.176312][ 0] [    T1] calling  software_node_init+0x0/0x30 @ 1
[2026-05-07 15:35:36.552] [    3.180316][ 0] [    T1] initcall software_node_init+0x0/0x30 returned 0 after 4 usecs
[2026-05-07 15:35:36.554] [    3.184312][ 0] [    T1] calling  wakeup_sources_debugfs_init+0x0/0x29 @ 1
[2026-05-07 15:35:36.601] [    3.188326][ 0] [    T1] initcall wakeup_sources_debugfs_init+0x0/0x29 returned 0 after 14 usecs
[2026-05-07 15:35:36.604] [    3.192311][ 0] [    T1] calling  wakeup_sources_sysfs_init+0x0/0x35 @ 1
[2026-05-07 15:35:36.606] [    3.196344][ 0] [    T1] initcall wakeup_sources_sysfs_init+0x0/0x35 returned 0 after 31 usecs
[2026-05-07 15:35:36.608] [    3.200312][ 0] [    T1] calling  isa_bus_init+0x0/0x44 @ 1
[2026-05-07 15:35:36.611] [    3.204378][ 0] [    T1] initcall isa_bus_init+0x0/0x44 returned 0 after 64 usecs
[2026-05-07 15:35:36.613] [    3.208312][ 0] [    T1] calling  register_node_type+0x0/0x38 @ 1
[2026-05-07 15:35:36.616] [    3.212412][ 0] [    T1] initcall register_node_type+0x0/0x38 returned 0 after 98 usecs
[2026-05-07 15:35:36.621] [    3.216312][ 0] [    T1] calling  regmap_initcall+0x0/0x12 @ 1
[2026-05-07 15:35:36.623] [    3.220327][ 0] [    T1] initcall regmap_initcall+0x0/0x12 returned 0 after 14 usecs
[2026-05-07 15:35:36.625] [    3.224311][ 0] [    T1] calling  sram_init+0x0/0x19 @ 1
[2026-05-07 15:35:36.627] [    3.228342][ 0] [    T1] initcall sram_init+0x0/0x19 returned 0 after 29 usecs
[2026-05-07 15:35:36.683] [    3.232313][ 0] [    T1] calling  syscon_init+0x0/0x19 @ 1
[2026-05-07 15:35:36.685] [    3.236340][ 0] [    T1] initcall syscon_init+0x0/0x19 returned 0 after 27 usecs
[2026-05-07 15:35:36.687] [    3.240312][ 0] [    T1] calling  mipi_dsi_bus_init+0x0/0x17 @ 1
[2026-05-07 15:35:36.688] [    3.244345][ 0] [    T1] initcall mipi_dsi_bus_init+0x0/0x17 returned 0 after 32 usecs
[2026-05-07 15:35:36.690] [    3.248315][ 0] [    T1] calling  spi_init+0x0/0xd0 @ 1
[2026-05-07 15:35:36.692] [    3.252416][ 0] [    T1] initcall spi_init+0x0/0xd0 returned 0 after 101 usecs
[2026-05-07 15:35:36.698] [    3.256313][ 0] [    T1] calling  i2c_init+0x0/0xb9 @ 1
[2026-05-07 15:35:36.700] [    3.260388][ 0] [    T1] initcall i2c_init+0x0/0xb9 returned 0 after 74 usecs
[2026-05-07 15:35:36.702] [    3.264312][ 0] [    T1] calling  eisa_init+0x0/0x31 @ 1
[2026-05-07 15:35:36.704] [    3.268347][ 0] [    T1] EISA bus registered
[2026-05-07 15:35:36.705] [    3.272312][ 0] [    T1] initcall eisa_init+0x0/0x31 returned 0 after 3906 usecs
[2026-05-07 15:35:36.707] [    3.276311][ 0] [    T1] calling  pcc_init+0x0/0xa4 @ 1
[2026-05-07 15:35:36.752] [    3.280316][ 0] [    T1] initcall pcc_init+0x0/0xa4 returned -19 after 3 usecs
[2026-05-07 15:35:36.754] [    3.284312][ 0] [    T1] calling  init_ladder+0x0/0x2a @ 1
[2026-05-07 15:35:36.756] [    3.288328][ 0] [    T1] cpuidle: using governor ladder
[2026-05-07 15:35:36.757] [    3.292312][ 0] [    T1] initcall init_ladder+0x0/0x2a returned 0 after 3906 usecs
[2026-05-07 15:35:36.759] [    3.296312][ 0] [    T1] calling  init_menu+0x0/0x17 @ 1
[2026-05-07 15:35:36.760] [    3.300316][ 0] [    T1] cpuidle: using governor menu
[2026-05-07 15:35:36.761] [    3.304312][ 0] [    T1] initcall init_menu+0x0/0x17 returned 0 after 3905 usecs
[2026-05-07 15:35:36.763] [    3.308312][ 0] [    T1] calling  teo_governor_init+0x0/0x17 @ 1
[2026-05-07 15:35:36.767] [    3.312312][ 0] [    T1] initcall teo_governor_init+0x0/0x17 returned 0 after 0 usecs
[2026-05-07 15:35:36.813] [    3.316312][ 0] [    T1] calling  init_haltpoll+0x0/0x26 @ 1
[2026-05-07 15:35:36.818] [    3.320313][ 0] [    T1] initcall init_haltpoll+0x0/0x26 returned 0 after 1 usecs
[2026-05-07 15:35:36.820] [    3.324312][ 0] [    T1] calling  amd_postcore_init+0x0/0x125 @ 1
[2026-05-07 15:35:36.822] [    3.328313][ 0] [    T1] initcall amd_postcore_init+0x0/0x125 returned 0 after 1 usecs
[2026-05-07 15:35:36.824] [    3.332313][ 0] [    T1] calling  kobject_uevent_init+0x0/0x12 @ 1
[2026-05-07 15:35:36.826] [    3.336332][ 0] [    T1] initcall kobject_uevent_init+0x0/0x12 returned 0 after 19 usecs
[2026-05-07 15:35:36.828] [    3.340449][ 0] [    T1] calling  bts_init+0x0/0xc2 @ 1
[2026-05-07 15:35:36.831] [    3.344313][ 0] [    T1] initcall bts_init+0x0/0xc2 returned -19 after 1 usecs
[2026-05-07 15:35:36.833] [    3.348311][ 0] [    T1] calling  pt_init+0x0/0x39a @ 1
[2026-05-07 15:35:36.834] [    3.352314][ 0] [    T1] initcall pt_init+0x0/0x39a returned -19 after 1 usecs
[2026-05-07 15:35:36.836] [    3.356312][ 0] [    T1] calling  boot_params_ksysfs_init+0x0/0x260 @ 1
[2026-05-07 15:35:36.838] [    3.360361][ 0] [    T1] initcall boot_params_ksysfs_init+0x0/0x260 returned 0 after 48 usecs
[2026-05-07 15:35:36.892] [    3.364312][ 0] [    T1] calling  sbf_init+0x0/0xd9 @ 1
[2026-05-07 15:35:36.894] [    3.368313][ 0] [    T1] initcall sbf_init+0x0/0xd9 returned 0 after 1 usecs
[2026-05-07 15:35:36.896] [    3.372311][ 0] [    T1] calling  arch_kdebugfs_init+0x0/0x22 @ 1
[2026-05-07 15:35:36.899] [    3.376327][ 0] [    T1] initcall arch_kdebugfs_init+0x0/0x22 returned 0 after 14 usecs
[2026-05-07 15:35:36.902] [    3.380312][ 0] [    T1] calling  intel_pconfig_init+0x0/0xe4 @ 1
[2026-05-07 15:35:36.903] [    3.384313][ 0] [    T1] initcall intel_pconfig_init+0x0/0xe4 returned 0 after 1 usecs
[2026-05-07 15:35:36.959] [    3.388312][ 0] [    T1] calling  mtrr_if_init+0x0/0x64 @ 1
[2026-05-07 15:35:36.961] [    3.392316][ 0] [    T1] initcall mtrr_if_init+0x0/0x64 returned 0 after 5 usecs
[2026-05-07 15:35:36.963] [    3.396311][ 0] [    T1] calling  ffh_cstate_init+0x0/0x3d @ 1
[2026-05-07 15:35:36.964] [    3.400315][ 0] [    T1] initcall ffh_cstate_init+0x0/0x3d returned 0 after 4 usecs
[2026-05-07 15:35:36.968] [    3.404315][ 0] [    T1] calling  activate_jump_labels+0x0/0x3a @ 1
[2026-05-07 15:35:36.972] [    3.408313][ 0] [    T1] initcall activate_jump_labels+0x0/0x3a returned 0 after 1 usecs
[2026-05-07 15:35:36.974] [    3.412312][ 0] [    T1] calling  kvm_setup_pv_tlb_flush+0x0/0x8a @ 1
[2026-05-07 15:35:36.975] [    3.416314][ 0] [    T1] initcall kvm_setup_pv_tlb_flush+0x0/0x8a returned 0 after 2 usecs
[2026-05-07 15:35:36.978] [    3.420313][ 0] [    T1] calling  gigantic_pages_init+0x0/0x37 @ 1
[2026-05-07 15:35:36.979] [    3.424317][ 0] [    T1] initcall gigantic_pages_init+0x0/0x37 returned 0 after 6 usecs
[2026-05-07 15:35:36.985] [    3.428312][ 0] [    T1] calling  uv_rtc_setup_clock+0x0/0x150 @ 1
[2026-05-07 15:35:36.986] [    3.432313][ 0] [    T1] initcall uv_rtc_setup_clock+0x0/0x150 returned -19 after 1 usecs
[2026-05-07 15:35:36.988] [    3.436312][ 0] [    T1] calling  kcmp_cookies_init+0x0/0x3d @ 1
[2026-05-07 15:35:36.990] [    3.440314][ 0] [    T1] initcall kcmp_cookies_init+0x0/0x3d returned 0 after 3 usecs
[2026-05-07 15:35:36.992] [    3.444312][ 0] [    T1] calling  cryptomgr_init+0x0/0x17 @ 1
[2026-05-07 15:35:36.993] [    3.448313][ 0] [    T1] initcall cryptomgr_init+0x0/0x17 returned 0 after 1 usecs
[2026-05-07 15:35:36.995] [    3.452312][ 0] [    T1] calling  acpi_pci_init+0x0/0x67 @ 1
[2026-05-07 15:35:37.050] [    3.456312][ 0] [    T1] ACPI: bus type PCI registered
[2026-05-07 15:35:37.052] [    3.460314][ 0] [    T1] acpiphp: ACPI Hot Plug PCI Controller Driver version: 0.5
[2026-05-07 15:35:37.054] [    3.464313][ 0] [    T1] initcall acpi_pci_init+0x0/0x67 returned 0 after 7813 usecs
[2026-05-07 15:35:37.061] [    3.468312][ 0] [    T1] calling  ft_pci_aspm_init+0x0/0xd @ 1
[2026-05-07 15:35:37.063] [    3.472313][ 0] [    T1] initcall ft_pci_aspm_init+0x0/0xd returned 0 after 1 usecs
[2026-05-07 15:35:37.065] [    3.476312][ 0] [    T1] calling  dma_channel_table_init+0x0/0xd2 @ 1
[2026-05-07 15:35:37.068] [    3.480321][ 0] [    T1] initcall dma_channel_table_init+0x0/0xd2 returned 0 after 8 usecs
[2026-05-07 15:35:37.070] [    3.484312][ 0] [    T1] calling  dma_bus_init+0x0/0xc5 @ 1
[2026-05-07 15:35:37.114] [    3.488465][ 0] [    T1] initcall dma_bus_init+0x0/0xc5 returned 0 after 149 usecs
[2026-05-07 15:35:37.117] [    3.492313][ 0] [    T1] calling  setup_vcpu_hotplug_event+0x0/0x31 @ 1
[2026-05-07 15:35:37.119] [    3.496312][ 0] [    T1] initcall setup_vcpu_hotplug_event+0x0/0x31 returned -19 after 0 usecs
[2026-05-07 15:35:37.122] [    3.500312][ 0] [    T1] calling  register_xen_pci_notifier+0x0/0x33 @ 1
[2026-05-07 15:35:37.124] [    3.504313][ 0] [    T1] initcall register_xen_pci_notifier+0x0/0x33 returned 0 after 1 usecs
[2026-05-07 15:35:37.126] [    3.508312][ 0] [    T1] calling  xen_pcpu_init+0x0/0xbe @ 1
[2026-05-07 15:35:37.128] [    3.512311][ 0] [    T1] initcall xen_pcpu_init+0x0/0xbe returned -19 after 0 usecs
[2026-05-07 15:35:37.130] [    3.516312][ 0] [    T1] calling  dmi_id_init+0x0/0x34b @ 1
[2026-05-07 15:35:37.136] [    3.520509][ 0] [    T1] initcall dmi_id_init+0x0/0x34b returned 0 after 192 usecs
[2026-05-07 15:35:37.138] [    3.524312][ 0] [    T1] calling  numachip_timer_init+0x0/0x5a @ 1
[2026-05-07 15:35:37.139] [    3.528313][ 0] [    T1] initcall numachip_timer_init+0x0/0x5a returned -19 after 1 usecs
[2026-05-07 15:35:37.141] [    3.532311][ 0] [    T1] calling  ts_dmi_init+0x0/0x63 @ 1
[2026-05-07 15:35:37.143] [    3.536324][ 0] [    T1] initcall ts_dmi_init+0x0/0x63 returned 0 after 11 usecs
[2026-05-07 15:35:37.192] [    3.540313][ 0] [    T1] calling  pci_arch_init+0x0/0x6f @ 1
[2026-05-07 15:35:37.194] [    3.544335][ 0] [    T1] PCI: MMCONFIG for domain 0000 [bus 00-ff] at [mem 0xe0000000-0xefffffff] (base 0xe0000000)
[2026-05-07 15:35:37.196] [    3.548344][ 0] [    T1] PCI: MMCONFIG at [mem 0xe0000000-0xefffffff] reserved in E820
[2026-05-07 15:35:37.199] [    3.552348][ 0] [    T1] PCI: Using configuration type 1 for base access
[2026-05-07 15:35:37.201] [    3.556320][ 0] [    T1] initcall pci_arch_init+0x0/0x6f returned 0 after 11727 usecs
[2026-05-07 15:35:37.203] [    3.560449][ 0] [    T1] calling  init_vdso+0x0/0x25 @ 1
[2026-05-07 15:35:37.204] [    3.564319][ 0] [    T1] initcall init_vdso+0x0/0x25 returned 0 after 7 usecs
[2026-05-07 15:35:37.208] [    3.568311][ 0] [    T1] calling  sysenter_setup+0x0/0x19 @ 1
[2026-05-07 15:35:37.210] [    3.572315][ 0] [    T1] initcall sysenter_setup+0x0/0x19 returned 0 after 3 usecs
[2026-05-07 15:35:37.212] [    3.576311][ 0] [    T1] calling  fixup_ht_bug+0x0/0xcd @ 1
[2026-05-07 15:35:37.215] [    3.580313][ 0] [    T1] initcall fixup_ht_bug+0x0/0xcd returned 0 after 1 usecs
[2026-05-07 15:35:37.271] [    3.584312][ 0] [    T1] calling  topology_init+0x0/0xcf @ 1
[2026-05-07 15:35:37.272] [    3.591960][ 0] [    T1] initcall topology_init+0x0/0xcf returned 0 after 3560 usecs
[2026-05-07 15:35:37.274] [    3.592313][ 0] [    T1] calling  intel_epb_init+0x0/0x74 @ 1
[2026-05-07 15:35:37.275] [    3.596313][ 0] [    T1] initcall intel_epb_init+0x0/0x74 returned -19 after 1 usecs
[2026-05-07 15:35:37.277] [    3.600312][ 0] [    T1] calling  mtrr_init_finialize+0x0/0x47 @ 1
[2026-05-07 15:35:37.279] [    3.604313][ 0] [    T1] initcall mtrr_init_finialize+0x0/0x47 returned 0 after 1 usecs
[2026-05-07 15:35:37.281] [    3.608313][ 0] [    T1] calling  eisa_bus_probe+0x0/0x51 @ 1
[2026-05-07 15:35:37.284] [    3.612338][ 0] [    T1] initcall eisa_bus_probe+0x0/0x51 returned 0 after 25 usecs
[2026-05-07 15:35:37.285] [    3.616312][ 0] [    T1] calling  uid_cache_init+0x0/0x8a @ 1
[2026-05-07 15:35:37.287] [    3.620328][ 0] [    T1] initcall uid_cache_init+0x0/0x8a returned 0 after 15 usecs
[2026-05-07 15:35:37.293] [    3.624312][ 0] [    T1] calling  param_sysfs_init+0x0/0x1ed @ 1
[2026-05-07 15:35:37.345] [    3.644207][ 0] [    T1] initcall param_sysfs_init+0x0/0x1ed returned 0 after 15519 usecs
[2026-05-07 15:35:37.348] [    3.644313][ 0] [    T1] calling  user_namespace_sysctl_init+0x0/0x40 @ 1
[2026-05-07 15:35:37.349] [    3.648339][ 0] [    T1] initcall user_namespace_sysctl_init+0x0/0x40 returned 0 after 25 usecs
[2026-05-07 15:35:37.352] [    3.652312][ 0] [    T1] calling  interactive_mark_init+0x0/0x1e @ 1
[2026-05-07 15:35:37.354] [    3.656317][ 0] [    T1] initcall interactive_mark_init+0x0/0x1e returned 0 after 4 usecs
[2026-05-07 15:35:37.356] [    3.660312][ 0] [    T1] calling  proc_schedstat_init+0x0/0x2a @ 1
[2026-05-07 15:35:37.406] [    3.664317][ 0] [    T1] initcall proc_schedstat_init+0x0/0x2a returned 0 after 5 usecs
[2026-05-07 15:35:37.409] [    3.668311][ 0] [    T1] calling  kylin_sched_init+0x0/0x74 @ 1
[2026-05-07 15:35:37.410] [    3.672467][ 0] [    T1] initcall kylin_sched_init+0x0/0x74 returned 0 after 151 usecs
[2026-05-07 15:35:37.412] [    3.676311][ 0] [    T1] calling  pm_sysrq_init+0x0/0x1e @ 1
[2026-05-07 15:35:37.414] [    3.680324][ 0] [    T1] initcall pm_sysrq_init+0x0/0x1e returned 0 after 11 usecs
[2026-05-07 15:35:37.416] [    3.684318][ 0] [    T1] calling  create_proc_profile+0x0/0xf0 @ 1
[2026-05-07 15:35:37.420] [    3.688366][ 0] [    T1] initcall create_proc_profile+0x0/0xf0 returned 0 after 1 usecs
[2026-05-07 15:35:37.422] [    3.692312][ 0] [    T1] calling  crash_save_vmcoreinfo_init+0x0/0x61a @ 1
[2026-05-07 15:35:37.424] [    3.696348][ 0] [    T1] initcall crash_save_vmcoreinfo_init+0x0/0x61a returned 0 after 35 usecs
[2026-05-07 15:35:37.426] [    3.700311][ 0] [    T1] calling  crash_notes_memory_init+0x0/0x3e @ 1
[2026-05-07 15:35:37.430] [    3.704336][ 0] [    T1] initcall crash_notes_memory_init+0x0/0x3e returned 0 after 21 usecs
[2026-05-07 15:35:37.478] [    3.708318][ 0] [    T1] calling  cgroup_sysfs_init+0x0/0x1e @ 1
[2026-05-07 15:35:37.480] [    3.712464][ 0] [    T1] initcall cgroup_sysfs_init+0x0/0x1e returned 0 after 20 usecs
[2026-05-07 15:35:37.482] [    3.716312][ 0] [    T1] calling  cgroup_namespaces_init+0x0/0xd @ 1
[2026-05-07 15:35:37.484] [    3.720311][ 0] [    T1] initcall cgroup_namespaces_init+0x0/0xd returned 0 after 0 usecs
[2026-05-07 15:35:37.487] [    3.724311][ 0] [    T1] calling  user_namespaces_init+0x0/0x32 @ 1
[2026-05-07 15:35:37.488] [    3.728326][ 0] [    T1] initcall user_namespaces_init+0x0/0x32 returned 0 after 14 usecs
[2026-05-07 15:35:37.490] [    3.732312][ 0] [    T1] calling  init_kprobes+0x0/0x16c @ 1
[2026-05-07 15:35:37.492] [    3.737245][ 0] [    T1] initcall init_kprobes+0x0/0x16c returned 0 after 911 usecs
[2026-05-07 15:35:37.496] [    3.740312][ 0] [    T1] calling  hung_task_init+0x0/0x60 @ 1
[2026-05-07 15:35:37.500] [    3.744368][ 0] [    T1] initcall hung_task_init+0x0/0x60 returned 0 after 56 usecs
[2026-05-07 15:35:37.554] [    3.748314][ 0] [    T1] calling  send_signal_irq_work_init+0x0/0x49 @ 1
[2026-05-07 15:35:37.557] [    3.752313][ 0] [    T1] initcall send_signal_irq_work_init+0x0/0x49 returned 0 after 2 usecs
[2026-05-07 15:35:37.559] [    3.756311][ 0] [    T1] calling  dev_map_init+0x0/0x19 @ 1
[2026-05-07 15:35:37.561] [    3.760315][ 0] [    T1] initcall dev_map_init+0x0/0x19 returned 0 after 1 usecs
[2026-05-07 15:35:37.563] [    3.764311][ 0] [    T1] calling  stack_map_init+0x0/0x4e @ 1
[2026-05-07 15:35:37.564] [    3.768313][ 0] [    T1] initcall stack_map_init+0x0/0x4e returned 0 after 1 usecs
[2026-05-07 15:35:37.567] [    3.772311][ 0] [    T1] calling  btf_vmlinux_init+0x0/0x61 @ 1
[2026-05-07 15:35:37.568] [    3.776328][ 0] [    T1] initcall btf_vmlinux_init+0x0/0x61 returned 0 after 16 usecs
[2026-05-07 15:35:37.575] [    3.780311][ 0] [    T1] calling  oom_init+0x0/0x41 @ 1
[2026-05-07 15:35:37.577] [    3.784373][ 0] [    T1] initcall oom_init+0x0/0x41 returned 0 after 61 usecs
[2026-05-07 15:35:37.579] [    3.788314][ 0] [    T1] calling  default_bdi_init+0x0/0xb7 @ 1
[2026-05-07 15:35:37.582] [    3.792429][ 0] [    T1] initcall default_bdi_init+0x0/0xb7 returned 0 after 113 usecs
[2026-05-07 15:35:37.628] [    3.796314][ 0] [    T1] calling  cgwb_init+0x0/0x2e @ 1
[2026-05-07 15:35:37.633] [    3.800348][ 0] [    T1] initcall cgwb_init+0x0/0x2e returned 0 after 35 usecs
[2026-05-07 15:35:37.635] [    3.804312][ 0] [    T1] calling  percpu_enable_async+0x0/0x14 @ 1
[2026-05-07 15:35:37.637] [    3.808312][ 0] [    T1] initcall percpu_enable_async+0x0/0x14 returned 0 after 0 usecs
[2026-05-07 15:35:37.639] [    3.812311][ 0] [    T1] calling  kcompactd_init+0x0/0xa3 @ 1
[2026-05-07 15:35:37.640] [    3.816368][ 0] [    T1] initcall kcompactd_init+0x0/0xa3 returned 0 after 57 usecs
[2026-05-07 15:35:37.643] [    3.820317][ 0] [    T1] calling  init_user_reserve+0x0/0x50 @ 1
[2026-05-07 15:35:37.693] [    3.824313][ 0] [    T1] initcall init_user_reserve+0x0/0x50 returned 0 after 1 usecs
[2026-05-07 15:35:37.695] [    3.828312][ 0] [    T1] calling  init_admin_reserve+0x0/0x50 @ 1
[2026-05-07 15:35:37.696] [    3.832313][ 0] [    T1] initcall init_admin_reserve+0x0/0x50 returned 0 after 0 usecs
[2026-05-07 15:35:37.699] [    3.836312][ 0] [    T1] calling  init_reserve_notifier+0x0/0x24 @ 1
[2026-05-07 15:35:37.701] [    3.840312][ 0] [    T1] initcall init_reserve_notifier+0x0/0x24 returned 0 after 0 usecs
[2026-05-07 15:35:37.703] [    3.844313][ 0] [    T1] calling  swap_init_sysfs+0x0/0x6f @ 1
[2026-05-07 15:35:37.705] [    3.848325][ 0] [    T1] initcall swap_init_sysfs+0x0/0x6f returned 0 after 12 usecs
[2026-05-07 15:35:37.707] [    3.852312][ 0] [    T1] calling  swapfile_init+0x0/0xa1 @ 1
[2026-05-07 15:35:37.709] [    3.856315][ 0] [    T1] initcall swapfile_init+0x0/0xa1 returned 0 after 3 usecs
[2026-05-07 15:35:37.711] [    3.860312][ 0] [    T1] calling  hugetlb_init+0x0/0x4be @ 1
[2026-05-07 15:35:37.713] [    3.864325][ 0] [    T1] HugeTLB registered 1.00 GiB page size, pre-allocated 0 pages
[2026-05-07 15:35:37.715] [    3.868312][ 0] [    T1] HugeTLB registered 2.00 MiB page size, pre-allocated 0 pages
[2026-05-07 15:35:37.718] [    3.872443][ 0] [    T1] initcall hugetlb_init+0x0/0x4be returned 0 after 7940 usecs
[2026-05-07 15:35:37.770] [    3.876312][ 0] [    T1] calling  ksm_init+0x0/0x1a5 @ 1
[2026-05-07 15:35:37.772] [    3.880364][ 0] [    T1] initcall ksm_init+0x0/0x1a5 returned 0 after 52 usecs
[2026-05-07 15:35:37.776] [    3.884313][ 0] [    T1] calling  hugepage_init+0x0/0x169 @ 1
[2026-05-07 15:35:37.777] [    3.888389][ 0] [    T1] initcall hugepage_init+0x0/0x169 returned 0 after 77 usecs
[2026-05-07 15:35:37.779] [    3.892312][ 0] [    T1] calling  mem_cgroup_init+0x0/0x150 @ 1
[2026-05-07 15:35:37.784] [    3.896352][ 0] [    T1] initcall mem_cgroup_init+0x0/0x150 returned 0 after 39 usecs
[2026-05-07 15:35:37.786] [    3.900311][ 0] [    T1] calling  mem_cgroup_swap_init+0x0/0x5a @ 1
[2026-05-07 15:35:37.788] [    3.904312][ 0] [    T1] initcall mem_cgroup_swap_init+0x0/0x5a returned 0 after 1 usecs
[2026-05-07 15:35:37.790] [    3.908311][ 0] [    T1] calling  page_idle_init+0x0/0x38 @ 1
[2026-05-07 15:35:37.791] [    3.912319][ 0] [    T1] initcall page_idle_init+0x0/0x38 returned 0 after 7 usecs
[2026-05-07 15:35:37.793] [    3.916311][ 0] [    T1] calling  sel_ib_pkey_init+0x0/0x37 @ 1
[2026-05-07 15:35:37.845] [    3.920312][ 0] [    T1] initcall sel_ib_pkey_init+0x0/0x37 returned 0 after 1 usecs
[2026-05-07 15:35:37.847] [    3.924312][ 0] [    T1] calling  seqiv_module_init+0x0/0x17 @ 1
[2026-05-07 15:35:37.849] [    3.928313][ 0] [    T1] initcall seqiv_module_init+0x0/0x17 returned 0 after 1 usecs
[2026-05-07 15:35:37.851] [    3.932314][ 0] [    T1] calling  dh_init+0x0/0x20 @ 1
[2026-05-07 15:35:37.852] [    3.936491][ 0] [    T1] initcall dh_init+0x0/0x20 returned 0 after 177 usecs
[2026-05-07 15:35:37.854] [    3.940315][ 0] [    T1] calling  rsa_init+0x0/0x50 @ 1
[2026-05-07 15:35:37.855] [    3.944409][ 0] [    T1] initcall rsa_init+0x0/0x50 returned 0 after 97 usecs
[2026-05-07 15:35:37.911] [    3.948317][ 0] [    T1] calling  hmac_module_init+0x0/0x17 @ 1
[2026-05-07 15:35:37.913] [    3.952312][ 0] [    T1] initcall hmac_module_init+0x0/0x17 returned 0 after 0 usecs
[2026-05-07 15:35:37.915] [    3.956311][ 0] [    T1] calling  crypto_null_mod_init+0x0/0x72 @ 1
[2026-05-07 15:35:37.918] [    3.960430][ 0] [    T1] initcall crypto_null_mod_init+0x0/0x72 returned 0 after 117 usecs
[2026-05-07 15:35:37.920] [    3.964318][ 0] [    T1] calling  md5_mod_init+0x0/0x17 @ 1
[2026-05-07 15:35:37.922] [    3.968395][ 0] [    T1] initcall md5_mod_init+0x0/0x17 returned 0 after 83 usecs
[2026-05-07 15:35:37.923] [    3.972314][ 0] [    T1] calling  sha1_generic_mod_init+0x0/0x17 @ 1
[2026-05-07 15:35:37.926] [    3.976405][ 0] [    T1] initcall sha1_generic_mod_init+0x0/0x17 returned 0 after 92 usecs
[2026-05-07 15:35:37.928] [    3.980316][ 0] [    T1] calling  sha256_generic_mod_init+0x0/0x1c @ 1
[2026-05-07 15:35:37.929] [    3.984410][ 0] [    T1] initcall sha256_generic_mod_init+0x0/0x1c returned 0 after 97 usecs
[2026-05-07 15:35:37.931] [    3.988316][ 0] [    T1] calling  sha512_generic_mod_init+0x0/0x1c @ 1
[2026-05-07 15:35:37.978] [    3.992405][ 0] [    T1] initcall sha512_generic_mod_init+0x0/0x1c returned 0 after 92 usecs
[2026-05-07 15:35:37.980] [    3.996316][ 0] [    T1] calling  crypto_ecb_module_init+0x0/0x17 @ 1
[2026-05-07 15:35:37.982] [    4.000312][ 0] [    T1] initcall crypto_ecb_module_init+0x0/0x17 returned 0 after 0 usecs
[2026-05-07 15:35:37.984] [    4.004311][ 0] [    T1] calling  crypto_cbc_module_init+0x0/0x17 @ 1
[2026-05-07 15:35:37.986] [    4.008313][ 0] [    T1] initcall crypto_cbc_module_init+0x0/0x17 returned 0 after 1 usecs
[2026-05-07 15:35:37.988] [    4.012311][ 0] [    T1] calling  crypto_cts_module_init+0x0/0x17 @ 1
[2026-05-07 15:35:37.990] [    4.016311][ 0] [    T1] initcall crypto_cts_module_init+0x0/0x17 returned 0 after 0 usecs
[2026-05-07 15:35:37.998] [    4.020311][ 0] [    T1] calling  crypto_module_init+0x0/0x17 @ 1
[2026-05-07 15:35:38.002] [    4.024325][ 0] [    T1] initcall crypto_module_init+0x0/0x17 returned 0 after 9 usecs
[2026-05-07 15:35:38.004] [    4.028316][ 0] [    T1] calling  crypto_ctr_module_init+0x0/0x1c @ 1
[2026-05-07 15:35:38.005] [    4.032314][ 0] [    T1] initcall crypto_ctr_module_init+0x0/0x1c returned 0 after 1 usecs
[2026-05-07 15:35:38.060] [    4.036311][ 0] [    T1] calling  crypto_gcm_module_init+0x0/0x6f @ 1
[2026-05-07 15:35:38.061] [    4.040315][ 0] [    T1] initcall crypto_gcm_module_init+0x0/0x6f returned 0 after 3 usecs
[2026-05-07 15:35:38.064] [    4.044311][ 0] [    T1] calling  aes_init+0x0/0x17 @ 1
[2026-05-07 15:35:38.065] [    4.048402][ 0] [    T1] initcall aes_init+0x0/0x17 returned 0 after 90 usecs
[2026-05-07 15:35:38.069] [    4.052316][ 0] [    T1] calling  crc32c_mod_init+0x0/0x17 @ 1
[2026-05-07 15:35:38.071] [    4.056406][ 0] [    T1] initcall crc32c_mod_init+0x0/0x17 returned 0 after 93 usecs
[2026-05-07 15:35:38.073] [    4.060316][ 0] [    T1] calling  crct10dif_mod_init+0x0/0x17 @ 1
[2026-05-07 15:35:38.074] [    4.064408][ 0] [    T1] initcall crct10dif_mod_init+0x0/0x17 returned 0 after 95 usecs
[2026-05-07 15:35:38.076] [    4.068316][ 0] [    T1] calling  lzo_mod_init+0x0/0x44 @ 1
[2026-05-07 15:35:38.078] [    4.072414][ 0] [    T1] initcall lzo_mod_init+0x0/0x44 returned 0 after 101 usecs
[2026-05-07 15:35:38.080] [    4.076316][ 0] [    T1] calling  lzorle_mod_init+0x0/0x44 @ 1
[2026-05-07 15:35:38.129] [    4.080407][ 0] [    T1] initcall lzorle_mod_init+0x0/0x44 returned 0 after 95 usecs
[2026-05-07 15:35:38.132] [    4.084316][ 0] [    T1] calling  drbg_init+0x0/0x89 @ 1
[2026-05-07 15:35:38.134] [    4.092411][ 0] [    T1] initcall drbg_init+0x0/0x89 returned 0 after 4004 usecs
[2026-05-07 15:35:38.136] [    4.096313][ 0] [    T1] calling  ghash_mod_init+0x0/0x17 @ 1
[2026-05-07 15:35:38.137] [    4.100406][ 0] [    T1] initcall ghash_mod_init+0x0/0x17 returned 0 after 92 usecs
[2026-05-07 15:35:38.139] [    4.104313][ 0] [    T1] calling  init_bio+0x0/0xd2 @ 1
[2026-05-07 15:35:38.141] [    4.108435][ 0] [    T1] initcall init_bio+0x0/0xd2 returned 0 after 119 usecs
[2026-05-07 15:35:38.143] [    4.112313][ 0] [    T1] calling  blk_settings_init+0x0/0x2f @ 1
[2026-05-07 15:35:38.148] [    4.116313][ 0] [    T1] initcall blk_settings_init+0x0/0x2f returned 0 after 1 usecs
[2026-05-07 15:35:38.151] [    4.120311][ 0] [    T1] calling  blk_ioc_init+0x0/0x2f @ 1
[2026-05-07 15:35:38.152] [    4.124320][ 0] [    T1] initcall blk_ioc_init+0x0/0x2f returned 0 after 8 usecs
[2026-05-07 15:35:38.157] [    4.128312][ 0] [    T1] calling  blk_softirq_init+0x0/0x76 @ 1
[2026-05-07 15:35:38.203] [    4.132313][ 0] [    T1] initcall blk_softirq_init+0x0/0x76 returned 0 after 1 usecs
[2026-05-07 15:35:38.206] [    4.136311][ 0] [    T1] calling  blk_mq_init+0x0/0x2f @ 1
[2026-05-07 15:35:38.208] [    4.140312][ 0] [    T1] initcall blk_mq_init+0x0/0x2f returned 0 after 0 usecs
[2026-05-07 15:35:38.210] [    4.144311][ 0] [    T1] calling  genhd_device_init+0x0/0x7f @ 1
[2026-05-07 15:35:38.211] [    4.148387][ 0] [    T1] initcall genhd_device_init+0x0/0x7f returned 0 after 74 usecs
[2026-05-07 15:35:38.213] [    4.152314][ 0] [    T1] calling  blkcg_init+0x0/0x2e @ 1
[2026-05-07 15:35:38.215] [    4.156405][ 0] [    T1] initcall blkcg_init+0x0/0x2e returned 0 after 90 usecs
[2026-05-07 15:35:38.218] [    4.160317][ 0] [    T1] calling  irq_poll_setup+0x0/0x71 @ 1
[2026-05-07 15:35:38.267] [    4.164313][ 0] [    T1] initcall irq_poll_setup+0x0/0x71 returned 0 after 0 usecs
[2026-05-07 15:35:38.270] [    4.168312][ 0] [    T1] calling  sx150x_init+0x0/0x19 @ 1
[2026-05-07 15:35:38.271] [    4.172362][ 0] [    T1] initcall sx150x_init+0x0/0x19 returned 0 after 48 usecs
[2026-05-07 15:35:38.273] [    4.176312][ 0] [    T1] calling  byt_gpio_init+0x0/0x19 @ 1
[2026-05-07 15:35:38.275] [    4.180337][ 0] [    T1] initcall byt_gpio_init+0x0/0x19 returned 0 after 24 usecs
[2026-05-07 15:35:38.277] [    4.184312][ 0] [    T1] calling  chv_pinctrl_init+0x0/0x19 @ 1
[2026-05-07 15:35:38.278] [    4.188340][ 0] [    T1] initcall chv_pinctrl_init+0x0/0x19 returned 0 after 27 usecs
[2026-05-07 15:35:38.282] [    4.192312][ 0] [    T1] calling  gpiolib_debugfs_init+0x0/0x29 @ 1
[2026-05-07 15:35:38.284] [    4.196333][ 0] [    T1] initcall gpiolib_debugfs_init+0x0/0x29 returned 0 after 20 usecs
[2026-05-07 15:35:38.286] [    4.200312][ 0] [    T1] calling  lp_gpio_init+0x0/0x19 @ 1
[2026-05-07 15:35:38.287] [    4.204342][ 0] [    T1] initcall lp_gpio_init+0x0/0x19 returned 0 after 28 usecs
[2026-05-07 15:35:38.290] [    4.208312][ 0] [    T1] calling  palmas_gpio_init+0x0/0x19 @ 1
[2026-05-07 15:35:38.342] [    4.212340][ 0] [    T1] initcall palmas_gpio_init+0x0/0x19 returned 0 after 27 usecs
[2026-05-07 15:35:38.344] [    4.216312][ 0] [    T1] calling  rc5t583_gpio_init+0x0/0x19 @ 1
[2026-05-07 15:35:38.345] [    4.220338][ 0] [    T1] initcall rc5t583_gpio_init+0x0/0x19 returned 0 after 25 usecs
[2026-05-07 15:35:38.347] [    4.224312][ 0] [    T1] calling  tps6586x_gpio_init+0x0/0x19 @ 1
[2026-05-07 15:35:38.349] [    4.228337][ 0] [    T1] initcall tps6586x_gpio_init+0x0/0x19 returned 0 after 24 usecs
[2026-05-07 15:35:38.352] [    4.232312][ 0] [    T1] calling  tps65910_gpio_init+0x0/0x19 @ 1
[2026-05-07 15:35:38.354] [    4.236337][ 0] [    T1] initcall tps65910_gpio_init+0x0/0x19 returned 0 after 24 usecs
[2026-05-07 15:35:38.359] [    4.240312][ 0] [    T1] calling  xgpio_init+0x0/0x19 @ 1
[2026-05-07 15:35:38.360] [    4.244337][ 0] [    T1] initcall xgpio_init+0x0/0x19 returned 0 after 25 usecs
[2026-05-07 15:35:38.362] [    4.248312][ 0] [    T1] calling  pwm_debugfs_init+0x0/0x29 @ 1
[2026-05-07 15:35:38.365] [    4.252327][ 0] [    T1] initcall pwm_debugfs_init+0x0/0x29 returned 0 after 14 usecs
[2026-05-07 15:35:38.418] [    4.256312][ 0] [    T1] calling  pwm_sysfs_init+0x0/0x1e @ 1
[2026-05-07 15:35:38.420] [    4.260331][ 0] [    T1] initcall pwm_sysfs_init+0x0/0x1e returned 0 after 19 usecs
[2026-05-07 15:35:38.422] [    4.264315][ 0] [    T1] calling  pci_slot_init+0x0/0x40 @ 1
[2026-05-07 15:35:38.424] [    4.268329][ 0] [    T1] initcall pci_slot_init+0x0/0x40 returned 0 after 16 usecs
[2026-05-07 15:35:38.426] [    4.272316][ 0] [    T1] calling  fbmem_init+0x0/0xe7 @ 1
[2026-05-07 15:35:38.427] [    4.276436][ 0] [    T1] initcall fbmem_init+0x0/0xe7 returned 0 after 121 usecs
[2026-05-07 15:35:38.430] [    4.280317][ 0] [    T1] calling  scan_for_dmi_ipmi+0x0/0x262 @ 1
[2026-05-07 15:35:38.435] [    4.284315][ 0] [    T1] initcall scan_for_dmi_ipmi+0x0/0x262 returned 0 after 3 usecs
[2026-05-07 15:35:38.437] [    4.288313][ 0] [    T1] calling  acpi_init+0x0/0x322 @ 1
[2026-05-07 15:35:38.439] [    4.292422][ 0] [    T1] ACPI: Added _OSI(Module Device)
[2026-05-07 15:35:38.441] [    4.296316][ 0] [    T1] ACPI: Added _OSI(Processor Device)
[2026-05-07 15:35:38.442] [    4.300311][ 0] [    T1] ACPI: Added _OSI(3.0 _SCP Extensions)
[2026-05-07 15:35:38.496] [    4.304311][ 0] [    T1] ACPI: Added _OSI(Processor Aggregator Device)
[2026-05-07 15:35:38.498] [    4.308316][ 0] [    T1] ACPI: Added _OSI(Linux-Dell-Video)
[2026-05-07 15:35:38.500] [    4.312314][ 0] [    T1] ACPI: Added _OSI(Linux-Lenovo-NV-HDMI-Audio)
[2026-05-07 15:35:38.502] [    4.316314][ 0] [    T1] ACPI: Added _OSI(Linux-HPI-Hybrid-Graphics)
[2026-05-07 15:35:38.504] [    4.480064][ 0] [    T1] ACPI: 2 ACPI AML tables successfully acquired and loaded
[2026-05-07 15:35:38.669] [    4.503066][ 0] [    T1] ACPI: EC: EC started
[2026-05-07 15:35:38.670] [    4.504312][ 0] [    T1] ACPI: EC: interrupt blocked
[2026-05-07 15:35:38.672] [    4.508798][ 0] [    T1] ACPI: EC: EC_CMD/EC_SC=0x66, EC_DATA=0x62
[2026-05-07 15:35:38.678] [    4.512318][ 0] [    T1] ACPI: \_SB_.ND00.SBRG.EC0_: Boot DSDT EC used to handle transactions
[2026-05-07 15:35:38.686] [    4.516312][ 0] [    T1] ACPI: Interpreter enabled
[2026-05-07 15:35:38.691] [    4.520386][ 0] [    T1] ACPI: (supports S0 S3 S4 S5)
[2026-05-07 15:35:38.697] [    4.524312][ 0] [    T1] ACPI: Using IOAPIC for interrupt routing
[2026-05-07 15:35:38.703] [    4.528549][ 0] [    T1] PCI: Using host bridge windows from ACPI; if necessary, use "pci=nocrs" and report a bug
[2026-05-07 15:35:38.752] [    4.534537][ 0] [    T1] ACPI: Enabled 2 GPEs in block 00 to 0F
[2026-05-07 15:35:38.754] [    4.536308][ 0] [    T1] ACPI: Enabled 1 GPEs in block 10 to 5F
[2026-05-07 15:35:38.755] [    4.646891][ 0] [    T1] ACPI: PCI Root Bridge [ND00] (domain 0000 [bus 00-ff])
[2026-05-07 15:35:38.846] [    4.648330][ 0] [    T1] acpi PNP0A08:00: _OSC: OS supports [ExtendedConfig ASPM ClockPM Segments MSI HPX-Type3]
[2026-05-07 15:35:38.854] [    4.655280][ 0] [    T1] acpi PNP0A08:00: _OSC: platform does not support [SHPCHotplug AER LTR]
[2026-05-07 15:35:38.908] [    4.659197][ 0] [    T1] acpi PNP0A08:00: _OSC: OS now controls [PCIeHotplug PME PCIeCapability]
[2026-05-07 15:35:38.910] [    4.664821][ 0] [    T1] PCI host bridge to bus 0000:00
[2026-05-07 15:35:38.912] [    4.668318][ 0] [    T1] pci_bus 0000:00: root bus resource [io  0x0000-0x03af window]
[2026-05-07 15:35:38.914] [    4.672314][ 0] [    T1] pci_bus 0000:00: root bus resource [io  0x03e0-0x0cf7 window]
[2026-05-07 15:35:38.919] [    4.676314][ 0] [    T1] pci_bus 0000:00: root bus resource [io  0x1000-0xffff window]
[2026-05-07 15:35:38.921] [    4.680314][ 0] [    T1] pci_bus 0000:00: root bus resource [io  0x03b0-0x03df window]
[2026-05-07 15:35:38.923] [    4.684314][ 0] [    T1] pci_bus 0000:00: root bus resource [mem 0x000a0000-0x000bffff window]
[2026-05-07 15:35:38.928] [    4.688313][ 0] [    T1] pci_bus 0000:00: root bus resource [mem 0x000c0000-0x000dffff window]
[2026-05-07 15:35:38.982] [    4.692314][ 0] [    T1] pci_bus 0000:00: root bus resource [mem 0xa0000000-0xdfffffff window]
[2026-05-07 15:35:38.984] [    4.696314][ 0] [    T1] pci_bus 0000:00: root bus resource [mem 0xfeb95220-0xfeb9523f window]
[2026-05-07 15:35:38.987] [    4.700313][ 0] [    T1] pci_bus 0000:00: root bus resource [mem 0xfeb99030-0xfeb9903f window]
[2026-05-07 15:35:38.989] [    4.704313][ 0] [    T1] pci_bus 0000:00: root bus resource [mem 0x7800000000-0x7fffffffff window]
[2026-05-07 15:35:39.001] [    4.708315][ 0] [    T1] pci_bus 0000:00: root bus resource [bus 00-ff]
[2026-05-07 15:35:39.003] [    4.712373][ 0] [    T1] pci 0000:00:00.0: [1d17:1007] type 00 class 0x060000
[2026-05-07 15:35:39.004] [    4.716323][ 0] [    T1] pci 0000:00:00.0: calling  quirk_mmio_always_on+0x0/0x20 @ 1
[2026-05-07 15:35:39.054] [    4.720314][ 0] [    T1] pci 0000:00:00.0: quirk_mmio_always_on+0x0/0x20 took 0 usecs
[2026-05-07 15:35:39.056] [    4.724419][ 0] [    T1] pci 0000:00:00.0: PME# supported from D0 D3hot D3cold
[2026-05-07 15:35:39.058] [    4.729291][ 0] [    T1] pci 0000:00:00.1: [1d17:31b0] type 00 class 0x060000
[2026-05-07 15:35:39.060] [    4.732319][ 0] [    T1] pci 0000:00:00.1: calling  quirk_mmio_always_on+0x0/0x20 @ 1
[2026-05-07 15:35:39.062] [    4.736312][ 0] [    T1] pci 0000:00:00.1: quirk_mmio_always_on+0x0/0x20 took 0 usecs
[2026-05-07 15:35:39.064] [    4.741410][ 0] [    T1] pci 0000:00:00.2: [1d17:31b1] type 00 class 0x060000
[2026-05-07 15:35:39.066] [    4.744318][ 0] [    T1] pci 0000:00:00.2: calling  quirk_mmio_always_on+0x0/0x20 @ 1
[2026-05-07 15:35:39.074] [    4.748312][ 0] [    T1] pci 0000:00:00.2: quirk_mmio_always_on+0x0/0x20 took 0 usecs
[2026-05-07 15:35:39.076] [    4.752413][ 0] [    T1] pci 0000:00:00.2: PME# supported from D0 D3hot D3cold
[2026-05-07 15:35:39.078] [    4.757362][ 0] [    T1] pci 0000:00:00.3: [1d17:31b2] type 00 class 0x060000
[2026-05-07 15:35:39.079] [    4.760317][ 0] [    T1] pci 0000:00:00.3: calling  quirk_mmio_always_on+0x0/0x20 @ 1
[2026-05-07 15:35:39.125] [    4.764313][ 0] [    T1] pci 0000:00:00.3: quirk_mmio_always_on+0x0/0x20 took 0 usecs
[2026-05-07 15:35:39.128] [    4.768398][ 0] [    T1] pci 0000:00:00.3: PME# supported from D0 D3hot D3cold
[2026-05-07 15:35:39.130] [    4.773344][ 0] [    T1] pci 0000:00:00.4: [1d17:31b3] type 00 class 0x060000
[2026-05-07 15:35:39.132] [    4.776318][ 0] [    T1] pci 0000:00:00.4: calling  quirk_mmio_always_on+0x0/0x20 @ 1
[2026-05-07 15:35:39.134] [    4.780312][ 0] [    T1] pci 0000:00:00.4: quirk_mmio_always_on+0x0/0x20 took 0 usecs
[2026-05-07 15:35:39.136] [    4.785372][ 0] [    T1] pci 0000:00:00.5: [1d17:31b4] type 00 class 0x060000
[2026-05-07 15:35:39.138] [    4.788318][ 0] [    T1] pci 0000:00:00.5: calling  quirk_mmio_always_on+0x0/0x20 @ 1
[2026-05-07 15:35:39.140] [    4.792313][ 0] [    T1] pci 0000:00:00.5: quirk_mmio_always_on+0x0/0x20 took 0 usecs
[2026-05-07 15:35:39.189] [    4.796412][ 0] [    T1] pci 0000:00:00.5: PME# supported from D0 D3hot D3cold
[2026-05-07 15:35:39.191] [    4.801351][ 0] [    T1] pci 0000:00:00.6: [1d17:31b5] type 00 class 0x060000
[2026-05-07 15:35:39.193] [    4.804318][ 0] [    T1] pci 0000:00:00.6: calling  quirk_mmio_always_on+0x0/0x20 @ 1
[2026-05-07 15:35:39.195] [    4.808313][ 0] [    T1] pci 0000:00:00.6: quirk_mmio_always_on+0x0/0x20 took 0 usecs
[2026-05-07 15:35:39.197] [    4.813352][ 0] [    T1] pci 0000:00:00.7: [1d17:3200] type 00 class 0x060000
[2026-05-07 15:35:39.199] [    4.816317][ 0] [    T1] pci 0000:00:00.7: calling  quirk_mmio_always_on+0x0/0x20 @ 1
[2026-05-07 15:35:39.204] [    4.820312][ 0] [    T1] pci 0000:00:00.7: quirk_mmio_always_on+0x0/0x20 took 0 usecs
[2026-05-07 15:35:39.207] [    4.824410][ 0] [    T1] pci 0000:00:00.7: PME# supported from D0 D3hot D3cold
[2026-05-07 15:35:39.208] [    4.829185][ 0] [    T1] pci 0000:00:01.0: [1d17:3a05] type 00 class 0x030000
[2026-05-07 15:35:39.210] [    4.832327][ 0] [    T1] pci 0000:00:01.0: reg 0x10: [mem 0xa0000000-0xa01fffff]
[2026-05-07 15:35:39.216] [    4.836321][ 0] [    T1] pci 0000:00:01.0: reg 0x14: [mem 0x7800000000-0x781fffffff 64bit pref]
[2026-05-07 15:35:39.270] [    4.840362][ 0] [    T1] pci 0000:00:01.0: calling  efifb_fixup_resources+0x0/0xf0 @ 1
[2026-05-07 15:35:39.272] [    4.844313][ 0] [    T1] pci 0000:00:01.0: BAR 1: assigned to efifb
[2026-05-07 15:35:39.273] [    4.848312][ 0] [    T1] pci 0000:00:01.0: efifb_fixup_resources+0x0/0xf0 took 3906 usecs
[2026-05-07 15:35:39.275] [    4.852331][ 0] [    T1] pci 0000:00:01.0: supports D1 D2
[2026-05-07 15:35:39.277] [    4.857302][ 0] [    T1] pci 0000:00:01.1: [1d17:9146] type 00 class 0x040300
[2026-05-07 15:35:39.333] [    4.860325][ 0] [    T1] pci 0000:00:01.1: reg 0x10: [mem 0xa0504000-0xa0507fff]
[2026-05-07 15:35:39.336] [    4.864379][ 0] [    T1] pci 0000:00:01.1: supports D1 D2
[2026-05-07 15:35:39.337] [    4.869278][ 0] [    T1] pci 0000:00:02.0: [1d17:0717] type 01 class 0x060400
[2026-05-07 15:35:39.340] [    4.872353][ 0] [    T1] pci 0000:00:02.0: enabling Extended Tags
[2026-05-07 15:35:39.341] [    4.876390][ 0] [    T1] pci 0000:00:02.0: PME# supported from D0 D3hot D3cold
[2026-05-07 15:35:39.343] [    4.881479][ 0] [    T1] pci 0000:00:02.1: [1d17:0718] type 01 class 0x060400
[2026-05-07 15:35:39.345] [    4.884352][ 0] [    T1] pci 0000:00:02.1: enabling Extended Tags
[2026-05-07 15:35:39.347] [    4.888405][ 0] [    T1] pci 0000:00:02.1: PME# supported from D0 D3hot D3cold
[2026-05-07 15:35:39.349] [    4.893476][ 0] [    T1] pci 0000:00:03.0: [1d17:0719] type 01 class 0x060400
[2026-05-07 15:35:39.352] [    4.896353][ 0] [    T1] pci 0000:00:03.0: enabling Extended Tags
[2026-05-07 15:35:39.353] [    4.900389][ 0] [    T1] pci 0000:00:03.0: PME# supported from D0 D3hot D3cold
[2026-05-07 15:35:39.357] [    4.905459][ 0] [    T1] pci 0000:00:04.0: [1d17:071b] type 01 class 0x060400
[2026-05-07 15:35:39.359] [    4.908353][ 0] [    T1] pci 0000:00:04.0: enabling Extended Tags
[2026-05-07 15:35:39.360] [    4.912388][ 0] [    T1] pci 0000:00:04.0: PME# supported from D0 D3hot D3cold
[2026-05-07 15:35:39.362] [    4.917478][ 0] [    T1] pci 0000:00:04.3: [1d17:0737] type 01 class 0x060400
[2026-05-07 15:35:39.418] [    4.920353][ 0] [    T1] pci 0000:00:04.3: enabling Extended Tags
[2026-05-07 15:35:39.421] [    4.924389][ 0] [    T1] pci 0000:00:04.3: PME# supported from D0 D3hot D3cold
[2026-05-07 15:35:39.423] [    4.929466][ 0] [    T1] pci 0000:00:04.4: [1d17:0738] type 01 class 0x060400
[2026-05-07 15:35:39.425] [    4.932353][ 0] [    T1] pci 0000:00:04.4: enabling Extended Tags
[2026-05-07 15:35:39.427] [    4.936390][ 0] [    T1] pci 0000:00:04.4: PME# supported from D0 D3hot D3cold
[2026-05-07 15:35:39.435] [    4.941450][ 0] [    T1] pci 0000:00:05.0: [1d17:071d] type 01 class 0x060400
[2026-05-07 15:35:39.438] [    4.944353][ 0] [    T1] pci 0000:00:05.0: enabling Extended Tags
[2026-05-07 15:35:39.440] [    4.948388][ 0] [    T1] pci 0000:00:05.0: PME# supported from D0 D3hot D3cold
[2026-05-07 15:35:39.442] [    4.953472][ 0] [    T1] pci 0000:00:11.0: [1d17:1001] type 00 class 0x060100
[2026-05-07 15:35:39.443] [    4.957418][ 0] [    T1] pci 0000:00:11.7: [1d17:31b7] type 00 class 0x060000
[2026-05-07 15:35:39.493] [    4.960316][ 0] [    T1] pci 0000:00:11.7: calling  quirk_mmio_always_on+0x0/0x20 @ 1
[2026-05-07 15:35:39.495] [    4.964312][ 0] [    T1] pci 0000:00:11.7: quirk_mmio_always_on+0x0/0x20 took 0 usecs
[2026-05-07 15:35:39.497] [    4.969345][ 0] [    T1] pci 0000:00:12.0: [1d17:9204] type 00 class 0x0c0330
[2026-05-07 15:35:39.499] [    4.972330][ 0] [    T1] pci 0000:00:12.0: reg 0x10: [mem 0x7820002000-0x7820002fff 64bit]
[2026-05-07 15:35:39.502] [    4.976319][ 0] [    T1] pci 0000:00:12.0: reg 0x18: [mem 0x7820001000-0x7820001fff 64bit]
[2026-05-07 15:35:39.504] [    4.980318][ 0] [    T1] pci 0000:00:12.0: reg 0x20: [mem 0x7820000000-0x7820000fff 64bit]
[2026-05-07 15:35:39.508] [    4.984368][ 0] [    T1] pci 0000:00:12.0: PME# supported from D0 D1 D2 D3hot D3cold
[2026-05-07 15:35:39.510] [    4.989326][ 0] [    T1] pci 0000:00:14.0: [1d17:3288] type 00 class 0x040300
[2026-05-07 15:35:39.512] [    4.992331][ 0] [    T1] pci 0000:00:14.0: reg 0x10: [mem 0xa0500000-0xa0503fff 64bit]
[2026-05-07 15:35:39.514] [    4.996407][ 0] [    T1] pci 0000:00:14.0: PME# supported from D0 D3hot D3cold
[2026-05-07 15:35:39.519] [    5.001343][ 0] [    T1] pci 0000:00:1f.0: [1d17:3c00] type 00 class 0x060000
[2026-05-07 15:35:39.571] [    5.004317][ 0] [    T1] pci 0000:00:1f.0: calling  quirk_mmio_always_on+0x0/0x20 @ 1
[2026-05-07 15:35:39.573] [    5.008312][ 0] [    T1] pci 0000:00:1f.0: quirk_mmio_always_on+0x0/0x20 took 0 usecs
[2026-05-07 15:35:39.575] [    5.012399][ 0] [    T1] pci 0000:00:1f.0: PME# supported from D0 D3hot D3cold
[2026-05-07 15:35:39.577] [    5.017537][ 0] [    T1] pci 0000:00:02.0: PCI bridge to [bus 01]
[2026-05-07 15:35:39.579] [    5.020513][ 0] [    T1] pci 0000:00:02.1: PCI bridge to [bus 02]
[2026-05-07 15:35:39.626] [    5.024591][ 0] [    T1] pci 0000:03:00.0: [1d97:5216] type 00 class 0x010802
[2026-05-07 15:35:39.628] [    5.028379][ 0] [    T1] pci 0000:03:00.0: reg 0x10: [mem 0xa0400000-0xa0403fff 64bit]
[2026-05-07 15:35:39.630] [    5.032858][ 0] [    T1] pci 0000:00:03.0: PCI bridge to [bus 03]
[2026-05-07 15:35:39.631] [    5.036316][ 0] [    T1] pci 0000:00:03.0:   bridge window [mem 0xa0400000-0xa04fffff]
[2026-05-07 15:35:39.634] [    5.040510][ 0] [    T1] pci 0000:00:04.0: PCI bridge to [bus 04]
[2026-05-07 15:35:39.636] [    5.044541][ 0] [    T1] pci 0000:05:00.0: [10ec:b852] type 00 class 0x028000
[2026-05-07 15:35:39.638] [    5.048345][ 0] [    T1] pci 0000:05:00.0: reg 0x10: [io  0x2000-0x20ff]
[2026-05-07 15:35:39.643] [    5.052338][ 0] [    T1] pci 0000:05:00.0: reg 0x18: [mem 0xa0300000-0xa03fffff 64bit]
[2026-05-07 15:35:39.646] [    5.056482][ 0] [    T1] pci 0000:05:00.0: PME# supported from D0 D3hot D3cold
[2026-05-07 15:35:39.647] [    5.060785][ 0] [    T1] pci 0000:00:04.3: PCI bridge to [bus 05]
[2026-05-07 15:35:39.649] [    5.064314][ 0] [    T1] pci 0000:00:04.3:   bridge window [io  0x2000-0x2fff]
[2026-05-07 15:35:39.652] [    5.068313][ 0] [    T1] pci 0000:00:04.3:   bridge window [mem 0xa0300000-0xa03fffff]
[2026-05-07 15:35:39.654] [    5.072545][ 0] [    T1] pci 0000:06:00.0: [1f0a:6801] type 00 class 0x020000
[2026-05-07 15:35:39.704] [    5.076354][ 0] [    T1] pci 0000:06:00.0: reg 0x10: [mem 0xa0200000-0xa0203fff 64bit]
[2026-05-07 15:35:39.706] [    5.080351][ 0] [    T1] pci 0000:06:00.0: reg 0x20: [io  0x1000-0x10ff]
[2026-05-07 15:35:39.707] [    5.084482][ 0] [    T1] pci 0000:06:00.0: supports D1
[2026-05-07 15:35:39.709] [    5.088311][ 0] [    T1] pci 0000:06:00.0: PME# supported from D0 D1 D3hot D3cold
[2026-05-07 15:35:39.711] [    5.092760][ 0] [    T1] pci 0000:00:04.4: PCI bridge to [bus 06]
[2026-05-07 15:35:39.713] [    5.096314][ 0] [    T1] pci 0000:00:04.4:   bridge window [io  0x1000-0x1fff]
[2026-05-07 15:35:39.719] [    5.100313][ 0] [    T1] pci 0000:00:04.4:   bridge window [mem 0xa0200000-0xa02fffff]
[2026-05-07 15:35:39.721] [    5.104510][ 0] [    T1] pci 0000:00:05.0: PCI bridge to [bus 07]
[2026-05-07 15:35:39.723] [    5.108362][ 0] [    T1] pci_bus 0000:00: on NUMA node 0
[2026-05-07 15:35:39.724] [    5.120898][ 0] [    T1] ACPI: PCI Interrupt Link [LNKA] (IRQs 3 4 5 6 7 *10 11 12 14 15)
[2026-05-07 15:35:39.777] [    5.124801][ 0] [    T1] ACPI: PCI Interrupt Link [LNKB] (IRQs 3 4 5 6 7 10 11 12 14 15) *0, disabled.
[2026-05-07 15:35:39.779] [    5.128796][ 0] [    T1] ACPI: PCI Interrupt Link [LNKC] (IRQs 3 4 5 6 7 10 11 12 14 15) *0, disabled.
[2026-05-07 15:35:39.781] [    5.132795][ 0] [    T1] ACPI: PCI Interrupt Link [LNKD] (IRQs 3 4 5 6 7 10 11 12 14 15) *0, disabled.
[2026-05-07 15:35:39.784] [    5.136795][ 0] [    T1] ACPI: PCI Interrupt Link [LNKE] (IRQs 3 4 5 6 7 10 11 12 14 15) *0, disabled.
[2026-05-07 15:35:39.787] [    5.141020][ 0] [    T1] ACPI: PCI Interrupt Link [LNKF] (IRQs 3 4 5 6 7 10 11 12 14 15) *0, disabled.
[2026-05-07 15:35:39.789] [    5.144834][ 0] [    T1] ACPI: PCI Interrupt Link [LNKG] (IRQs 3 4 5 6 7 10 11 12 14 15) *0, disabled.
[2026-05-07 15:35:39.795] [    5.148825][ 0] [    T1] ACPI: PCI Interrupt Link [LNKH] (IRQs 3 4 5 6 7 10 *11 12 14 15)
[2026-05-07 15:35:39.803] [    5.153180][ 0] [    T1] ACPI: EC: interrupt unblocked
[2026-05-07 15:35:39.853] [    5.156313][ 0] [    T1] ACPI: EC: event unblocked
[2026-05-07 15:35:39.855] [    5.160311][ 0] [    T1] ACPI: EC: EC_CMD/EC_SC=0x66, EC_DATA=0x62
[2026-05-07 15:35:39.856] [    5.164311][ 0] [    T1] ACPI: EC: GPE=0xb
[2026-05-07 15:35:39.857] [    5.168316][ 0] [    T1] ACPI: \_SB_.ND00.SBRG.EC0_: Boot DSDT EC used to handle transactions and events
[2026-05-07 15:35:39.860] [    5.172340][ 0] [    T1] probe of PNP0C09:00 returned 1 after 20000 usecs
[2026-05-07 15:35:39.861] [    5.176476][ 0] [    T1] initcall acpi_init+0x0/0x322 returned 0 after 863439 usecs
[2026-05-07 15:35:39.863] [    5.180314][ 0] [    T1] calling  adxl_init+0x0/0x196 @ 1
[2026-05-07 15:35:39.864] [    5.184323][ 0] [    T1] initcall adxl_init+0x0/0x196 returned -19 after 10 usecs
[2026-05-07 15:35:39.866] [    5.188312][ 0] [    T1] calling  hmat_init+0x0/0x26f @ 1
[2026-05-07 15:35:39.874] [    5.192313][ 0] [    T1] initcall hmat_init+0x0/0x26f returned 0 after 1 usecs
[2026-05-07 15:35:39.876] [    5.196312][ 0] [    T1] calling  pnp_init+0x0/0x17 @ 1
[2026-05-07 15:35:39.877] [    5.200360][ 0] [    T1] initcall pnp_init+0x0/0x17 returned 0 after 47 usecs
