=~=~=~=~=~=~=~=~=~=~=~= MobaXterm log 2026.04.17 09:08:11 =~=~=~=~=~=~=~=~=~=~=~=
[    0.000000][ 0] [    T0] Linux version 5.4.18-159-generic (root@fb20cb16c97d) (gcc version 9.4.0 (Ubuntu 9.4.0-1ubuntu1~20.04.1)) #148 SMP Thu Mar 12 14:58:45 CST 2026 (KYLINOS 5.4.18-159.148-generic 5.4.18-159)
[2026-04-17 09:08:11.421] [    0.000000][ 0] [    T0] Command line: BOOT_IMAGE=/vmlinuz-5.4.18-159-generic root=UUID=d8837cf6-dd14-4d61-8666-f4b03dc47cb6 ro quiet splash console=ttyS0,115200 loglevel=8 initcall_debug sysrq_always_enabled no_console_suspend pm_debug_messages slub_debug=UFZP resume=UUID=a6f16e49-bbfb-4146-9734-b9008e4c98d3 security=kysec
[2026-04-17 09:08:11.427] [    0.000000][ 0] [    T0] KERNEL supported cpus:
[2026-04-17 09:08:11.428] [    0.000000][ 0] [    T0]   Intel GenuineIntel
[2026-04-17 09:08:11.435] [    0.000000][ 0] [    T0]   AMD AuthenticAMD
[2026-04-17 09:08:11.436] [    0.000000][ 0] [    T0]   Hygon HygonGenuine
[2026-04-17 09:08:11.437] [    0.000000][ 0] [    T0]   Centaur CentaurHauls
[2026-04-17 09:08:11.438] [    0.000000][ 0] [    T0]   zhaoxin   Shanghai  
[2026-04-17 09:08:11.438] [    0.000000][ 0] [    T0] Linux Patch Version is v5.0.5
[2026-04-17 09:08:11.442] [    0.000000][ 0] [    T0] With CPU patch V2.0.1
[2026-04-17 09:08:11.483] [    0.000000][ 0] [    T0] x86/fpu: Supporting XSAVE feature 0x001: 'x87 floating point registers'
[2026-04-17 09:08:11.485] [    0.000000][ 0] [    T0] x86/fpu: Supporting XSAVE feature 0x002: 'SSE registers'
[2026-04-17 09:08:11.487] [    0.000000][ 0] [    T0] x86/fpu: Supporting XSAVE feature 0x004: 'AVX registers'
[2026-04-17 09:08:11.488] [    0.000000][ 0] [    T0] x86/fpu: Supporting XSAVE feature 0x200: 'Protection Keys User registers'
[2026-04-17 09:08:11.492] [    0.000000][ 0] [    T0] x86/fpu: xstate_offset[2]:  576, xstate_sizes[2]:  256
[2026-04-17 09:08:11.494] [    0.000000][ 0] [    T0] x86/fpu: xstate_offset[9]:  832, xstate_sizes[9]:    8
[2026-04-17 09:08:11.495] [    0.000000][ 0] [    T0] x86/fpu: Enabled xstate features 0x207, context size is 840 bytes, using 'compacted' format.
[2026-04-17 09:08:11.503] [    0.000000][ 0] [    T0] BIOS-provided physical RAM map:
[2026-04-17 09:08:11.548] [    0.000000][ 0] [    T0] BIOS-e820: [mem 0x0000000000000000-0x000000000009bfff] usable
[2026-04-17 09:08:11.550] [    0.000000][ 0] [    T0] BIOS-e820: [mem 0x000000000009c000-0x000000000009ffff] reserved
[2026-04-17 09:08:11.553] [    0.000000][ 0] [    T0] BIOS-e820: [mem 0x0000000000100000-0x00000000960e0fff] usable
[2026-04-17 09:08:11.555] [    0.000000][ 0] [    T0] BIOS-e820: [mem 0x00000000960e1000-0x00000000963c3fff] reserved
[2026-04-17 09:08:11.557] [    0.000000][ 0] [    T0] BIOS-e820: [mem 0x00000000963c4000-0x00000000963defff] ACPI NVS
[2026-04-17 09:08:11.559] [    0.000000][ 0] [    T0] BIOS-e820: [mem 0x00000000963df000-0x00000000963fcfff] ACPI data
[2026-04-17 09:08:11.560] [    0.000000][ 0] [    T0] BIOS-e820: [mem 0x00000000963fd000-0x000000009f9fdfff] usable
[2026-04-17 09:08:11.602] [    0.000000][ 0] [    T0] BIOS-e820: [mem 0x000000009f9fe000-0x000000009fffffff] reserved
[2026-04-17 09:08:11.604] [    0.000000][ 0] [    T0] BIOS-e820: [mem 0x00000000e0000000-0x00000000efffffff] reserved
[2026-04-17 09:08:11.606] [    0.000000][ 0] [    T0] BIOS-e820: [mem 0x00000000fe020000-0x00000000fe020fff] reserved
[2026-04-17 09:08:11.607] [    0.000000][ 0] [    T0] BIOS-e820: [mem 0x00000000feb00000-0x00000000feb7ffff] reserved
[2026-04-17 09:08:11.608] [    0.000000][ 0] [    T0] BIOS-e820: [mem 0x00000000fec00000-0x00000000fec00fff] reserved
[2026-04-17 09:08:11.610] [    0.000000][ 0] [    T0] BIOS-e820: [mem 0x00000000fecc0000-0x00000000fecc0fff] reserved
[2026-04-17 09:08:11.614] [    0.000000][ 0] [    T0] BIOS-e820: [mem 0x00000000fef00000-0x00000000feffffff] reserved
[2026-04-17 09:08:11.621] [    0.000000][ 0] [    T0] BIOS-e820: [mem 0x00000000ff800000-0x00000000ffffffff] reserved
[2026-04-17 09:08:11.662] [    0.000000][ 0] [    T0] BIOS-e820: [mem 0x0000000100000000-0x000000043fff7fff] usable
[2026-04-17 09:08:11.664] [    0.000000][ 0] [    T0] NX (Execute Disable) protection: active
[2026-04-17 09:08:11.665] [    0.000000][ 0] [    T0] e820: update [mem 0x92eb7018-0x92ec7057] usable ==> usable
[2026-04-17 09:08:11.666] [    0.000000][ 0] [    T0] e820: update [mem 0x92eb7018-0x92ec7057] usable ==> usable
[2026-04-17 09:08:11.668] [    0.000000][ 0] [    T0] extended physical RAM map:
[2026-04-17 09:08:11.669] [    0.000000][ 0] [    T0] reserve setup_data: [mem 0x0000000000000000-0x000000000009bfff] usable
[2026-04-17 09:08:11.671] [    0.000000][ 0] [    T0] reserve setup_data: [mem 0x000000000009c000-0x000000000009ffff] reserved
[2026-04-17 09:08:11.679] [    0.000000][ 0] [    T0] reserve setup_data: [mem 0x0000000000100000-0x0000000092eb7017] usable
[2026-04-17 09:08:11.726] [    0.000000][ 0] [    T0] reserve setup_data: [mem 0x0000000092eb7018-0x0000000092ec7057] usable
[2026-04-17 09:08:11.728] [    0.000000][ 0] [    T0] reserve setup_data: [mem 0x0000000092ec7058-0x00000000960e0fff] usable
[2026-04-17 09:08:11.730] [    0.000000][ 0] [    T0] reserve setup_data: [mem 0x00000000960e1000-0x00000000963c3fff] reserved
[2026-04-17 09:08:11.731] [    0.000000][ 0] [    T0] reserve setup_data: [mem 0x00000000963c4000-0x00000000963defff] ACPI NVS
[2026-04-17 09:08:11.734] [    0.000000][ 0] [    T0] reserve setup_data: [mem 0x00000000963df000-0x00000000963fcfff] ACPI data
[2026-04-17 09:08:11.736] [    0.000000][ 0] [    T0] reserve setup_data: [mem 0x00000000963fd000-0x000000009f9fdfff] usable
[2026-04-17 09:08:11.740] [    0.000000][ 0] [    T0] reserve setup_data: [mem 0x000000009f9fe000-0x000000009fffffff] reserved
[2026-04-17 09:08:11.789] [    0.000000][ 0] [    T0] reserve setup_data: [mem 0x00000000e0000000-0x00000000efffffff] reserved
[2026-04-17 09:08:11.790] [    0.000000][ 0] [    T0] reserve setup_data: [mem 0x00000000fe020000-0x00000000fe020fff] reserved
[2026-04-17 09:08:11.792] [    0.000000][ 0] [    T0] reserve setup_data: [mem 0x00000000feb00000-0x00000000feb7ffff] reserved
[2026-04-17 09:08:11.794] [    0.000000][ 0] [    T0] reserve setup_data: [mem 0x00000000fec00000-0x00000000fec00fff] reserved
[2026-04-17 09:08:11.796] [    0.000000][ 0] [    T0] reserve setup_data: [mem 0x00000000fecc0000-0x00000000fecc0fff] reserved
[2026-04-17 09:08:11.797] [    0.000000][ 0] [    T0] reserve setup_data: [mem 0x00000000fef00000-0x00000000feffffff] reserved
[2026-04-17 09:08:11.803] [    0.000000][ 0] [    T0] reserve setup_data: [mem 0x00000000ff800000-0x00000000ffffffff] reserved
[2026-04-17 09:08:11.812] [    0.000000][ 0] [    T0] reserve setup_data: [mem 0x0000000100000000-0x000000043fff7fff] usable
[2026-04-17 09:08:11.820] [    0.000000][ 0] [    T0] efi: EFI v2.80 by Byosoft
[2026-04-17 09:08:11.859] [    0.000000][ 0] [    T0] efi:  SMBIOS=0x961b1000  SMBIOS 3.0=0x961af000  ACPI=0x963fc000  ACPI 2.0=0x963fc014  MEMATTR=0x9540d098  ESRT=0x92ed1118 
[2026-04-17 09:08:11.862] [    0.000000][ 0] [    T0] secureboot: Secure boot disabled
[2026-04-17 09:08:11.864] [    0.000000][ 0] [    T0] SMBIOS 3.6.0 present.
[2026-04-17 09:08:11.864] [    0.000000][ 0] [    T0] DMI: ISOFTSTONE COMPUTER ChaoRui Series/MBX-Z70N, BIOS BYO2.54.WB.N.004.260416.R.TEST 04/16/2026
[2026-04-17 09:08:11.867] [    0.000000][ 0] [    T0] tsc: Fast TSC calibration using PIT
[2026-04-17 09:08:11.909] [    0.000000][ 0] [    T0] tsc: Detected 2295.554 MHz processor
[2026-04-17 09:08:11.911] [    0.001275][ 0] [    T0] e820: update [mem 0x00000000-0x00000fff] usable ==> reserved
[2026-04-17 09:08:11.913] [    0.001279][ 0] [    T0] e820: remove [mem 0x000a0000-0x000fffff] usable
[2026-04-17 09:08:11.914] [    0.001287][ 0] [    T0] last_pfn = 0x43fff8 max_arch_pfn = 0x400000000
[2026-04-17 09:08:11.916] [    0.001296][ 0] [    T0] MTRR default type: write-back
[2026-04-17 09:08:11.917] [    0.001298][ 0] [    T0] MTRR fixed ranges enabled:
[2026-04-17 09:08:11.918] [    0.001300][ 0] [    T0]   00000-9FFFF write-back
[2026-04-17 09:08:11.918] [    0.001302][ 0] [    T0]   A0000-BFFFF uncachable
[2026-04-17 09:08:11.919] [    0.001304][ 0] [    T0]   C0000-FFFFF write-protect
[2026-04-17 09:08:11.920] [    0.001306][ 0] [    T0] MTRR variable ranges enabled:
[2026-04-17 09:08:11.921] [    0.001309][ 0] [    T0]   0 base 0000C0000000 mask 3FFFC0000000 uncachable
[2026-04-17 09:08:11.927] [    0.001311][ 0] [    T0]   1 base 0000A0000000 mask 3FFFE0000000 uncachable
[2026-04-17 09:08:11.933] [    0.001313][ 0] [    T0]   2 base 007800000000 mask 3FF800000000 uncachable
[2026-04-17 09:08:11.941] [    0.001315][ 0] [    T0]   3 disabled
[2026-04-17 09:08:11.981] [    0.001316][ 0] [    T0]   4 disabled
[2026-04-17 09:08:11.982] [    0.001317][ 0] [    T0]   5 disabled
[2026-04-17 09:08:11.982] [    0.001319][ 0] [    T0]   6 disabled
[2026-04-17 09:08:11.983] [    0.001320][ 0] [    T0]   7 disabled
[2026-04-17 09:08:11.984] [    0.001322][ 0] [    T0]   8 disabled
[2026-04-17 09:08:11.984] [    0.001848][ 0] [    T0] x86/PAT: Configuration [0-7]: WB  WC  UC- UC  WB  WP  UC- WT  
[2026-04-17 09:08:11.986] [    0.002861][ 0] [    T0] last_pfn = 0x9f9fe max_arch_pfn = 0x400000000
[2026-04-17 09:08:11.987] [    0.028687][ 0] [    T0] esrt: Reserving ESRT space from 0x0000000092ed1118 to 0x0000000092ed1150.
[2026-04-17 09:08:11.994] [    0.028705][ 0] [    T0] e820: update [mem 0x92ed1000-0x92ed1fff] usable ==> reserved
[2026-04-17 09:08:11.995] [    0.028770][ 0] [    T0] check: Scanning 1 areas for low memory corruption
[2026-04-17 09:08:11.999] [    0.028777][ 0] [    T0] Using GB pages for direct mapping
[2026-04-17 09:08:12.054] [    0.028780][ 0] [    T0] BRK [0x33ba01000, 0x33ba01fff] PGTABLE
[2026-04-17 09:08:12.055] [    0.028783][ 0] [    T0] BRK [0x33ba02000, 0x33ba02fff] PGTABLE
[2026-04-17 09:08:12.056] [    0.028785][ 0] [    T0] BRK [0x33ba03000, 0x33ba03fff] PGTABLE
[2026-04-17 09:08:12.057] [    0.028862][ 0] [    T0] BRK [0x33ba04000, 0x33ba04fff] PGTABLE
[2026-04-17 09:08:12.058] [    0.028864][ 0] [    T0] BRK [0x33ba05000, 0x33ba05fff] PGTABLE
[2026-04-17 09:08:12.060] [    0.029229][ 0] [    T0] BRK [0x33ba06000, 0x33ba06fff] PGTABLE
[2026-04-17 09:08:12.061] [    0.029312][ 0] [    T0] BRK [0x33ba07000, 0x33ba07fff] PGTABLE
[2026-04-17 09:08:12.062] [    0.029427][ 0] [    T0] BRK [0x33ba08000, 0x33ba08fff] PGTABLE
[2026-04-17 09:08:12.063] [    0.029580][ 0] [    T0] BRK [0x33ba09000, 0x33ba09fff] PGTABLE
[2026-04-17 09:08:12.067] [    0.029721][ 0] [    T0] BRK [0x33ba0a000, 0x33ba0afff] PGTABLE
[2026-04-17 09:08:12.069] [    0.029787][ 0] [    T0] secureboot: Secure boot disabled
[2026-04-17 09:08:12.070] [    0.029789][ 0] [    T0] RAMDISK: [mem 0x3ad4c000-0x3fffdfff]
[2026-04-17 09:08:12.074] [    0.029796][ 0] [    T0] ACPI: Early table checksum verification disabled
[2026-04-17 09:08:12.129] [    0.029800][ 0] [    T0] ACPI: RSDP 0x00000000963FC014 000024 (v02 _BYO_ )
[2026-04-17 09:08:12.130] [    0.029805][ 0] [    T0] ACPI: XSDT 0x00000000963FB0E8 000064 (v01 _BYO_  BYOSOFT  00000002 BYO  01000013)
[2026-04-17 09:08:12.132] [    0.029813][ 0] [    T0] ACPI: FACP 0x00000000963F9000 00010C (v05 _BYO_  BYOSOFT  00000002 BYO  01000013)
[2026-04-17 09:08:12.134] [    0.029820][ 0] [    T0] ACPI: DSDT 0x00000000963E9000 00D396 (v02 _BYO_  ZX_PLAT  00000001 INTL 20190215)
[2026-04-17 09:08:12.136] [    0.029825][ 0] [    T0] ACPI: FACS 0x00000000963DE000 000040
[2026-04-17 09:08:12.137] [    0.029830][ 0] [    T0] ACPI: APIC 0x00000000963FA000 0000C6 (v03 _BYO_  BYOSOFT  00000002 BYO  01000013)
[2026-04-17 09:08:12.141] [    0.029835][ 0] [    T0] ACPI: HPET 0x00000000963F8000 000038 (v01 _BYO_  BYOSOFT  00000002 BYO  01000013)
[2026-04-17 09:08:12.143] [    0.029840][ 0] [    T0] ACPI: MCFG 0x00000000963F7000 00003C (v01 _BYO_  BYOSOFT  00000002 BYO  01000013)
[2026-04-17 09:08:12.151] [    0.029844][ 0] [    T0] ACPI: SSDM 0x00000000963DB000 000055 (v01 _BYO_  BYOSOFT  00000002 BYO  00000001)
[2026-04-17 09:08:12.161] [    0.029849][ 0] [    T0] ACPI: FPDT 0x00000000963E8000 000044 (v01 _BYO_  BYOSOFT  00000002 BYO  01000013)
[2026-04-17 09:08:12.216] [    0.029853][ 0] [    T0] ACPI: SSDT 0x00000000963E7000 000144 (v02 ZXPLTA ADebTabl 00001000 INTL 20190215)
[2026-04-17 09:08:12.218] [    0.029858][ 0] [    T0] ACPI: BGRT 0x00000000963E6000 000038 (v01 _BYO_  BYOSOFT  00000002 BYO  01000013)
[2026-04-17 09:08:12.221] [    0.029871][ 0] [    T0] ACPI: Local APIC address 0xfee00000
[2026-04-17 09:08:12.223] [    0.029874][ 0] [    T0] system APIC only can use physical flat
[2026-04-17 09:08:12.224] [    0.029875][ 0] [    T0] Setting APIC routing to physical flat.
[2026-04-17 09:08:12.225] [    0.030097][ 0] [    T0] No NUMA configuration found
[2026-04-17 09:08:12.225] [    0.030100][ 0] [    T0] Faking a node at [mem 0x0000000000000000-0x000000043fff7fff]
[2026-04-17 09:08:12.227] [    0.030115][ 0] [    T0] NODE_DATA(0) allocated [mem 0x43ffcd000-0x43fff7fff]
[2026-04-17 09:08:12.228] [    0.030524][ 0] [    T0] Zone ranges:
[2026-04-17 09:08:12.279] [    0.030526][ 0] [    T0]   DMA      [mem 0x0000000000001000-0x0000000000ffffff]
[2026-04-17 09:08:12.283] [    0.030528][ 0] [    T0]   DMA32    [mem 0x0000000001000000-0x00000000ffffffff]
[2026-04-17 09:08:12.285] [    0.030530][ 0] [    T0]   Normal   [mem 0x0000000100000000-0x000000043fff7fff]
[2026-04-17 09:08:12.287] [    0.030532][ 0] [    T0]   Device   empty
[2026-04-17 09:08:12.288] [    0.030534][ 0] [    T0] Movable zone start for each node
[2026-04-17 09:08:12.289] [    0.030539][ 0] [    T0] Early memory node ranges
[2026-04-17 09:08:12.290] [    0.030541][ 0] [    T0]   node   0: [mem 0x0000000000001000-0x000000000009bfff]
[2026-04-17 09:08:12.292] [    0.030543][ 0] [    T0]   node   0: [mem 0x0000000000100000-0x00000000960e0fff]
[2026-04-17 09:08:12.293] [    0.030545][ 0] [    T0]   node   0: [mem 0x00000000963fd000-0x000000009f9fdfff]
[2026-04-17 09:08:12.294] [    0.030546][ 0] [    T0]   node   0: [mem 0x0000000100000000-0x000000043fff7fff]
[2026-04-17 09:08:12.296] [    0.030593][ 0] [    T0] Zeroed struct page in unavailable ranges: 2435 pages
[2026-04-17 09:08:12.303] [    0.030595][ 0] [    T0] Initmem setup node 0 [mem 0x0000000000001000-0x000000043fff7fff]
[2026-04-17 09:08:12.357] [    0.030598][ 0] [    T0] On node 0 totalpages: 4060789
[2026-04-17 09:08:12.358] [    0.030600][ 0] [    T0]   DMA zone: 64 pages used for memmap
[2026-04-17 09:08:12.359] [    0.030602][ 0] [    T0]   DMA zone: 24 pages reserved
[2026-04-17 09:08:12.360] [    0.030604][ 0] [    T0]   DMA zone: 3995 pages, LIFO batch:0
[2026-04-17 09:08:12.361] [    0.030696][ 0] [    T0]   DMA32 zone: 10140 pages used for memmap
[2026-04-17 09:08:12.362] [    0.030698][ 0] [    T0]   DMA32 zone: 648930 pages, LIFO batch:63
[2026-04-17 09:08:12.363] [    0.047697][ 0] [    T0]   Normal zone: 53248 pages used for memmap
[2026-04-17 09:08:12.365] [    0.047705][ 0] [    T0]   Normal zone: 3407864 pages, LIFO batch:63
[2026-04-17 09:08:12.368] [    0.122551][ 0] [    T0] ACPI: PM-Timer IO Port: 0x808
[2026-04-17 09:08:12.370] [    0.122563][ 0] [    T0] ACPI: Local APIC address 0xfee00000
[2026-04-17 09:08:12.371] [    0.122569][ 0] [    T0] system APIC only can use physical flat
[2026-04-17 09:08:12.374] [    0.122580][ 0] [    T0] ACPI: LAPIC_NMI (acpi_id[0xff] high edge lint[0x1])
[2026-04-17 09:08:12.380] [    0.122596][ 0] [    T0] IOAPIC[0]: apic_id 0, version 32, address 0xfec00000, GSI 0-23
[2026-04-17 09:08:12.432] [    0.122604][ 0] [    T0] IOAPIC[1]: apic_id 1, version 32, address 0xfec01000, GSI 24-47
[2026-04-17 09:08:12.434] [    0.122608][ 0] [    T0] ACPI: INT_SRC_OVR (bus 0 bus_irq 0 global_irq 2 dfl dfl)
[2026-04-17 09:08:12.435] [    0.122611][ 0] [    T0] ACPI: INT_SRC_OVR (bus 0 bus_irq 3 global_irq 3 low level)
[2026-04-17 09:08:12.437] [    0.122613][ 0] [    T0] ACPI: INT_SRC_OVR (bus 0 bus_irq 4 global_irq 4 low level)
[2026-04-17 09:08:12.439] [    0.122615][ 0] [    T0] ACPI: INT_SRC_OVR (bus 0 bus_irq 7 global_irq 7 dfl dfl)
[2026-04-17 09:08:12.440] [    0.122617][ 0] [    T0] ACPI: INT_SRC_OVR (bus 0 bus_irq 9 global_irq 9 low level)
[2026-04-17 09:08:12.445] [    0.122619][ 0] [    T0] ACPI: INT_SRC_OVR (bus 0 bus_irq 11 global_irq 11 dfl dfl)
[2026-04-17 09:08:12.446] [    0.122622][ 0] [    T0] ACPI: IRQ0 used by override.
[2026-04-17 09:08:12.447] [    0.122623][ 0] [    T0] ACPI: IRQ3 used by override.
[2026-04-17 09:08:12.452] [    0.122625][ 0] [    T0] ACPI: IRQ4 used by override.
[2026-04-17 09:08:12.503] [    0.122626][ 0] [    T0] ACPI: IRQ7 used by override.
[2026-04-17 09:08:12.507] [    0.122628][ 0] [    T0] ACPI: IRQ9 used by override.
[2026-04-17 09:08:12.508] [    0.122629][ 0] [    T0] ACPI: IRQ11 used by override.
[2026-04-17 09:08:12.510] [    0.122633][ 0] [    T0] Using ACPI (MADT) for SMP configuration information
[2026-04-17 09:08:12.513] [    0.122635][ 0] [    T0] ACPI: HPET id: 0x1d178201 base: 0xfeb97000
[2026-04-17 09:08:12.516] [    0.122663][ 0] [    T0] e820: update [mem 0x92172000-0x923b2fff] usable ==> reserved
[2026-04-17 09:08:12.524] [    0.122681][ 0] [    T0] smpboot: Allowing 8 CPUs, 0 hotplug CPUs
[2026-04-17 09:08:12.526] [    0.122713][ 0] [    T0] PM: Registered nosave memory: [mem 0x00000000-0x00000fff]
[2026-04-17 09:08:12.528] [    0.122716][ 0] [    T0] PM: Registered nosave memory: [mem 0x0009c000-0x000fffff]
[2026-04-17 09:08:12.531] [    0.122719][ 0] [    T0] PM: Registered nosave memory: [mem 0x92172000-0x923b2fff]
[2026-04-17 09:08:12.577] [    0.122722][ 0] [    T0] PM: Registered nosave memory: [mem 0x92ed1000-0x92ed1fff]
[2026-04-17 09:08:12.581] [    0.122725][ 0] [    T0] PM: Registered nosave memory: [mem 0x960e1000-0x963fcfff]
[2026-04-17 09:08:12.582] [    0.122728][ 0] [    T0] PM: Registered nosave memory: [mem 0x9f9fe000-0xffffffff]
[2026-04-17 09:08:12.584] [    0.122732][ 0] [    T0] [mem 0xa0000000-0xdfffffff] available for PCI devices
[2026-04-17 09:08:12.585] [    0.122735][ 0] [    T0] Booting paravirtualized kernel on bare hardware
[2026-04-17 09:08:12.587] [    0.122742][ 0] [    T0] clocksource: refined-jiffies: mask: 0xffffffff max_cycles: 0xffffffff, max_idle_ns: 7645519600211568 ns
[2026-04-17 09:08:12.590] [    0.122756][ 0] [    T0] setup_percpu: NR_CPUS:8192 nr_cpumask_bits:8 nr_cpu_ids:8 nr_node_ids:1
[2026-04-17 09:08:12.591] [    0.123233][ 0] [    T0] percpu: Embedded 55 pages/cpu s188416 r8192 d28672 u262144
[2026-04-17 09:08:12.644] [    0.123245][ 0] [    T0] pcpu-alloc: s188416 r8192 d28672 u262144 alloc=1*2097152
[2026-04-17 09:08:12.646] [    0.123247][ 0] [    T0] pcpu-alloc: [0] 0 1 2 3 4 5 6 7 
[2026-04-17 09:08:12.647] [    0.123297][ 0] [    T0] Built 1 zonelists, mobility grouping on.  Total pages: 3997313
[2026-04-17 09:08:12.648] [    0.123300][ 0] [    T0] Policy zone: Normal
[2026-04-17 09:08:12.649] [    0.123304][ 0] [    T0] Kernel command line: BOOT_IMAGE=/vmlinuz-5.4.18-159-generic root=UUID=d8837cf6-dd14-4d61-8666-f4b03dc47cb6 ro quiet splash console=ttyS0,115200 loglevel=8 initcall_debug sysrq_always_enabled no_console_suspend pm_debug_messages slub_debug=UFZP resume=UUID=a6f16e49-bbfb-4146-9734-b9008e4c98d3 security=kysec
[2026-04-17 09:08:12.656] [    0.123487][ 0] [    T0] sysrq: sysrq always enabled.
[2026-04-17 09:08:12.657] [    0.126235][ 0] [    T0] Dentry cache hash table entries: 2097152 (order: 12, 16777216 bytes, linear)
[2026-04-17 09:08:12.659] [    0.127501][ 0] [    T0] Inode-cache hash table entries: 1048576 (order: 11, 8388608 bytes, linear)
[2026-04-17 09:08:12.661] [    0.127598][ 0] [    T0] mem auto-init: stack:off, heap alloc:off, heap free:off
[2026-04-17 09:08:12.714] [    0.137909][ 0] [    T0] Calgary: detecting Calgary via BIOS EBDA area
[2026-04-17 09:08:12.716] [    0.137920][ 0] [    T0] Calgary: Unable to locate Rio Grande table in EBDA - bailing!
[2026-04-17 09:08:12.718] [    0.197070][ 0] [    T0] Memory: 15540076K/16243156K available (14339K kernel code, 2476K rwdata, 7476K rodata, 2768K init, 6516K bss, 703080K reserved, 0K cma-reserved)
[2026-04-17 09:08:12.721] [    0.197607][ 0] [    T0] SLUB: HWalign=64, Order=0-3, MinObjects=0, CPUs=8, Nodes=1
[2026-04-17 09:08:12.723] [    0.197640][ 0] [    T0] ftrace: allocating 47004 entries in 184 pages
[2026-04-17 09:08:12.724] [    0.226327][ 0] [    T0] rcu: Hierarchical RCU implementation.
[2026-04-17 09:08:12.725] [    0.226331][ 0] [    T0] rcu: RCU restricting CPUs from NR_CPUS=8192 to nr_cpu_ids=8.
[2026-04-17 09:08:12.727] [    0.226334][ 0] [    T0] Tasks RCU enabled.
[2026-04-17 09:08:12.783] [    0.226336][ 0] [    T0] rcu: RCU calculated value of scheduler-enlistment delay is 25 jiffies.
[2026-04-17 09:08:12.784] [    0.226338][ 0] [    T0] rcu: Adjusting geometry for rcu_fanout_leaf=16, nr_cpu_ids=8
[2026-04-17 09:08:12.786] [    0.234423][ 0] [    T0] NR_IRQS: 524544, nr_irqs: 896, preallocated irqs: 16
[2026-04-17 09:08:12.788] [    0.235135][ 0] [    T0] random: crng done (trusting CPU's manufacturer)
[2026-04-17 09:08:12.789] [    0.235196][ 0] [    T0] calling  con_init+0x0/0x322 @ 0
[2026-04-17 09:08:12.791] [    0.235227][ 0] [    T0] Console: colour dummy device 80x25
[2026-04-17 09:08:12.792] [    0.235232][ 0] [    T0] initcall con_init+0x0/0x322 returned 0 after 31 usecs
[2026-04-17 09:08:12.794] [    0.235235][ 0] [    T0] calling  hvc_console_init+0x0/0x19 @ 0
[2026-04-17 09:08:12.795] [    0.235238][ 0] [    T0] initcall hvc_console_init+0x0/0x19 returned 0 after 0 usecs
[2026-04-17 09:08:12.797] [    0.235243][ 0] [    T0] calling  xen_cons_init+0x0/0x60 @ 0
[2026-04-17 09:08:12.799] [    0.235245][ 0] [    T0] initcall xen_cons_init+0x0/0x60 returned 0 after 0 usecs
[2026-04-17 09:08:12.805] [    0.235248][ 0] [    T0] calling  univ8250_console_init+0x0/0x2d @ 0
[2026-04-17 09:08:12.813] [    1.683089][ 0] [    T0] printk: console [ttyS0] enabled
[2026-04-17 09:08:12.816] [    1.688351][ 0] [    T0] initcall univ8250_console_init+0x0/0x2d returned 0 after 1419042 usecs
[2026-04-17 09:08:12.870] [    1.697009][ 0] [    T0] ACPI: Core revision 20190816
[2026-04-17 09:08:12.871] [    1.702333][ 0] [    T0] hpet: With hpet deadlock patch v1.0.0
[2026-04-17 09:08:12.872] [    1.702366][ 0] [    T0] clocksource: hpet: mask: 0xffffffff max_cycles: 0xffffffff, max_idle_ns: 133484882848 ns
[2026-04-17 09:08:12.875] [    1.718325][ 0] [    T0] APIC: Switch to symmetric I/O mode setup
[2026-04-17 09:08:12.876] [    1.724504][ 0] [    T0] x2apic: IRQ remapping doesn't support X2APIC mode
[2026-04-17 09:08:12.877] [    1.732392][ 0] [    T0] ..TIMER: vector=0x30 apic1=0 pin1=2 apic2=-1 pin2=-1
[2026-04-17 09:08:12.878] [    1.758326][ 0] [    T0] clocksource: tsc-early: mask: 0xffffffffffffffff max_cycles: 0x2116cd1e482, max_idle_ns: 440795287597 ns
[2026-04-17 09:08:12.946] [    1.769870][ 0] [    T0] Calibrating delay loop (skipped), value calculated using timer frequency.. 4591.10 BogoMIPS (lpj=9182216)
[2026-04-17 09:08:12.948] [    1.773870][ 0] [    T0] pid_max: default: 32768 minimum: 301
[2026-04-17 09:08:12.949] [    1.791449][ 0] [    T0] LSM: Security Framework initializing
[2026-04-17 09:08:12.950] [    1.793896][ 0] [    T0] KYCP: Initializing.
[2026-04-17 09:08:12.951] [    1.797874][ 0] [    T0] KYCP: Initialized successfully.
[2026-04-17 09:08:12.952] [    1.801870][ 0] [    T0] KYSEC: Initializing.
[2026-04-17 09:08:12.953] [    1.805986][ 0] [    T0] KYSEC: devinfo: devlist init finished
[2026-04-17 09:08:12.954] [    1.809885][ 0] [    T0] KYSEC: Initialized successfully.
[2026-04-17 09:08:12.963] [    1.813870][ 0] [    T0] Box:  Initializing.
[2026-04-17 09:08:12.964] [    1.817890][ 0] [    T0] Box :  Initialized successfully.
[2026-04-17 09:08:12.968] [    1.821883][ 0] [    T0] KYEXTEND: Initialized successfully.
[2026-04-17 09:08:13.024] [    1.826088][ 0] [    T0] Mount-cache hash table entries: 32768 (order: 6, 262144 bytes, linear)
[2026-04-17 09:08:13.025] [    1.829922][ 0] [    T0] Mountpoint-cache hash table entries: 32768 (order: 6, 262144 bytes, linear)
[2026-04-17 09:08:13.027] [    1.834825][ 0] [    T0] With CPU patch V2.0.1
[2026-04-17 09:08:13.028] [    1.837873][ 0] [    T0] Got CPU topology from cpuid B leaf, 4 leaf patch V1.0.0
[2026-04-17 09:08:13.029] [    1.841875][ 0] [    T0] x86/cpu: User Mode Instruction Prevention (UMIP) activated
[2026-04-17 09:08:13.031] [    1.845892][ 0] [    T0] Last level iTLB entries: 4KB 0, 2MB 0, 4MB 0
[2026-04-17 09:08:13.034] [    1.849869][ 0] [    T0] Last level dTLB entries: 4KB 0, 2MB 0, 4MB 0, 1GB 0
[2026-04-17 09:08:13.035] [    1.853874][ 0] [    T0] Spectre V1 : Mitigation: usercopy/swapgs barriers and __user pointer sanitization
[2026-04-17 09:08:13.038] [    1.857872][ 0] [    T0] Spectre V2 : User space: Vulnerable
[2026-04-17 09:08:13.042] [    1.861871][ 0] [    T0] MMIO Stale Data: Unknown: No mitigations
[2026-04-17 09:08:13.091] [    1.868795][ 0] [    T0] Freeing SMP alternatives memory: 40K
[2026-04-17 09:08:13.094] [    1.870334][ 0] [    T1] TSC deadline timer enabled
[2026-04-17 09:08:13.095] [    1.873868][ 0] [    T1] smpboot: CPU0: Centaur ZHAOXIN KaiXian KX-7000 (family: 0x7, model: 0x6b, stepping: 0x1)
[2026-04-17 09:08:13.096] [    1.874311][ 0] [    T1] calling  trace_init_flags_sys_enter+0x0/0x14 @ 1
[2026-04-17 09:08:13.098] [    1.877873][ 0] [    T1] initcall trace_init_flags_sys_enter+0x0/0x14 returned 0 after 0 usecs
[2026-04-17 09:08:13.099] [    1.881870][ 0] [    T1] calling  trace_init_flags_sys_exit+0x0/0x14 @ 1
[2026-04-17 09:08:13.100] [    1.885871][ 0] [    T1] initcall trace_init_flags_sys_exit+0x0/0x14 returned 0 after 0 usecs
[2026-04-17 09:08:13.103] [    1.889871][ 0] [    T1] calling  init_hw_perf_events+0x0/0x53d @ 1
[2026-04-17 09:08:13.156] [    1.893871][ 0] [    T1] Performance Events: 
[2026-04-17 09:08:13.157] [    1.893871][ 0] [    T1] With PMU patch v1.0.6
[2026-04-17 09:08:13.158] [    1.901869][ 0] [    T1] core: Welcome to zhaoxin pmu!
[2026-04-17 09:08:13.159] [    1.905871][ 0] [    T1] core: Version check pass!
[2026-04-17 09:08:13.160] [    1.909872][ 0] [    T1] Shijidadao events, zhaoxin PMU driver.
[2026-04-17 09:08:13.162] [    1.913873][ 0] [    T1] ... version:                2
[2026-04-17 09:08:13.162] [    1.917869][ 0] [    T1] ... bit width:              48
[2026-04-17 09:08:13.163] [    1.921869][ 0] [    T1] ... generic registers:      4
[2026-04-17 09:08:13.164] [    1.925870][ 0] [    T1] ... value mask:             0000ffffffffffff
[2026-04-17 09:08:13.166] [    1.929869][ 0] [    T1] ... max period:             00007fffffffffff
[2026-04-17 09:08:13.167] [    1.933869][ 0] [    T1] ... fixed-purpose events:   3
[2026-04-17 09:08:13.221] [    1.937869][ 0] [    T1] ... event mask:             000000070000000f
[2026-04-17 09:08:13.224] [    1.941882][ 0] [    T1] initcall init_hw_perf_events+0x0/0x53d returned 0 after 46885 usecs
[2026-04-17 09:08:13.226] [    1.945873][ 0] [    T1] calling  init_real_mode+0x0/0x20a @ 1
[2026-04-17 09:08:13.227] [    1.949885][ 0] [    T1] initcall init_real_mode+0x0/0x20a returned 0 after 13 usecs
[2026-04-17 09:08:13.229] [    1.953870][ 0] [    T1] calling  trace_init_perf_perm_irq_work_exit+0x0/0x18 @ 1
[2026-04-17 09:08:13.231] [    1.957870][ 0] [    T1] initcall trace_init_perf_perm_irq_work_exit+0x0/0x18 returned 0 after 0 usecs
[2026-04-17 09:08:13.233] [    1.961873][ 0] [    T1] calling  init_microcode_pages+0x0/0x1a8 @ 1
[2026-04-17 09:08:13.234] [    1.965871][ 0] [    T1] initcall init_microcode_pages+0x0/0x1a8 returned 0 after 0 usecs
[2026-04-17 09:08:13.236] [    1.969872][ 0] [    T1] calling  register_nmi_cpu_backtrace_handler+0x0/0x1b @ 1
[2026-04-17 09:08:13.237] [    1.973871][ 0] [    T1] initcall register_nmi_cpu_backtrace_handler+0x0/0x1b returned 0 after 0 usecs
[2026-04-17 09:08:13.244] [    1.977872][ 0] [    T1] calling  numachip_system_init+0x0/0x6b @ 1
[2026-04-17 09:08:13.248] [    1.981870][ 0] [    T1] initcall numachip_system_init+0x0/0x6b returned 0 after 0 usecs
[2026-04-17 09:08:13.257] [    1.985871][ 0] [    T1] calling  kvm_setup_vsyscall_timeinfo+0x0/0x48 @ 1
[2026-04-17 09:08:13.305] [    1.989872][ 0] [    T1] initcall kvm_setup_vsyscall_timeinfo+0x0/0x48 returned 0 after 1 usecs
[2026-04-17 09:08:13.308] [    1.993873][ 0] [    T1] calling  spawn_ksoftirqd+0x0/0x3e @ 1
[2026-04-17 09:08:13.309] [    1.997933][ 0] [    T1] initcall spawn_ksoftirqd+0x0/0x3e returned 0 after 60 usecs
[2026-04-17 09:08:13.310] [    2.001873][ 0] [    T1] calling  migration_init+0x0/0x39 @ 1
[2026-04-17 09:08:13.312] [    2.005871][ 0] [    T1] initcall migration_init+0x0/0x39 returned 0 after 0 usecs
[2026-04-17 09:08:13.313] [    2.009872][ 0] [    T1] calling  srcu_bootup_announce+0x0/0x35 @ 1
[2026-04-17 09:08:13.314] [    2.013870][ 0] [    T1] rcu: Hierarchical SRCU implementation.
[2026-04-17 09:08:13.315] [    2.017871][ 0] [    T1] initcall srcu_bootup_announce+0x0/0x35 returned 0 after 3906 usecs
[2026-04-17 09:08:13.322] [    2.021870][ 0] [    T1] calling  rcu_spawn_core_kthreads+0x0/0x7e @ 1
[2026-04-17 09:08:13.326] [    2.025870][ 0] [    T1] initcall rcu_spawn_core_kthreads+0x0/0x7e returned 0 after 0 usecs
[2026-04-17 09:08:13.380] [    2.029870][ 0] [    T1] calling  rcu_spawn_gp_kthread+0x0/0x118 @ 1
[2026-04-17 09:08:13.381] [    2.033921][ 0] [    T1] initcall rcu_spawn_gp_kthread+0x0/0x118 returned 0 after 48 usecs
[2026-04-17 09:08:13.383] [    2.037872][ 0] [    T1] calling  check_cpu_stall_init+0x0/0x20 @ 1
[2026-04-17 09:08:13.385] [    2.041870][ 0] [    T1] initcall check_cpu_stall_init+0x0/0x20 returned 0 after 0 usecs
[2026-04-17 09:08:13.387] [    2.045870][ 0] [    T1] calling  rcu_sysrq_init+0x0/0x28 @ 1
[2026-04-17 09:08:13.388] [    2.049870][ 0] [    T1] initcall rcu_sysrq_init+0x0/0x28 returned 0 after 0 usecs
[2026-04-17 09:08:13.390] [    2.053873][ 0] [    T1] calling  cpu_stop_init+0x0/0x8f @ 1
[2026-04-17 09:08:13.391] [    2.057929][ 0] [    T1] initcall cpu_stop_init+0x0/0x8f returned 0 after 56 usecs
[2026-04-17 09:08:13.392] [    2.061874][ 0] [    T1] calling  init_trace_printk+0x0/0x12 @ 1
[2026-04-17 09:08:13.400] [    2.065878][ 0] [    T1] initcall init_trace_printk+0x0/0x12 returned 0 after 6 usecs
[2026-04-17 09:08:13.403] [    2.069878][ 0] [    T1] calling  event_trace_enable_again+0x0/0x44 @ 1
[2026-04-17 09:08:13.459] [    2.073871][ 0] [    T1] initcall event_trace_enable_again+0x0/0x44 returned 0 after 0 usecs
[2026-04-17 09:08:13.461] [    2.077872][ 0] [    T1] calling  jump_label_init_module+0x0/0x17 @ 1
[2026-04-17 09:08:13.462] [    2.081873][ 0] [    T1] initcall jump_label_init_module+0x0/0x17 returned 0 after 2 usecs
[2026-04-17 09:08:13.464] [    2.085874][ 0] [    T1] calling  dynamic_debug_init+0x0/0x265 @ 1
[2026-04-17 09:08:13.465] [    2.091197][ 0] [    T1] initcall dynamic_debug_init+0x0/0x265 returned 0 after 1294 usecs
[2026-04-17 09:08:13.467] [    2.093874][ 0] [    T1] calling  efi_memreserve_root_init+0x0/0x2e @ 1
[2026-04-17 09:08:13.468] [    2.097871][ 0] [    T1] initcall efi_memreserve_root_init+0x0/0x2e returned 0 after 0 usecs
[2026-04-17 09:08:13.474] [    2.101873][ 0] [    T1] calling  efi_earlycon_remap_fb+0x0/0x57 @ 1
[2026-04-17 09:08:13.475] [    2.105871][ 0] [    T1] initcall efi_earlycon_remap_fb+0x0/0x57 returned 0 after 0 usecs
[2026-04-17 09:08:13.477] [    2.109873][ 0] [    T1] calling  idle_inject_init+0x0/0x17 @ 1
[2026-04-17 09:08:13.482] [    2.113950][ 0] [    T1] initcall idle_inject_init+0x0/0x17 returned 0 after 76 usecs
[2026-04-17 09:08:13.536] [    2.117874][ 0] [    T1] calling  initialize_ptr_random+0x0/0x50 @ 1
[2026-04-17 09:08:13.537] [    2.121887][ 0] [    T1] initcall initialize_ptr_random+0x0/0x50 returned 0 after 15 usecs
[2026-04-17 09:08:13.539] [    2.125949][ 0] [    T7] NMI watchdog: Enabled. Permanently consumes one hw-PMU counter.
[2026-04-17 09:08:13.541] [    2.130306][ 0] [    T1] smp: Bringing up secondary CPUs ...
[2026-04-17 09:08:13.542] [    2.134294][ 0] [    T1] x86: Booting SMP configuration:
[2026-04-17 09:08:13.543] [    2.137879][ 1] [    T1] .... node  #0, CPUs:      #1
[2026-04-17 09:08:13.544] [    1.506812][ 1] [    T0] With CPU patch V2.0.1
[2026-04-17 09:08:13.607] [    1.506812][ 1] [    T0] Got CPU topology from cpuid B leaf, 4 leaf patch V1.0.0
[2026-04-17 09:08:13.616] [    2.166425][ 2] [    T1]  #2
[2026-04-17 09:08:13.617] [    1.506812][ 2] [    T0] With CPU patch V2.0.1
[2026-04-17 09:08:13.618] [    1.506812][ 2] [    T0] Got CPU topology from cpuid B leaf, 4 leaf patch V1.0.0
[2026-04-17 09:08:13.619] [    2.192941][ 3] [    T1]  #3
[2026-04-17 09:08:13.620] [    1.506812][ 3] [    T0] With CPU patch V2.0.1
[2026-04-17 09:08:13.622] [    1.506812][ 3] [    T0] Got CPU topology from cpuid B leaf, 4 leaf patch V1.0.0
[2026-04-17 09:08:13.623] [    2.219445][ 4] [    T1]  #4
[2026-04-17 09:08:13.624] [    1.506812][ 4] [    T0] With CPU patch V2.0.1
[2026-04-17 09:08:13.625] [    1.506812][ 4] [    T0] Got CPU topology from cpuid B leaf, 4 leaf patch V1.0.0
[2026-04-17 09:08:13.632] [    2.246432][ 5] [    T1]  #5
[2026-04-17 09:08:13.684] [    1.506812][ 5] [    T0] With CPU patch V2.0.1
[2026-04-17 09:08:13.685] [    1.506812][ 5] [    T0] Got CPU topology from cpuid B leaf, 4 leaf patch V1.0.0
[2026-04-17 09:08:13.686] [    2.272506][ 6] [    T1]  #6
[2026-04-17 09:08:13.687] [    1.506812][ 6] [    T0] With CPU patch V2.0.1
[2026-04-17 09:08:13.688] [    1.506812][ 6] [    T0] Got CPU topology from cpuid B leaf, 4 leaf patch V1.0.0
[2026-04-17 09:08:13.689] [    2.299039][ 7] [    T1]  #7
[2026-04-17 09:08:13.702] [    1.506812][ 7] [    T0] With CPU patch V2.0.1
[2026-04-17 09:08:13.705] [    1.506812][ 7] [    T0] Got CPU topology from cpuid B leaf, 4 leaf patch V1.0.0
[2026-04-17 09:08:13.767] [    2.325245][ 0] [    T1] smp: Brought up 1 node, 8 CPUs
[2026-04-17 09:08:13.770] [    2.325872][ 0] [    T1] smpboot: Max logical packages: 1
[2026-04-17 09:08:13.771] [    2.329870][ 0] [    T1] smpboot: Total of 8 processors activated (36728.86 BogoMIPS)
[2026-04-17 09:08:13.775] [    2.339071][ 0] [    T1] devtmpfs: initialized
[2026-04-17 09:08:13.776] [    2.342195][ 0] [    T1] x86/mm: Memory block size: 128MB
[2026-04-17 09:08:13.777] [    2.357727][ 0] [    T1] calling  bpf_jit_charge_init+0x0/0x40 @ 1
[2026-04-17 09:08:13.778] [    2.357873][ 0] [    T1] initcall bpf_jit_charge_init+0x0/0x40 returned 0 after 0 usecs
[2026-04-17 09:08:13.780] [    2.361875][ 0] [    T1] calling  ipc_ns_init+0x0/0x45 @ 1
[2026-04-17 09:08:13.781] [    2.365877][ 0] [    T1] initcall ipc_ns_init+0x0/0x45 returned 0 after 5 usecs
[2026-04-17 09:08:13.785] [    2.369872][ 0] [    T1] calling  init_mmap_min_addr+0x0/0x1b @ 1
[2026-04-17 09:08:13.839] [    2.373873][ 0] [    T1] initcall init_mmap_min_addr+0x0/0x1b returned 0 after 1 usecs
[2026-04-17 09:08:13.841] [    2.377873][ 0] [    T1] calling  pci_realloc_setup_params+0x0/0x4b @ 1
[2026-04-17 09:08:13.842] [    2.381873][ 0] [    T1] initcall pci_realloc_setup_params+0x0/0x4b returned 0 after 1 usecs
[2026-04-17 09:08:13.844] [    2.385873][ 0] [    T1] calling  net_ns_init+0x0/0x12e @ 1
[2026-04-17 09:08:13.845] [    2.389960][ 0] [    T1] initcall net_ns_init+0x0/0x12e returned 0 after 88 usecs
[2026-04-17 09:08:13.846] [    2.394004][ 0] [    T1] calling  xen_pvh_gnttab_setup+0x0/0x3a @ 1
[2026-04-17 09:08:13.847] [    2.397873][ 0] [    T1] initcall xen_pvh_gnttab_setup+0x0/0x3a returned -19 after 1 usecs
[2026-04-17 09:08:13.851] [    2.401872][ 0] [    T1] calling  e820__register_nvs_regions+0x0/0x3d @ 1
[2026-04-17 09:08:13.854] [    2.405880][ 0] [    T1] PM: Registering ACPI NVS region [mem 0x963c4000-0x963defff] (110592 bytes)
[2026-04-17 09:08:13.857] [    2.409916][ 0] [    T1] initcall e820__register_nvs_regions+0x0/0x3d returned 0 after 3950 usecs
[2026-04-17 09:08:13.911] [    2.413871][ 0] [    T1] calling  cpufreq_register_tsc_scaling+0x0/0x32 @ 1
[2026-04-17 09:08:13.912] [    2.417872][ 0] [    T1] initcall cpufreq_register_tsc_scaling+0x0/0x32 returned 0 after 1 usecs
[2026-04-17 09:08:13.914] [    2.421872][ 0] [    T1] calling  reboot_init+0x0/0x45 @ 1
[2026-04-17 09:08:13.915] [    2.425884][ 0] [    T1] initcall reboot_init+0x0/0x45 returned 0 after 12 usecs
[2026-04-17 09:08:13.916] [    2.429872][ 0] [    T1] calling  init_lapic_sysfs+0x0/0x29 @ 1
[2026-04-17 09:08:13.918] [    2.433872][ 0] [    T1] initcall init_lapic_sysfs+0x0/0x29 returned 0 after 2 usecs
[2026-04-17 09:08:13.920] [    2.437872][ 0] [    T1] calling  uv_bau_init+0x0/0xb34 @ 1
[2026-04-17 09:08:13.921] [    2.441873][ 0] [    T1] initcall uv_bau_init+0x0/0xb34 returned 0 after 1 usecs
[2026-04-17 09:08:13.922] [    2.445872][ 0] [    T1] calling  alloc_frozen_cpus+0x0/0x23 @ 1
[2026-04-17 09:08:13.927] [    2.449873][ 0] [    T1] initcall alloc_frozen_cpus+0x0/0x23 returned 0 after 2 usecs
[2026-04-17 09:08:13.934] [    2.453870][ 0] [    T1] calling  cpu_hotplug_pm_sync_init+0x0/0x19 @ 1
[2026-04-17 09:08:13.989] [    2.457872][ 0] [    T1] initcall cpu_hotplug_pm_sync_init+0x0/0x19 returned 0 after 0 usecs
[2026-04-17 09:08:13.991] [    2.461872][ 0] [    T1] calling  wq_sysfs_init+0x0/0x30 @ 1
[2026-04-17 09:08:13.992] [    2.465959][ 0] [    T1] initcall wq_sysfs_init+0x0/0x30 returned 0 after 86 usecs
[2026-04-17 09:08:13.993] [    2.469871][ 0] [    T1] calling  ksysfs_init+0x0/0x9e @ 1
[2026-04-17 09:08:13.994] [    2.473917][ 0] [    T1] initcall ksysfs_init+0x0/0x9e returned 0 after 44 usecs
[2026-04-17 09:08:13.996] [    2.477873][ 0] [    T1] calling  pm_init+0x0/0x79 @ 1
[2026-04-17 09:08:13.997] [    2.482021][ 0] [    T1] initcall pm_init+0x0/0x79 returned 0 after 144 usecs
[2026-04-17 09:08:13.998] [    2.485871][ 0] [    T1] calling  pm_disk_init+0x0/0x1e @ 1
[2026-04-17 09:08:14.003] [    2.489887][ 0] [    T1] initcall pm_disk_init+0x0/0x1e returned 0 after 15 usecs
[2026-04-17 09:08:14.005] [    2.493874][ 0] [    T1] calling  swsusp_header_init+0x0/0x30 @ 1
[2026-04-17 09:08:14.007] [    2.497876][ 0] [    T1] initcall swsusp_header_init+0x0/0x30 returned 0 after 4 usecs
[2026-04-17 09:08:14.070] [    2.501871][ 0] [    T1] calling  rcu_set_runtime_mode+0x0/0x17 @ 1
[2026-04-17 09:08:14.072] [    2.505872][ 0] [    T1] initcall rcu_set_runtime_mode+0x0/0x17 returned 0 after 1 usecs
[2026-04-17 09:08:14.074] [    2.509871][ 0] [    T1] calling  rcu_spawn_tasks_kthread+0x0/0x6e @ 1
[2026-04-17 09:08:14.076] [    2.513921][ 0] [    T1] initcall rcu_spawn_tasks_kthread+0x0/0x6e returned 0 after 50 usecs
[2026-04-17 09:08:14.077] [    2.517872][ 0] [    T1] calling  init_jiffies_clocksource+0x0/0x1e @ 1
[2026-04-17 09:08:14.079] [    2.521873][ 0] [    T1] clocksource: jiffies: mask: 0xffffffff max_cycles: 0xffffffff, max_idle_ns: 7645041785100000 ns
[2026-04-17 09:08:14.081] [    2.525873][ 0] [    T1] initcall init_jiffies_clocksource+0x0/0x1e returned 0 after 3908 usecs
[2026-04-17 09:08:14.082] [    2.529871][ 0] [    T1] calling  futex_init+0x0/0xf5 @ 1
[2026-04-17 09:08:14.084] [    2.533876][ 0] [    T1] futex hash table entries: 2048 (order: 5, 131072 bytes, linear)
[2026-04-17 09:08:14.086] [    2.537901][ 0] [    T1] initcall futex_init+0x0/0xf5 returned 0 after 3935 usecs
[2026-04-17 09:08:14.092] [    2.541872][ 0] [    T1] calling  cgroup_wq_init+0x0/0x70 @ 1
[2026-04-17 09:08:14.139] [    2.545967][ 0] [    T1] initcall cgroup_wq_init+0x0/0x70 returned 0 after 94 usecs
[2026-04-17 09:08:14.140] [    2.549872][ 0] [    T1] calling  cgroup1_wq_init+0x0/0x2e @ 1
[2026-04-17 09:08:14.141] [    2.553904][ 0] [    T1] initcall cgroup1_wq_init+0x0/0x2e returned 0 after 31 usecs
[2026-04-17 09:08:14.143] [    2.557871][ 0] [    T1] calling  ftrace_mod_cmd_init+0x0/0x12 @ 1
[2026-04-17 09:08:14.144] [    2.561875][ 0] [    T1] initcall ftrace_mod_cmd_init+0x0/0x12 returned 0 after 3 usecs
[2026-04-17 09:08:14.146] [    2.565872][ 0] [    T1] calling  init_wakeup_tracer+0x0/0x32 @ 1
[2026-04-17 09:08:14.148] [    2.569885][ 0] [    T1] initcall init_wakeup_tracer+0x0/0x32 returned 0 after 13 usecs
[2026-04-17 09:08:14.150] [    2.573871][ 0] [    T1] calling  init_graph_trace+0x0/0x64 @ 1
[2026-04-17 09:08:14.153] [    2.577879][ 0] [    T1] initcall init_graph_trace+0x0/0x64 returned 0 after 8 usecs
[2026-04-17 09:08:14.159] [    2.581871][ 0] [    T1] calling  cgroup_bpf_wq_init+0x0/0x38 @ 1
[2026-04-17 09:08:14.213] [    2.585904][ 0] [    T1] initcall cgroup_bpf_wq_init+0x0/0x38 returned 0 after 31 usecs
[2026-04-17 09:08:14.218] [    2.589875][ 0] [    T1] calling  init_zero_pfn+0x0/0x3d @ 1
[2026-04-17 09:08:14.219] [    2.593872][ 0] [    T1] initcall init_zero_pfn+0x0/0x3d returned 0 after 1 usecs
[2026-04-17 09:08:14.221] [    2.597875][ 0] [    T1] calling  init_per_zone_wmark_min+0x0/0x76 @ 1
[2026-04-17 09:08:14.222] [    2.601877][ 0] [    T1] initcall init_per_zone_wmark_min+0x0/0x76 returned 0 after 6 usecs
[2026-04-17 09:08:14.224] [    2.605873][ 0] [    T1] calling  memory_failure_init+0x0/0x9f @ 1
[2026-04-17 09:08:14.233] [    2.609871][ 0] [    T1] initcall memory_failure_init+0x0/0x9f returned 0 after 0 usecs
[2026-04-17 09:08:14.234] [    2.613871][ 0] [    T1] calling  cma_init_reserved_areas+0x0/0x34 @ 1
[2026-04-17 09:08:14.235] [    2.617873][ 0] [    T1] initcall cma_init_reserved_areas+0x0/0x34 returned 0 after 1 usecs
[2026-04-17 09:08:14.237] [    2.621870][ 0] [    T1] calling  fsnotify_init+0x0/0x4e @ 1
[2026-04-17 09:08:14.239] [    2.625887][ 0] [    T1] initcall fsnotify_init+0x0/0x4e returned 0 after 16 usecs
[2026-04-17 09:08:14.288] [    2.629871][ 0] [    T1] calling  filelock_init+0x0/0x9d @ 1
[2026-04-17 09:08:14.290] [    2.633895][ 0] [    T1] initcall filelock_init+0x0/0x9d returned 0 after 23 usecs
[2026-04-17 09:08:14.291] [    2.637871][ 0] [    T1] calling  init_script_binfmt+0x0/0x1b @ 1
[2026-04-17 09:08:14.292] [    2.641872][ 0] [    T1] initcall init_script_binfmt+0x0/0x1b returned 0 after 1 usecs
[2026-04-17 09:08:14.294] [    2.645870][ 0] [    T1] calling  init_elf_binfmt+0x0/0x1b @ 1
[2026-04-17 09:08:14.295] [    2.649870][ 0] [    T1] initcall init_elf_binfmt+0x0/0x1b returned 0 after 0 usecs
[2026-04-17 09:08:14.296] [    2.653871][ 0] [    T1] calling  string_decrypt_init+0x0/0x52 @ 1
[2026-04-17 09:08:14.298] [    2.657874][ 0] [    T1] initcall string_decrypt_init+0x0/0x52 returned 0 after 2 usecs
[2026-04-17 09:08:14.299] [    2.661871][ 0] [    T1] calling  init_compat_elf_binfmt+0x0/0x1b @ 1
[2026-04-17 09:08:14.304] [    2.665870][ 0] [    T1] initcall init_compat_elf_binfmt+0x0/0x1b returned 0 after 0 usecs
[2026-04-17 09:08:14.313] [    2.669871][ 0] [    T1] calling  configfs_init+0x0/0x9f @ 1
[2026-04-17 09:08:14.363] [    2.673887][ 0] [    T1] initcall configfs_init+0x0/0x9f returned 0 after 16 usecs
[2026-04-17 09:08:14.365] [    2.677871][ 0] [    T1] calling  debugfs_init+0x0/0x68 @ 1
[2026-04-17 09:08:14.366] [    2.681877][ 0] [    T1] initcall debugfs_init+0x0/0x68 returned 0 after 5 usecs
[2026-04-17 09:08:14.367] [    2.685871][ 0] [    T1] calling  tracefs_init+0x0/0x42 @ 1
[2026-04-17 09:08:14.368] [    2.689874][ 0] [    T1] initcall tracefs_init+0x0/0x42 returned 0 after 3 usecs
[2026-04-17 09:08:14.370] [    2.693871][ 0] [    T1] calling  securityfs_init+0x0/0xa0 @ 1
[2026-04-17 09:08:14.372] [    2.697985][ 0] [    T1] initcall securityfs_init+0x0/0xa0 returned 0 after 111 usecs
[2026-04-17 09:08:14.374] [    2.701873][ 0] [    T1] calling  prandom_init+0x0/0xe9 @ 1
[2026-04-17 09:08:14.375] [    2.705889][ 0] [    T1] initcall prandom_init+0x0/0xe9 returned 0 after 18 usecs
[2026-04-17 09:08:14.382] [    2.709871][ 0] [    T1] calling  pinctrl_init+0x0/0xb3 @ 1
[2026-04-17 09:08:14.383] [    2.713872][ 0] [    T1] pinctrl core: initialized pinctrl subsystem
[2026-04-17 09:08:14.391] [    2.717991][ 0] [    T1] initcall pinctrl_init+0x0/0xb3 returned 0 after 4023 usecs
[2026-04-17 09:08:14.435] [    2.721873][ 0] [    T1] calling  gpiolib_dev_init+0x0/0xce @ 1
[2026-04-17 09:08:14.442] [    2.725929][ 0] [    T1] initcall gpiolib_dev_init+0x0/0xce returned 0 after 55 usecs
[2026-04-17 09:08:14.444] [    2.729873][ 0] [    T1] calling  sfi_sysfs_init+0x0/0xd8 @ 1
[2026-04-17 09:08:14.445] [    2.733873][ 0] [    T1] initcall sfi_sysfs_init+0x0/0xd8 returned 0 after 1 usecs
[2026-04-17 09:08:14.446] [    2.737874][ 0] [    T1] calling  virtio_init+0x0/0x30 @ 1
[2026-04-17 09:08:14.447] [    2.741909][ 0] [    T1] initcall virtio_init+0x0/0x30 returned 0 after 36 usecs
[2026-04-17 09:08:14.449] [    2.745871][ 0] [    T1] calling  regulator_init+0x0/0xa1 @ 1
[2026-04-17 09:08:14.449] [    2.750242][ 0] [    T1] probe of reg-dummy returned 1 after 0 usecs
[2026-04-17 09:08:14.450] [    2.753897][ 0] [    T1] initcall regulator_init+0x0/0xa1 returned 0 after 3930 usecs
[2026-04-17 09:08:14.500] [    2.757872][ 0] [    T1] calling  iommu_init+0x0/0x30 @ 1
[2026-04-17 09:08:14.501] [    2.761878][ 0] [    T1] initcall iommu_init+0x0/0x30 returned 0 after 6 usecs
[2026-04-17 09:08:14.502] [    2.765872][ 0] [    T1] calling  component_debug_init+0x0/0x22 @ 1
[2026-04-17 09:08:14.504] [    2.769886][ 0] [    T1] initcall component_debug_init+0x0/0x22 returned 0 after 14 usecs
[2026-04-17 09:08:14.506] [    2.773876][ 0] [    T1] calling  early_resume_init+0x0/0xb0 @ 1
[2026-04-17 09:08:14.507] [    2.777909][ 0] [    T1] PM: RTC time: 09:08:14, date: 2026-04-17
[2026-04-17 09:08:14.508] [    2.781872][ 0] [    T1] initcall early_resume_init+0x0/0xb0 returned 0 after 3907 usecs
[2026-04-17 09:08:14.510] [    2.785874][ 0] [    T1] calling  opp_debug_init+0x0/0x22 @ 1
[2026-04-17 09:08:14.511] [    2.789884][ 0] [    T1] initcall opp_debug_init+0x0/0x22 returned 0 after 12 usecs
[2026-04-17 09:08:14.562] [    2.793874][ 0] [    T1] calling  capsule_reboot_register+0x0/0x17 @ 1
[2026-04-17 09:08:14.563] [    2.797872][ 0] [    T1] initcall capsule_reboot_register+0x0/0x17 returned 0 after 0 usecs
[2026-04-17 09:08:14.565] [    2.801872][ 0] [    T1] calling  cpufreq_core_init+0x0/0x45 @ 1
[2026-04-17 09:08:14.566] [    2.805887][ 0] [    T1] initcall cpufreq_core_init+0x0/0x45 returned 0 after 15 usecs
[2026-04-17 09:08:14.567] [    2.809871][ 0] [    T1] calling  cpuidle_init+0x0/0x45 @ 1
[2026-04-17 09:08:14.568] [    2.813883][ 0] [    T1] initcall cpuidle_init+0x0/0x45 returned 0 after 11 usecs
[2026-04-17 09:08:14.571] [    2.817871][ 0] [    T1] calling  bsp_pm_check_init+0x0/0x19 @ 1
[2026-04-17 09:08:14.572] [    2.821873][ 0] [    T1] initcall bsp_pm_check_init+0x0/0x19 returned 0 after 1 usecs
[2026-04-17 09:08:14.622] [    2.825870][ 0] [    T1] calling  sock_init+0x0/0xa4 @ 1
[2026-04-17 09:08:14.624] [    2.830165][ 0] [    T1] initcall sock_init+0x0/0xa4 returned 0 after 286 usecs
[2026-04-17 09:08:14.625] [    2.833872][ 0] [    T1] calling  net_inuse_init+0x0/0x29 @ 1
[2026-04-17 09:08:14.626] [    2.837875][ 0] [    T1] initcall net_inuse_init+0x0/0x29 returned 0 after 4 usecs
[2026-04-17 09:08:14.627] [    2.841871][ 0] [    T1] calling  net_defaults_init+0x0/0x29 @ 1
[2026-04-17 09:08:14.628] [    2.845872][ 0] [    T1] initcall net_defaults_init+0x0/0x29 returned 0 after 1 usecs
[2026-04-17 09:08:14.630] [    2.849871][ 0] [    T1] calling  init_default_flow_dissectors+0x0/0x55 @ 1
[2026-04-17 09:08:14.631] [    2.853873][ 0] [    T1] initcall init_default_flow_dissectors+0x0/0x55 returned 0 after 2 usecs
[2026-04-17 09:08:14.633] [    2.857870][ 0] [    T1] calling  netpoll_init+0x0/0x2e @ 1
[2026-04-17 09:08:14.685] [    2.861872][ 0] [    T1] initcall netpoll_init+0x0/0x2e returned 0 after 1 usecs
[2026-04-17 09:08:14.686] [    2.865873][ 0] [    T1] calling  netlink_proto_init+0x0/0x163 @ 1
[2026-04-17 09:08:14.688] [    2.870006][ 0] [    T1] NET: Registered protocol family 16
[2026-04-17 09:08:14.689] [    2.873928][ 0] [    T1] initcall netlink_proto_init+0x0/0x163 returned 0 after 3960 usecs
[2026-04-17 09:08:14.691] [    2.877872][ 0] [    T1] calling  tcp_bpf_v4_build_proto+0x0/0x71 @ 1
[2026-04-17 09:08:14.692] [    2.881873][ 0] [    T1] initcall tcp_bpf_v4_build_proto+0x0/0x71 returned 0 after 1 usecs
[2026-04-17 09:08:14.694] [    2.885872][ 0] [    T1] calling  __gnttab_init+0x0/0x40 @ 1
[2026-04-17 09:08:14.695] [    2.889873][ 0] [    T1] initcall __gnttab_init+0x0/0x40 returned -19 after 1 usecs
[2026-04-17 09:08:14.700] [    2.894005][ 0] [    T1] calling  irq_sysfs_init+0x0/0x97 @ 1
[2026-04-17 09:08:14.701] [    2.898295][ 0] [    T1] initcall irq_sysfs_init+0x0/0x97 returned 0 after 411 usecs
[2026-04-17 09:08:14.703] [    2.901871][ 0] [    T1] calling  audit_init+0x0/0x18a @ 1
[2026-04-17 09:08:14.707] [    2.905883][ 0] [    T1] audit: initializing netlink subsys (disabled)
[2026-04-17 09:08:14.763] [    2.909918][ 0] [    T1] initcall audit_init+0x0/0x18a returned 0 after 3954 usecs
[2026-04-17 09:08:14.764] [    2.909918][ 2] [   T60] audit: type=2000 audit(1776416892.172:1): state=initialized audit_enabled=0 res=1
[2026-04-17 09:08:14.766] [    2.913873][ 0] [    T1] calling  release_early_probes+0x0/0x45 @ 1
[2026-04-17 09:08:14.767] [    2.921873][ 0] [    T1] initcall release_early_probes+0x0/0x45 returned 0 after 1 usecs
[2026-04-17 09:08:14.769] [    2.925871][ 0] [    T1] calling  bdi_class_init+0x0/0x4e @ 1
[2026-04-17 09:08:14.770] [    2.929912][ 0] [    T1] initcall bdi_class_init+0x0/0x4e returned 0 after 40 usecs
[2026-04-17 09:08:14.773] [    2.933871][ 0] [    T1] calling  mm_sysfs_init+0x0/0x2e @ 1
[2026-04-17 09:08:14.775] [    2.937878][ 0] [    T1] initcall mm_sysfs_init+0x0/0x2e returned 0 after 7 usecs
[2026-04-17 09:08:14.776] [    2.941871][ 0] [    T1] calling  mpi_init+0x0/0x68 @ 1
[2026-04-17 09:08:14.777] [    2.945898][ 0] [    T1] initcall mpi_init+0x0/0x68 returned 0 after 27 usecs
[2026-04-17 09:08:14.785] [    2.949871][ 0] [    T1] calling  gpiolib_sysfs_init+0x0/0xa6 @ 1
[2026-04-17 09:08:14.840] [    2.953896][ 0] [    T1] initcall gpiolib_sysfs_init+0x0/0xa6 returned 0 after 24 usecs
[2026-04-17 09:08:14.842] [    2.957877][ 0] [    T1] calling  acpi_gpio_setup_params+0x0/0xa0 @ 1
[2026-04-17 09:08:14.843] [    2.961874][ 0] [    T1] initcall acpi_gpio_setup_params+0x0/0xa0 returned 0 after 3 usecs
[2026-04-17 09:08:14.845] [    2.965871][ 0] [    T1] calling  pcibus_class_init+0x0/0x1e @ 1
[2026-04-17 09:08:14.846] [    2.969891][ 0] [    T1] initcall pcibus_class_init+0x0/0x1e returned 0 after 19 usecs
[2026-04-17 09:08:14.847] [    2.973871][ 0] [    T1] calling  pci_driver_init+0x0/0x27 @ 1
[2026-04-17 09:08:14.852] [    2.977972][ 0] [    T1] initcall pci_driver_init+0x0/0x27 returned 0 after 98 usecs
[2026-04-17 09:08:14.853] [    2.981871][ 0] [    T1] calling  rio_bus_init+0x0/0x4b @ 1
[2026-04-17 09:08:14.855] [    2.985932][ 0] [    T1] initcall rio_bus_init+0x0/0x4b returned 0 after 59 usecs
[2026-04-17 09:08:14.856] [    2.989871][ 0] [    T1] calling  backlight_class_init+0x0/0xad @ 1
[2026-04-17 09:08:14.859] [    2.993894][ 0] [    T1] initcall backlight_class_init+0x0/0xad returned 0 after 22 usecs
[2026-04-17 09:08:14.911] [    2.997871][ 0] [    T1] calling  xenbus_init+0x0/0x2a0 @ 1
[2026-04-17 09:08:14.912] [    3.001872][ 0] [    T1] initcall xenbus_init+0x0/0x2a0 returned -19 after 1 usecs
[2026-04-17 09:08:14.913] [    3.005871][ 0] [    T1] calling  tty_class_init+0x0/0x39 @ 1
[2026-04-17 09:08:14.914] [    3.009892][ 0] [    T1] initcall tty_class_init+0x0/0x39 returned 0 after 20 usecs
[2026-04-17 09:08:14.916] [    3.013871][ 0] [    T1] calling  vtconsole_class_init+0x0/0xdc @ 1
[2026-04-17 09:08:14.917] [    3.017984][ 0] [    T1] initcall vtconsole_class_init+0x0/0xdc returned 0 after 109 usecs
[2026-04-17 09:08:14.919] [    3.021871][ 0] [    T1] calling  serdev_init+0x0/0x22 @ 1
[2026-04-17 09:08:14.920] [    3.025911][ 0] [    T1] initcall serdev_init+0x0/0x22 returned 0 after 39 usecs
[2026-04-17 09:08:14.921] [    3.029871][ 0] [    T1] calling  iommu_dev_init+0x0/0x1e @ 1
[2026-04-17 09:08:14.931] [    3.033891][ 0] [    T1] initcall iommu_dev_init+0x0/0x1e returned 0 after 19 usecs
[2026-04-17 09:08:14.934] [    3.037871][ 0] [    T1] calling  software_node_init+0x0/0x30 @ 1
[2026-04-17 09:08:14.982] [    3.041875][ 0] [    T1] initcall software_node_init+0x0/0x30 returned 0 after 4 usecs
[2026-04-17 09:08:14.988] [    3.045871][ 0] [    T1] calling  wakeup_sources_debugfs_init+0x0/0x29 @ 1
[2026-04-17 09:08:14.989] [    3.049886][ 0] [    T1] initcall wakeup_sources_debugfs_init+0x0/0x29 returned 0 after 14 usecs
[2026-04-17 09:08:14.991] [    3.053871][ 0] [    T1] calling  wakeup_sources_sysfs_init+0x0/0x35 @ 1
[2026-04-17 09:08:14.992] [    3.057903][ 0] [    T1] initcall wakeup_sources_sysfs_init+0x0/0x35 returned 0 after 31 usecs
[2026-04-17 09:08:14.994] [    3.061871][ 0] [    T1] calling  isa_bus_init+0x0/0x44 @ 1
[2026-04-17 09:08:14.995] [    3.065936][ 0] [    T1] initcall isa_bus_init+0x0/0x44 returned 0 after 63 usecs
[2026-04-17 09:08:14.996] [    3.069871][ 0] [    T1] calling  register_node_type+0x0/0x38 @ 1
[2026-04-17 09:08:15.043] [    3.073970][ 0] [    T1] initcall register_node_type+0x0/0x38 returned 0 after 96 usecs
[2026-04-17 09:08:15.045] [    3.077871][ 0] [    T1] calling  regmap_initcall+0x0/0x12 @ 1
[2026-04-17 09:08:15.046] [    3.081887][ 0] [    T1] initcall regmap_initcall+0x0/0x12 returned 0 after 15 usecs
[2026-04-17 09:08:15.048] [    3.085872][ 0] [    T1] calling  sram_init+0x0/0x19 @ 1
[2026-04-17 09:08:15.049] [    3.089901][ 0] [    T1] initcall sram_init+0x0/0x19 returned 0 after 29 usecs
[2026-04-17 09:08:15.050] [    3.093872][ 0] [    T1] calling  syscon_init+0x0/0x19 @ 1
[2026-04-17 09:08:15.051] [    3.097898][ 0] [    T1] initcall syscon_init+0x0/0x19 returned 0 after 27 usecs
[2026-04-17 09:08:15.052] [    3.101875][ 0] [    T1] calling  mipi_dsi_bus_init+0x0/0x17 @ 1
[2026-04-17 09:08:15.054] [    3.105906][ 0] [    T1] initcall mipi_dsi_bus_init+0x0/0x17 returned 0 after 34 usecs
[2026-04-17 09:08:15.060] [    3.109871][ 0] [    T1] calling  spi_init+0x0/0xd0 @ 1
[2026-04-17 09:08:15.064] [    3.113973][ 0] [    T1] initcall spi_init+0x0/0xd0 returned 0 after 99 usecs
[2026-04-17 09:08:15.072] [    3.117872][ 0] [    T1] calling  i2c_init+0x0/0xb9 @ 1
[2026-04-17 09:08:15.128] [    3.121945][ 0] [    T1] initcall i2c_init+0x0/0xb9 returned 0 after 72 usecs
[2026-04-17 09:08:15.130] [    3.125871][ 0] [    T1] calling  eisa_init+0x0/0x31 @ 1
[2026-04-17 09:08:15.131] [    3.129906][ 0] [    T1] EISA bus registered
[2026-04-17 09:08:15.132] [    3.133871][ 0] [    T1] initcall eisa_init+0x0/0x31 returned 0 after 3906 usecs
[2026-04-17 09:08:15.133] [    3.137871][ 0] [    T1] calling  pcc_init+0x0/0xa4 @ 1
[2026-04-17 09:08:15.138] [    3.141876][ 0] [    T1] initcall pcc_init+0x0/0xa4 returned -19 after 4 usecs
[2026-04-17 09:08:15.139] [    3.145871][ 0] [    T1] calling  init_ladder+0x0/0x2a @ 1
[2026-04-17 09:08:15.140] [    3.149887][ 0] [    T1] cpuidle: using governor ladder
[2026-04-17 09:08:15.141] [    3.153871][ 0] [    T1] initcall init_ladder+0x0/0x2a returned 0 after 3906 usecs
[2026-04-17 09:08:15.143] [    3.157871][ 0] [    T1] calling  init_menu+0x0/0x17 @ 1
[2026-04-17 09:08:15.144] [    3.161876][ 0] [    T1] cpuidle: using governor menu
[2026-04-17 09:08:15.145] [    3.165871][ 0] [    T1] initcall init_menu+0x0/0x17 returned 0 after 3906 usecs
[2026-04-17 09:08:15.148] [    3.169871][ 0] [    T1] calling  teo_governor_init+0x0/0x17 @ 1
[2026-04-17 09:08:15.199] [    3.173871][ 0] [    T1] initcall teo_governor_init+0x0/0x17 returned 0 after 0 usecs
[2026-04-17 09:08:15.201] [    3.177870][ 0] [    T1] calling  init_haltpoll+0x0/0x26 @ 1
[2026-04-17 09:08:15.202] [    3.181872][ 0] [    T1] initcall init_haltpoll+0x0/0x26 returned 0 after 1 usecs
[2026-04-17 09:08:15.203] [    3.185871][ 0] [    T1] calling  amd_postcore_init+0x0/0x125 @ 1
[2026-04-17 09:08:15.205] [    3.189872][ 0] [    T1] initcall amd_postcore_init+0x0/0x125 returned 0 after 1 usecs
[2026-04-17 09:08:15.207] [    3.193873][ 0] [    T1] calling  kobject_uevent_init+0x0/0x12 @ 1
[2026-04-17 09:08:15.208] [    3.197892][ 0] [    T1] initcall kobject_uevent_init+0x0/0x12 returned 0 after 20 usecs
[2026-04-17 09:08:15.211] [    3.202006][ 0] [    T1] calling  bts_init+0x0/0xc2 @ 1
[2026-04-17 09:08:15.212] [    3.205872][ 0] [    T1] initcall bts_init+0x0/0xc2 returned -19 after 1 usecs
[2026-04-17 09:08:15.216] [    3.209871][ 0] [    T1] calling  pt_init+0x0/0x39a @ 1
[2026-04-17 09:08:15.222] [    3.213871][ 0] [    T1] initcall pt_init+0x0/0x39a returned -19 after 0 usecs
[2026-04-17 09:08:15.273] [    3.217871][ 0] [    T1] calling  boot_params_ksysfs_init+0x0/0x260 @ 1
[2026-04-17 09:08:15.274] [    3.221921][ 0] [    T1] initcall boot_params_ksysfs_init+0x0/0x260 returned 0 after 48 usecs
[2026-04-17 09:08:15.276] [    3.225871][ 0] [    T1] calling  sbf_init+0x0/0xd9 @ 1
[2026-04-17 09:08:15.277] [    3.229872][ 0] [    T1] initcall sbf_init+0x0/0xd9 returned 0 after 1 usecs
[2026-04-17 09:08:15.279] [    3.233871][ 0] [    T1] calling  arch_kdebugfs_init+0x0/0x22 @ 1
[2026-04-17 09:08:15.280] [    3.237886][ 0] [    T1] initcall arch_kdebugfs_init+0x0/0x22 returned 0 after 14 usecs
[2026-04-17 09:08:15.281] [    3.241871][ 0] [    T1] calling  intel_pconfig_init+0x0/0xe4 @ 1
[2026-04-17 09:08:15.283] [    3.245871][ 0] [    T1] initcall intel_pconfig_init+0x0/0xe4 returned 0 after 0 usecs
[2026-04-17 09:08:15.289] [    3.249871][ 0] [    T1] calling  mtrr_if_init+0x0/0x64 @ 1
[2026-04-17 09:08:15.290] [    3.253875][ 0] [    T1] initcall mtrr_if_init+0x0/0x64 returned 0 after 4 usecs
[2026-04-17 09:08:15.296] [    3.257872][ 0] [    T1] calling  ffh_cstate_init+0x0/0x3d @ 1
[2026-04-17 09:08:15.343] [    3.261874][ 0] [    T1] initcall ffh_cstate_init+0x0/0x3d returned 0 after 3 usecs
[2026-04-17 09:08:15.349] [    3.265873][ 0] [    T1] calling  activate_jump_labels+0x0/0x3a @ 1
[2026-04-17 09:08:15.350] [    3.269871][ 0] [    T1] initcall activate_jump_labels+0x0/0x3a returned 0 after 0 usecs
[2026-04-17 09:08:15.352] [    3.273872][ 0] [    T1] calling  kvm_setup_pv_tlb_flush+0x0/0x8a @ 1
[2026-04-17 09:08:15.353] [    3.277873][ 0] [    T1] initcall kvm_setup_pv_tlb_flush+0x0/0x8a returned 0 after 2 usecs
[2026-04-17 09:08:15.355] [    3.281872][ 0] [    T1] calling  gigantic_pages_init+0x0/0x37 @ 1
[2026-04-17 09:08:15.356] [    3.285876][ 0] [    T1] initcall gigantic_pages_init+0x0/0x37 returned 0 after 5 usecs
[2026-04-17 09:08:15.357] [    3.289871][ 0] [    T1] calling  uv_rtc_setup_clock+0x0/0x150 @ 1
[2026-04-17 09:08:15.359] [    3.293872][ 0] [    T1] initcall uv_rtc_setup_clock+0x0/0x150 returned -19 after 1 usecs
[2026-04-17 09:08:15.413] [    3.297871][ 0] [    T1] calling  kcmp_cookies_init+0x0/0x3d @ 1
[2026-04-17 09:08:15.414] [    3.301873][ 0] [    T1] initcall kcmp_cookies_init+0x0/0x3d returned 0 after 3 usecs
[2026-04-17 09:08:15.416] [    3.305872][ 0] [    T1] calling  cryptomgr_init+0x0/0x17 @ 1
[2026-04-17 09:08:15.417] [    3.309873][ 0] [    T1] initcall cryptomgr_init+0x0/0x17 returned 0 after 2 usecs
[2026-04-17 09:08:15.418] [    3.313871][ 0] [    T1] calling  acpi_pci_init+0x0/0x67 @ 1
[2026-04-17 09:08:15.419] [    3.317871][ 0] [    T1] ACPI: bus type PCI registered
[2026-04-17 09:08:15.421] [    3.321873][ 0] [    T1] acpiphp: ACPI Hot Plug PCI Controller Driver version: 0.5
[2026-04-17 09:08:15.423] [    3.325871][ 0] [    T1] initcall acpi_pci_init+0x0/0x67 returned 0 after 7812 usecs
[2026-04-17 09:08:15.425] [    3.329871][ 0] [    T1] calling  ft_pci_aspm_init+0x0/0xd @ 1
[2026-04-17 09:08:15.426] [    3.333872][ 0] [    T1] initcall ft_pci_aspm_init+0x0/0xd returned 0 after 1 usecs
[2026-04-17 09:08:15.432] [    3.337871][ 0] [    T1] calling  dma_channel_table_init+0x0/0xd2 @ 1
[2026-04-17 09:08:15.489] [    3.341879][ 0] [    T1] initcall dma_channel_table_init+0x0/0xd2 returned 0 after 8 usecs
[2026-04-17 09:08:15.491] [    3.345871][ 0] [    T1] calling  dma_bus_init+0x0/0xc5 @ 1
[2026-04-17 09:08:15.492] [    3.350025][ 0] [    T1] initcall dma_bus_init+0x0/0xc5 returned 0 after 150 usecs
[2026-04-17 09:08:15.495] [    3.353872][ 0] [    T1] calling  setup_vcpu_hotplug_event+0x0/0x31 @ 1
[2026-04-17 09:08:15.496] [    3.357871][ 0] [    T1] initcall setup_vcpu_hotplug_event+0x0/0x31 returned -19 after 0 usecs
[2026-04-17 09:08:15.498] [    3.361871][ 0] [    T1] calling  register_xen_pci_notifier+0x0/0x33 @ 1
[2026-04-17 09:08:15.499] [    3.365872][ 0] [    T1] initcall register_xen_pci_notifier+0x0/0x33 returned 0 after 1 usecs
[2026-04-17 09:08:15.501] [    3.369871][ 0] [    T1] calling  xen_pcpu_init+0x0/0xbe @ 1
[2026-04-17 09:08:15.502] [    3.373872][ 0] [    T1] initcall xen_pcpu_init+0x0/0xbe returned -19 after 1 usecs
[2026-04-17 09:08:15.504] [    3.377871][ 0] [    T1] calling  dmi_id_init+0x0/0x34b @ 1
[2026-04-17 09:08:15.509] [    3.382063][ 0] [    T1] initcall dmi_id_init+0x0/0x34b returned 0 after 188 usecs
[2026-04-17 09:08:15.518] [    3.385873][ 0] [    T1] calling  numachip_timer_init+0x0/0x5a @ 1
[2026-04-17 09:08:15.524] [    3.389872][ 0] [    T1] initcall numachip_timer_init+0x0/0x5a returned -19 after 1 usecs
[2026-04-17 09:08:15.572] [    3.393871][ 0] [    T1] calling  ts_dmi_init+0x0/0x63 @ 1
[2026-04-17 09:08:15.574] [    3.397884][ 0] [    T1] initcall ts_dmi_init+0x0/0x63 returned 0 after 12 usecs
[2026-04-17 09:08:15.575] [    3.401871][ 0] [    T1] calling  pci_arch_init+0x0/0x6f @ 1
[2026-04-17 09:08:15.576] [    3.405894][ 0] [    T1] PCI: MMCONFIG for domain 0000 [bus 00-ff] at [mem 0xe0000000-0xefffffff] (base 0xe0000000)
[2026-04-17 09:08:15.578] [    3.409877][ 0] [    T1] PCI: MMCONFIG at [mem 0xe0000000-0xefffffff] reserved in E820
[2026-04-17 09:08:15.579] [    3.413916][ 0] [    T1] PCI: Using configuration type 1 for base access
[2026-04-17 09:08:15.581] [    3.417882][ 0] [    T1] initcall pci_arch_init+0x0/0x6f returned 0 after 11729 usecs
[2026-04-17 09:08:15.582] [    3.422006][ 0] [    T1] calling  init_vdso+0x0/0x25 @ 1
[2026-04-17 09:08:15.592] [    3.425879][ 0] [    T1] initcall init_vdso+0x0/0x25 returned 0 after 8 usecs
[2026-04-17 09:08:15.595] [    3.429871][ 0] [    T1] calling  sysenter_setup+0x0/0x19 @ 1
[2026-04-17 09:08:15.653] [    3.433874][ 0] [    T1] initcall sysenter_setup+0x0/0x19 returned 0 after 3 usecs
[2026-04-17 09:08:15.654] [    3.437870][ 0] [    T1] calling  fixup_ht_bug+0x0/0xcd @ 1
[2026-04-17 09:08:15.656] [    3.441872][ 0] [    T1] initcall fixup_ht_bug+0x0/0xcd returned 0 after 1 usecs
[2026-04-17 09:08:15.657] [    3.445871][ 0] [    T1] calling  topology_init+0x0/0xcf @ 1
[2026-04-17 09:08:15.658] [    3.453496][ 0] [    T1] initcall topology_init+0x0/0xcf returned 0 after 3537 usecs
[2026-04-17 09:08:15.660] [    3.453872][ 0] [    T1] calling  intel_epb_init+0x0/0x74 @ 1
[2026-04-17 09:08:15.663] [    3.457872][ 0] [    T1] initcall intel_epb_init+0x0/0x74 returned -19 after 1 usecs
[2026-04-17 09:08:15.664] [    3.461871][ 0] [    T1] calling  mtrr_init_finialize+0x0/0x47 @ 1
[2026-04-17 09:08:15.666] [    3.465872][ 0] [    T1] initcall mtrr_init_finialize+0x0/0x47 returned 0 after 1 usecs
[2026-04-17 09:08:15.667] [    3.469871][ 0] [    T1] calling  eisa_bus_probe+0x0/0x51 @ 1
[2026-04-17 09:08:15.670] [    3.473900][ 0] [    T1] initcall eisa_bus_probe+0x0/0x51 returned 0 after 28 usecs
[2026-04-17 09:08:15.726] [    3.477871][ 0] [    T1] calling  uid_cache_init+0x0/0x8a @ 1
[2026-04-17 09:08:15.727] [    3.481896][ 0] [    T1] initcall uid_cache_init+0x0/0x8a returned 0 after 23 usecs
[2026-04-17 09:08:15.728] [    3.485871][ 0] [    T1] calling  param_sysfs_init+0x0/0x1ed @ 1
[2026-04-17 09:08:15.729] [    3.505778][ 0] [    T1] initcall param_sysfs_init+0x0/0x1ed returned 0 after 15531 usecs
[2026-04-17 09:08:15.731] [    3.505872][ 0] [    T1] calling  user_namespace_sysctl_init+0x0/0x40 @ 1
[2026-04-17 09:08:15.732] [    3.509897][ 0] [    T1] initcall user_namespace_sysctl_init+0x0/0x40 returned 0 after 24 usecs
[2026-04-17 09:08:15.739] [    3.513871][ 0] [    T1] calling  interactive_mark_init+0x0/0x1e @ 1
[2026-04-17 09:08:15.743] [    3.517877][ 0] [    T1] initcall interactive_mark_init+0x0/0x1e returned 0 after 5 usecs
[2026-04-17 09:08:15.751] [    3.521871][ 0] [    T1] calling  proc_schedstat_init+0x0/0x2a @ 1
[2026-04-17 09:08:15.803] [    3.525878][ 0] [    T1] initcall proc_schedstat_init+0x0/0x2a returned 0 after 6 usecs
[2026-04-17 09:08:15.804] [    3.529877][ 0] [    T1] calling  kylin_sched_init+0x0/0x17 @ 1
[2026-04-17 09:08:15.806] [    3.533926][ 0] [    T1] initcall kylin_sched_init+0x0/0x17 returned 0 after 47 usecs
[2026-04-17 09:08:15.808] [    3.537876][ 0] [    T1] calling  pm_sysrq_init+0x0/0x1e @ 1
[2026-04-17 09:08:15.809] [    3.542060][ 0] [    T1] initcall pm_sysrq_init+0x0/0x1e returned 0 after 8 usecs
[2026-04-17 09:08:15.810] [    3.545879][ 0] [    T1] calling  create_proc_profile+0x0/0xf0 @ 1
[2026-04-17 09:08:15.856] [    3.549872][ 0] [    T1] initcall create_proc_profile+0x0/0xf0 returned 0 after 1 usecs
[2026-04-17 09:08:15.862] [    3.553871][ 0] [    T1] calling  crash_save_vmcoreinfo_init+0x0/0x61a @ 1
[2026-04-17 09:08:15.864] [    3.557907][ 0] [    T1] initcall crash_save_vmcoreinfo_init+0x0/0x61a returned 0 after 35 usecs
[2026-04-17 09:08:15.866] [    3.561874][ 0] [    T1] calling  crash_notes_memory_init+0x0/0x3e @ 1
[2026-04-17 09:08:15.867] [    3.565897][ 0] [    T1] initcall crash_notes_memory_init+0x0/0x3e returned 0 after 24 usecs
[2026-04-17 09:08:15.868] [    3.569871][ 0] [    T1] calling  cgroup_sysfs_init+0x0/0x1e @ 1
[2026-04-17 09:08:15.869] [    3.573884][ 0] [    T1] initcall cgroup_sysfs_init+0x0/0x1e returned 0 after 13 usecs
[2026-04-17 09:08:15.871] [    3.577871][ 0] [    T1] calling  cgroup_namespaces_init+0x0/0xd @ 1
[2026-04-17 09:08:15.873] [    3.581872][ 0] [    T1] initcall cgroup_namespaces_init+0x0/0xd returned 0 after 0 usecs
[2026-04-17 09:08:15.875] [    3.585871][ 0] [    T1] calling  user_namespaces_init+0x0/0x32 @ 1
[2026-04-17 09:08:15.876] [    3.589884][ 0] [    T1] initcall user_namespaces_init+0x0/0x32 returned 0 after 12 usecs
[2026-04-17 09:08:15.878] [    3.593871][ 0] [    T1] calling  init_kprobes+0x0/0x16c @ 1
[2026-04-17 09:08:15.884] [    3.598806][ 0] [    T1] initcall init_kprobes+0x0/0x16c returned 0 after 913 usecs
[2026-04-17 09:08:15.936] [    3.601871][ 0] [    T1] calling  hung_task_init+0x0/0x60 @ 1
[2026-04-17 09:08:15.937] [    3.605918][ 0] [    T1] initcall hung_task_init+0x0/0x60 returned 0 after 47 usecs
[2026-04-17 09:08:15.939] [    3.609874][ 0] [    T1] calling  send_signal_irq_work_init+0x0/0x49 @ 1
[2026-04-17 09:08:15.941] [    3.613875][ 0] [    T1] initcall send_signal_irq_work_init+0x0/0x49 returned 0 after 0 usecs
[2026-04-17 09:08:15.943] [    3.617871][ 0] [    T1] calling  dev_map_init+0x0/0x19 @ 1
[2026-04-17 09:08:15.944] [    3.621872][ 0] [    T1] initcall dev_map_init+0x0/0x19 returned 0 after 1 usecs
[2026-04-17 09:08:15.945] [    3.625870][ 0] [    T1] calling  stack_map_init+0x0/0x4e @ 1
[2026-04-17 09:08:15.946] [    3.629872][ 0] [    T1] initcall stack_map_init+0x0/0x4e returned 0 after 1 usecs
[2026-04-17 09:08:15.951] [    3.633870][ 0] [    T1] calling  btf_vmlinux_init+0x0/0x61 @ 1
[2026-04-17 09:08:15.954] [    3.637885][ 0] [    T1] initcall btf_vmlinux_init+0x0/0x61 returned 0 after 13 usecs
[2026-04-17 09:08:15.962] [    3.641871][ 0] [    T1] calling  oom_init+0x0/0x41 @ 1
[2026-04-17 09:08:16.011] [    3.645929][ 0] [    T1] initcall oom_init+0x0/0x41 returned 0 after 59 usecs
[2026-04-17 09:08:16.012] [    3.649872][ 0] [    T1] calling  default_bdi_init+0x0/0xb7 @ 1
[2026-04-17 09:08:16.014] [    3.653991][ 0] [    T1] initcall default_bdi_init+0x0/0xb7 returned 0 after 117 usecs
[2026-04-17 09:08:16.015] [    3.657872][ 0] [    T1] calling  cgwb_init+0x0/0x2e @ 1
[2026-04-17 09:08:16.016] [    3.661907][ 0] [    T1] initcall cgwb_init+0x0/0x2e returned 0 after 35 usecs
[2026-04-17 09:08:16.018] [    3.665871][ 0] [    T1] calling  percpu_enable_async+0x0/0x14 @ 1
[2026-04-17 09:08:16.019] [    3.669870][ 0] [    T1] initcall percpu_enable_async+0x0/0x14 returned 0 after 0 usecs
[2026-04-17 09:08:16.021] [    3.673871][ 0] [    T1] calling  kcompactd_init+0x0/0xa3 @ 1
[2026-04-17 09:08:16.076] [    3.677910][ 0] [    T1] initcall kcompactd_init+0x0/0xa3 returned 0 after 39 usecs
[2026-04-17 09:08:16.078] [    3.681877][ 0] [    T1] calling  init_user_reserve+0x0/0x50 @ 1
[2026-04-17 09:08:16.079] [    3.685872][ 0] [    T1] initcall init_user_reserve+0x0/0x50 returned 0 after 0 usecs
[2026-04-17 09:08:16.080] [    3.689870][ 0] [    T1] calling  init_admin_reserve+0x0/0x50 @ 1
[2026-04-17 09:08:16.081] [    3.693871][ 0] [    T1] initcall init_admin_reserve+0x0/0x50 returned 0 after 0 usecs
[2026-04-17 09:08:16.083] [    3.697871][ 0] [    T1] calling  init_reserve_notifier+0x0/0x24 @ 1
[2026-04-17 09:08:16.084] [    3.701872][ 0] [    T1] initcall init_reserve_notifier+0x0/0x24 returned 0 after 0 usecs
[2026-04-17 09:08:16.090] [    3.705872][ 0] [    T1] calling  swap_init_sysfs+0x0/0x6f @ 1
[2026-04-17 09:08:16.091] [    3.709882][ 0] [    T1] initcall swap_init_sysfs+0x0/0x6f returned 0 after 10 usecs
[2026-04-17 09:08:16.092] [    3.713871][ 0] [    T1] calling  swapfile_init+0x0/0xa1 @ 1
[2026-04-17 09:08:16.094] [    3.717875][ 0] [    T1] initcall swapfile_init+0x0/0xa1 returned 0 after 3 usecs
[2026-04-17 09:08:16.098] [    3.721871][ 0] [    T1] calling  hugetlb_init+0x0/0x4be @ 1
[2026-04-17 09:08:16.145] [    3.725882][ 0] [    T1] HugeTLB registered 1.00 GiB page size, pre-allocated 0 pages
[2026-04-17 09:08:16.146] [    3.729871][ 0] [    T1] HugeTLB registered 2.00 MiB page size, pre-allocated 0 pages
[2026-04-17 09:08:16.149] [    3.733999][ 0] [    T1] initcall hugetlb_init+0x0/0x4be returned 0 after 7937 usecs
[2026-04-17 09:08:16.150] [    3.737871][ 0] [    T1] calling  ksm_init+0x0/0x1a5 @ 1
[2026-04-17 09:08:16.151] [    3.741923][ 0] [    T1] initcall ksm_init+0x0/0x1a5 returned 0 after 51 usecs
[2026-04-17 09:08:16.153] [    3.745872][ 0] [    T1] calling  hugepage_init+0x0/0x169 @ 1
[2026-04-17 09:08:16.154] [    3.749945][ 0] [    T1] initcall hugepage_init+0x0/0x169 returned 0 after 74 usecs
[2026-04-17 09:08:16.156] [    3.753872][ 0] [    T1] calling  mem_cgroup_init+0x0/0x150 @ 1
[2026-04-17 09:08:16.158] [    3.757911][ 0] [    T1] initcall mem_cgroup_init+0x0/0x150 returned 0 after 38 usecs
[2026-04-17 09:08:16.164] [    3.761871][ 0] [    T1] calling  mem_cgroup_swap_init+0x0/0x5a @ 1
[2026-04-17 09:08:16.170] [    3.765871][ 0] [    T1] initcall mem_cgroup_swap_init+0x0/0x5a returned 0 after 0 usecs
[2026-04-17 09:08:16.226] [    3.769871][ 0] [    T1] calling  page_idle_init+0x0/0x38 @ 1
[2026-04-17 09:08:16.227] [    3.773879][ 0] [    T1] initcall page_idle_init+0x0/0x38 returned 0 after 8 usecs
[2026-04-17 09:08:16.228] [    3.777871][ 0] [    T1] calling  sel_ib_pkey_init+0x0/0x37 @ 1
[2026-04-17 09:08:16.230] [    3.781872][ 0] [    T1] initcall sel_ib_pkey_init+0x0/0x37 returned 0 after 1 usecs
[2026-04-17 09:08:16.231] [    3.785871][ 0] [    T1] calling  seqiv_module_init+0x0/0x17 @ 1
[2026-04-17 09:08:16.232] [    3.789873][ 0] [    T1] initcall seqiv_module_init+0x0/0x17 returned 0 after 2 usecs
[2026-04-17 09:08:16.234] [    3.793875][ 0] [    T1] calling  dh_init+0x0/0x20 @ 1
[2026-04-17 09:08:16.235] [    3.797973][ 0] [    T1] initcall dh_init+0x0/0x20 returned 0 after 101 usecs
[2026-04-17 09:08:16.244] [    3.801873][ 0] [    T1] calling  rsa_init+0x0/0x50 @ 1
[2026-04-17 09:08:16.245] [    3.805955][ 0] [    T1] initcall rsa_init+0x0/0x50 returned 0 after 83 usecs
[2026-04-17 09:08:16.246] [    3.809877][ 0] [    T1] calling  hmac_module_init+0x0/0x17 @ 1
[2026-04-17 09:08:16.298] [    3.813871][ 0] [    T1] initcall hmac_module_init+0x0/0x17 returned 0 after 0 usecs
[2026-04-17 09:08:16.300] [    3.817871][ 0] [    T1] calling  crypto_null_mod_init+0x0/0x72 @ 1
[2026-04-17 09:08:16.302] [    3.821967][ 0] [    T1] initcall crypto_null_mod_init+0x0/0x72 returned 0 after 96 usecs
[2026-04-17 09:08:16.303] [    3.825877][ 0] [    T1] calling  md5_mod_init+0x0/0x17 @ 1
[2026-04-17 09:08:16.304] [    3.829950][ 0] [    T1] initcall md5_mod_init+0x0/0x17 returned 0 after 78 usecs
[2026-04-17 09:08:16.306] [    3.833872][ 0] [    T1] calling  sha1_generic_mod_init+0x0/0x17 @ 1
[2026-04-17 09:08:16.307] [    3.837943][ 0] [    T1] initcall sha1_generic_mod_init+0x0/0x17 returned 0 after 71 usecs
[2026-04-17 09:08:16.309] [    3.841875][ 0] [    T1] calling  sha256_generic_mod_init+0x0/0x1c @ 1
[2026-04-17 09:08:16.310] [    3.845958][ 0] [    T1] initcall sha256_generic_mod_init+0x0/0x1c returned 0 after 86 usecs
[2026-04-17 09:08:16.317] [    3.849875][ 0] [    T1] calling  sha512_generic_mod_init+0x0/0x1c @ 1
[2026-04-17 09:08:16.326] [    3.853953][ 0] [    T1] initcall sha512_generic_mod_init+0x0/0x1c returned 0 after 81 usecs
[2026-04-17 09:08:16.375] [    3.857875][ 0] [    T1] calling  crypto_ecb_module_init+0x0/0x17 @ 1
[2026-04-17 09:08:16.377] [    3.861871][ 0] [    T1] initcall crypto_ecb_module_init+0x0/0x17 returned 0 after 0 usecs
[2026-04-17 09:08:16.378] [    3.865871][ 0] [    T1] calling  crypto_cbc_module_init+0x0/0x17 @ 1
[2026-04-17 09:08:16.380] [    3.869870][ 0] [    T1] initcall crypto_cbc_module_init+0x0/0x17 returned 0 after 0 usecs
[2026-04-17 09:08:16.382] [    3.873871][ 0] [    T1] calling  crypto_cts_module_init+0x0/0x17 @ 1
[2026-04-17 09:08:16.383] [    3.877870][ 0] [    T1] initcall crypto_cts_module_init+0x0/0x17 returned 0 after 0 usecs
[2026-04-17 09:08:16.384] [    3.881873][ 0] [    T1] calling  xts_module_init+0x0/0x17 @ 1
[2026-04-17 09:08:16.387] [    3.885880][ 0] [    T1] initcall xts_module_init+0x0/0x17 returned 0 after 9 usecs
[2026-04-17 09:08:16.440] [    3.889875][ 0] [    T1] calling  crypto_ctr_module_init+0x0/0x1c @ 1
[2026-04-17 09:08:16.441] [    3.893873][ 0] [    T1] initcall crypto_ctr_module_init+0x0/0x1c returned 0 after 1 usecs
[2026-04-17 09:08:16.443] [    3.897871][ 0] [    T1] calling  crypto_gcm_module_init+0x0/0x6f @ 1
[2026-04-17 09:08:16.444] [    3.901877][ 0] [    T1] initcall crypto_gcm_module_init+0x0/0x6f returned 0 after 6 usecs
[2026-04-17 09:08:16.446] [    3.905871][ 0] [    T1] calling  aes_init+0x0/0x17 @ 1
[2026-04-17 09:08:16.446] [    3.909951][ 0] [    T1] initcall aes_init+0x0/0x17 returned 0 after 80 usecs
[2026-04-17 09:08:16.449] [    3.913872][ 0] [    T1] calling  crc32c_mod_init+0x0/0x17 @ 1
[2026-04-17 09:08:16.450] [    3.917953][ 0] [    T1] initcall crc32c_mod_init+0x0/0x17 returned 0 after 82 usecs
[2026-04-17 09:08:16.452] [    3.921876][ 0] [    T1] calling  crct10dif_mod_init+0x0/0x17 @ 1
[2026-04-17 09:08:16.453] [    3.925950][ 0] [    T1] initcall crct10dif_mod_init+0x0/0x17 returned 0 after 78 usecs
[2026-04-17 09:08:16.459] [    3.929875][ 0] [    T1] calling  lzo_mod_init+0x0/0x44 @ 1
[2026-04-17 09:08:16.514] [    3.933945][ 0] [    T1] initcall lzo_mod_init+0x0/0x44 returned 0 after 73 usecs
[2026-04-17 09:08:16.517] [    3.937875][ 0] [    T1] calling  lzorle_mod_init+0x0/0x44 @ 1
[2026-04-17 09:08:16.519] [    3.941948][ 0] [    T1] initcall lzorle_mod_init+0x0/0x44 returned 0 after 76 usecs
[2026-04-17 09:08:16.525] [    3.945875][ 0] [    T1] calling  drbg_init+0x0/0x89 @ 1
[2026-04-17 09:08:16.527] [    3.953964][ 0] [    T1] initcall drbg_init+0x0/0x89 returned 0 after 3998 usecs
[2026-04-17 09:08:16.529] [    3.957872][ 0] [    T1] calling  ghash_mod_init+0x0/0x17 @ 1
[2026-04-17 09:08:16.531] [    3.961949][ 0] [    T1] initcall ghash_mod_init+0x0/0x17 returned 0 after 77 usecs
[2026-04-17 09:08:16.533] [    3.965875][ 0] [    T1] calling  init_bio+0x0/0xd2 @ 1
[2026-04-17 09:08:16.535] [    3.969993][ 0] [    T1] initcall init_bio+0x0/0xd2 returned 0 after 118 usecs
[2026-04-17 09:08:16.536] [    3.973873][ 0] [    T1] calling  blk_settings_init+0x0/0x2f @ 1
[2026-04-17 09:08:16.582] [    3.977873][ 0] [    T1] initcall blk_settings_init+0x0/0x2f returned 0 after 1 usecs
[2026-04-17 09:08:16.585] [    3.981871][ 0] [    T1] calling  blk_ioc_init+0x0/0x2f @ 1
[2026-04-17 09:08:16.587] [    3.985879][ 0] [    T1] initcall blk_ioc_init+0x0/0x2f returned 0 after 8 usecs
[2026-04-17 09:08:16.589] [    3.989871][ 0] [    T1] calling  blk_softirq_init+0x0/0x76 @ 1
[2026-04-17 09:08:16.590] [    3.993872][ 0] [    T1] initcall blk_softirq_init+0x0/0x76 returned 0 after 0 usecs
[2026-04-17 09:08:16.592] [    3.997871][ 0] [    T1] calling  blk_mq_init+0x0/0x2f @ 1
[2026-04-17 09:08:16.593] [    4.001871][ 0] [    T1] initcall blk_mq_init+0x0/0x2f returned 0 after 0 usecs
[2026-04-17 09:08:16.594] [    4.005871][ 0] [    T1] calling  genhd_device_init+0x0/0x7f @ 1
[2026-04-17 09:08:16.596] [    4.009944][ 0] [    T1] initcall genhd_device_init+0x0/0x7f returned 0 after 73 usecs
[2026-04-17 09:08:16.600] [    4.013873][ 0] [    T1] calling  blkcg_init+0x0/0x2e @ 1
[2026-04-17 09:08:16.603] [    4.017977][ 0] [    T1] initcall blkcg_init+0x0/0x2e returned 0 after 103 usecs
[2026-04-17 09:08:16.612] [    4.021876][ 0] [    T1] calling  irq_poll_setup+0x0/0x71 @ 1
[2026-04-17 09:08:16.666] [    4.025873][ 0] [    T1] initcall irq_poll_setup+0x0/0x71 returned 0 after 2 usecs
[2026-04-17 09:08:16.668] [    4.029871][ 0] [    T1] calling  sx150x_init+0x0/0x19 @ 1
[2026-04-17 09:08:16.669] [    4.033905][ 0] [    T1] initcall sx150x_init+0x0/0x19 returned 0 after 33 usecs
[2026-04-17 09:08:16.670] [    4.037871][ 0] [    T1] calling  byt_gpio_init+0x0/0x19 @ 1
[2026-04-17 09:08:16.671] [    4.041895][ 0] [    T1] initcall byt_gpio_init+0x0/0x19 returned 0 after 23 usecs
[2026-04-17 09:08:16.673] [    4.045871][ 0] [    T1] calling  chv_pinctrl_init+0x0/0x19 @ 1
[2026-04-17 09:08:16.680] [    4.049899][ 0] [    T1] initcall chv_pinctrl_init+0x0/0x19 returned 0 after 27 usecs
[2026-04-17 09:08:16.682] [    4.053872][ 0] [    T1] calling  gpiolib_debugfs_init+0x0/0x29 @ 1
[2026-04-17 09:08:16.684] [    4.057890][ 0] [    T1] initcall gpiolib_debugfs_init+0x0/0x29 returned 0 after 18 usecs
[2026-04-17 09:08:16.685] [    4.061871][ 0] [    T1] calling  lp_gpio_init+0x0/0x19 @ 1
[2026-04-17 09:08:16.686] [    4.065899][ 0] [    T1] initcall lp_gpio_init+0x0/0x19 returned 0 after 27 usecs
[2026-04-17 09:08:16.733] [    4.069871][ 0] [    T1] calling  palmas_gpio_init+0x0/0x19 @ 1
[2026-04-17 09:08:16.734] [    4.073899][ 0] [    T1] initcall palmas_gpio_init+0x0/0x19 returned 0 after 27 usecs
[2026-04-17 09:08:16.738] [    4.077871][ 0] [    T1] calling  rc5t583_gpio_init+0x0/0x19 @ 1
[2026-04-17 09:08:16.739] [    4.081897][ 0] [    T1] initcall rc5t583_gpio_init+0x0/0x19 returned 0 after 25 usecs
[2026-04-17 09:08:16.741] [    4.085871][ 0] [    T1] calling  tps6586x_gpio_init+0x0/0x19 @ 1
[2026-04-17 09:08:16.742] [    4.089896][ 0] [    T1] initcall tps6586x_gpio_init+0x0/0x19 returned 0 after 24 usecs
[2026-04-17 09:08:16.744] [    4.093871][ 0] [    T1] calling  tps65910_gpio_init+0x0/0x19 @ 1
[2026-04-17 09:08:16.745] [    4.097896][ 0] [    T1] initcall tps65910_gpio_init+0x0/0x19 returned 0 after 24 usecs
[2026-04-17 09:08:16.747] [    4.101871][ 0] [    T1] calling  xgpio_init+0x0/0x19 @ 1
[2026-04-17 09:08:16.795] [    4.105914][ 0] [    T1] initcall xgpio_init+0x0/0x19 returned 0 after 41 usecs
[2026-04-17 09:08:16.797] [    4.109871][ 0] [    T1] calling  pwm_debugfs_init+0x0/0x29 @ 1
[2026-04-17 09:08:16.798] [    4.113887][ 0] [    T1] initcall pwm_debugfs_init+0x0/0x29 returned 0 after 15 usecs
[2026-04-17 09:08:16.799] [    4.117871][ 0] [    T1] calling  pwm_sysfs_init+0x0/0x1e @ 1
[2026-04-17 09:08:16.801] [    4.121893][ 0] [    T1] initcall pwm_sysfs_init+0x0/0x1e returned 0 after 21 usecs
[2026-04-17 09:08:16.802] [    4.125873][ 0] [    T1] calling  pci_slot_init+0x0/0x40 @ 1
[2026-04-17 09:08:16.803] [    4.129880][ 0] [    T1] initcall pci_slot_init+0x0/0x40 returned 0 after 9 usecs
[2026-04-17 09:08:16.805] [    4.133876][ 0] [    T1] calling  fbmem_init+0x0/0xe7 @ 1
[2026-04-17 09:08:16.807] [    4.137982][ 0] [    T1] initcall fbmem_init+0x0/0xe7 returned 0 after 108 usecs
[2026-04-17 09:08:16.865] [    4.141872][ 0] [    T1] calling  scan_for_dmi_ipmi+0x0/0x262 @ 1
[2026-04-17 09:08:16.868] [    4.145874][ 0] [    T1] initcall scan_for_dmi_ipmi+0x0/0x262 returned 0 after 2 usecs
[2026-04-17 09:08:16.872] [    4.149871][ 0] [    T1] calling  acpi_init+0x0/0x114 @ 1
[2026-04-17 09:08:16.874] [    4.153998][ 0] [    T1] ACPI: Added _OSI(Module Device)
[2026-04-17 09:08:16.875] [    4.157875][ 0] [    T1] ACPI: Added _OSI(Processor Device)
[2026-04-17 09:08:16.923] [    4.161871][ 0] [    T1] ACPI: Added _OSI(3.0 _SCP Extensions)
[2026-04-17 09:08:16.926] [    4.165870][ 0] [    T1] ACPI: Added _OSI(Processor Aggregator Device)
[2026-04-17 09:08:16.928] [    4.169877][ 0] [    T1] ACPI: Added _OSI(Linux-Dell-Video)
[2026-04-17 09:08:16.929] [    4.173876][ 0] [    T1] ACPI: Added _OSI(Linux-Lenovo-NV-HDMI-Audio)
[2026-04-17 09:08:16.930] [    4.177876][ 0] [    T1] ACPI: Added _OSI(Linux-HPI-Hybrid-Graphics)
[2026-04-17 09:08:16.932] [    4.340658][ 0] [    T1] ACPI: 2 ACPI AML tables successfully acquired and loaded
[2026-04-17 09:08:17.075] [    4.361433][ 0] [    T1] ACPI: USB4 _OSC: OS supports USB3+ DisplayPort+ PCIe+ XDomain+
[2026-04-17 09:08:17.077] [    4.361871][ 0] [    T1] ACPI: USB4 _OSC: OS controls USB3+ DisplayPort+ PCIe+ XDomain+
[2026-04-17 09:08:17.079] [    4.370484][ 0] [    T1] ACPI: EC: EC started
[2026-04-17 09:08:17.086] [    4.373870][ 0] [    T1] ACPI: EC: interrupt blocked
[2026-04-17 09:08:17.090] [    4.378311][ 0] [    T1] ACPI: EC: EC_CMD/EC_SC=0x66, EC_DATA=0x62
[2026-04-17 09:08:17.096] [    4.381876][ 0] [    T1] ACPI: \_SB_.ND00.SBRG.EC0_: Boot DSDT EC used to handle transactions
[2026-04-17 09:08:17.149] [    4.385872][ 0] [    T1] ACPI: Interpreter enabled
[2026-04-17 09:08:17.150] [    4.389955][ 0] [    T1] ACPI: (supports S0 S3 S4 S5)
[2026-04-17 09:08:17.151] [    4.393871][ 0] [    T1] ACPI: Using IOAPIC for interrupt routing
[2026-04-17 09:08:17.152] [    4.398114][ 0] [    T1] PCI: Using host bridge windows from ACPI; if necessary, use "pci=nocrs" and report a bug
[2026-04-17 09:08:17.154] [    4.404274][ 0] [    T1] ACPI: Enabled 2 GPEs in block 00 to 0F
[2026-04-17 09:08:17.155] [    4.405868][ 0] [    T1] ACPI: Enabled 1 GPEs in block 10 to 5F
[2026-04-17 09:08:17.156] [    4.519519][ 0] [    T1] ACPI: PCI Root Bridge [ND00] (domain 0000 [bus 00-ff])
[2026-04-17 09:08:17.293] [    4.521889][ 0] [    T1] acpi PNP0A08:00: _OSC: OS supports [ExtendedConfig ASPM ClockPM Segments MSI HPX-Type3]
[2026-04-17 09:08:17.294] [    4.528820][ 0] [    T1] acpi PNP0A08:00: _OSC: platform does not support [SHPCHotplug AER LTR]
[2026-04-17 09:08:17.299] [    4.532732][ 0] [    T1] acpi PNP0A08:00: _OSC: OS now controls [PCIeHotplug PME PCIeCapability]
[2026-04-17 09:08:17.300] [    4.538153][ 0] [    T1] PCI host bridge to bus 0000:00
[2026-04-17 09:08:17.308] [    4.541876][ 0] [    T1] pci_bus 0000:00: root bus resource [io  0x0000-0x03af window]
[2026-04-17 09:08:17.364] [    4.545874][ 0] [    T1] pci_bus 0000:00: root bus resource [io  0x03e0-0x0cf7 window]
[2026-04-17 09:08:17.365] [    4.549873][ 0] [    T1] pci_bus 0000:00: root bus resource [io  0x1000-0xffff window]
[2026-04-17 09:08:17.367] [    4.553873][ 0] [    T1] pci_bus 0000:00: root bus resource [io  0x03b0-0x03df window]
[2026-04-17 09:08:17.368] [    4.557873][ 0] [    T1] pci_bus 0000:00: root bus resource [mem 0x000a0000-0x000bffff window]
[2026-04-17 09:08:17.370] [    4.561874][ 0] [    T1] pci_bus 0000:00: root bus resource [mem 0x000c0000-0x000dffff window]
[2026-04-17 09:08:17.373] [    4.565873][ 0] [    T1] pci_bus 0000:00: root bus resource [mem 0xa0000000-0xdfffffff window]
[2026-04-17 09:08:17.375] [    4.569873][ 0] [    T1] pci_bus 0000:00: root bus resource [mem 0xfeb95220-0xfeb9523f window]
[2026-04-17 09:08:17.377] [    4.573872][ 0] [    T1] pci_bus 0000:00: root bus resource [mem 0xfeb99030-0xfeb9903f window]
[2026-04-17 09:08:17.382] [    4.577873][ 0] [    T1] pci_bus 0000:00: root bus resource [mem 0x7800000000-0x7fffffffff window]
[2026-04-17 09:08:17.437] [    4.581873][ 0] [    T1] pci_bus 0000:00: root bus resource [bus 00-ff]
[2026-04-17 09:08:17.439] [    4.586600][ 0] [    T1] pci 0000:00:00.0: [1d17:1007] type 00 class 0x060000
[2026-04-17 09:08:17.442] [    4.589888][ 0] [    T1] pci 0000:00:00.0: calling  quirk_mmio_always_on+0x0/0x20 @ 1
[2026-04-17 09:08:17.445] [    4.593874][ 0] [    T1] pci 0000:00:00.0: quirk_mmio_always_on+0x0/0x20 took 0 usecs
[2026-04-17 09:08:17.452] [    4.597995][ 0] [    T1] pci 0000:00:00.0: PME# supported from D0 D3hot D3cold
[2026-04-17 09:08:17.453] [    4.603960][ 0] [    T1] pci 0000:00:00.1: [1d17:31b0] type 00 class 0x060000
[2026-04-17 09:08:17.454] [    4.605878][ 0] [    T1] pci 0000:00:00.1: calling  quirk_mmio_always_on+0x0/0x20 @ 1
[2026-04-17 09:08:17.456] [    4.609871][ 0] [    T1] pci 0000:00:00.1: quirk_mmio_always_on+0x0/0x20 took 0 usecs
[2026-04-17 09:08:17.459] [    4.615588][ 0] [    T1] pci 0000:00:00.2: [1d17:31b1] type 00 class 0x060000
[2026-04-17 09:08:17.513] [    4.617876][ 0] [    T1] pci 0000:00:00.2: calling  quirk_mmio_always_on+0x0/0x20 @ 1
[2026-04-17 09:08:17.515] [    4.621871][ 0] [    T1] pci 0000:00:00.2: quirk_mmio_always_on+0x0/0x20 took 0 usecs
[2026-04-17 09:08:17.518] [    4.625970][ 0] [    T1] pci 0000:00:00.2: PME# supported from D0 D3hot D3cold
[2026-04-17 09:08:17.524] [    4.631526][ 0] [    T1] pci 0000:00:00.3: [1d17:31b2] type 00 class 0x060000
[2026-04-17 09:08:17.527] [    4.633875][ 0] [    T1] pci 0000:00:00.3: calling  quirk_mmio_always_on+0x0/0x20 @ 1
[2026-04-17 09:08:17.530] [    4.637871][ 0] [    T1] pci 0000:00:00.3: quirk_mmio_always_on+0x0/0x20 took 0 usecs
[2026-04-17 09:08:17.531] [    4.641955][ 0] [    T1] pci 0000:00:00.3: PME# supported from D0 D3hot D3cold
[2026-04-17 09:08:17.533] [    4.647519][ 0] [    T1] pci 0000:00:00.4: [1d17:31b3] type 00 class 0x060000
[2026-04-17 09:08:17.585] [    4.649878][ 0] [    T1] pci 0000:00:00.4: calling  quirk_mmio_always_on+0x0/0x20 @ 1
[2026-04-17 09:08:17.587] [    4.653871][ 0] [    T1] pci 0000:00:00.4: quirk_mmio_always_on+0x0/0x20 took 0 usecs
[2026-04-17 09:08:17.588] [    4.659508][ 0] [    T1] pci 0000:00:00.5: [1d17:31b4] type 00 class 0x060000
[2026-04-17 09:08:17.590] [    4.661876][ 0] [    T1] pci 0000:00:00.5: calling  quirk_mmio_always_on+0x0/0x20 @ 1
[2026-04-17 09:08:17.592] [    4.665871][ 0] [    T1] pci 0000:00:00.5: quirk_mmio_always_on+0x0/0x20 took 0 usecs
[2026-04-17 09:08:17.595] [    4.669968][ 0] [    T1] pci 0000:00:00.5: PME# supported from D0 D3hot D3cold
[2026-04-17 09:08:17.598] [    4.675500][ 0] [    T1] pci 0000:00:00.6: [1d17:31b5] type 00 class 0x060000
[2026-04-17 09:08:17.600] [    4.677876][ 0] [    T1] pci 0000:00:00.6: calling  quirk_mmio_always_on+0x0/0x20 @ 1
[2026-04-17 09:08:17.601] [    4.681871][ 0] [    T1] pci 0000:00:00.6: quirk_mmio_always_on+0x0/0x20 took 0 usecs
[2026-04-17 09:08:17.603] [    4.686867][ 0] [    T1] pci 0000:00:00.7: [1d17:3200] type 00 class 0x060000
[2026-04-17 09:08:17.604] [    4.689876][ 0] [    T1] pci 0000:00:00.7: calling  quirk_mmio_always_on+0x0/0x20 @ 1
[2026-04-17 09:08:17.666] [    4.693871][ 0] [    T1] pci 0000:00:00.7: quirk_mmio_always_on+0x0/0x20 took 0 usecs
[2026-04-17 09:08:17.668] [    4.697967][ 0] [    T1] pci 0000:00:00.7: PME# supported from D0 D3hot D3cold
[2026-04-17 09:08:17.669] [    4.703961][ 0] [    T1] pci 0000:00:01.0: [1d17:3a05] type 00 class 0x030000
[2026-04-17 09:08:17.670] [    4.705888][ 0] [    T1] pci 0000:00:01.0: reg 0x10: [mem 0xa0000000-0xa01fffff]
[2026-04-17 09:08:17.671] [    4.709879][ 0] [    T1] pci 0000:00:01.0: reg 0x14: [mem 0x7800000000-0x781fffffff 64bit pref]
[2026-04-17 09:08:17.682] [    4.713919][ 0] [    T1] pci 0000:00:01.0: calling  efifb_fixup_resources+0x0/0xf0 @ 1
[2026-04-17 09:08:17.684] [    4.717872][ 0] [    T1] pci 0000:00:01.0: BAR 1: assigned to efifb
[2026-04-17 09:08:17.685] [    4.721873][ 0] [    T1] pci 0000:00:01.0: efifb_fixup_resources+0x0/0xf0 took 3906 usecs
[2026-04-17 09:08:17.733] [    4.725890][ 0] [    T1] pci 0000:00:01.0: supports D1 D2
[2026-04-17 09:08:17.735] [    4.731428][ 0] [    T1] pci 0000:00:01.1: [1d17:9146] type 00 class 0x040300
[2026-04-17 09:08:17.736] [    4.733884][ 0] [    T1] pci 0000:00:01.1: reg 0x10: [mem 0xa0504000-0xa0507fff]
[2026-04-17 09:08:17.737] [    4.737936][ 0] [    T1] pci 0000:00:01.1: supports D1 D2
[2026-04-17 09:08:17.738] [    4.743411][ 0] [    T1] pci 0000:00:02.0: [1d17:0717] type 01 class 0x060400
[2026-04-17 09:08:17.740] [    4.745912][ 0] [    T1] pci 0000:00:02.0: enabling Extended Tags
[2026-04-17 09:08:17.742] [    4.749944][ 0] [    T1] pci 0000:00:02.0: PME# supported from D0 D3hot D3cold
[2026-04-17 09:08:17.745] [    4.755627][ 0] [    T1] pci 0000:00:02.1: [1d17:0718] type 01 class 0x060400
[2026-04-17 09:08:17.746] [    4.757913][ 0] [    T1] pci 0000:00:02.1: enabling Extended Tags
[2026-04-17 09:08:17.797] [    4.761944][ 0] [    T1] pci 0000:00:02.1: PME# supported from D0 D3hot D3cold
[2026-04-17 09:08:17.798] [    4.767647][ 0] [    T1] pci 0000:00:03.0: [1d17:0719] type 01 class 0x060400
[2026-04-17 09:08:17.800] [    4.769912][ 0] [    T1] pci 0000:00:03.0: enabling Extended Tags
[2026-04-17 09:08:17.801] [    4.773945][ 0] [    T1] pci 0000:00:03.0: PME# supported from D0 D3hot D3cold
[2026-04-17 09:08:17.802] [    4.779629][ 0] [    T1] pci 0000:00:04.0: [1d17:071b] type 01 class 0x060400
[2026-04-17 09:08:17.803] [    4.781913][ 0] [    T1] pci 0000:00:04.0: enabling Extended Tags
[2026-04-17 09:08:17.805] [    4.785944][ 0] [    T1] pci 0000:00:04.0: PME# supported from D0 D3hot D3cold
[2026-04-17 09:08:17.806] [    4.791631][ 0] [    T1] pci 0000:00:04.3: [1d17:0737] type 01 class 0x060400
[2026-04-17 09:08:17.812] [    4.793912][ 0] [    T1] pci 0000:00:04.3: enabling Extended Tags
[2026-04-17 09:08:17.813] [    4.797945][ 0] [    T1] pci 0000:00:04.3: PME# supported from D0 D3hot D3cold
[2026-04-17 09:08:17.814] [    4.803610][ 0] [    T1] pci 0000:00:04.4: [1d17:0738] type 01 class 0x060400
[2026-04-17 09:08:17.821] [    4.805913][ 0] [    T1] pci 0000:00:04.4: enabling Extended Tags
[2026-04-17 09:08:17.875] [    4.809943][ 0] [    T1] pci 0000:00:04.4: PME# supported from D0 D3hot D3cold
[2026-04-17 09:08:17.877] [    4.815615][ 0] [    T1] pci 0000:00:05.0: [1d17:071d] type 01 class 0x060400
[2026-04-17 09:08:17.879] [    4.817913][ 0] [    T1] pci 0000:00:05.0: enabling Extended Tags
[2026-04-17 09:08:17.881] [    4.821944][ 0] [    T1] pci 0000:00:05.0: PME# supported from D0 D3hot D3cold
[2026-04-17 09:08:17.883] [    4.827619][ 0] [    T1] pci 0000:00:11.0: [1d17:1001] type 00 class 0x060100
[2026-04-17 09:08:17.943] [    4.831576][ 0] [    T1] pci 0000:00:11.7: [1d17:31b7] type 00 class 0x060000
[2026-04-17 09:08:17.945] [    4.833874][ 0] [    T1] pci 0000:00:11.7: calling  quirk_mmio_always_on+0x0/0x20 @ 1
[2026-04-17 09:08:17.947] [    4.837871][ 0] [    T1] pci 0000:00:11.7: quirk_mmio_always_on+0x0/0x20 took 0 usecs
[2026-04-17 09:08:17.948] [    4.843478][ 0] [    T1] pci 0000:00:12.0: [1d17:9204] type 00 class 0x0c0330
[2026-04-17 09:08:17.950] [    4.845890][ 0] [    T1] pci 0000:00:12.0: reg 0x10: [mem 0x7820002000-0x7820002fff 64bit]
[2026-04-17 09:08:17.951] [    4.849878][ 0] [    T1] pci 0000:00:12.0: reg 0x18: [mem 0x7820001000-0x7820001fff 64bit]
[2026-04-17 09:08:17.953] [    4.853878][ 0] [    T1] pci 0000:00:12.0: reg 0x20: [mem 0x7820000000-0x7820000fff 64bit]
[2026-04-17 09:08:17.954] [    4.857925][ 0] [    T1] pci 0000:00:12.0: PME# supported from D0 D1 D2 D3hot D3cold
[2026-04-17 09:08:17.956] [    4.863483][ 0] [    T1] pci 0000:00:14.0: [1d17:3288] type 00 class 0x040300
[2026-04-17 09:08:17.958] [    4.865891][ 0] [    T1] pci 0000:00:14.0: reg 0x10: [mem 0xa0500000-0xa0503fff 64bit]
[2026-04-17 09:08:17.963] [    4.869963][ 0] [    T1] pci 0000:00:14.0: PME# supported from D0 D3hot D3cold
[2026-04-17 09:08:17.964] [    4.875493][ 0] [    T1] pci 0000:00:1f.0: [1d17:3c00] type 00 class 0x060000
[2026-04-17 09:08:17.965] [    4.877876][ 0] [    T1] pci 0000:00:1f.0: calling  quirk_mmio_always_on+0x0/0x20 @ 1
[2026-04-17 09:08:17.971] [    4.881871][ 0] [    T1] pci 0000:00:1f.0: quirk_mmio_always_on+0x0/0x20 took 0 usecs
[2026-04-17 09:08:18.036] [    4.885955][ 0] [    T1] pci 0000:00:1f.0: PME# supported from D0 D3hot D3cold
[2026-04-17 09:08:18.038] [    4.890399][ 0] [    T1] pci 0000:00:02.0: PCI bridge to [bus 01]
[2026-04-17 09:08:18.039] [    4.894080][ 0] [    T1] pci 0000:00:02.1: PCI bridge to [bus 02]
[2026-04-17 09:08:18.040] [    4.898161][ 0] [    T1] pci 0000:03:00.0: [1d97:5216] type 00 class 0x010802
[2026-04-17 09:08:18.043] [    4.901938][ 0] [    T1] pci 0000:03:00.0: reg 0x10: [mem 0xa0400000-0xa0403fff 64bit]
[2026-04-17 09:08:18.045] [    4.906420][ 0] [    T1] pci 0000:00:03.0: PCI bridge to [bus 03]
[2026-04-17 09:08:18.046] [    4.909875][ 0] [    T1] pci 0000:00:03.0:   bridge window [mem 0xa0400000-0xa04fffff]
[2026-04-17 09:08:18.047] [    4.914067][ 0] [    T1] pci 0000:00:04.0: PCI bridge to [bus 04]
[2026-04-17 09:08:18.098] [    4.918134][ 0] [    T1] pci 0000:05:00.0: [10ec:b852] type 00 class 0x028000
[2026-04-17 09:08:18.102] [    4.921905][ 0] [    T1] pci 0000:05:00.0: reg 0x10: [io  0x2000-0x20ff]
[2026-04-17 09:08:18.103] [    4.925898][ 0] [    T1] pci 0000:05:00.0: reg 0x18: [mem 0xa0300000-0xa03fffff 64bit]
[2026-04-17 09:08:18.104] [    4.930037][ 0] [    T1] pci 0000:05:00.0: PME# supported from D0 D3hot D3cold
[2026-04-17 09:08:18.106] [    4.934320][ 0] [    T1] pci 0000:00:04.3: PCI bridge to [bus 05]
[2026-04-17 09:08:18.107] [    4.937874][ 0] [    T1] pci 0000:00:04.3:   bridge window [io  0x2000-0x2fff]
[2026-04-17 09:08:18.109] [    4.941872][ 0] [    T1] pci 0000:00:04.3:   bridge window [mem 0xa0300000-0xa03fffff]
[2026-04-17 09:08:18.114] [    4.946140][ 0] [    T1] pci 0000:06:00.0: [1f0a:6801] type 00 class 0x020000
[2026-04-17 09:08:18.115] [    4.949914][ 0] [    T1] pci 0000:06:00.0: reg 0x10: [mem 0xa0200000-0xa0203fff 64bit]
[2026-04-17 09:08:18.117] [    4.953910][ 0] [    T1] pci 0000:06:00.0: reg 0x20: [io  0x1000-0x10ff]
[2026-04-17 09:08:18.117] [    4.958037][ 0] [    T1] pci 0000:06:00.0: supports D1
[2026-04-17 09:08:18.118] [    4.961871][ 0] [    T1] pci 0000:06:00.0: PME# supported from D0 D1 D3hot D3cold
[2026-04-17 09:08:18.120] [    4.966312][ 0] [    T1] pci 0000:00:04.4: PCI bridge to [bus 06]
[2026-04-17 09:08:18.174] [    4.969873][ 0] [    T1] pci 0000:00:04.4:   bridge window [io  0x1000-0x1fff]
[2026-04-17 09:08:18.178] [    4.973872][ 0] [    T1] pci 0000:00:04.4:   bridge window [mem 0xa0200000-0xa02fffff]
[2026-04-17 09:08:18.180] [    4.978067][ 0] [    T1] pci 0000:00:05.0: PCI bridge to [bus 07]
[2026-04-17 09:08:18.182] [    4.981921][ 0] [    T1] pci_bus 0000:00: on NUMA node 0
[2026-04-17 09:08:18.183] [    4.993562][ 0] [    T1] ACPI: PCI Interrupt Link [LNKA] (IRQs 3 4 5 6 7 *10 11 12 14 15)
[2026-04-17 09:08:18.184] [    4.994357][ 0] [    T1] ACPI: PCI Interrupt Link [LNKB] (IRQs 3 4 5 6 7 10 11 12 14 15) *0, disabled.
[2026-04-17 09:08:18.187] [    4.998353][ 0] [    T1] ACPI: PCI Interrupt Link [LNKC] (IRQs 3 4 5 6 7 10 11 12 14 15) *0, disabled.
[2026-04-17 09:08:18.188] [    5.002351][ 0] [    T1] ACPI: PCI Interrupt Link [LNKD] (IRQs 3 4 5 6 7 10 11 12 14 15) *0, disabled.
[2026-04-17 09:08:18.196] [    5.006350][ 0] [    T1] ACPI: PCI Interrupt Link [LNKE] (IRQs 3 4 5 6 7 10 11 12 14 15) *0, disabled.
[2026-04-17 09:08:18.255] [    5.010585][ 0] [    T1] ACPI: PCI Interrupt Link [LNKF] (IRQs 3 4 5 6 7 10 11 12 14 15) *0, disabled.
[2026-04-17 09:08:18.257] [    5.014390][ 0] [    T1] ACPI: PCI Interrupt Link [LNKG] (IRQs 3 4 5 6 7 10 11 12 14 15) *0, disabled.
[2026-04-17 09:08:18.260] [    5.018385][ 0] [    T1] ACPI: PCI Interrupt Link [LNKH] (IRQs 3 4 5 6 7 10 *11 12 14 15)
[2026-04-17 09:08:18.262] [    5.022731][ 0] [    T1] ACPI: EC: interrupt unblocked
[2026-04-17 09:08:18.263] [    5.025872][ 0] [    T1] ACPI: EC: event unblocked
[2026-04-17 09:08:18.264] [    5.029870][ 0] [    T1] ACPI: EC: EC_CMD/EC_SC=0x66, EC_DATA=0x62
[2026-04-17 09:08:18.265] [    5.033871][ 0] [    T1] ACPI: EC: GPE=0xb
[2026-04-17 09:08:18.266] [    5.037876][ 0] [    T1] ACPI: \_SB_.ND00.SBRG.EC0_: Boot DSDT EC used to handle transactions and events
[2026-04-17 09:08:18.268] [    5.041899][ 0] [    T1] probe of PNP0C09:00 returned 1 after 20000 usecs
[2026-04-17 09:08:18.274] [    5.046035][ 0] [    T1] initcall acpi_init+0x0/0x114 returned 0 after 871252 usecs
[2026-04-17 09:08:18.279] [    5.049873][ 0] [    T1] calling  adxl_init+0x0/0x196 @ 1
[2026-04-17 09:08:18.285] [    5.053882][ 0] [    T1] initcall adxl_init+0x0/0x196 returned -19 after 10 usecs
[2026-04-17 09:08:18.349] [    5.057871][ 0] [    T1] calling  hmat_init+0x0/0x26f @ 1
[2026-04-17 09:08:18.350] [    5.061873][ 0] [    T1] initcall hmat_init+0x0/0x26f returned 0 after 2 usecs
[2026-04-17 09:08:18.352] [    5.065872][ 0] [    T1] calling  pnp_init+0x0/0x17 @ 1
[2026-04-17 09:08:18.353] [    5.069924][ 0] [    T1] initcall pnp_init+0x0/0x17 returned 0 after 52 usecs
[2026-04-17 09:08:18.354] [    5.073871][ 0] [    T1] calling  balloon_init+0x0/0x1eb @ 1
[2026-04-17 09:08:18.355] [    5.077872][ 0] [    T1] initcall balloon_init+0x0/0x1eb returned -19 after 1 usecs
[2026-04-17 09:08:18.358] [    5.081874][ 0] [    T1] calling  xen_setup_shutdown_event+0x0/0x40 @ 1
[2026-04-17 09:08:18.360] [    5.085872][ 0] [    T1] initcall xen_setup_shutdown_event+0x0/0x40 returned -19 after 0 usecs
[2026-04-17 09:08:18.362] [    5.089871][ 0] [    T1] calling  xenbus_probe_backend_init+0x0/0x57 @ 1
[2026-04-17 09:08:18.363] [    5.093913][ 0] [    T1] initcall xenbus_probe_backend_init+0x0/0x57 returned 0 after 40 usecs
[2026-04-17 09:08:18.364] [    5.097871][ 0] [    T1] calling  xenbus_probe_frontend_init+0x0/0x57 @ 1
[2026-04-17 09:08:18.416] [    5.101910][ 0] [    T1] initcall xenbus_probe_frontend_init+0x0/0x57 returned 0 after 38 usecs
[2026-04-17 09:08:18.419] [    5.105871][ 0] [    T1] calling  xen_acpi_pad_init+0x0/0x49 @ 1
[2026-04-17 09:08:18.421] [    5.109873][ 0] [    T1] initcall xen_acpi_pad_init+0x0/0x49 returned -19 after 1 usecs
[2026-04-17 09:08:18.422] [    5.113871][ 0] [    T1] calling  misc_init+0x0/0xca @ 1
[2026-04-17 09:08:18.423] [    5.117911][ 0] [    T1] initcall misc_init+0x0/0xca returned 0 after 39 usecs
[2026-04-17 09:08:18.425] [    5.121873][ 0] [    T1] calling  tpm_init+0x0/0xf6 @ 1
[2026-04-17 09:08:18.432] [    5.125980][ 0] [    T1] initcall tpm_init+0x0/0xf6 returned 0 after 108 usecs
